<!doctype html public "-//w3c//dtd html 4.0 transitional//en">
<html><head>
<title>Static Call Graph - [.\output\RF_Tester_9188.axf]</title></head>
<body><HR>
<H1>Static Call Graph for image .\output\RF_Tester_9188.axf</H1><HR>
<BR><P>#&#060CALLGRAPH&#062# ARM Linker, 6190004: Last Updated: Fri Jun  6 16:12:20 2025
<BR><P>
<H3>Maximum Stack Usage =        408 bytes + Unknown(Functions without stacksize, Cycles, Untraceable Function Pointers)</H3><H3>
Call chain for Maximum Stack Depth:</H3>
user_packet_handler &rArr; user_msg_handler &rArr; freq_offset_rx_done &rArr; calc_freq &rArr; calc_freq_offset &rArr; [Anonymous Symbol] &rArr; [Anonymous Symbol] &rArr; [Anonymous Symbol] &rArr; sin &rArr; __ieee754_rem_pio2 &rArr; __aeabi_dadd &rArr; _double_epilogue &rArr; _double_round
<P>
<H3>
Functions with no stack information
</H3><UL>
 <LI><a href="#[71]">[Anonymous Symbol]</a>
 <LI><a href="#[75]">[Anonymous Symbol]</a>
 <LI><a href="#[76]">[Anonymous Symbol]</a>
 <LI><a href="#[79]">[Anonymous Symbol]</a>
 <LI><a href="#[7a]">[Anonymous Symbol]</a>
 <LI><a href="#[7b]">[Anonymous Symbol]</a>
 <LI><a href="#[7c]">[Anonymous Symbol]</a>
 <LI><a href="#[8c]">calc_freq_offset</a>
 <LI><a href="#[8f]">[Anonymous Symbol]</a>
 <LI><a href="#[9a]">[Anonymous Symbol]</a>
 <LI><a href="#[93]">[Anonymous Symbol]</a>
 <LI><a href="#[a8]">[Anonymous Symbol]</a>
 <LI><a href="#[ab]">[Anonymous Symbol]</a>
 <LI><a href="#[ad]">[Anonymous Symbol]</a>
 <LI><a href="#[b0]">[Anonymous Symbol]</a>
 <LI><a href="#[10]">[Anonymous Symbol]</a>
 <LI><a href="#[f2]">[Anonymous Symbol]</a>
 <LI><a href="#[8e]">[Anonymous Symbol]</a>
 <LI><a href="#[90]">[Anonymous Symbol]</a>
 <LI><a href="#[b2]">[Anonymous Symbol]</a>
 <LI><a href="#[98]">[Anonymous Symbol]</a>
 <LI><a href="#[b4]">[Anonymous Symbol]</a>
 <LI><a href="#[be]">[Anonymous Symbol]</a>
 <LI><a href="#[bf]">[Anonymous Symbol]</a>
 <LI><a href="#[91]">[Anonymous Symbol]</a>
 <LI><a href="#[c1]">[Anonymous Symbol]</a>
 <LI><a href="#[9b]">[Anonymous Symbol]</a>
 <LI><a href="#[c2]">[Anonymous Symbol]</a>
 <LI><a href="#[a1]">[Anonymous Symbol]</a>
 <LI><a href="#[c3]">[Anonymous Symbol]</a>
 <LI><a href="#[c4]">[Anonymous Symbol]</a>
 <LI><a href="#[c5]">[Anonymous Symbol]</a>
 <LI><a href="#[c6]">[Anonymous Symbol]</a>
 <LI><a href="#[1]">[Anonymous Symbol]</a>
 <LI><a href="#[ba]">[Anonymous Symbol]</a>
 <LI><a href="#[f1]">[Anonymous Symbol]</a>
 <LI><a href="#[96]">[Anonymous Symbol]</a>
 <LI><a href="#[97]">[Anonymous Symbol]</a>
 <LI><a href="#[ae]">[Anonymous Symbol]</a>
 <LI><a href="#[9e]">[Anonymous Symbol]</a>
 <LI><a href="#[94]">[Anonymous Symbol]</a>
 <LI><a href="#[ee]">[Anonymous Symbol]</a>
 <LI><a href="#[ef]">[Anonymous Symbol]</a>
 <LI><a href="#[99]">[Anonymous Symbol]</a>
 <LI><a href="#[9f]">[Anonymous Symbol]</a>
 <LI><a href="#[e0]">[Anonymous Symbol]</a>
 <LI><a href="#[bc]">[Anonymous Symbol]</a>
 <LI><a href="#[b3]">[Anonymous Symbol]</a>
 <LI><a href="#[b7]">[Anonymous Symbol]</a>
 <LI><a href="#[92]">[Anonymous Symbol]</a>
 <LI><a href="#[95]">[Anonymous Symbol]</a>
 <LI><a href="#[9c]">[Anonymous Symbol]</a>
 <LI><a href="#[77]">[Anonymous Symbol]</a>
 <LI><a href="#[72]">[Anonymous Symbol]</a>
 <LI><a href="#[b6]">[Anonymous Symbol]</a>
 <LI><a href="#[b5]">[Anonymous Symbol]</a>
 <LI><a href="#[b8]">[Anonymous Symbol]</a>
 <LI><a href="#[bb]">[Anonymous Symbol]</a>
 <LI><a href="#[c7]">[Anonymous Symbol]</a>
 <LI><a href="#[2]">[Anonymous Symbol]</a>
 <LI><a href="#[0]">[Anonymous Symbol]</a>
 <LI><a href="#[af]">[Anonymous Symbol]</a>
 <LI><a href="#[78]">[Anonymous Symbol]</a>
 <LI><a href="#[9d]">[Anonymous Symbol]</a>
 <LI><a href="#[120]">[Anonymous Symbol]</a>
 <LI><a href="#[e1]">[Anonymous Symbol]</a>
 <LI><a href="#[b9]">[Anonymous Symbol]</a>
 <LI><a href="#[e2]">[Anonymous Symbol]</a>
</UL>
</UL>
<P>
<H3>
Mutually Recursive functions
</H3> <LI><a href="#[a7]">cmd_uart_unknow_cmd</a>&nbsp;&nbsp;&nbsp;&rArr;&nbsp;&nbsp;&nbsp;<a href="#[a5]">uart_event_set</a><BR>
</UL>
<P>
<H3>
Function Pointers
</H3><UL>
 <LI><a href="#[0]">[Anonymous Symbol]</a> from libfreqoffset_m3.o(.text.rttiDestroy__systemZexceptions_u56) referenced 4 times from libfreqoffset_m3.o(.data.NTIv2__9cz9cFl9aMYwDrtVdI6PQ9aJCQ_)
 <LI><a href="#[2]">[Anonymous Symbol]</a> from libfreqoffset_m3.o(.text.rttiDestroy__freqoffset_u2884) referenced 2 times from libfreqoffset_m3.o(.data.NTIv2__LpLWAY9cRm1WP3DOJ3HXrmA_)
 <LI><a href="#[10]">[Anonymous Symbol]</a> from libfreqoffset_m3.o(.text.colonanonymous___freqoffset_u1514) referenced 2 times from libfreqoffset_m3.o(.text.linear_arg__freqoffset_u1425)
 <LI><a href="#[b]">Reset_Handler</a> from startup_ing91800.o(.text) referenced from startup_ing91800.o(RESET)
 <LI><a href="#[d]">__scatterload</a> from init.o(.text) referenced from startup_ing91800.o(.text)
 <LI><a href="#[17]">_sputc</a> from printfa.o(i._sputc) referenced from printfa.o(i.__0sprintf)
 <LI><a href="#[e]">app_main</a> from main.o(.text.app_main) referenced from startup_ing91800.o(.text)
 <LI><a href="#[33]">cb_assertion</a> from main.o(.text.cb_assertion) referenced from main.o(.rodata.evt_cb_table)
 <LI><a href="#[32]">cb_hard_fault</a> from main.o(.text.cb_hard_fault) referenced from main.o(.rodata.evt_cb_table)
 <LI><a href="#[35]">cb_heap_out_of_mem</a> from main.o(.text.cb_heap_out_of_mem) referenced from main.o(.rodata.evt_cb_table)
 <LI><a href="#[30]">cb_putc</a> from main.o(.text.cb_putc) referenced from main.o(.rodata.evt_cb_table)
 <LI><a href="#[36]">cb_trace_rtt</a> from trace.o(.text.cb_trace_rtt) referenced from main.o(.rodata.evt_cb_table)
 <LI><a href="#[19]">cmd_uart_ack</a> from uart_ota.o(.text.cmd_uart_ack) referenced from uart_ota.o(.rodata.cmds)
 <LI><a href="#[19]">cmd_uart_ack</a> from uart_ota.o(.text.cmd_uart_ack) referenced from uart_ota.o(.rodata.cmds_918)
 <LI><a href="#[1c]">cmd_uart_burn_lock</a> from uart_ota.o(.text.cmd_uart_burn_lock) referenced from uart_ota.o(.rodata.cmds)
 <LI><a href="#[1c]">cmd_uart_burn_lock</a> from uart_ota.o(.text.cmd_uart_burn_lock) referenced from uart_ota.o(.rodata.cmds_918)
 <LI><a href="#[18]">cmd_uart_burn_sart</a> from uart_ota.o(.text.cmd_uart_burn_sart) referenced from uart_ota.o(.rodata.cmds)
 <LI><a href="#[18]">cmd_uart_burn_sart</a> from uart_ota.o(.text.cmd_uart_burn_sart) referenced from uart_ota.o(.rodata.cmds_918)
 <LI><a href="#[1b]">cmd_uart_burn_ulk</a> from uart_ota.o(.text.cmd_uart_burn_ulk) referenced from uart_ota.o(.rodata.cmds)
 <LI><a href="#[1b]">cmd_uart_burn_ulk</a> from uart_ota.o(.text.cmd_uart_burn_ulk) referenced from uart_ota.o(.rodata.cmds_918)
 <LI><a href="#[1a]">cmd_uart_nack</a> from uart_ota.o(.text.cmd_uart_nack) referenced from uart_ota.o(.rodata.cmds)
 <LI><a href="#[1a]">cmd_uart_nack</a> from uart_ota.o(.text.cmd_uart_nack) referenced from uart_ota.o(.rodata.cmds_918)
 <LI><a href="#[25]">dummy_event_create</a> from noos_impl.o(.text.dummy_event_create) referenced from noos_impl.o(.rodata.driver)
 <LI><a href="#[27]">dummy_event_set</a> from noos_impl.o(.text.dummy_event_set) referenced from noos_impl.o(.rodata.driver)
 <LI><a href="#[26]">dummy_event_wait</a> from noos_impl.o(.text.dummy_event_wait) referenced from noos_impl.o(.rodata.driver)
 <LI><a href="#[2a]">enter_critical</a> from noos_impl.o(.text.enter_critical) referenced from noos_impl.o(.rodata.driver)
 <LI><a href="#[16]">fputc</a> from main.o(.text.fputc) referenced from printfa.o(i.__0printf)
 <LI><a href="#[29]">free</a> from mallocr.o(i.__free$realloc) referenced from noos_impl.o(.rodata.driver)
 <LI><a href="#[11]">freq_offset_begin</a> from rf_test.o(.text.freq_offset_begin) referenced 2 times from rf_test.o(.text.loop_rf_test_state_machine)
 <LI><a href="#[2b]">leave_critical</a> from noos_impl.o(.text.leave_critical) referenced from noos_impl.o(.rodata.driver)
 <LI><a href="#[c]">main</a> from startup_ing91800.o(.text) referenced from entry9a.o(.ARM.Collect$$$$0000000B)
 <LI><a href="#[28]">malloc</a> from mallocr.o(i.__malloc$realloc) referenced from noos_impl.o(.rodata.driver)
 <LI><a href="#[2c]">noos_start</a> from noos_impl.o(.text.noos_start) referenced from noos_impl.o(.rodata.driver)
 <LI><a href="#[34]">on_lle_init</a> from main.o(.text.on_lle_init) referenced from main.o(.rodata.evt_cb_table)
 <LI><a href="#[12]">on_raw_packet_done</a> from raw_pkt.o(.text.on_raw_packet_done) referenced 2 times from raw_pkt.o(.text.raw_pkt_malloc_init)
 <LI><a href="#[f]">on_raw_packet_done_rx</a> from freq_offset.o(.text.on_raw_packet_done_rx) referenced 2 times from freq_offset.o(.text.freq_test_init)
 <LI><a href="#[2f]">pendsv_isr</a> from noos_impl.o(.text.pendsv_isr) referenced from noos_impl.o(.rodata.driver)
 <LI><a href="#[22]">queue_create</a> from noos_impl.o(.text.queue_create) referenced from noos_impl.o(.rodata.driver)
 <LI><a href="#[24]">queue_recv_msg</a> from noos_impl.o(.text.queue_recv_msg) referenced from noos_impl.o(.rodata.driver)
 <LI><a href="#[23]">queue_send_msg</a> from noos_impl.o(.text.queue_send_msg) referenced from noos_impl.o(.rodata.driver)
 <LI><a href="#[31]">setup_profile</a> from profile.o(.text.setup_profile) referenced from main.o(.rodata.evt_cb_table)
 <LI><a href="#[2e]">svc_isr</a> from noos_impl.o(.text.svc_isr) referenced from noos_impl.o(.rodata.driver)
 <LI><a href="#[21]">task_create</a> from noos_impl.o(.text.task_create) referenced from noos_impl.o(.rodata.driver)
 <LI><a href="#[2d]">tick_isr</a> from noos_impl.o(.text.tick_isr) referenced from noos_impl.o(.rodata.driver)
 <LI><a href="#[3]">timer_cb_0</a> from noos_impl.o(.text.timer_cb_0) referenced 2 times from noos_impl.o(.data.sw_timers)
 <LI><a href="#[4]">timer_cb_1</a> from noos_impl.o(.text.timer_cb_1) referenced 2 times from noos_impl.o(.data.sw_timers)
 <LI><a href="#[5]">timer_cb_2</a> from noos_impl.o(.text.timer_cb_2) referenced 2 times from noos_impl.o(.data.sw_timers)
 <LI><a href="#[6]">timer_cb_3</a> from noos_impl.o(.text.timer_cb_3) referenced 2 times from noos_impl.o(.data.sw_timers)
 <LI><a href="#[7]">timer_cb_4</a> from noos_impl.o(.text.timer_cb_4) referenced 2 times from noos_impl.o(.data.sw_timers)
 <LI><a href="#[8]">timer_cb_5</a> from noos_impl.o(.text.timer_cb_5) referenced 2 times from noos_impl.o(.data.sw_timers)
 <LI><a href="#[9]">timer_cb_6</a> from noos_impl.o(.text.timer_cb_6) referenced 2 times from noos_impl.o(.data.sw_timers)
 <LI><a href="#[a]">timer_cb_7</a> from noos_impl.o(.text.timer_cb_7) referenced 2 times from noos_impl.o(.data.sw_timers)
 <LI><a href="#[1d]">timer_create</a> from noos_impl.o(.text.timer_create) referenced from noos_impl.o(.rodata.driver)
 <LI><a href="#[20]">timer_delete</a> from noos_impl.o(.text.timer_delete) referenced from noos_impl.o(.rodata.driver)
 <LI><a href="#[1e]">timer_start</a> from noos_impl.o(.text.timer_start) referenced from noos_impl.o(.rodata.driver)
 <LI><a href="#[1f]">timer_stop</a> from noos_impl.o(.text.timer_stop) referenced from noos_impl.o(.rodata.driver)
 <LI><a href="#[14]">uart_dut_isr</a> from uart_golden_dut.o(.text.uart_dut_isr) referenced 2 times from uart_golden_dut.o(.text.uart_DUT_init)
 <LI><a href="#[15]">uart_upper_isr</a> from uart_upper_golden.o(.text.uart_upper_isr) referenced 2 times from uart_upper_golden.o(.text.uart_upper_init)
 <LI><a href="#[13]">user_packet_handler</a> from profile.o(.text.user_packet_handler) referenced 2 times from profile.o(.text.setup_profile)
</UL>
<P>
<H3>
Global Symbols
</H3>
<P><STRONG><a name="[11e]"></a>att_server_register_packet_handler</STRONG> (Thumb, 0 bytes, Stack size 0 bytes, symdefs.m(ABSOLUTE))
<BR><BR>[Called By]<UL><LI><a href="#[31]">&gt;&gt;</a>&nbsp;&nbsp;&nbsp;setup_profile
</UL>

<P><STRONG><a name="[c9]"></a>btstack_push_user_msg</STRONG> (Thumb, 0 bytes, Stack size 0 bytes, symdefs.m(ABSOLUTE))
<BR><BR>[Called By]<UL><LI><a href="#[10b]">&gt;&gt;</a>&nbsp;&nbsp;&nbsp;raw_pkt_tx_test
<LI><a href="#[f]">&gt;&gt;</a>&nbsp;&nbsp;&nbsp;on_raw_packet_done_rx
<LI><a href="#[d4]">&gt;&gt;</a>&nbsp;&nbsp;&nbsp;freq_offset_tune
<LI><a href="#[d3]">&gt;&gt;</a>&nbsp;&nbsp;&nbsp;freq_offset_rx_end
<LI><a href="#[c8]">&gt;&gt;</a>&nbsp;&nbsp;&nbsp;freq_offset_rx_begin
<LI><a href="#[ea]">&gt;&gt;</a>&nbsp;&nbsp;&nbsp;restart_raw_pkt_tx
<LI><a href="#[e7]">&gt;&gt;</a>&nbsp;&nbsp;&nbsp;restart_raw_pkt_rx
<LI><a href="#[12]">&gt;&gt;</a>&nbsp;&nbsp;&nbsp;on_raw_packet_done
</UL>

<P><STRONG><a name="[11d]"></a>hci_add_event_handler</STRONG> (Thumb, 0 bytes, Stack size 0 bytes, symdefs.m(ABSOLUTE))
<BR><BR>[Called By]<UL><LI><a href="#[31]">&gt;&gt;</a>&nbsp;&nbsp;&nbsp;setup_profile
</UL>

<P><STRONG><a name="[d6]"></a>ll_raw_packet_alloc</STRONG> (Thumb, 0 bytes, Stack size 0 bytes, symdefs.m(ABSOLUTE))
<BR><BR>[Called By]<UL><LI><a href="#[107]">&gt;&gt;</a>&nbsp;&nbsp;&nbsp;raw_pkt_malloc_init
<LI><a href="#[d5]">&gt;&gt;</a>&nbsp;&nbsp;&nbsp;freq_test_init
</UL>

<P><STRONG><a name="[d1]"></a>ll_raw_packet_get_iq_samples</STRONG> (Thumb, 0 bytes, Stack size 0 bytes, symdefs.m(ABSOLUTE))
<BR><BR>[Called By]<UL><LI><a href="#[cf]">&gt;&gt;</a>&nbsp;&nbsp;&nbsp;freq_offset_rx_done
</UL>

<P><STRONG><a name="[d0]"></a>ll_raw_packet_get_rx_data</STRONG> (Thumb, 0 bytes, Stack size 0 bytes, symdefs.m(ABSOLUTE))
<BR><BR>[Called By]<UL><LI><a href="#[cf]">&gt;&gt;</a>&nbsp;&nbsp;&nbsp;freq_offset_rx_done
<LI><a href="#[10a]">&gt;&gt;</a>&nbsp;&nbsp;&nbsp;show_rx
</UL>

<P><STRONG><a name="[ce]"></a>ll_raw_packet_recv</STRONG> (Thumb, 0 bytes, Stack size 0 bytes, symdefs.m(ABSOLUTE))
<BR><BR>[Called By]<UL><LI><a href="#[ca]">&gt;&gt;</a>&nbsp;&nbsp;&nbsp;freq_offset_rx_begin_do
<LI><a href="#[109]">&gt;&gt;</a>&nbsp;&nbsp;&nbsp;raw_pkt_rx_test
</UL>

<P><STRONG><a name="[10e]"></a>ll_raw_packet_send</STRONG> (Thumb, 0 bytes, Stack size 0 bytes, symdefs.m(ABSOLUTE))
<BR><BR>[Called By]<UL><LI><a href="#[10b]">&gt;&gt;</a>&nbsp;&nbsp;&nbsp;raw_pkt_tx_test
</UL>

<P><STRONG><a name="[cb]"></a>ll_raw_packet_set_param</STRONG> (Thumb, 0 bytes, Stack size 0 bytes, symdefs.m(ABSOLUTE))
<BR><BR>[Called By]<UL><LI><a href="#[ca]">&gt;&gt;</a>&nbsp;&nbsp;&nbsp;freq_offset_rx_begin_do
<LI><a href="#[106]">&gt;&gt;</a>&nbsp;&nbsp;&nbsp;raw_packet_set_tx_param
<LI><a href="#[105]">&gt;&gt;</a>&nbsp;&nbsp;&nbsp;raw_packet_set_rx_param
</UL>

<P><STRONG><a name="[cc]"></a>ll_raw_packet_set_rx_cte</STRONG> (Thumb, 0 bytes, Stack size 0 bytes, symdefs.m(ABSOLUTE))
<BR><BR>[Called By]<UL><LI><a href="#[ca]">&gt;&gt;</a>&nbsp;&nbsp;&nbsp;freq_offset_rx_begin_do
</UL>

<P><STRONG><a name="[10d]"></a>ll_raw_packet_set_tx_data</STRONG> (Thumb, 0 bytes, Stack size 0 bytes, symdefs.m(ABSOLUTE))
<BR><BR>[Called By]<UL><LI><a href="#[10b]">&gt;&gt;</a>&nbsp;&nbsp;&nbsp;raw_pkt_tx_test
</UL>

<P><STRONG><a name="[84]"></a>platform_config</STRONG> (Thumb, 0 bytes, Stack size 0 bytes, symdefs.m(ABSOLUTE))
<BR><BR>[Called By]<UL><LI><a href="#[e]">&gt;&gt;</a>&nbsp;&nbsp;&nbsp;app_main
</UL>

<P><STRONG><a name="[103]"></a>platform_controller_run</STRONG> (Thumb, 0 bytes, Stack size 0 bytes, symdefs.m(ABSOLUTE))
<BR><BR>[Called By]<UL><LI><a href="#[24]">&gt;&gt;</a>&nbsp;&nbsp;&nbsp;queue_recv_msg
</UL>

<P><STRONG><a name="[a4]"></a>platform_get_gen_os_driver</STRONG> (Thumb, 0 bytes, Stack size 0 bytes, symdefs.m(ABSOLUTE))
<BR><BR>[Called By]<UL><LI><a href="#[36]">&gt;&gt;</a>&nbsp;&nbsp;&nbsp;cb_trace_rtt
</UL>

<P><STRONG><a name="[cd]"></a>platform_get_us_time</STRONG> (Thumb, 0 bytes, Stack size 0 bytes, symdefs.m(ABSOLUTE))
<BR><BR>[Called By]<UL><LI><a href="#[de]">&gt;&gt;</a>&nbsp;&nbsp;&nbsp;loop_rf_test_state_machine
<LI><a href="#[ca]">&gt;&gt;</a>&nbsp;&nbsp;&nbsp;freq_offset_rx_begin_do
<LI><a href="#[109]">&gt;&gt;</a>&nbsp;&nbsp;&nbsp;raw_pkt_rx_test
<LI><a href="#[10b]">&gt;&gt;</a>&nbsp;&nbsp;&nbsp;raw_pkt_tx_test
</UL>

<P><STRONG><a name="[d9]"></a>platform_hrng</STRONG> (Thumb, 0 bytes, Stack size 0 bytes, symdefs.m(ABSOLUTE))
<BR><BR>[Called By]<UL><LI><a href="#[d8]">&gt;&gt;</a>&nbsp;&nbsp;&nbsp;get_rf_acc_addr
</UL>

<P><STRONG><a name="[f0]"></a>platform_init_controller</STRONG> (Thumb, 0 bytes, Stack size 0 bytes, symdefs.m(ABSOLUTE))
<BR><BR>[Called By]<UL><LI><a href="#[2c]">&gt;&gt;</a>&nbsp;&nbsp;&nbsp;noos_start
</UL>

<P><STRONG><a name="[8d]"></a>platform_printf</STRONG> (Thumb, 0 bytes, Stack size 0 bytes, symdefs.m(ABSOLUTE))
<BR><BR>[Called By]<UL><LI><a href="#[de]">&gt;&gt;</a>&nbsp;&nbsp;&nbsp;loop_rf_test_state_machine
<LI><a href="#[cf]">&gt;&gt;</a>&nbsp;&nbsp;&nbsp;freq_offset_rx_done
<LI><a href="#[ca]">&gt;&gt;</a>&nbsp;&nbsp;&nbsp;freq_offset_rx_begin_do
<LI><a href="#[106]">&gt;&gt;</a>&nbsp;&nbsp;&nbsp;raw_packet_set_tx_param
<LI><a href="#[105]">&gt;&gt;</a>&nbsp;&nbsp;&nbsp;raw_packet_set_rx_param
<LI><a href="#[107]">&gt;&gt;</a>&nbsp;&nbsp;&nbsp;raw_pkt_malloc_init
<LI><a href="#[d5]">&gt;&gt;</a>&nbsp;&nbsp;&nbsp;freq_test_init
<LI><a href="#[31]">&gt;&gt;</a>&nbsp;&nbsp;&nbsp;setup_profile
<LI><a href="#[11c]">&gt;&gt;</a>&nbsp;&nbsp;&nbsp;uart_upper_init
<LI><a href="#[11b]">&gt;&gt;</a>&nbsp;&nbsp;&nbsp;uart_DUT_init
<LI><a href="#[35]">&gt;&gt;</a>&nbsp;&nbsp;&nbsp;cb_heap_out_of_mem
<LI><a href="#[33]">&gt;&gt;</a>&nbsp;&nbsp;&nbsp;cb_assertion
<LI><a href="#[32]">&gt;&gt;</a>&nbsp;&nbsp;&nbsp;cb_hard_fault
<LI><a href="#[12c]">&gt;&gt;</a>&nbsp;&nbsp;&nbsp;uart_buner_task_entry
<LI><a href="#[18]">&gt;&gt;</a>&nbsp;&nbsp;&nbsp;cmd_uart_burn_sart
<LI><a href="#[f]">&gt;&gt;</a>&nbsp;&nbsp;&nbsp;on_raw_packet_done_rx
<LI><a href="#[d4]">&gt;&gt;</a>&nbsp;&nbsp;&nbsp;freq_offset_tune
<LI><a href="#[8b]">&gt;&gt;</a>&nbsp;&nbsp;&nbsp;calc_freq
<LI><a href="#[e5]">&gt;&gt;</a>&nbsp;&nbsp;&nbsp;set_evk_protocol
<LI><a href="#[11]">&gt;&gt;</a>&nbsp;&nbsp;&nbsp;freq_offset_begin
<LI><a href="#[ec]">&gt;&gt;</a>&nbsp;&nbsp;&nbsp;rf_test_result_print
<LI><a href="#[115]">&gt;&gt;</a>&nbsp;&nbsp;&nbsp;set_rf_channel
<LI><a href="#[d7]">&gt;&gt;</a>&nbsp;&nbsp;&nbsp;get_raw_pkt_loss
<LI><a href="#[116]">&gt;&gt;</a>&nbsp;&nbsp;&nbsp;stop_raw_tx_rx
<LI><a href="#[114]">&gt;&gt;</a>&nbsp;&nbsp;&nbsp;start_raw_tx_rx
<LI><a href="#[10a]">&gt;&gt;</a>&nbsp;&nbsp;&nbsp;show_rx
<LI><a href="#[102]">&gt;&gt;</a>&nbsp;&nbsp;&nbsp;rf_test_freq_offset_begin
<LI><a href="#[101]">&gt;&gt;</a>&nbsp;&nbsp;&nbsp;rf_test_rx_sen_end
<LI><a href="#[ff]">&gt;&gt;</a>&nbsp;&nbsp;&nbsp;rf_test_rx_sen_begin
<LI><a href="#[fe]">&gt;&gt;</a>&nbsp;&nbsp;&nbsp;rf_test_rx_cnt_end
<LI><a href="#[fd]">&gt;&gt;</a>&nbsp;&nbsp;&nbsp;rf_test_rx_cnt_begin
<LI><a href="#[fb]">&gt;&gt;</a>&nbsp;&nbsp;&nbsp;rf_test_tx_power_begin
<LI><a href="#[f9]">&gt;&gt;</a>&nbsp;&nbsp;&nbsp;rf_test_tx_cnt_begin
<LI><a href="#[100]">&gt;&gt;</a>&nbsp;&nbsp;&nbsp;rx_sen_cb
<LI><a href="#[f8]">&gt;&gt;</a>&nbsp;&nbsp;&nbsp;process_complete_packet
<LI><a href="#[f5]">&gt;&gt;</a>&nbsp;&nbsp;&nbsp;rf_test_start
<LI><a href="#[135]">&gt;&gt;</a>&nbsp;&nbsp;&nbsp;uart_upper_process
<LI><a href="#[f4]">&gt;&gt;</a>&nbsp;&nbsp;&nbsp;process_complete_packet
</UL>

<P><STRONG><a name="[125]"></a>platform_raise_assertion</STRONG> (Thumb, 0 bytes, Stack size 0 bytes, symdefs.m(ABSOLUTE))
<BR><BR>[Called By]<UL><LI><a href="#[1d]">&gt;&gt;</a>&nbsp;&nbsp;&nbsp;timer_create
</UL>

<P><STRONG><a name="[80]"></a>platform_set_evt_callback_table</STRONG> (Thumb, 0 bytes, Stack size 0 bytes, symdefs.m(ABSOLUTE))
<BR><BR>[Called By]<UL><LI><a href="#[e]">&gt;&gt;</a>&nbsp;&nbsp;&nbsp;app_main
</UL>

<P><STRONG><a name="[127]"></a>platform_set_irq_callback</STRONG> (Thumb, 0 bytes, Stack size 0 bytes, symdefs.m(ABSOLUTE))
<BR><BR>[Called By]<UL><LI><a href="#[11c]">&gt;&gt;</a>&nbsp;&nbsp;&nbsp;uart_upper_init
<LI><a href="#[11b]">&gt;&gt;</a>&nbsp;&nbsp;&nbsp;uart_DUT_init
</UL>

<P><STRONG><a name="[eb]"></a>platform_set_timer</STRONG> (Thumb, 0 bytes, Stack size 0 bytes, symdefs.m(ABSOLUTE))
<BR><BR>[Called By]<UL><LI><a href="#[de]">&gt;&gt;</a>&nbsp;&nbsp;&nbsp;loop_rf_test_state_machine
<LI><a href="#[20]">&gt;&gt;</a>&nbsp;&nbsp;&nbsp;timer_delete
<LI><a href="#[1f]">&gt;&gt;</a>&nbsp;&nbsp;&nbsp;timer_stop
<LI><a href="#[1e]">&gt;&gt;</a>&nbsp;&nbsp;&nbsp;timer_start
</UL>

<P><STRONG><a name="[37]"></a>__main</STRONG> (Thumb, 0 bytes, Stack size unknown bytes, entry.o(.ARM.Collect$$$$00000000))

<P><STRONG><a name="[152]"></a>_main_stk</STRONG> (Thumb, 0 bytes, Stack size unknown bytes, entry2.o(.ARM.Collect$$$$00000001))

<P><STRONG><a name="[38]"></a>_main_scatterload</STRONG> (Thumb, 0 bytes, Stack size unknown bytes, entry5.o(.ARM.Collect$$$$00000004))
<BR><BR>[Calls]<UL><LI><a href="#[d]">&gt;&gt;</a>&nbsp;&nbsp;&nbsp;__scatterload
</UL>

<P><STRONG><a name="[39]"></a>__main_after_scatterload</STRONG> (Thumb, 0 bytes, Stack size unknown bytes, entry5.o(.ARM.Collect$$$$00000004))
<BR><BR>[Called By]<UL><LI><a href="#[d]">&gt;&gt;</a>&nbsp;&nbsp;&nbsp;__scatterload
</UL>

<P><STRONG><a name="[153]"></a>_main_clock</STRONG> (Thumb, 0 bytes, Stack size unknown bytes, entry7b.o(.ARM.Collect$$$$00000008))

<P><STRONG><a name="[154]"></a>_main_cpp_init</STRONG> (Thumb, 0 bytes, Stack size unknown bytes, entry8b.o(.ARM.Collect$$$$0000000A))

<P><STRONG><a name="[155]"></a>_main_init</STRONG> (Thumb, 0 bytes, Stack size unknown bytes, entry9a.o(.ARM.Collect$$$$0000000B))

<P><STRONG><a name="[156]"></a>__rt_final_cpp</STRONG> (Thumb, 0 bytes, Stack size unknown bytes, entry10a.o(.ARM.Collect$$$$0000000D))

<P><STRONG><a name="[157]"></a>__rt_final_exit</STRONG> (Thumb, 0 bytes, Stack size unknown bytes, entry11a.o(.ARM.Collect$$$$0000000F))

<P><STRONG><a name="[b]"></a>Reset_Handler</STRONG> (Thumb, 14 bytes, Stack size 0 bytes, startup_ing91800.o(.text))
<BR>[Address Reference Count : 1]<UL><LI> startup_ing91800.o(RESET)
</UL>
<P><STRONG><a name="[c]"></a>main</STRONG> (Thumb, 14 bytes, Stack size 0 bytes, startup_ing91800.o(.text))
<BR>[Address Reference Count : 1]<UL><LI> entry9a.o(.ARM.Collect$$$$0000000B)
</UL>
<P><STRONG><a name="[d]"></a>__scatterload</STRONG> (Thumb, 28 bytes, Stack size 0 bytes, init.o(.text))
<BR><BR>[Calls]<UL><LI><a href="#[39]">&gt;&gt;</a>&nbsp;&nbsp;&nbsp;__main_after_scatterload
</UL>
<BR>[Called By]<UL><LI><a href="#[38]">&gt;&gt;</a>&nbsp;&nbsp;&nbsp;_main_scatterload
</UL>
<BR>[Address Reference Count : 1]<UL><LI> startup_ing91800.o(.text)
</UL>
<P><STRONG><a name="[158]"></a>__scatterload_rt2</STRONG> (Thumb, 0 bytes, Stack size 0 bytes, init.o(.text), UNUSED)

<P><STRONG><a name="[3a]"></a>__aeabi_uldivmod</STRONG> (Thumb, 98 bytes, Stack size 40 bytes, uldiv.o(.text))
<BR><BR>[Stack]<UL><LI>Max Depth = 40<LI>Call Chain = __aeabi_uldivmod
</UL>
<BR>[Calls]<UL><LI><a href="#[3b]">&gt;&gt;</a>&nbsp;&nbsp;&nbsp;__aeabi_llsr
<LI><a href="#[3c]">&gt;&gt;</a>&nbsp;&nbsp;&nbsp;__aeabi_llsl
</UL>
<BR>[Called By]<UL><LI><a href="#[76]">&gt;&gt;</a>&nbsp;&nbsp;&nbsp;[Anonymous Symbol]
<LI><a href="#[13b]">&gt;&gt;</a>&nbsp;&nbsp;&nbsp;_printf_core
<LI><a href="#[149]">&gt;&gt;</a>&nbsp;&nbsp;&nbsp;_fp_digits
</UL>

<P><STRONG><a name="[159]"></a>___aeabi_memcpy4$move</STRONG> (Thumb, 0 bytes, Stack size 8 bytes, memmovea.o(.text), UNUSED)

<P><STRONG><a name="[15a]"></a>___aeabi_memcpy8$move</STRONG> (Thumb, 0 bytes, Stack size 8 bytes, memmovea.o(.text), UNUSED)

<P><STRONG><a name="[74]"></a>__aeabi_memcpy</STRONG> (Thumb, 64 bytes, Stack size 8 bytes, memmovea.o(.text))
<BR><BR>[Stack]<UL><LI>Max Depth = 8<LI>Call Chain = __aeabi_memcpy
</UL>
<BR>[Called By]<UL><LI><a href="#[6e]">&gt;&gt;</a>&nbsp;&nbsp;&nbsp;_WriteBlocking
<LI><a href="#[6d]">&gt;&gt;</a>&nbsp;&nbsp;&nbsp;_WriteNoCheck
<LI><a href="#[24]">&gt;&gt;</a>&nbsp;&nbsp;&nbsp;queue_recv_msg
<LI><a href="#[23]">&gt;&gt;</a>&nbsp;&nbsp;&nbsp;queue_send_msg
<LI><a href="#[12c]">&gt;&gt;</a>&nbsp;&nbsp;&nbsp;uart_buner_task_entry
<LI><a href="#[86]">&gt;&gt;</a>&nbsp;&nbsp;&nbsp;append_data
<LI><a href="#[8e]">&gt;&gt;</a>&nbsp;&nbsp;&nbsp;[Anonymous Symbol]
<LI><a href="#[72]">&gt;&gt;</a>&nbsp;&nbsp;&nbsp;[Anonymous Symbol]
<LI><a href="#[77]">&gt;&gt;</a>&nbsp;&nbsp;&nbsp;[Anonymous Symbol]
<LI><a href="#[76]">&gt;&gt;</a>&nbsp;&nbsp;&nbsp;[Anonymous Symbol]
<LI><a href="#[b7]">&gt;&gt;</a>&nbsp;&nbsp;&nbsp;[Anonymous Symbol]
<LI><a href="#[78]">&gt;&gt;</a>&nbsp;&nbsp;&nbsp;[Anonymous Symbol]
<LI><a href="#[b2]">&gt;&gt;</a>&nbsp;&nbsp;&nbsp;[Anonymous Symbol]
<LI><a href="#[144]">&gt;&gt;</a>&nbsp;&nbsp;&nbsp;internal_alloc
</UL>

<P><STRONG><a name="[104]"></a>__aeabi_memmove</STRONG> (Thumb, 0 bytes, Stack size 8 bytes, memmovea.o(.text))
<BR><BR>[Stack]<UL><LI>Max Depth = 8<LI>Call Chain = __aeabi_memmove
</UL>
<BR>[Called By]<UL><LI><a href="#[24]">&gt;&gt;</a>&nbsp;&nbsp;&nbsp;queue_recv_msg
</UL>

<P><STRONG><a name="[15b]"></a>__aeabi_memmove4</STRONG> (Thumb, 0 bytes, Stack size 8 bytes, memmovea.o(.text), UNUSED)

<P><STRONG><a name="[df]"></a>__aeabi_memmove8</STRONG> (Thumb, 0 bytes, Stack size 8 bytes, memmovea.o(.text))
<BR><BR>[Stack]<UL><LI>Max Depth = 8<LI>Call Chain = __aeabi_memmove8
</UL>
<BR>[Called By]<UL><LI><a href="#[96]">&gt;&gt;</a>&nbsp;&nbsp;&nbsp;[Anonymous Symbol]
</UL>

<P><STRONG><a name="[3e]"></a>__aeabi_memset</STRONG> (Thumb, 14 bytes, Stack size 0 bytes, memseta.o(.text))
<BR><BR>[Called By]<UL><LI><a href="#[3f]">&gt;&gt;</a>&nbsp;&nbsp;&nbsp;_memset$wrapper
<LI><a href="#[3d]">&gt;&gt;</a>&nbsp;&nbsp;&nbsp;__aeabi_memclr
</UL>

<P><STRONG><a name="[15c]"></a>__aeabi_memset4</STRONG> (Thumb, 0 bytes, Stack size 0 bytes, memseta.o(.text), UNUSED)

<P><STRONG><a name="[15d]"></a>__aeabi_memset8</STRONG> (Thumb, 0 bytes, Stack size 0 bytes, memseta.o(.text), UNUSED)

<P><STRONG><a name="[3d]"></a>__aeabi_memclr</STRONG> (Thumb, 4 bytes, Stack size 0 bytes, memseta.o(.text))
<BR><BR>[Calls]<UL><LI><a href="#[3e]">&gt;&gt;</a>&nbsp;&nbsp;&nbsp;__aeabi_memset
</UL>
<BR>[Called By]<UL><LI><a href="#[12c]">&gt;&gt;</a>&nbsp;&nbsp;&nbsp;uart_buner_task_entry
<LI><a href="#[71]">&gt;&gt;</a>&nbsp;&nbsp;&nbsp;[Anonymous Symbol]
<LI><a href="#[99]">&gt;&gt;</a>&nbsp;&nbsp;&nbsp;[Anonymous Symbol]
<LI><a href="#[72]">&gt;&gt;</a>&nbsp;&nbsp;&nbsp;[Anonymous Symbol]
<LI><a href="#[77]">&gt;&gt;</a>&nbsp;&nbsp;&nbsp;[Anonymous Symbol]
<LI><a href="#[78]">&gt;&gt;</a>&nbsp;&nbsp;&nbsp;[Anonymous Symbol]
<LI><a href="#[108]">&gt;&gt;</a>&nbsp;&nbsp;&nbsp;raw_pkt_reset
</UL>

<P><STRONG><a name="[8a]"></a>__aeabi_memclr4</STRONG> (Thumb, 0 bytes, Stack size 0 bytes, memseta.o(.text))
<BR><BR>[Called By]<UL><LI><a href="#[89]">&gt;&gt;</a>&nbsp;&nbsp;&nbsp;burn_ctrl_restart
<LI><a href="#[ef]">&gt;&gt;</a>&nbsp;&nbsp;&nbsp;[Anonymous Symbol]
<LI><a href="#[b0]">&gt;&gt;</a>&nbsp;&nbsp;&nbsp;[Anonymous Symbol]
</UL>

<P><STRONG><a name="[c0]"></a>__aeabi_memclr8</STRONG> (Thumb, 0 bytes, Stack size 0 bytes, memseta.o(.text))
<BR><BR>[Called By]<UL><LI><a href="#[bf]">&gt;&gt;</a>&nbsp;&nbsp;&nbsp;[Anonymous Symbol]
<LI><a href="#[e0]">&gt;&gt;</a>&nbsp;&nbsp;&nbsp;[Anonymous Symbol]
<LI><a href="#[9f]">&gt;&gt;</a>&nbsp;&nbsp;&nbsp;[Anonymous Symbol]
</UL>

<P><STRONG><a name="[3f]"></a>_memset$wrapper</STRONG> (Thumb, 18 bytes, Stack size 8 bytes, memseta.o(.text), UNUSED)
<BR><BR>[Calls]<UL><LI><a href="#[3e]">&gt;&gt;</a>&nbsp;&nbsp;&nbsp;__aeabi_memset
</UL>

<P><STRONG><a name="[b1]"></a>strlen</STRONG> (Thumb, 14 bytes, Stack size 0 bytes, strlen.o(.text))
<BR><BR>[Called By]<UL><LI><a href="#[10b]">&gt;&gt;</a>&nbsp;&nbsp;&nbsp;raw_pkt_tx_test
<LI><a href="#[8e]">&gt;&gt;</a>&nbsp;&nbsp;&nbsp;[Anonymous Symbol]
</UL>

<P><STRONG><a name="[11f]"></a>memcmp</STRONG> (Thumb, 26 bytes, Stack size 12 bytes, memcmp.o(.text))
<BR><BR>[Stack]<UL><LI>Max Depth = 12<LI>Call Chain = memcmp
</UL>
<BR>[Called By]<UL><LI><a href="#[10a]">&gt;&gt;</a>&nbsp;&nbsp;&nbsp;show_rx
</UL>

<P><STRONG><a name="[73]"></a>strcpy</STRONG> (Thumb, 18 bytes, Stack size 0 bytes, strcpy.o(.text))
<BR><BR>[Called By]<UL><LI><a href="#[6a]">&gt;&gt;</a>&nbsp;&nbsp;&nbsp;_DoInit
</UL>

<P><STRONG><a name="[40]"></a>strcasecmp</STRONG> (Thumb, 42 bytes, Stack size 24 bytes, strcasecmp.o(.text))
<BR><BR>[Stack]<UL><LI>Max Depth = 24<LI>Call Chain = strcasecmp
</UL>
<BR>[Calls]<UL><LI><a href="#[41]">&gt;&gt;</a>&nbsp;&nbsp;&nbsp;tolower
</UL>
<BR>[Called By]<UL><LI><a href="#[dc]">&gt;&gt;</a>&nbsp;&nbsp;&nbsp;handle_command
</UL>

<P><STRONG><a name="[42]"></a>calloc</STRONG> (Thumb, 28 bytes, Stack size 8 bytes, calloc.o(.text))
<BR><BR>[Stack]<UL><LI>Max Depth = 72<LI>Call Chain = calloc &rArr; malloc &rArr; internal_alloc &rArr; __aeabi_memcpy
</UL>
<BR>[Calls]<UL><LI><a href="#[28]">&gt;&gt;</a>&nbsp;&nbsp;&nbsp;malloc
</UL>
<BR>[Called By]<UL><LI><a href="#[72]">&gt;&gt;</a>&nbsp;&nbsp;&nbsp;[Anonymous Symbol]
<LI><a href="#[94]">&gt;&gt;</a>&nbsp;&nbsp;&nbsp;[Anonymous Symbol]
<LI><a href="#[b3]">&gt;&gt;</a>&nbsp;&nbsp;&nbsp;[Anonymous Symbol]
</UL>

<P><STRONG><a name="[43]"></a>__aeabi_fadd</STRONG> (Thumb, 164 bytes, Stack size 16 bytes, fadd.o(.text))
<BR><BR>[Stack]<UL><LI>Max Depth = 20<LI>Call Chain = __aeabi_fadd &rArr; _float_epilogue
</UL>
<BR>[Calls]<UL><LI><a href="#[45]">&gt;&gt;</a>&nbsp;&nbsp;&nbsp;_float_round
<LI><a href="#[44]">&gt;&gt;</a>&nbsp;&nbsp;&nbsp;_float_epilogue
</UL>
<BR>[Called By]<UL><LI><a href="#[46]">&gt;&gt;</a>&nbsp;&nbsp;&nbsp;__aeabi_fsub
<LI><a href="#[6f]">&gt;&gt;</a>&nbsp;&nbsp;&nbsp;Smooth_Average
<LI><a href="#[47]">&gt;&gt;</a>&nbsp;&nbsp;&nbsp;__aeabi_frsub
</UL>

<P><STRONG><a name="[46]"></a>__aeabi_fsub</STRONG> (Thumb, 6 bytes, Stack size 0 bytes, fadd.o(.text))
<BR><BR>[Stack]<UL><LI>Max Depth = 20<LI>Call Chain = __aeabi_fsub &rArr; __aeabi_fadd &rArr; _float_epilogue
</UL>
<BR>[Calls]<UL><LI><a href="#[43]">&gt;&gt;</a>&nbsp;&nbsp;&nbsp;__aeabi_fadd
</UL>
<BR>[Called By]<UL><LI><a href="#[6f]">&gt;&gt;</a>&nbsp;&nbsp;&nbsp;Smooth_Average
</UL>

<P><STRONG><a name="[47]"></a>__aeabi_frsub</STRONG> (Thumb, 6 bytes, Stack size 0 bytes, fadd.o(.text), UNUSED)
<BR><BR>[Calls]<UL><LI><a href="#[43]">&gt;&gt;</a>&nbsp;&nbsp;&nbsp;__aeabi_fadd
</UL>

<P><STRONG><a name="[65]"></a>__aeabi_fmul</STRONG> (Thumb, 100 bytes, Stack size 8 bytes, fmul.o(.text))
<BR><BR>[Stack]<UL><LI>Max Depth = 8<LI>Call Chain = __aeabi_fmul
</UL>
<BR>[Called By]<UL><LI><a href="#[64]">&gt;&gt;</a>&nbsp;&nbsp;&nbsp;Pow_Smooth
<LI><a href="#[6f]">&gt;&gt;</a>&nbsp;&nbsp;&nbsp;Smooth_Average
</UL>

<P><STRONG><a name="[48]"></a>__aeabi_dadd</STRONG> (Thumb, 322 bytes, Stack size 48 bytes, dadd.o(.text))
<BR><BR>[Stack]<UL><LI>Max Depth = 88<LI>Call Chain = __aeabi_dadd &rArr; _double_epilogue &rArr; _double_round
</UL>
<BR>[Calls]<UL><LI><a href="#[49]">&gt;&gt;</a>&nbsp;&nbsp;&nbsp;__aeabi_lasr
<LI><a href="#[3c]">&gt;&gt;</a>&nbsp;&nbsp;&nbsp;__aeabi_llsl
<LI><a href="#[4b]">&gt;&gt;</a>&nbsp;&nbsp;&nbsp;_double_round
<LI><a href="#[4a]">&gt;&gt;</a>&nbsp;&nbsp;&nbsp;_double_epilogue
</UL>
<BR>[Called By]<UL><LI><a href="#[a0]">&gt;&gt;</a>&nbsp;&nbsp;&nbsp;log10
<LI><a href="#[4d]">&gt;&gt;</a>&nbsp;&nbsp;&nbsp;__aeabi_drsub
<LI><a href="#[8f]">&gt;&gt;</a>&nbsp;&nbsp;&nbsp;[Anonymous Symbol]
<LI><a href="#[9a]">&gt;&gt;</a>&nbsp;&nbsp;&nbsp;[Anonymous Symbol]
<LI><a href="#[98]">&gt;&gt;</a>&nbsp;&nbsp;&nbsp;[Anonymous Symbol]
<LI><a href="#[96]">&gt;&gt;</a>&nbsp;&nbsp;&nbsp;[Anonymous Symbol]
<LI><a href="#[97]">&gt;&gt;</a>&nbsp;&nbsp;&nbsp;[Anonymous Symbol]
<LI><a href="#[75]">&gt;&gt;</a>&nbsp;&nbsp;&nbsp;[Anonymous Symbol]
<LI><a href="#[b9]">&gt;&gt;</a>&nbsp;&nbsp;&nbsp;[Anonymous Symbol]
<LI><a href="#[4c]">&gt;&gt;</a>&nbsp;&nbsp;&nbsp;__aeabi_dsub
<LI><a href="#[9c]">&gt;&gt;</a>&nbsp;&nbsp;&nbsp;[Anonymous Symbol]
<LI><a href="#[140]">&gt;&gt;</a>&nbsp;&nbsp;&nbsp;__kernel_poly
<LI><a href="#[141]">&gt;&gt;</a>&nbsp;&nbsp;&nbsp;__kernel_sin
<LI><a href="#[13d]">&gt;&gt;</a>&nbsp;&nbsp;&nbsp;__ieee754_rem_pio2
<LI><a href="#[151]">&gt;&gt;</a>&nbsp;&nbsp;&nbsp;log
<LI><a href="#[147]">&gt;&gt;</a>&nbsp;&nbsp;&nbsp;__mathlib_dbl_infnan2
<LI><a href="#[14e]">&gt;&gt;</a>&nbsp;&nbsp;&nbsp;atan
<LI><a href="#[149]">&gt;&gt;</a>&nbsp;&nbsp;&nbsp;_fp_digits
</UL>

<P><STRONG><a name="[4c]"></a>__aeabi_dsub</STRONG> (Thumb, 6 bytes, Stack size 0 bytes, dadd.o(.text))
<BR><BR>[Stack]<UL><LI>Max Depth = 88<LI>Call Chain = __aeabi_dsub &rArr; __aeabi_dadd &rArr; _double_epilogue &rArr; _double_round
</UL>
<BR>[Calls]<UL><LI><a href="#[48]">&gt;&gt;</a>&nbsp;&nbsp;&nbsp;__aeabi_dadd
</UL>
<BR>[Called By]<UL><LI><a href="#[f3]">&gt;&gt;</a>&nbsp;&nbsp;&nbsp;atan2
<LI><a href="#[96]">&gt;&gt;</a>&nbsp;&nbsp;&nbsp;[Anonymous Symbol]
<LI><a href="#[10]">&gt;&gt;</a>&nbsp;&nbsp;&nbsp;[Anonymous Symbol]
<LI><a href="#[97]">&gt;&gt;</a>&nbsp;&nbsp;&nbsp;[Anonymous Symbol]
<LI><a href="#[b9]">&gt;&gt;</a>&nbsp;&nbsp;&nbsp;[Anonymous Symbol]
<LI><a href="#[9e]">&gt;&gt;</a>&nbsp;&nbsp;&nbsp;[Anonymous Symbol]
<LI><a href="#[141]">&gt;&gt;</a>&nbsp;&nbsp;&nbsp;__kernel_sin
<LI><a href="#[13d]">&gt;&gt;</a>&nbsp;&nbsp;&nbsp;__ieee754_rem_pio2
<LI><a href="#[151]">&gt;&gt;</a>&nbsp;&nbsp;&nbsp;log
<LI><a href="#[13f]">&gt;&gt;</a>&nbsp;&nbsp;&nbsp;__kernel_cos
<LI><a href="#[14e]">&gt;&gt;</a>&nbsp;&nbsp;&nbsp;atan
</UL>

<P><STRONG><a name="[4d]"></a>__aeabi_drsub</STRONG> (Thumb, 6 bytes, Stack size 0 bytes, dadd.o(.text))
<BR><BR>[Stack]<UL><LI>Max Depth = 88<LI>Call Chain = __aeabi_drsub &rArr; __aeabi_dadd &rArr; _double_epilogue &rArr; _double_round
</UL>
<BR>[Calls]<UL><LI><a href="#[48]">&gt;&gt;</a>&nbsp;&nbsp;&nbsp;__aeabi_dadd
</UL>
<BR>[Called By]<UL><LI><a href="#[f3]">&gt;&gt;</a>&nbsp;&nbsp;&nbsp;atan2
<LI><a href="#[141]">&gt;&gt;</a>&nbsp;&nbsp;&nbsp;__kernel_sin
<LI><a href="#[13d]">&gt;&gt;</a>&nbsp;&nbsp;&nbsp;__ieee754_rem_pio2
<LI><a href="#[151]">&gt;&gt;</a>&nbsp;&nbsp;&nbsp;log
<LI><a href="#[13f]">&gt;&gt;</a>&nbsp;&nbsp;&nbsp;__kernel_cos
<LI><a href="#[14e]">&gt;&gt;</a>&nbsp;&nbsp;&nbsp;atan
</UL>

<P><STRONG><a name="[4e]"></a>__aeabi_dmul</STRONG> (Thumb, 228 bytes, Stack size 48 bytes, dmul.o(.text))
<BR><BR>[Stack]<UL><LI>Max Depth = 88<LI>Call Chain = __aeabi_dmul &rArr; _double_epilogue &rArr; _double_round
</UL>
<BR>[Calls]<UL><LI><a href="#[4a]">&gt;&gt;</a>&nbsp;&nbsp;&nbsp;_double_epilogue
</UL>
<BR>[Called By]<UL><LI><a href="#[a0]">&gt;&gt;</a>&nbsp;&nbsp;&nbsp;log10
<LI><a href="#[8f]">&gt;&gt;</a>&nbsp;&nbsp;&nbsp;[Anonymous Symbol]
<LI><a href="#[9a]">&gt;&gt;</a>&nbsp;&nbsp;&nbsp;[Anonymous Symbol]
<LI><a href="#[98]">&gt;&gt;</a>&nbsp;&nbsp;&nbsp;[Anonymous Symbol]
<LI><a href="#[96]">&gt;&gt;</a>&nbsp;&nbsp;&nbsp;[Anonymous Symbol]
<LI><a href="#[97]">&gt;&gt;</a>&nbsp;&nbsp;&nbsp;[Anonymous Symbol]
<LI><a href="#[75]">&gt;&gt;</a>&nbsp;&nbsp;&nbsp;[Anonymous Symbol]
<LI><a href="#[b8]">&gt;&gt;</a>&nbsp;&nbsp;&nbsp;[Anonymous Symbol]
<LI><a href="#[b9]">&gt;&gt;</a>&nbsp;&nbsp;&nbsp;[Anonymous Symbol]
<LI><a href="#[140]">&gt;&gt;</a>&nbsp;&nbsp;&nbsp;__kernel_poly
<LI><a href="#[141]">&gt;&gt;</a>&nbsp;&nbsp;&nbsp;__kernel_sin
<LI><a href="#[13d]">&gt;&gt;</a>&nbsp;&nbsp;&nbsp;__ieee754_rem_pio2
<LI><a href="#[151]">&gt;&gt;</a>&nbsp;&nbsp;&nbsp;log
<LI><a href="#[13f]">&gt;&gt;</a>&nbsp;&nbsp;&nbsp;__kernel_cos
<LI><a href="#[14e]">&gt;&gt;</a>&nbsp;&nbsp;&nbsp;atan
<LI><a href="#[149]">&gt;&gt;</a>&nbsp;&nbsp;&nbsp;_fp_digits
</UL>

<P><STRONG><a name="[4f]"></a>__aeabi_ddiv</STRONG> (Thumb, 222 bytes, Stack size 32 bytes, ddiv.o(.text))
<BR><BR>[Stack]<UL><LI>Max Depth = 40<LI>Call Chain = __aeabi_ddiv &rArr; _double_round
</UL>
<BR>[Calls]<UL><LI><a href="#[4b]">&gt;&gt;</a>&nbsp;&nbsp;&nbsp;_double_round
</UL>
<BR>[Called By]<UL><LI><a href="#[f3]">&gt;&gt;</a>&nbsp;&nbsp;&nbsp;atan2
<LI><a href="#[8f]">&gt;&gt;</a>&nbsp;&nbsp;&nbsp;[Anonymous Symbol]
<LI><a href="#[9a]">&gt;&gt;</a>&nbsp;&nbsp;&nbsp;[Anonymous Symbol]
<LI><a href="#[97]">&gt;&gt;</a>&nbsp;&nbsp;&nbsp;[Anonymous Symbol]
<LI><a href="#[9d]">&gt;&gt;</a>&nbsp;&nbsp;&nbsp;[Anonymous Symbol]
<LI><a href="#[151]">&gt;&gt;</a>&nbsp;&nbsp;&nbsp;log
<LI><a href="#[148]">&gt;&gt;</a>&nbsp;&nbsp;&nbsp;__mathlib_dbl_invalid
<LI><a href="#[145]">&gt;&gt;</a>&nbsp;&nbsp;&nbsp;__mathlib_dbl_divzero
<LI><a href="#[14e]">&gt;&gt;</a>&nbsp;&nbsp;&nbsp;atan
<LI><a href="#[149]">&gt;&gt;</a>&nbsp;&nbsp;&nbsp;_fp_digits
</UL>

<P><STRONG><a name="[a9]"></a>__aeabi_dcmplt</STRONG> (Thumb, 54 bytes, Stack size 12 bytes, dcmplt.o(.text))
<BR><BR>[Stack]<UL><LI>Max Depth = 12<LI>Call Chain = __aeabi_dcmplt
</UL>
<BR>[Called By]<UL><LI><a href="#[a8]">&gt;&gt;</a>&nbsp;&nbsp;&nbsp;[Anonymous Symbol]
</UL>

<P><STRONG><a name="[aa]"></a>__aeabi_dcmpeq</STRONG> (Thumb, 56 bytes, Stack size 12 bytes, dcmpeq.o(.text))
<BR><BR>[Stack]<UL><LI>Max Depth = 12<LI>Call Chain = __aeabi_dcmpeq
</UL>
<BR>[Called By]<UL><LI><a href="#[a8]">&gt;&gt;</a>&nbsp;&nbsp;&nbsp;[Anonymous Symbol]
</UL>

<P><STRONG><a name="[50]"></a>__aeabi_i2f</STRONG> (Thumb, 18 bytes, Stack size 0 bytes, fflti.o(.text))
<BR><BR>[Stack]<UL><LI>Max Depth = 4<LI>Call Chain = __aeabi_i2f &rArr; _float_epilogue
</UL>
<BR>[Calls]<UL><LI><a href="#[44]">&gt;&gt;</a>&nbsp;&nbsp;&nbsp;_float_epilogue
</UL>
<BR>[Called By]<UL><LI><a href="#[6f]">&gt;&gt;</a>&nbsp;&nbsp;&nbsp;Smooth_Average
</UL>

<P><STRONG><a name="[51]"></a>__aeabi_ui2f</STRONG> (Thumb, 10 bytes, Stack size 0 bytes, ffltui.o(.text))
<BR><BR>[Stack]<UL><LI>Max Depth = 4<LI>Call Chain = __aeabi_ui2f &rArr; _float_epilogue
</UL>
<BR>[Calls]<UL><LI><a href="#[44]">&gt;&gt;</a>&nbsp;&nbsp;&nbsp;_float_epilogue
</UL>
<BR>[Called By]<UL><LI><a href="#[64]">&gt;&gt;</a>&nbsp;&nbsp;&nbsp;Pow_Smooth
</UL>

<P><STRONG><a name="[52]"></a>__aeabi_i2d</STRONG> (Thumb, 34 bytes, Stack size 16 bytes, dflti.o(.text))
<BR><BR>[Stack]<UL><LI>Max Depth = 56<LI>Call Chain = __aeabi_i2d &rArr; _double_epilogue &rArr; _double_round
</UL>
<BR>[Calls]<UL><LI><a href="#[4a]">&gt;&gt;</a>&nbsp;&nbsp;&nbsp;_double_epilogue
</UL>
<BR>[Called By]<UL><LI><a href="#[a0]">&gt;&gt;</a>&nbsp;&nbsp;&nbsp;log10
<LI><a href="#[9a]">&gt;&gt;</a>&nbsp;&nbsp;&nbsp;[Anonymous Symbol]
<LI><a href="#[98]">&gt;&gt;</a>&nbsp;&nbsp;&nbsp;[Anonymous Symbol]
<LI><a href="#[97]">&gt;&gt;</a>&nbsp;&nbsp;&nbsp;[Anonymous Symbol]
<LI><a href="#[93]">&gt;&gt;</a>&nbsp;&nbsp;&nbsp;[Anonymous Symbol]
<LI><a href="#[92]">&gt;&gt;</a>&nbsp;&nbsp;&nbsp;[Anonymous Symbol]
<LI><a href="#[13d]">&gt;&gt;</a>&nbsp;&nbsp;&nbsp;__ieee754_rem_pio2
<LI><a href="#[151]">&gt;&gt;</a>&nbsp;&nbsp;&nbsp;log
</UL>

<P><STRONG><a name="[53]"></a>__aeabi_ui2d</STRONG> (Thumb, 26 bytes, Stack size 16 bytes, dfltui.o(.text))
<BR><BR>[Stack]<UL><LI>Max Depth = 56<LI>Call Chain = __aeabi_ui2d &rArr; _double_epilogue &rArr; _double_round
</UL>
<BR>[Calls]<UL><LI><a href="#[4a]">&gt;&gt;</a>&nbsp;&nbsp;&nbsp;_double_epilogue
</UL>
<BR>[Called By]<UL><LI><a href="#[13d]">&gt;&gt;</a>&nbsp;&nbsp;&nbsp;__ieee754_rem_pio2
</UL>

<P><STRONG><a name="[70]"></a>__aeabi_f2iz</STRONG> (Thumb, 50 bytes, Stack size 0 bytes, ffixi.o(.text))
<BR><BR>[Called By]<UL><LI><a href="#[6f]">&gt;&gt;</a>&nbsp;&nbsp;&nbsp;Smooth_Average
</UL>

<P><STRONG><a name="[66]"></a>__aeabi_f2uiz</STRONG> (Thumb, 40 bytes, Stack size 0 bytes, ffixui.o(.text))
<BR><BR>[Called By]<UL><LI><a href="#[64]">&gt;&gt;</a>&nbsp;&nbsp;&nbsp;Pow_Smooth
</UL>

<P><STRONG><a name="[54]"></a>__aeabi_d2iz</STRONG> (Thumb, 62 bytes, Stack size 16 bytes, dfixi.o(.text))
<BR><BR>[Stack]<UL><LI>Max Depth = 16<LI>Call Chain = __aeabi_d2iz
</UL>
<BR>[Calls]<UL><LI><a href="#[3b]">&gt;&gt;</a>&nbsp;&nbsp;&nbsp;__aeabi_llsr
</UL>
<BR>[Called By]<UL><LI><a href="#[8b]">&gt;&gt;</a>&nbsp;&nbsp;&nbsp;calc_freq
<LI><a href="#[13d]">&gt;&gt;</a>&nbsp;&nbsp;&nbsp;__ieee754_rem_pio2
<LI><a href="#[13f]">&gt;&gt;</a>&nbsp;&nbsp;&nbsp;__kernel_cos
</UL>

<P><STRONG><a name="[15e]"></a>__aeabi_uidiv</STRONG> (Thumb, 0 bytes, Stack size 12 bytes, uidiv.o(.text), UNUSED)

<P><STRONG><a name="[14d]"></a>__aeabi_uidivmod</STRONG> (Thumb, 44 bytes, Stack size 12 bytes, uidiv.o(.text), UNUSED)
<BR><BR>[Called By]<UL><LI><a href="#[13b]">&gt;&gt;</a>&nbsp;&nbsp;&nbsp;_printf_core
</UL>

<P><STRONG><a name="[3c]"></a>__aeabi_llsl</STRONG> (Thumb, 30 bytes, Stack size 0 bytes, llshl.o(.text))
<BR><BR>[Called By]<UL><LI><a href="#[48]">&gt;&gt;</a>&nbsp;&nbsp;&nbsp;__aeabi_dadd
<LI><a href="#[4a]">&gt;&gt;</a>&nbsp;&nbsp;&nbsp;_double_epilogue
<LI><a href="#[55]">&gt;&gt;</a>&nbsp;&nbsp;&nbsp;__aeabi_d2ulz
<LI><a href="#[3a]">&gt;&gt;</a>&nbsp;&nbsp;&nbsp;__aeabi_uldivmod
</UL>

<P><STRONG><a name="[15f]"></a>_ll_shift_l</STRONG> (Thumb, 0 bytes, Stack size 0 bytes, llshl.o(.text), UNUSED)

<P><STRONG><a name="[3b]"></a>__aeabi_llsr</STRONG> (Thumb, 32 bytes, Stack size 0 bytes, llushr.o(.text))
<BR><BR>[Called By]<UL><LI><a href="#[54]">&gt;&gt;</a>&nbsp;&nbsp;&nbsp;__aeabi_d2iz
<LI><a href="#[4a]">&gt;&gt;</a>&nbsp;&nbsp;&nbsp;_double_epilogue
<LI><a href="#[55]">&gt;&gt;</a>&nbsp;&nbsp;&nbsp;__aeabi_d2ulz
<LI><a href="#[3a]">&gt;&gt;</a>&nbsp;&nbsp;&nbsp;__aeabi_uldivmod
</UL>

<P><STRONG><a name="[160]"></a>_ll_ushift_r</STRONG> (Thumb, 0 bytes, Stack size 0 bytes, llushr.o(.text), UNUSED)

<P><STRONG><a name="[49]"></a>__aeabi_lasr</STRONG> (Thumb, 36 bytes, Stack size 0 bytes, llsshr.o(.text))
<BR><BR>[Called By]<UL><LI><a href="#[48]">&gt;&gt;</a>&nbsp;&nbsp;&nbsp;__aeabi_dadd
</UL>

<P><STRONG><a name="[161]"></a>_ll_sshift_r</STRONG> (Thumb, 0 bytes, Stack size 0 bytes, llsshr.o(.text), UNUSED)

<P><STRONG><a name="[41]"></a>tolower</STRONG> (Thumb, 12 bytes, Stack size 0 bytes, tolower.o(.text))
<BR><BR>[Called By]<UL><LI><a href="#[40]">&gt;&gt;</a>&nbsp;&nbsp;&nbsp;strcasecmp
</UL>

<P><STRONG><a name="[162]"></a>__I$use$fp</STRONG> (Thumb, 0 bytes, Stack size 0 bytes, iusefp.o(.text), UNUSED)

<P><STRONG><a name="[45]"></a>_float_round</STRONG> (Thumb, 18 bytes, Stack size 0 bytes, fepilogue.o(.text))
<BR><BR>[Called By]<UL><LI><a href="#[43]">&gt;&gt;</a>&nbsp;&nbsp;&nbsp;__aeabi_fadd
</UL>

<P><STRONG><a name="[44]"></a>_float_epilogue</STRONG> (Thumb, 92 bytes, Stack size 4 bytes, fepilogue.o(.text))
<BR><BR>[Stack]<UL><LI>Max Depth = 4<LI>Call Chain = _float_epilogue
</UL>
<BR>[Called By]<UL><LI><a href="#[51]">&gt;&gt;</a>&nbsp;&nbsp;&nbsp;__aeabi_ui2f
<LI><a href="#[43]">&gt;&gt;</a>&nbsp;&nbsp;&nbsp;__aeabi_fadd
<LI><a href="#[50]">&gt;&gt;</a>&nbsp;&nbsp;&nbsp;__aeabi_i2f
</UL>

<P><STRONG><a name="[4b]"></a>_double_round</STRONG> (Thumb, 30 bytes, Stack size 8 bytes, depilogue.o(.text))
<BR><BR>[Stack]<UL><LI>Max Depth = 8<LI>Call Chain = _double_round
</UL>
<BR>[Called By]<UL><LI><a href="#[4f]">&gt;&gt;</a>&nbsp;&nbsp;&nbsp;__aeabi_ddiv
<LI><a href="#[48]">&gt;&gt;</a>&nbsp;&nbsp;&nbsp;__aeabi_dadd
<LI><a href="#[4a]">&gt;&gt;</a>&nbsp;&nbsp;&nbsp;_double_epilogue
</UL>

<P><STRONG><a name="[4a]"></a>_double_epilogue</STRONG> (Thumb, 156 bytes, Stack size 32 bytes, depilogue.o(.text))
<BR><BR>[Stack]<UL><LI>Max Depth = 40<LI>Call Chain = _double_epilogue &rArr; _double_round
</UL>
<BR>[Calls]<UL><LI><a href="#[3b]">&gt;&gt;</a>&nbsp;&nbsp;&nbsp;__aeabi_llsr
<LI><a href="#[3c]">&gt;&gt;</a>&nbsp;&nbsp;&nbsp;__aeabi_llsl
<LI><a href="#[4b]">&gt;&gt;</a>&nbsp;&nbsp;&nbsp;_double_round
</UL>
<BR>[Called By]<UL><LI><a href="#[48]">&gt;&gt;</a>&nbsp;&nbsp;&nbsp;__aeabi_dadd
<LI><a href="#[53]">&gt;&gt;</a>&nbsp;&nbsp;&nbsp;__aeabi_ui2d
<LI><a href="#[52]">&gt;&gt;</a>&nbsp;&nbsp;&nbsp;__aeabi_i2d
<LI><a href="#[4e]">&gt;&gt;</a>&nbsp;&nbsp;&nbsp;__aeabi_dmul
</UL>

<P><STRONG><a name="[13e]"></a>__ARM_scalbn</STRONG> (Thumb, 46 bytes, Stack size 16 bytes, dscalb.o(.text))
<BR><BR>[Stack]<UL><LI>Max Depth = 16<LI>Call Chain = __ARM_scalbn
</UL>
<BR>[Called By]<UL><LI><a href="#[a0]">&gt;&gt;</a>&nbsp;&nbsp;&nbsp;log10
<LI><a href="#[141]">&gt;&gt;</a>&nbsp;&nbsp;&nbsp;__kernel_sin
<LI><a href="#[13d]">&gt;&gt;</a>&nbsp;&nbsp;&nbsp;__ieee754_rem_pio2
<LI><a href="#[151]">&gt;&gt;</a>&nbsp;&nbsp;&nbsp;log
<LI><a href="#[143]">&gt;&gt;</a>&nbsp;&nbsp;&nbsp;__mathlib_dbl_underflow
<LI><a href="#[146]">&gt;&gt;</a>&nbsp;&nbsp;&nbsp;__mathlib_dbl_infnan
<LI><a href="#[13f]">&gt;&gt;</a>&nbsp;&nbsp;&nbsp;__kernel_cos
<LI><a href="#[14e]">&gt;&gt;</a>&nbsp;&nbsp;&nbsp;atan
</UL>

<P><STRONG><a name="[163]"></a>scalbn</STRONG> (Thumb, 0 bytes, Stack size 16 bytes, dscalb.o(.text), UNUSED)

<P><STRONG><a name="[55]"></a>__aeabi_d2ulz</STRONG> (Thumb, 48 bytes, Stack size 0 bytes, dfixul.o(.text), UNUSED)
<BR><BR>[Calls]<UL><LI><a href="#[3b]">&gt;&gt;</a>&nbsp;&nbsp;&nbsp;__aeabi_llsr
<LI><a href="#[3c]">&gt;&gt;</a>&nbsp;&nbsp;&nbsp;__aeabi_llsl
</UL>
<BR>[Called By]<UL><LI><a href="#[149]">&gt;&gt;</a>&nbsp;&nbsp;&nbsp;_fp_digits
</UL>

<P><STRONG><a name="[14f]"></a>__aeabi_cdcmpeq</STRONG> (Thumb, 0 bytes, Stack size 0 bytes, cdcmple.o(.text))
<BR><BR>[Called By]<UL><LI><a href="#[f3]">&gt;&gt;</a>&nbsp;&nbsp;&nbsp;atan2
<LI><a href="#[151]">&gt;&gt;</a>&nbsp;&nbsp;&nbsp;log
</UL>

<P><STRONG><a name="[164]"></a>__aeabi_cdcmple</STRONG> (Thumb, 48 bytes, Stack size 0 bytes, cdcmple.o(.text), UNUSED)

<P><STRONG><a name="[14a]"></a>__aeabi_cdrcmple</STRONG> (Thumb, 48 bytes, Stack size 0 bytes, cdrcmple.o(.text), UNUSED)
<BR><BR>[Called By]<UL><LI><a href="#[149]">&gt;&gt;</a>&nbsp;&nbsp;&nbsp;_fp_digits
</UL>

<P><STRONG><a name="[165]"></a>__decompress</STRONG> (Thumb, 0 bytes, Stack size unknown bytes, __dczerorl.o(.text), UNUSED)

<P><STRONG><a name="[166]"></a>__decompress0</STRONG> (Thumb, 58 bytes, Stack size unknown bytes, __dczerorl.o(.text), UNUSED)

<P><STRONG><a name="[56]"></a>DUT_cmd_rf_freq_offset</STRONG> (Thumb, 70 bytes, Stack size 32 bytes, uart_golden_dut.o(.text.DUT_cmd_rf_freq_offset))
<BR><BR>[Stack]<UL><LI>Max Depth = 68<LI>Call Chain = DUT_cmd_rf_freq_offset &rArr; uart_cmd_packet_assemble &rArr; check_crc16
</UL>
<BR>[Calls]<UL><LI><a href="#[58]">&gt;&gt;</a>&nbsp;&nbsp;&nbsp;uart_DUT_send
<LI><a href="#[57]">&gt;&gt;</a>&nbsp;&nbsp;&nbsp;uart_cmd_packet_assemble
</UL>
<BR>[Called By]<UL><LI><a href="#[113]">&gt;&gt;</a>&nbsp;&nbsp;&nbsp;rf_test_freq_offset_end
<LI><a href="#[11]">&gt;&gt;</a>&nbsp;&nbsp;&nbsp;freq_offset_begin
</UL>

<P><STRONG><a name="[59]"></a>DUT_cmd_rf_freq_offset_tune</STRONG> (Thumb, 44 bytes, Stack size 32 bytes, uart_golden_dut.o(.text.DUT_cmd_rf_freq_offset_tune))
<BR><BR>[Stack]<UL><LI>Max Depth = 68<LI>Call Chain = DUT_cmd_rf_freq_offset_tune &rArr; uart_cmd_packet_assemble &rArr; check_crc16
</UL>
<BR>[Calls]<UL><LI><a href="#[58]">&gt;&gt;</a>&nbsp;&nbsp;&nbsp;uart_DUT_send
<LI><a href="#[57]">&gt;&gt;</a>&nbsp;&nbsp;&nbsp;uart_cmd_packet_assemble
</UL>
<BR>[Called By]<UL><LI><a href="#[136]">&gt;&gt;</a>&nbsp;&nbsp;&nbsp;user_msg_handler
</UL>

<P><STRONG><a name="[5a]"></a>DUT_cmd_rf_rx_cnt</STRONG> (Thumb, 70 bytes, Stack size 32 bytes, uart_golden_dut.o(.text.DUT_cmd_rf_rx_cnt))
<BR><BR>[Stack]<UL><LI>Max Depth = 68<LI>Call Chain = DUT_cmd_rf_rx_cnt &rArr; uart_cmd_packet_assemble &rArr; check_crc16
</UL>
<BR>[Calls]<UL><LI><a href="#[58]">&gt;&gt;</a>&nbsp;&nbsp;&nbsp;uart_DUT_send
<LI><a href="#[57]">&gt;&gt;</a>&nbsp;&nbsp;&nbsp;uart_cmd_packet_assemble
</UL>
<BR>[Called By]<UL><LI><a href="#[de]">&gt;&gt;</a>&nbsp;&nbsp;&nbsp;loop_rf_test_state_machine
<LI><a href="#[123]">&gt;&gt;</a>&nbsp;&nbsp;&nbsp;tf_test_rx_pkt_end
</UL>

<P><STRONG><a name="[5b]"></a>DUT_cmd_rf_rx_sen</STRONG> (Thumb, 70 bytes, Stack size 32 bytes, uart_golden_dut.o(.text.DUT_cmd_rf_rx_sen))
<BR><BR>[Stack]<UL><LI>Max Depth = 68<LI>Call Chain = DUT_cmd_rf_rx_sen &rArr; uart_cmd_packet_assemble &rArr; check_crc16
</UL>
<BR>[Calls]<UL><LI><a href="#[58]">&gt;&gt;</a>&nbsp;&nbsp;&nbsp;uart_DUT_send
<LI><a href="#[57]">&gt;&gt;</a>&nbsp;&nbsp;&nbsp;uart_cmd_packet_assemble
</UL>
<BR>[Called By]<UL><LI><a href="#[de]">&gt;&gt;</a>&nbsp;&nbsp;&nbsp;loop_rf_test_state_machine
<LI><a href="#[100]">&gt;&gt;</a>&nbsp;&nbsp;&nbsp;rx_sen_cb
</UL>

<P><STRONG><a name="[5c]"></a>DUT_cmd_rf_tx_cnt</STRONG> (Thumb, 74 bytes, Stack size 32 bytes, uart_golden_dut.o(.text.DUT_cmd_rf_tx_cnt))
<BR><BR>[Stack]<UL><LI>Max Depth = 68<LI>Call Chain = DUT_cmd_rf_tx_cnt &rArr; uart_cmd_ch_addr_pkt_assemble &rArr; check_crc16
</UL>
<BR>[Calls]<UL><LI><a href="#[5d]">&gt;&gt;</a>&nbsp;&nbsp;&nbsp;uart_cmd_ch_addr_pkt_assemble
<LI><a href="#[58]">&gt;&gt;</a>&nbsp;&nbsp;&nbsp;uart_DUT_send
<LI><a href="#[57]">&gt;&gt;</a>&nbsp;&nbsp;&nbsp;uart_cmd_packet_assemble
</UL>
<BR>[Called By]<UL><LI><a href="#[de]">&gt;&gt;</a>&nbsp;&nbsp;&nbsp;loop_rf_test_state_machine
</UL>

<P><STRONG><a name="[5e]"></a>DUT_cmd_rf_tx_power</STRONG> (Thumb, 70 bytes, Stack size 32 bytes, uart_golden_dut.o(.text.DUT_cmd_rf_tx_power))
<BR><BR>[Stack]<UL><LI>Max Depth = 68<LI>Call Chain = DUT_cmd_rf_tx_power &rArr; uart_cmd_packet_assemble &rArr; check_crc16
</UL>
<BR>[Calls]<UL><LI><a href="#[58]">&gt;&gt;</a>&nbsp;&nbsp;&nbsp;uart_DUT_send
<LI><a href="#[57]">&gt;&gt;</a>&nbsp;&nbsp;&nbsp;uart_cmd_packet_assemble
</UL>
<BR>[Called By]<UL><LI><a href="#[de]">&gt;&gt;</a>&nbsp;&nbsp;&nbsp;loop_rf_test_state_machine
</UL>

<P><STRONG><a name="[5f]"></a>GIO_SetDirection</STRONG> (Thumb, 108 bytes, Stack size 16 bytes, peripheral_gpio.o(.text.GIO_SetDirection))
<BR><BR>[Stack]<UL><LI>Max Depth = 28<LI>Call Chain = GIO_SetDirection &rArr; GIO_MaskedWrite
</UL>
<BR>[Calls]<UL><LI><a href="#[60]">&gt;&gt;</a>&nbsp;&nbsp;&nbsp;GIO_MaskedWrite
</UL>
<BR>[Called By]<UL><LI><a href="#[11a]">&gt;&gt;</a>&nbsp;&nbsp;&nbsp;sw_uart_gpio_init
<LI><a href="#[119]">&gt;&gt;</a>&nbsp;&nbsp;&nbsp;test_gpio_init
</UL>

<P><STRONG><a name="[61]"></a>GIO_WriteValue</STRONG> (Thumb, 34 bytes, Stack size 16 bytes, peripheral_gpio.o(.text.GIO_WriteValue))
<BR><BR>[Stack]<UL><LI>Max Depth = 28<LI>Call Chain = GIO_WriteValue &rArr; GIO_MaskedWrite
</UL>
<BR>[Calls]<UL><LI><a href="#[60]">&gt;&gt;</a>&nbsp;&nbsp;&nbsp;GIO_MaskedWrite
</UL>
<BR>[Called By]<UL><LI><a href="#[da]">&gt;&gt;</a>&nbsp;&nbsp;&nbsp;gpio_pin_pulse
<LI><a href="#[11a]">&gt;&gt;</a>&nbsp;&nbsp;&nbsp;sw_uart_gpio_init
<LI><a href="#[119]">&gt;&gt;</a>&nbsp;&nbsp;&nbsp;test_gpio_init
<LI><a href="#[e6]">&gt;&gt;</a>&nbsp;&nbsp;&nbsp;reset_dut_2_run
<LI><a href="#[87]">&gt;&gt;</a>&nbsp;&nbsp;&nbsp;boot_check
</UL>

<P><STRONG><a name="[126]"></a>PINCTRL_Pull</STRONG> (Thumb, 132 bytes, Stack size 12 bytes, peripheral_pinctrl.o(.text.PINCTRL_Pull))
<BR><BR>[Stack]<UL><LI>Max Depth = 12<LI>Call Chain = PINCTRL_Pull
</UL>
<BR>[Called By]<UL><LI><a href="#[11c]">&gt;&gt;</a>&nbsp;&nbsp;&nbsp;uart_upper_init
<LI><a href="#[11b]">&gt;&gt;</a>&nbsp;&nbsp;&nbsp;uart_DUT_init
</UL>

<P><STRONG><a name="[62]"></a>PINCTRL_SelUartRxdIn</STRONG> (Thumb, 36 bytes, Stack size 16 bytes, peripheral_pinctrl.o(.text.PINCTRL_SelUartRxdIn))
<BR><BR>[Stack]<UL><LI>Max Depth = 32<LI>Call Chain = PINCTRL_SelUartRxdIn &rArr; PINCTRL_SelIn
</UL>
<BR>[Calls]<UL><LI><a href="#[63]">&gt;&gt;</a>&nbsp;&nbsp;&nbsp;PINCTRL_SelIn
</UL>
<BR>[Called By]<UL><LI><a href="#[11c]">&gt;&gt;</a>&nbsp;&nbsp;&nbsp;uart_upper_init
<LI><a href="#[11b]">&gt;&gt;</a>&nbsp;&nbsp;&nbsp;uart_DUT_init
</UL>

<P><STRONG><a name="[122]"></a>PINCTRL_SetPadMux</STRONG> (Thumb, 76 bytes, Stack size 12 bytes, peripheral_pinctrl.o(.text.PINCTRL_SetPadMux))
<BR><BR>[Stack]<UL><LI>Max Depth = 12<LI>Call Chain = PINCTRL_SetPadMux
</UL>
<BR>[Called By]<UL><LI><a href="#[11c]">&gt;&gt;</a>&nbsp;&nbsp;&nbsp;uart_upper_init
<LI><a href="#[11b]">&gt;&gt;</a>&nbsp;&nbsp;&nbsp;uart_DUT_init
<LI><a href="#[11a]">&gt;&gt;</a>&nbsp;&nbsp;&nbsp;sw_uart_gpio_init
<LI><a href="#[119]">&gt;&gt;</a>&nbsp;&nbsp;&nbsp;test_gpio_init
</UL>

<P><STRONG><a name="[67]"></a>SEGGER_RTT_GetAvailWriteSpace</STRONG> (Thumb, 34 bytes, Stack size 16 bytes, trace.o(.text.SEGGER_RTT_GetAvailWriteSpace))
<BR><BR>[Stack]<UL><LI>Max Depth = 32<LI>Call Chain = SEGGER_RTT_GetAvailWriteSpace &rArr; _GetAvailWriteSpace
</UL>
<BR>[Calls]<UL><LI><a href="#[68]">&gt;&gt;</a>&nbsp;&nbsp;&nbsp;_GetAvailWriteSpace
</UL>
<BR>[Called By]<UL><LI><a href="#[36]">&gt;&gt;</a>&nbsp;&nbsp;&nbsp;cb_trace_rtt
</UL>

<P><STRONG><a name="[69]"></a>SEGGER_RTT_Init</STRONG> (Thumb, 8 bytes, Stack size 8 bytes, trace.o(.text.SEGGER_RTT_Init))
<BR><BR>[Stack]<UL><LI>Max Depth = 24<LI>Call Chain = SEGGER_RTT_Init &rArr; _DoInit
</UL>
<BR>[Calls]<UL><LI><a href="#[6a]">&gt;&gt;</a>&nbsp;&nbsp;&nbsp;_DoInit
</UL>
<BR>[Called By]<UL><LI><a href="#[82]">&gt;&gt;</a>&nbsp;&nbsp;&nbsp;trace_rtt_init
</UL>

<P><STRONG><a name="[6b]"></a>SEGGER_RTT_Write</STRONG> (Thumb, 72 bytes, Stack size 32 bytes, trace.o(.text.SEGGER_RTT_Write))
<BR><BR>[Stack]<UL><LI>Max Depth = 136<LI>Call Chain = SEGGER_RTT_Write &rArr; SEGGER_RTT_WriteNoLock &rArr; _WriteBlocking &rArr; __aeabi_memcpy
</UL>
<BR>[Calls]<UL><LI><a href="#[6a]">&gt;&gt;</a>&nbsp;&nbsp;&nbsp;_DoInit
<LI><a href="#[6c]">&gt;&gt;</a>&nbsp;&nbsp;&nbsp;SEGGER_RTT_WriteNoLock
</UL>
<BR>[Called By]<UL><LI><a href="#[36]">&gt;&gt;</a>&nbsp;&nbsp;&nbsp;cb_trace_rtt
</UL>

<P><STRONG><a name="[6c]"></a>SEGGER_RTT_WriteNoLock</STRONG> (Thumb, 176 bytes, Stack size 48 bytes, trace.o(.text.SEGGER_RTT_WriteNoLock))
<BR><BR>[Stack]<UL><LI>Max Depth = 104<LI>Call Chain = SEGGER_RTT_WriteNoLock &rArr; _WriteBlocking &rArr; __aeabi_memcpy
</UL>
<BR>[Calls]<UL><LI><a href="#[6e]">&gt;&gt;</a>&nbsp;&nbsp;&nbsp;_WriteBlocking
<LI><a href="#[6d]">&gt;&gt;</a>&nbsp;&nbsp;&nbsp;_WriteNoCheck
<LI><a href="#[68]">&gt;&gt;</a>&nbsp;&nbsp;&nbsp;_GetAvailWriteSpace
</UL>
<BR>[Called By]<UL><LI><a href="#[6b]">&gt;&gt;</a>&nbsp;&nbsp;&nbsp;SEGGER_RTT_Write
</UL>

<P><STRONG><a name="[121]"></a>SYSCTRL_ClearClkGateMulti</STRONG> (Thumb, 22 bytes, Stack size 4 bytes, peripheral_sysctrl.o(.text.SYSCTRL_ClearClkGateMulti))
<BR><BR>[Stack]<UL><LI>Max Depth = 4<LI>Call Chain = SYSCTRL_ClearClkGateMulti
</UL>
<BR>[Called By]<UL><LI><a href="#[11c]">&gt;&gt;</a>&nbsp;&nbsp;&nbsp;uart_upper_init
<LI><a href="#[11b]">&gt;&gt;</a>&nbsp;&nbsp;&nbsp;uart_DUT_init
<LI><a href="#[11a]">&gt;&gt;</a>&nbsp;&nbsp;&nbsp;sw_uart_gpio_init
<LI><a href="#[119]">&gt;&gt;</a>&nbsp;&nbsp;&nbsp;test_gpio_init
</UL>

<P><STRONG><a name="[7f]"></a>SYSCTRL_Init</STRONG> (Thumb, 4 bytes, Stack size 0 bytes, peripheral_sysctrl.o(.text.SYSCTRL_Init))
<BR><BR>[Called By]<UL><LI><a href="#[e]">&gt;&gt;</a>&nbsp;&nbsp;&nbsp;app_main
</UL>

<P><STRONG><a name="[6f]"></a>Smooth_Average</STRONG> (Thumb, 192 bytes, Stack size 48 bytes, filter.o(.text.Smooth_Average))
<BR><BR>[Stack]<UL><LI>Max Depth = 80<LI>Call Chain = Smooth_Average &rArr; Pow_Smooth &rArr; __aeabi_fmul
</UL>
<BR>[Calls]<UL><LI><a href="#[70]">&gt;&gt;</a>&nbsp;&nbsp;&nbsp;__aeabi_f2iz
<LI><a href="#[43]">&gt;&gt;</a>&nbsp;&nbsp;&nbsp;__aeabi_fadd
<LI><a href="#[65]">&gt;&gt;</a>&nbsp;&nbsp;&nbsp;__aeabi_fmul
<LI><a href="#[46]">&gt;&gt;</a>&nbsp;&nbsp;&nbsp;__aeabi_fsub
<LI><a href="#[50]">&gt;&gt;</a>&nbsp;&nbsp;&nbsp;__aeabi_i2f
<LI><a href="#[64]">&gt;&gt;</a>&nbsp;&nbsp;&nbsp;Pow_Smooth
</UL>
<BR>[Called By]<UL><LI><a href="#[10a]">&gt;&gt;</a>&nbsp;&nbsp;&nbsp;show_rx
</UL>

<P><STRONG><a name="[a3]"></a>UART_SendData</STRONG> (Thumb, 20 bytes, Stack size 8 bytes, peripheral_uart.o(.text.UART_SendData))
<BR><BR>[Stack]<UL><LI>Max Depth = 8<LI>Call Chain = UART_SendData
</UL>
<BR>[Called By]<UL><LI><a href="#[30]">&gt;&gt;</a>&nbsp;&nbsp;&nbsp;cb_putc
<LI><a href="#[58]">&gt;&gt;</a>&nbsp;&nbsp;&nbsp;uart_DUT_send
<LI><a href="#[130]">&gt;&gt;</a>&nbsp;&nbsp;&nbsp;uart_upper_send
</UL>

<P><STRONG><a name="[71]"></a>[Anonymous Symbol]</STRONG> (Thumb, 432 bytes, Stack size unknown bytes, libfreqoffset_m3.o(.text.X5BX5D___freqoffset_u2599))
<BR><BR>[Stack]<UL><LI>Max Depth = 96 + Unknown Stack Size
<LI>Call Chain = [Anonymous Symbol] &rArr; [Anonymous Symbol] &rArr; realloc &rArr; malloc &rArr; internal_alloc &rArr; __aeabi_memcpy
</UL>
<BR>[Calls]<UL><LI><a href="#[72]">&gt;&gt;</a>&nbsp;&nbsp;&nbsp;[Anonymous Symbol]
<LI><a href="#[3d]">&gt;&gt;</a>&nbsp;&nbsp;&nbsp;__aeabi_memclr
</UL>
<BR>[Called By]<UL><LI><a href="#[8f]">&gt;&gt;</a>&nbsp;&nbsp;&nbsp;[Anonymous Symbol]
</UL>

<P><STRONG><a name="[75]"></a>[Anonymous Symbol]</STRONG> (Thumb, 44 bytes, Stack size unknown bytes, libfreqoffset_m3.o(.text.abs2__freqoffset_u500))
<BR><BR>[Stack]<UL><LI>Max Depth = 88 + Unknown Stack Size
<LI>Call Chain = [Anonymous Symbol] &rArr; __aeabi_dadd &rArr; _double_epilogue &rArr; _double_round
</UL>
<BR>[Calls]<UL><LI><a href="#[48]">&gt;&gt;</a>&nbsp;&nbsp;&nbsp;__aeabi_dadd
<LI><a href="#[4e]">&gt;&gt;</a>&nbsp;&nbsp;&nbsp;__aeabi_dmul
</UL>
<BR>[Called By]<UL><LI><a href="#[9a]">&gt;&gt;</a>&nbsp;&nbsp;&nbsp;[Anonymous Symbol]
</UL>

<P><STRONG><a name="[76]"></a>[Anonymous Symbol]</STRONG> (Thumb, 272 bytes, Stack size unknown bytes, libfreqoffset_m3.o(.text.addInt__stdZprivateZdigitsutils_u187))
<BR><BR>[Stack]<UL><LI>Max Depth = 96 + Unknown Stack Size
<LI>Call Chain = [Anonymous Symbol] &rArr; [Anonymous Symbol] &rArr; realloc &rArr; malloc &rArr; internal_alloc &rArr; __aeabi_memcpy
</UL>
<BR>[Calls]<UL><LI><a href="#[77]">&gt;&gt;</a>&nbsp;&nbsp;&nbsp;[Anonymous Symbol]
<LI><a href="#[78]">&gt;&gt;</a>&nbsp;&nbsp;&nbsp;[Anonymous Symbol]
<LI><a href="#[74]">&gt;&gt;</a>&nbsp;&nbsp;&nbsp;__aeabi_memcpy
<LI><a href="#[3a]">&gt;&gt;</a>&nbsp;&nbsp;&nbsp;__aeabi_uldivmod
</UL>
<BR>[Called By]<UL><LI><a href="#[b4]">&gt;&gt;</a>&nbsp;&nbsp;&nbsp;[Anonymous Symbol]
</UL>

<P><STRONG><a name="[79]"></a>[Anonymous Symbol]</STRONG> (Thumb, 92 bytes, Stack size unknown bytes, libfreqoffset_m3.o(.text.add__freqoffset_u1688))
<BR><BR>[Stack]<UL><LI>Max Depth = 96 + Unknown Stack Size
<LI>Call Chain = [Anonymous Symbol] &rArr; [Anonymous Symbol] &rArr; realloc &rArr; malloc &rArr; internal_alloc &rArr; __aeabi_memcpy
</UL>
<BR>[Calls]<UL><LI><a href="#[72]">&gt;&gt;</a>&nbsp;&nbsp;&nbsp;[Anonymous Symbol]
</UL>
<BR>[Called By]<UL><LI><a href="#[8f]">&gt;&gt;</a>&nbsp;&nbsp;&nbsp;[Anonymous Symbol]
<LI><a href="#[98]">&gt;&gt;</a>&nbsp;&nbsp;&nbsp;[Anonymous Symbol]
<LI><a href="#[96]">&gt;&gt;</a>&nbsp;&nbsp;&nbsp;[Anonymous Symbol]
</UL>

<P><STRONG><a name="[7a]"></a>[Anonymous Symbol]</STRONG> (Thumb, 62 bytes, Stack size unknown bytes, libfreqoffset_m3.o(.text.add__freqoffset_u2214))
<BR><BR>[Stack]<UL><LI>Max Depth = 96 + Unknown Stack Size
<LI>Call Chain = [Anonymous Symbol] &rArr; [Anonymous Symbol] &rArr; realloc &rArr; malloc &rArr; internal_alloc &rArr; __aeabi_memcpy
</UL>
<BR>[Calls]<UL><LI><a href="#[72]">&gt;&gt;</a>&nbsp;&nbsp;&nbsp;[Anonymous Symbol]
</UL>
<BR>[Called By]<UL><LI><a href="#[92]">&gt;&gt;</a>&nbsp;&nbsp;&nbsp;[Anonymous Symbol]
</UL>

<P><STRONG><a name="[7b]"></a>[Anonymous Symbol]</STRONG> (Thumb, 80 bytes, Stack size unknown bytes, libfreqoffset_m3.o(.text.add__freqoffset_u2256))
<BR><BR>[Stack]<UL><LI>Max Depth = 96 + Unknown Stack Size
<LI>Call Chain = [Anonymous Symbol] &rArr; [Anonymous Symbol] &rArr; realloc &rArr; malloc &rArr; internal_alloc &rArr; __aeabi_memcpy
</UL>
<BR>[Calls]<UL><LI><a href="#[72]">&gt;&gt;</a>&nbsp;&nbsp;&nbsp;[Anonymous Symbol]
</UL>
<BR>[Called By]<UL><LI><a href="#[92]">&gt;&gt;</a>&nbsp;&nbsp;&nbsp;[Anonymous Symbol]
</UL>

<P><STRONG><a name="[7c]"></a>[Anonymous Symbol]</STRONG> (Thumb, 14 bytes, Stack size unknown bytes, libfreqoffset_m3.o(.text.alignedDealloc))
<BR><BR>[Stack]<UL><LI>Max Depth = 12 + Unknown Stack Size
<LI>Call Chain = [Anonymous Symbol] &rArr; free
</UL>
<BR>[Calls]<UL><LI><a href="#[29]">&gt;&gt;</a>&nbsp;&nbsp;&nbsp;free
</UL>
<BR>[Called By]<UL><LI><a href="#[8f]">&gt;&gt;</a>&nbsp;&nbsp;&nbsp;[Anonymous Symbol]
<LI><a href="#[9a]">&gt;&gt;</a>&nbsp;&nbsp;&nbsp;[Anonymous Symbol]
<LI><a href="#[92]">&gt;&gt;</a>&nbsp;&nbsp;&nbsp;[Anonymous Symbol]
<LI><a href="#[c1]">&gt;&gt;</a>&nbsp;&nbsp;&nbsp;[Anonymous Symbol]
</UL>

<P><STRONG><a name="[7e]"></a>apUART_BaudRateSet</STRONG> (Thumb, 128 bytes, Stack size 28 bytes, peripheral_uart.o(.text.apUART_BaudRateSet))
<BR><BR>[Stack]<UL><LI>Max Depth = 28<LI>Call Chain = apUART_BaudRateSet
</UL>
<BR>[Called By]<UL><LI><a href="#[7d]">&gt;&gt;</a>&nbsp;&nbsp;&nbsp;apUART_Initialize
<LI><a href="#[12c]">&gt;&gt;</a>&nbsp;&nbsp;&nbsp;uart_buner_task_entry
</UL>

<P><STRONG><a name="[133]"></a>apUART_Check_RXFIFO_EMPTY</STRONG> (Thumb, 16 bytes, Stack size 4 bytes, peripheral_uart.o(.text.apUART_Check_RXFIFO_EMPTY))
<BR><BR>[Stack]<UL><LI>Max Depth = 4<LI>Call Chain = apUART_Check_RXFIFO_EMPTY
</UL>
<BR>[Called By]<UL><LI><a href="#[14]">&gt;&gt;</a>&nbsp;&nbsp;&nbsp;uart_dut_isr
<LI><a href="#[15]">&gt;&gt;</a>&nbsp;&nbsp;&nbsp;uart_upper_isr
</UL>

<P><STRONG><a name="[a2]"></a>apUART_Check_TXFIFO_FULL</STRONG> (Thumb, 16 bytes, Stack size 4 bytes, peripheral_uart.o(.text.apUART_Check_TXFIFO_FULL))
<BR><BR>[Stack]<UL><LI>Max Depth = 4<LI>Call Chain = apUART_Check_TXFIFO_FULL
</UL>
<BR>[Called By]<UL><LI><a href="#[30]">&gt;&gt;</a>&nbsp;&nbsp;&nbsp;cb_putc
<LI><a href="#[58]">&gt;&gt;</a>&nbsp;&nbsp;&nbsp;uart_DUT_send
<LI><a href="#[130]">&gt;&gt;</a>&nbsp;&nbsp;&nbsp;uart_upper_send
</UL>

<P><STRONG><a name="[132]"></a>apUART_Get_all_raw_int_stat</STRONG> (Thumb, 12 bytes, Stack size 4 bytes, peripheral_uart.o(.text.apUART_Get_all_raw_int_stat))
<BR><BR>[Stack]<UL><LI>Max Depth = 4<LI>Call Chain = apUART_Get_all_raw_int_stat
</UL>
<BR>[Called By]<UL><LI><a href="#[14]">&gt;&gt;</a>&nbsp;&nbsp;&nbsp;uart_dut_isr
<LI><a href="#[15]">&gt;&gt;</a>&nbsp;&nbsp;&nbsp;uart_upper_isr
</UL>

<P><STRONG><a name="[7d]"></a>apUART_Initialize</STRONG> (Thumb, 170 bytes, Stack size 24 bytes, peripheral_uart.o(.text.apUART_Initialize))
<BR><BR>[Stack]<UL><LI>Max Depth = 52<LI>Call Chain = apUART_Initialize &rArr; apUART_BaudRateSet
</UL>
<BR>[Calls]<UL><LI><a href="#[7e]">&gt;&gt;</a>&nbsp;&nbsp;&nbsp;apUART_BaudRateSet
</UL>
<BR>[Called By]<UL><LI><a href="#[11c]">&gt;&gt;</a>&nbsp;&nbsp;&nbsp;uart_upper_init
<LI><a href="#[11b]">&gt;&gt;</a>&nbsp;&nbsp;&nbsp;uart_DUT_init
</UL>

<P><STRONG><a name="[e]"></a>app_main</STRONG> (Thumb, 52 bytes, Stack size 8 bytes, main.o(.text.app_main))
<BR><BR>[Stack]<UL><LI>Max Depth = 160<LI>Call Chain = app_main &rArr; setup_peripherals &rArr; uart_upper_init &rArr; ring_fifo_init &rArr; malloc &rArr; internal_alloc &rArr; __aeabi_memcpy
</UL>
<BR>[Calls]<UL><LI><a href="#[85]">&gt;&gt;</a>&nbsp;&nbsp;&nbsp;os_impl_get_driver
<LI><a href="#[84]">&gt;&gt;</a>&nbsp;&nbsp;&nbsp;platform_config
<LI><a href="#[83]">&gt;&gt;</a>&nbsp;&nbsp;&nbsp;evk_config_init
<LI><a href="#[82]">&gt;&gt;</a>&nbsp;&nbsp;&nbsp;trace_rtt_init
<LI><a href="#[80]">&gt;&gt;</a>&nbsp;&nbsp;&nbsp;platform_set_evt_callback_table
<LI><a href="#[7f]">&gt;&gt;</a>&nbsp;&nbsp;&nbsp;SYSCTRL_Init
<LI><a href="#[81]">&gt;&gt;</a>&nbsp;&nbsp;&nbsp;setup_peripherals
</UL>
<BR>[Address Reference Count : 1]<UL><LI> startup_ing91800.o(.text)
</UL>
<P><STRONG><a name="[d2]"></a>base64_encode</STRONG> (Thumb, 308 bytes, Stack size 40 bytes, str_util.o(.text.base64_encode))
<BR><BR>[Stack]<UL><LI>Max Depth = 40<LI>Call Chain = base64_encode
</UL>
<BR>[Called By]<UL><LI><a href="#[cf]">&gt;&gt;</a>&nbsp;&nbsp;&nbsp;freq_offset_rx_done
</UL>

<P><STRONG><a name="[87]"></a>boot_check</STRONG> (Thumb, 64 bytes, Stack size 32 bytes, sw_gpio.o(.text.boot_check))
<BR><BR>[Stack]<UL><LI>Max Depth = 60<LI>Call Chain = boot_check &rArr; GIO_WriteValue &rArr; GIO_MaskedWrite
</UL>
<BR>[Calls]<UL><LI><a href="#[61]">&gt;&gt;</a>&nbsp;&nbsp;&nbsp;GIO_WriteValue
<LI><a href="#[88]">&gt;&gt;</a>&nbsp;&nbsp;&nbsp;delay_ms
</UL>
<BR>[Called By]<UL><LI><a href="#[de]">&gt;&gt;</a>&nbsp;&nbsp;&nbsp;loop_rf_test_state_machine
</UL>

<P><STRONG><a name="[8b]"></a>calc_freq</STRONG> (Thumb, 104 bytes, Stack size 48 bytes, freq_offset.o(.text.calc_freq))
<BR><BR>[Stack]<UL><LI>Max Depth = 296 + Unknown Stack Size
<LI>Call Chain = calc_freq &rArr; calc_freq_offset &rArr; [Anonymous Symbol] &rArr; [Anonymous Symbol] &rArr; [Anonymous Symbol] &rArr; sin &rArr; __ieee754_rem_pio2 &rArr; __aeabi_dadd &rArr; _double_epilogue &rArr; _double_round
</UL>
<BR>[Calls]<UL><LI><a href="#[8d]">&gt;&gt;</a>&nbsp;&nbsp;&nbsp;platform_printf
<LI><a href="#[54]">&gt;&gt;</a>&nbsp;&nbsp;&nbsp;__aeabi_d2iz
<LI><a href="#[8c]">&gt;&gt;</a>&nbsp;&nbsp;&nbsp;calc_freq_offset
</UL>
<BR>[Called By]<UL><LI><a href="#[cf]">&gt;&gt;</a>&nbsp;&nbsp;&nbsp;freq_offset_rx_done
</UL>

<P><STRONG><a name="[8c]"></a>calc_freq_offset</STRONG> (Thumb, 118 bytes, Stack size unknown bytes, libfreqoffset_m3.o(.text.calc_freq_offset))
<BR><BR>[Stack]<UL><LI>Max Depth = 248 + Unknown Stack Size
<LI>Call Chain = calc_freq_offset &rArr; [Anonymous Symbol] &rArr; [Anonymous Symbol] &rArr; [Anonymous Symbol] &rArr; sin &rArr; __ieee754_rem_pio2 &rArr; __aeabi_dadd &rArr; _double_epilogue &rArr; _double_round
</UL>
<BR>[Calls]<UL><LI><a href="#[8f]">&gt;&gt;</a>&nbsp;&nbsp;&nbsp;[Anonymous Symbol]
<LI><a href="#[8e]">&gt;&gt;</a>&nbsp;&nbsp;&nbsp;[Anonymous Symbol]
<LI><a href="#[91]">&gt;&gt;</a>&nbsp;&nbsp;&nbsp;[Anonymous Symbol]
<LI><a href="#[90]">&gt;&gt;</a>&nbsp;&nbsp;&nbsp;[Anonymous Symbol]
</UL>
<BR>[Called By]<UL><LI><a href="#[8b]">&gt;&gt;</a>&nbsp;&nbsp;&nbsp;calc_freq
</UL>

<P><STRONG><a name="[8f]"></a>[Anonymous Symbol]</STRONG> (Thumb, 1320 bytes, Stack size unknown bytes, libfreqoffset_m3.o(.text.calc_freq_offset__freqoffset_u2558))
<BR><BR>[Stack]<UL><LI>Max Depth = 248 + Unknown Stack Size
<LI>Call Chain = [Anonymous Symbol] &rArr; [Anonymous Symbol] &rArr; [Anonymous Symbol] &rArr; sin &rArr; __ieee754_rem_pio2 &rArr; __aeabi_dadd &rArr; _double_epilogue &rArr; _double_round
</UL>
<BR>[Calls]<UL><LI><a href="#[4f]">&gt;&gt;</a>&nbsp;&nbsp;&nbsp;__aeabi_ddiv
<LI><a href="#[48]">&gt;&gt;</a>&nbsp;&nbsp;&nbsp;__aeabi_dadd
<LI><a href="#[9a]">&gt;&gt;</a>&nbsp;&nbsp;&nbsp;[Anonymous Symbol]
<LI><a href="#[98]">&gt;&gt;</a>&nbsp;&nbsp;&nbsp;[Anonymous Symbol]
<LI><a href="#[96]">&gt;&gt;</a>&nbsp;&nbsp;&nbsp;[Anonymous Symbol]
<LI><a href="#[97]">&gt;&gt;</a>&nbsp;&nbsp;&nbsp;[Anonymous Symbol]
<LI><a href="#[93]">&gt;&gt;</a>&nbsp;&nbsp;&nbsp;[Anonymous Symbol]
<LI><a href="#[92]">&gt;&gt;</a>&nbsp;&nbsp;&nbsp;[Anonymous Symbol]
<LI><a href="#[71]">&gt;&gt;</a>&nbsp;&nbsp;&nbsp;[Anonymous Symbol]
<LI><a href="#[9b]">&gt;&gt;</a>&nbsp;&nbsp;&nbsp;[Anonymous Symbol]
<LI><a href="#[79]">&gt;&gt;</a>&nbsp;&nbsp;&nbsp;[Anonymous Symbol]
<LI><a href="#[99]">&gt;&gt;</a>&nbsp;&nbsp;&nbsp;[Anonymous Symbol]
<LI><a href="#[94]">&gt;&gt;</a>&nbsp;&nbsp;&nbsp;[Anonymous Symbol]
<LI><a href="#[4e]">&gt;&gt;</a>&nbsp;&nbsp;&nbsp;__aeabi_dmul
<LI><a href="#[95]">&gt;&gt;</a>&nbsp;&nbsp;&nbsp;[Anonymous Symbol]
<LI><a href="#[7c]">&gt;&gt;</a>&nbsp;&nbsp;&nbsp;[Anonymous Symbol]
</UL>
<BR>[Called By]<UL><LI><a href="#[8c]">&gt;&gt;</a>&nbsp;&nbsp;&nbsp;calc_freq_offset
</UL>

<P><STRONG><a name="[9a]"></a>[Anonymous Symbol]</STRONG> (Thumb, 610 bytes, Stack size unknown bytes, libfreqoffset_m3.o(.text.calc_snr__freqoffset_u379))
<BR><BR>[Stack]<UL><LI>Max Depth = 232 + Unknown Stack Size
<LI>Call Chain = [Anonymous Symbol] &rArr; log10 &rArr; log &rArr; __kernel_poly &rArr; __aeabi_dadd &rArr; _double_epilogue &rArr; _double_round
</UL>
<BR>[Calls]<UL><LI><a href="#[4f]">&gt;&gt;</a>&nbsp;&nbsp;&nbsp;__aeabi_ddiv
<LI><a href="#[48]">&gt;&gt;</a>&nbsp;&nbsp;&nbsp;__aeabi_dadd
<LI><a href="#[a0]">&gt;&gt;</a>&nbsp;&nbsp;&nbsp;log10
<LI><a href="#[52]">&gt;&gt;</a>&nbsp;&nbsp;&nbsp;__aeabi_i2d
<LI><a href="#[99]">&gt;&gt;</a>&nbsp;&nbsp;&nbsp;[Anonymous Symbol]
<LI><a href="#[75]">&gt;&gt;</a>&nbsp;&nbsp;&nbsp;[Anonymous Symbol]
<LI><a href="#[4e]">&gt;&gt;</a>&nbsp;&nbsp;&nbsp;__aeabi_dmul
<LI><a href="#[9e]">&gt;&gt;</a>&nbsp;&nbsp;&nbsp;[Anonymous Symbol]
<LI><a href="#[9c]">&gt;&gt;</a>&nbsp;&nbsp;&nbsp;[Anonymous Symbol]
<LI><a href="#[9d]">&gt;&gt;</a>&nbsp;&nbsp;&nbsp;[Anonymous Symbol]
<LI><a href="#[7c]">&gt;&gt;</a>&nbsp;&nbsp;&nbsp;[Anonymous Symbol]
<LI><a href="#[a1]">&gt;&gt;</a>&nbsp;&nbsp;&nbsp;[Anonymous Symbol]
<LI><a href="#[9f]">&gt;&gt;</a>&nbsp;&nbsp;&nbsp;[Anonymous Symbol]
</UL>
<BR>[Called By]<UL><LI><a href="#[8f]">&gt;&gt;</a>&nbsp;&nbsp;&nbsp;[Anonymous Symbol]
</UL>

<P><STRONG><a name="[93]"></a>[Anonymous Symbol]</STRONG> (Thumb, 238 bytes, Stack size unknown bytes, libfreqoffset_m3.o(.text.cancel_dc__freqoffset_u17))
<BR><BR>[Stack]<UL><LI>Max Depth = 96 + Unknown Stack Size
<LI>Call Chain = [Anonymous Symbol] &rArr; [Anonymous Symbol] &rArr; [Anonymous Symbol] &rArr; realloc &rArr; malloc &rArr; internal_alloc &rArr; __aeabi_memcpy
</UL>
<BR>[Calls]<UL><LI><a href="#[52]">&gt;&gt;</a>&nbsp;&nbsp;&nbsp;__aeabi_i2d
<LI><a href="#[99]">&gt;&gt;</a>&nbsp;&nbsp;&nbsp;[Anonymous Symbol]
<LI><a href="#[9e]">&gt;&gt;</a>&nbsp;&nbsp;&nbsp;[Anonymous Symbol]
<LI><a href="#[9c]">&gt;&gt;</a>&nbsp;&nbsp;&nbsp;[Anonymous Symbol]
<LI><a href="#[9d]">&gt;&gt;</a>&nbsp;&nbsp;&nbsp;[Anonymous Symbol]
</UL>
<BR>[Called By]<UL><LI><a href="#[8f]">&gt;&gt;</a>&nbsp;&nbsp;&nbsp;[Anonymous Symbol]
</UL>

<P><STRONG><a name="[30]"></a>cb_putc</STRONG> (Thumb, 48 bytes, Stack size 16 bytes, main.o(.text.cb_putc))
<BR><BR>[Stack]<UL><LI>Max Depth = 24<LI>Call Chain = cb_putc &rArr; UART_SendData
</UL>
<BR>[Calls]<UL><LI><a href="#[a3]">&gt;&gt;</a>&nbsp;&nbsp;&nbsp;UART_SendData
<LI><a href="#[a2]">&gt;&gt;</a>&nbsp;&nbsp;&nbsp;apUART_Check_TXFIFO_FULL
</UL>
<BR>[Called By]<UL><LI><a href="#[16]">&gt;&gt;</a>&nbsp;&nbsp;&nbsp;fputc
</UL>
<BR>[Address Reference Count : 1]<UL><LI> main.o(.rodata.evt_cb_table)
</UL>
<P><STRONG><a name="[36]"></a>cb_trace_rtt</STRONG> (Thumb, 126 bytes, Stack size 32 bytes, trace.o(.text.cb_trace_rtt))
<BR><BR>[Stack]<UL><LI>Max Depth = 168<LI>Call Chain = cb_trace_rtt &rArr; SEGGER_RTT_Write &rArr; SEGGER_RTT_WriteNoLock &rArr; _WriteBlocking &rArr; __aeabi_memcpy
</UL>
<BR>[Calls]<UL><LI><a href="#[a4]">&gt;&gt;</a>&nbsp;&nbsp;&nbsp;platform_get_gen_os_driver
<LI><a href="#[67]">&gt;&gt;</a>&nbsp;&nbsp;&nbsp;SEGGER_RTT_GetAvailWriteSpace
<LI><a href="#[6b]">&gt;&gt;</a>&nbsp;&nbsp;&nbsp;SEGGER_RTT_Write
</UL>
<BR>[Address Reference Count : 1]<UL><LI> main.o(.rodata.evt_cb_table)
</UL>
<P><STRONG><a name="[12a]"></a>check_crc16</STRONG> (Thumb, 112 bytes, Stack size 12 bytes, crc_16.o(.text.check_crc16))
<BR><BR>[Stack]<UL><LI>Max Depth = 12<LI>Call Chain = check_crc16
</UL>
<BR>[Called By]<UL><LI><a href="#[12c]">&gt;&gt;</a>&nbsp;&nbsp;&nbsp;uart_buner_task_entry
<LI><a href="#[5d]">&gt;&gt;</a>&nbsp;&nbsp;&nbsp;uart_cmd_ch_addr_pkt_assemble
<LI><a href="#[57]">&gt;&gt;</a>&nbsp;&nbsp;&nbsp;uart_cmd_packet_assemble
<LI><a href="#[128]">&gt;&gt;</a>&nbsp;&nbsp;&nbsp;uart_DUT_process
<LI><a href="#[f6]">&gt;&gt;</a>&nbsp;&nbsp;&nbsp;uart_cmd_start_rsp
<LI><a href="#[135]">&gt;&gt;</a>&nbsp;&nbsp;&nbsp;uart_upper_process
</UL>

<P><STRONG><a name="[12f]"></a>check_crc16_918</STRONG> (Thumb, 112 bytes, Stack size 12 bytes, crc_16.o(.text.check_crc16_918))
<BR><BR>[Stack]<UL><LI>Max Depth = 12<LI>Call Chain = check_crc16_918
</UL>
<BR>[Called By]<UL><LI><a href="#[12c]">&gt;&gt;</a>&nbsp;&nbsp;&nbsp;uart_buner_task_entry
</UL>

<P><STRONG><a name="[19]"></a>cmd_uart_ack</STRONG> (Thumb, 16 bytes, Stack size 16 bytes, uart_ota.o(.text.cmd_uart_ack))
<BR><BR>[Stack]<UL><LI>Max Depth = 288<LI>Call Chain = cmd_uart_ack &rArr; uart_event_set &rArr; uart_buner_task_entry &rArr; uart_buner_tx_data &rArr; driver_append_tx_data &rArr; uart_DUT_send &rArr; UART_SendData
</UL>
<BR>[Calls]<UL><LI><a href="#[a5]">&gt;&gt;</a>&nbsp;&nbsp;&nbsp;uart_event_set
</UL>
<BR>[Address Reference Count : 2]<UL><LI> uart_ota.o(.rodata.cmds)
<LI> uart_ota.o(.rodata.cmds_918)
</UL>
<P><STRONG><a name="[1c]"></a>cmd_uart_burn_lock</STRONG> (Thumb, 16 bytes, Stack size 16 bytes, uart_ota.o(.text.cmd_uart_burn_lock))
<BR><BR>[Stack]<UL><LI>Max Depth = 288<LI>Call Chain = cmd_uart_burn_lock &rArr; uart_event_set &rArr; uart_buner_task_entry &rArr; uart_buner_tx_data &rArr; driver_append_tx_data &rArr; uart_DUT_send &rArr; UART_SendData
</UL>
<BR>[Calls]<UL><LI><a href="#[a5]">&gt;&gt;</a>&nbsp;&nbsp;&nbsp;uart_event_set
</UL>
<BR>[Address Reference Count : 2]<UL><LI> uart_ota.o(.rodata.cmds)
<LI> uart_ota.o(.rodata.cmds_918)
</UL>
<P><STRONG><a name="[18]"></a>cmd_uart_burn_sart</STRONG> (Thumb, 58 bytes, Stack size 16 bytes, uart_ota.o(.text.cmd_uart_burn_sart))
<BR><BR>[Stack]<UL><LI>Max Depth = 288<LI>Call Chain = cmd_uart_burn_sart &rArr; uart_event_set &rArr; uart_buner_task_entry &rArr; uart_buner_tx_data &rArr; driver_append_tx_data &rArr; uart_DUT_send &rArr; UART_SendData
</UL>
<BR>[Calls]<UL><LI><a href="#[8d]">&gt;&gt;</a>&nbsp;&nbsp;&nbsp;platform_printf
<LI><a href="#[a6]">&gt;&gt;</a>&nbsp;&nbsp;&nbsp;get_evk_config
<LI><a href="#[a5]">&gt;&gt;</a>&nbsp;&nbsp;&nbsp;uart_event_set
</UL>
<BR>[Address Reference Count : 2]<UL><LI> uart_ota.o(.rodata.cmds)
<LI> uart_ota.o(.rodata.cmds_918)
</UL>
<P><STRONG><a name="[1b]"></a>cmd_uart_burn_ulk</STRONG> (Thumb, 16 bytes, Stack size 16 bytes, uart_ota.o(.text.cmd_uart_burn_ulk))
<BR><BR>[Stack]<UL><LI>Max Depth = 288<LI>Call Chain = cmd_uart_burn_ulk &rArr; uart_event_set &rArr; uart_buner_task_entry &rArr; uart_buner_tx_data &rArr; driver_append_tx_data &rArr; uart_DUT_send &rArr; UART_SendData
</UL>
<BR>[Calls]<UL><LI><a href="#[a5]">&gt;&gt;</a>&nbsp;&nbsp;&nbsp;uart_event_set
</UL>
<BR>[Address Reference Count : 2]<UL><LI> uart_ota.o(.rodata.cmds)
<LI> uart_ota.o(.rodata.cmds_918)
</UL>
<P><STRONG><a name="[1a]"></a>cmd_uart_nack</STRONG> (Thumb, 16 bytes, Stack size 16 bytes, uart_ota.o(.text.cmd_uart_nack))
<BR><BR>[Stack]<UL><LI>Max Depth = 288<LI>Call Chain = cmd_uart_nack &rArr; uart_event_set &rArr; uart_buner_task_entry &rArr; uart_buner_tx_data &rArr; driver_append_tx_data &rArr; uart_DUT_send &rArr; UART_SendData
</UL>
<BR>[Calls]<UL><LI><a href="#[a5]">&gt;&gt;</a>&nbsp;&nbsp;&nbsp;uart_event_set
</UL>
<BR>[Address Reference Count : 2]<UL><LI> uart_ota.o(.rodata.cmds)
<LI> uart_ota.o(.rodata.cmds_918)
</UL>
<P><STRONG><a name="[a7]"></a>cmd_uart_unknow_cmd</STRONG> (Thumb, 16 bytes, Stack size 16 bytes, uart_ota.o(.text.cmd_uart_unknow_cmd))
<BR><BR>[Stack]<UL><LI>Max Depth = 16 + In Cycle
<LI>Call Chain = cmd_uart_unknow_cmd &rArr;  uart_event_set (Cycle)
</UL>
<BR>[Calls]<UL><LI><a href="#[a5]">&gt;&gt;</a>&nbsp;&nbsp;&nbsp;uart_event_set
</UL>
<BR>[Called By]<UL><LI><a href="#[dc]">&gt;&gt;</a>&nbsp;&nbsp;&nbsp;handle_command
</UL>

<P><STRONG><a name="[a8]"></a>[Anonymous Symbol]</STRONG> (Thumb, 50 bytes, Stack size unknown bytes, libfreqoffset_m3.o(.text.cmp__freqoffset_u1536))
<BR><BR>[Stack]<UL><LI>Max Depth = 12 + Unknown Stack Size
<LI>Call Chain = [Anonymous Symbol] &rArr; __aeabi_dcmpeq
</UL>
<BR>[Calls]<UL><LI><a href="#[aa]">&gt;&gt;</a>&nbsp;&nbsp;&nbsp;__aeabi_dcmpeq
<LI><a href="#[a9]">&gt;&gt;</a>&nbsp;&nbsp;&nbsp;__aeabi_dcmplt
</UL>
<BR>[Called By]<UL><LI><a href="#[10]">&gt;&gt;</a>&nbsp;&nbsp;&nbsp;[Anonymous Symbol]
</UL>

<P><STRONG><a name="[ab]"></a>[Anonymous Symbol]</STRONG> (Thumb, 264 bytes, Stack size unknown bytes, libfreqoffset_m3.o(.text.collectColor__system_u3077))
<BR><BR>[Stack]<UL><LI>Max Depth = 96 + Unknown Stack Size
<LI>Call Chain = [Anonymous Symbol] &rArr; realloc &rArr; malloc &rArr; internal_alloc &rArr; __aeabi_memcpy
</UL>
<BR>[Calls]<UL><LI><a href="#[ac]">&gt;&gt;</a>&nbsp;&nbsp;&nbsp;realloc
</UL>
<BR>[Called By]<UL><LI><a href="#[ad]">&gt;&gt;</a>&nbsp;&nbsp;&nbsp;[Anonymous Symbol]
</UL>

<P><STRONG><a name="[ad]"></a>[Anonymous Symbol]</STRONG> (Thumb, 340 bytes, Stack size unknown bytes, libfreqoffset_m3.o(.text.collectCyclesBacon__system_u3147))
<BR><BR>[Stack]<UL><LI>Max Depth = 96 + Unknown Stack Size
<LI>Call Chain = [Anonymous Symbol] &rArr; [Anonymous Symbol] &rArr; realloc &rArr; malloc &rArr; internal_alloc &rArr; __aeabi_memcpy
</UL>
<BR>[Calls]<UL><LI><a href="#[ab]">&gt;&gt;</a>&nbsp;&nbsp;&nbsp;[Anonymous Symbol]
<LI><a href="#[af]">&gt;&gt;</a>&nbsp;&nbsp;&nbsp;[Anonymous Symbol]
<LI><a href="#[ae]">&gt;&gt;</a>&nbsp;&nbsp;&nbsp;[Anonymous Symbol]
<LI><a href="#[28]">&gt;&gt;</a>&nbsp;&nbsp;&nbsp;malloc
<LI><a href="#[29]">&gt;&gt;</a>&nbsp;&nbsp;&nbsp;free
</UL>
<BR>[Called By]<UL><LI><a href="#[b0]">&gt;&gt;</a>&nbsp;&nbsp;&nbsp;[Anonymous Symbol]
</UL>

<P><STRONG><a name="[b0]"></a>[Anonymous Symbol]</STRONG> (Thumb, 166 bytes, Stack size unknown bytes, libfreqoffset_m3.o(.text.collectCycles__system_u3291))
<BR><BR>[Stack]<UL><LI>Max Depth = 96 + Unknown Stack Size
<LI>Call Chain = [Anonymous Symbol] &rArr; [Anonymous Symbol] &rArr; [Anonymous Symbol] &rArr; realloc &rArr; malloc &rArr; internal_alloc &rArr; __aeabi_memcpy
</UL>
<BR>[Calls]<UL><LI><a href="#[ad]">&gt;&gt;</a>&nbsp;&nbsp;&nbsp;[Anonymous Symbol]
<LI><a href="#[28]">&gt;&gt;</a>&nbsp;&nbsp;&nbsp;malloc
<LI><a href="#[29]">&gt;&gt;</a>&nbsp;&nbsp;&nbsp;free
<LI><a href="#[8a]">&gt;&gt;</a>&nbsp;&nbsp;&nbsp;__aeabi_memclr4
</UL>
<BR>[Called By]<UL><LI><a href="#[bb]">&gt;&gt;</a>&nbsp;&nbsp;&nbsp;[Anonymous Symbol]
</UL>

<P><STRONG><a name="[10]"></a>[Anonymous Symbol]</STRONG> (Thumb, 72 bytes, Stack size unknown bytes, libfreqoffset_m3.o(.text.colonanonymous___freqoffset_u1514))
<BR><BR>[Stack]<UL><LI>Max Depth = 88 + Unknown Stack Size
<LI>Call Chain = [Anonymous Symbol] &rArr; __aeabi_dsub &rArr; __aeabi_dadd &rArr; _double_epilogue &rArr; _double_round
</UL>
<BR>[Calls]<UL><LI><a href="#[a8]">&gt;&gt;</a>&nbsp;&nbsp;&nbsp;[Anonymous Symbol]
<LI><a href="#[4c]">&gt;&gt;</a>&nbsp;&nbsp;&nbsp;__aeabi_dsub
</UL>
<BR>[Address Reference Count : 1]<UL><LI> libfreqoffset_m3.o(.text.linear_arg__freqoffset_u1425)
</UL>
<P><STRONG><a name="[f2]"></a>[Anonymous Symbol]</STRONG> (Thumb, 14 bytes, Stack size unknown bytes, libfreqoffset_m3.o(.text.complex__freqoffset_u1933))
<BR><BR>[Called By]<UL><LI><a href="#[92]">&gt;&gt;</a>&nbsp;&nbsp;&nbsp;[Anonymous Symbol]
</UL>

<P><STRONG><a name="[8e]"></a>[Anonymous Symbol]</STRONG> (Thumb, 68 bytes, Stack size unknown bytes, libfreqoffset_m3.o(.text.cstrToNimstr))
<BR><BR>[Stack]<UL><LI>Max Depth = 64 + Unknown Stack Size
<LI>Call Chain = [Anonymous Symbol] &rArr; malloc &rArr; internal_alloc &rArr; __aeabi_memcpy
</UL>
<BR>[Calls]<UL><LI><a href="#[28]">&gt;&gt;</a>&nbsp;&nbsp;&nbsp;malloc
<LI><a href="#[b1]">&gt;&gt;</a>&nbsp;&nbsp;&nbsp;strlen
<LI><a href="#[74]">&gt;&gt;</a>&nbsp;&nbsp;&nbsp;__aeabi_memcpy
</UL>
<BR>[Called By]<UL><LI><a href="#[8c]">&gt;&gt;</a>&nbsp;&nbsp;&nbsp;calc_freq_offset
</UL>

<P><STRONG><a name="[90]"></a>[Anonymous Symbol]</STRONG> (Thumb, 4 bytes, Stack size unknown bytes, libfreqoffset_m3.o(.text.dealloc))
<BR><BR>[Stack]<UL><LI>Max Depth = 12 + Unknown Stack Size
<LI>Call Chain = [Anonymous Symbol] &rArr; free
</UL>
<BR>[Calls]<UL><LI><a href="#[29]">&gt;&gt;</a>&nbsp;&nbsp;&nbsp;free
</UL>
<BR>[Called By]<UL><LI><a href="#[92]">&gt;&gt;</a>&nbsp;&nbsp;&nbsp;[Anonymous Symbol]
<LI><a href="#[c3]">&gt;&gt;</a>&nbsp;&nbsp;&nbsp;[Anonymous Symbol]
<LI><a href="#[b2]">&gt;&gt;</a>&nbsp;&nbsp;&nbsp;[Anonymous Symbol]
<LI><a href="#[8c]">&gt;&gt;</a>&nbsp;&nbsp;&nbsp;calc_freq_offset
</UL>

[...]
<BR><BR>[Stack]<UL><LI>Max Depth = 24<LI>Call Chain = timer_cb_0 &rArr; timer_cb
</UL>
<BR>[Calls]<UL><LI><a href="#[124]">&gt;&gt;</a>&nbsp;&nbsp;&nbsp;timer_cb
</UL>
<BR>[Address Reference Count : 1]<UL><LI> noos_impl.o(.data.sw_timers)
</UL>
<P><STRONG><a name="[124]"></a>timer_cb</STRONG> (Thumb, 78 bytes, Stack size 16 bytes, noos_impl.o(.text.timer_cb))
<BR><BR>[Stack]<UL><LI>Max Depth = 16<LI>Call Chain = timer_cb
</UL>
<BR>[Called By]<UL><LI><a href="#[a]">&gt;&gt;</a>&nbsp;&nbsp;&nbsp;timer_cb_7
<LI><a href="#[9]">&gt;&gt;</a>&nbsp;&nbsp;&nbsp;timer_cb_6
<LI><a href="#[8]">&gt;&gt;</a>&nbsp;&nbsp;&nbsp;timer_cb_5
<LI><a href="#[7]">&gt;&gt;</a>&nbsp;&nbsp;&nbsp;timer_cb_4
<LI><a href="#[6]">&gt;&gt;</a>&nbsp;&nbsp;&nbsp;timer_cb_3
<LI><a href="#[5]">&gt;&gt;</a>&nbsp;&nbsp;&nbsp;timer_cb_2
<LI><a href="#[4]">&gt;&gt;</a>&nbsp;&nbsp;&nbsp;timer_cb_1
<LI><a href="#[3]">&gt;&gt;</a>&nbsp;&nbsp;&nbsp;timer_cb_0
</UL>

<P><STRONG><a name="[4]"></a>timer_cb_1</STRONG> (Thumb, 10 bytes, Stack size 8 bytes, noos_impl.o(.text.timer_cb_1))
<BR><BR>[Stack]<UL><LI>Max Depth = 24<LI>Call Chain = timer_cb_1 &rArr; timer_cb
</UL>
<BR>[Calls]<UL><LI><a href="#[124]">&gt;&gt;</a>&nbsp;&nbsp;&nbsp;timer_cb
</UL>
<BR>[Address Reference Count : 1]<UL><LI> noos_impl.o(.data.sw_timers)
</UL>
<P><STRONG><a name="[5]"></a>timer_cb_2</STRONG> (Thumb, 10 bytes, Stack size 8 bytes, noos_impl.o(.text.timer_cb_2))
<BR><BR>[Stack]<UL><LI>Max Depth = 24<LI>Call Chain = timer_cb_2 &rArr; timer_cb
</UL>
<BR>[Calls]<UL><LI><a href="#[124]">&gt;&gt;</a>&nbsp;&nbsp;&nbsp;timer_cb
</UL>
<BR>[Address Reference Count : 1]<UL><LI> noos_impl.o(.data.sw_timers)
</UL>
<P><STRONG><a name="[6]"></a>timer_cb_3</STRONG> (Thumb, 10 bytes, Stack size 8 bytes, noos_impl.o(.text.timer_cb_3))
<BR><BR>[Stack]<UL><LI>Max Depth = 24<LI>Call Chain = timer_cb_3 &rArr; timer_cb
</UL>
<BR>[Calls]<UL><LI><a href="#[124]">&gt;&gt;</a>&nbsp;&nbsp;&nbsp;timer_cb
</UL>
<BR>[Address Reference Count : 1]<UL><LI> noos_impl.o(.data.sw_timers)
</UL>
<P><STRONG><a name="[7]"></a>timer_cb_4</STRONG> (Thumb, 10 bytes, Stack size 8 bytes, noos_impl.o(.text.timer_cb_4))
<BR><BR>[Stack]<UL><LI>Max Depth = 24<LI>Call Chain = timer_cb_4 &rArr; timer_cb
</UL>
<BR>[Calls]<UL><LI><a href="#[124]">&gt;&gt;</a>&nbsp;&nbsp;&nbsp;timer_cb
</UL>
<BR>[Address Reference Count : 1]<UL><LI> noos_impl.o(.data.sw_timers)
</UL>
<P><STRONG><a name="[8]"></a>timer_cb_5</STRONG> (Thumb, 10 bytes, Stack size 8 bytes, noos_impl.o(.text.timer_cb_5))
<BR><BR>[Stack]<UL><LI>Max Depth = 24<LI>Call Chain = timer_cb_5 &rArr; timer_cb
</UL>
<BR>[Calls]<UL><LI><a href="#[124]">&gt;&gt;</a>&nbsp;&nbsp;&nbsp;timer_cb
</UL>
<BR>[Address Reference Count : 1]<UL><LI> noos_impl.o(.data.sw_timers)
</UL>
<P><STRONG><a name="[9]"></a>timer_cb_6</STRONG> (Thumb, 10 bytes, Stack size 8 bytes, noos_impl.o(.text.timer_cb_6))
<BR><BR>[Stack]<UL><LI>Max Depth = 24<LI>Call Chain = timer_cb_6 &rArr; timer_cb
</UL>
<BR>[Calls]<UL><LI><a href="#[124]">&gt;&gt;</a>&nbsp;&nbsp;&nbsp;timer_cb
</UL>
<BR>[Address Reference Count : 1]<UL><LI> noos_impl.o(.data.sw_timers)
</UL>
<P><STRONG><a name="[a]"></a>timer_cb_7</STRONG> (Thumb, 10 bytes, Stack size 8 bytes, noos_impl.o(.text.timer_cb_7))
<BR><BR>[Stack]<UL><LI>Max Depth = 24<LI>Call Chain = timer_cb_7 &rArr; timer_cb
</UL>
<BR>[Calls]<UL><LI><a href="#[124]">&gt;&gt;</a>&nbsp;&nbsp;&nbsp;timer_cb
</UL>
<BR>[Address Reference Count : 1]<UL><LI> noos_impl.o(.data.sw_timers)
</UL>
<P><STRONG><a name="[1d]"></a>timer_create</STRONG> (Thumb, 192 bytes, Stack size 32 bytes, noos_impl.o(.text.timer_create))
<BR><BR>[Stack]<UL><LI>Max Depth = 32<LI>Call Chain = timer_create
</UL>
<BR>[Calls]<UL><LI><a href="#[125]">&gt;&gt;</a>&nbsp;&nbsp;&nbsp;platform_raise_assertion
</UL>
<BR>[Address Reference Count : 1]<UL><LI> noos_impl.o(.rodata.driver)
</UL>
<P><STRONG><a name="[1e]"></a>timer_start</STRONG> (Thumb, 24 bytes, Stack size 16 bytes, noos_impl.o(.text.timer_start))
<BR><BR>[Stack]<UL><LI>Max Depth = 16<LI>Call Chain = timer_start
</UL>
<BR>[Calls]<UL><LI><a href="#[eb]">&gt;&gt;</a>&nbsp;&nbsp;&nbsp;platform_set_timer
</UL>
<BR>[Address Reference Count : 1]<UL><LI> noos_impl.o(.rodata.driver)
</UL>
<P><STRONG><a name="[1f]"></a>timer_stop</STRONG> (Thumb, 24 bytes, Stack size 16 bytes, noos_impl.o(.text.timer_stop))
<BR><BR>[Stack]<UL><LI>Max Depth = 16<LI>Call Chain = timer_stop
</UL>
<BR>[Calls]<UL><LI><a href="#[eb]">&gt;&gt;</a>&nbsp;&nbsp;&nbsp;platform_set_timer
</UL>
<BR>[Address Reference Count : 1]<UL><LI> noos_impl.o(.rodata.driver)
</UL>
<P><STRONG><a name="[20]"></a>timer_delete</STRONG> (Thumb, 32 bytes, Stack size 24 bytes, noos_impl.o(.text.timer_delete))
<BR><BR>[Stack]<UL><LI>Max Depth = 24<LI>Call Chain = timer_delete
</UL>
<BR>[Calls]<UL><LI><a href="#[eb]">&gt;&gt;</a>&nbsp;&nbsp;&nbsp;platform_set_timer
</UL>
<BR>[Address Reference Count : 1]<UL><LI> noos_impl.o(.rodata.driver)
</UL>
<P><STRONG><a name="[21]"></a>task_create</STRONG> (Thumb, 72 bytes, Stack size 20 bytes, noos_impl.o(.text.task_create))
<BR><BR>[Stack]<UL><LI>Max Depth = 20<LI>Call Chain = task_create
</UL>
<BR>[Address Reference Count : 1]<UL><LI> noos_impl.o(.rodata.driver)
</UL>
<P><STRONG><a name="[22]"></a>queue_create</STRONG> (Thumb, 46 bytes, Stack size 24 bytes, noos_impl.o(.text.queue_create))
<BR><BR>[Stack]<UL><LI>Max Depth = 88<LI>Call Chain = queue_create &rArr; malloc &rArr; internal_alloc &rArr; __aeabi_memcpy
</UL>
<BR>[Calls]<UL><LI><a href="#[28]">&gt;&gt;</a>&nbsp;&nbsp;&nbsp;malloc
</UL>
<BR>[Address Reference Count : 1]<UL><LI> noos_impl.o(.rodata.driver)
</UL>
<P><STRONG><a name="[23]"></a>queue_send_msg</STRONG> (Thumb, 70 bytes, Stack size 24 bytes, noos_impl.o(.text.queue_send_msg))
<BR><BR>[Stack]<UL><LI>Max Depth = 32<LI>Call Chain = queue_send_msg &rArr; __aeabi_memcpy
</UL>
<BR>[Calls]<UL><LI><a href="#[74]">&gt;&gt;</a>&nbsp;&nbsp;&nbsp;__aeabi_memcpy
</UL>
<BR>[Address Reference Count : 1]<UL><LI> noos_impl.o(.rodata.driver)
</UL>
<P><STRONG><a name="[24]"></a>queue_recv_msg</STRONG> (Thumb, 90 bytes, Stack size 24 bytes, noos_impl.o(.text.queue_recv_msg))
<BR><BR>[Stack]<UL><LI>Max Depth = 204<LI>Call Chain = queue_recv_msg &rArr; idle_process &rArr; loop_rf_test_state_machine &rArr; DUT_cmd_rf_tx_power &rArr; uart_cmd_packet_assemble &rArr; check_crc16
</UL>
<BR>[Calls]<UL><LI><a href="#[103]">&gt;&gt;</a>&nbsp;&nbsp;&nbsp;platform_controller_run
<LI><a href="#[dd]">&gt;&gt;</a>&nbsp;&nbsp;&nbsp;idle_process
<LI><a href="#[104]">&gt;&gt;</a>&nbsp;&nbsp;&nbsp;__aeabi_memmove
<LI><a href="#[74]">&gt;&gt;</a>&nbsp;&nbsp;&nbsp;__aeabi_memcpy
</UL>
<BR>[Address Reference Count : 1]<UL><LI> noos_impl.o(.rodata.driver)
</UL>
<P><STRONG><a name="[dd]"></a>idle_process</STRONG> (Thumb, 8 bytes, Stack size 8 bytes, noos_impl.o(.text.idle_process))
<BR><BR>[Stack]<UL><LI>Max Depth = 180<LI>Call Chain = idle_process &rArr; loop_rf_test_state_machine &rArr; DUT_cmd_rf_tx_power &rArr; uart_cmd_packet_assemble &rArr; check_crc16
</UL>
<BR>[Calls]<UL><LI><a href="#[de]">&gt;&gt;</a>&nbsp;&nbsp;&nbsp;loop_rf_test_state_machine
</UL>
<BR>[Called By]<UL><LI><a href="#[24]">&gt;&gt;</a>&nbsp;&nbsp;&nbsp;queue_recv_msg
</UL>

<P><STRONG><a name="[26]"></a>dummy_event_wait</STRONG> (Thumb, 10 bytes, Stack size 4 bytes, noos_impl.o(.text.dummy_event_wait))
<BR><BR>[Stack]<UL><LI>Max Depth = 4<LI>Call Chain = dummy_event_wait
</UL>
<BR>[Address Reference Count : 1]<UL><LI> noos_impl.o(.rodata.driver)
</UL>
<P><STRONG><a name="[27]"></a>dummy_event_set</STRONG> (Thumb, 8 bytes, Stack size 4 bytes, noos_impl.o(.text.dummy_event_set))
<BR><BR>[Stack]<UL><LI>Max Depth = 4<LI>Call Chain = dummy_event_set
</UL>
<BR>[Address Reference Count : 1]<UL><LI> noos_impl.o(.rodata.driver)
</UL>
<P><STRONG><a name="[2a]"></a>enter_critical</STRONG> (Thumb, 18 bytes, Stack size 0 bytes, noos_impl.o(.text.enter_critical))
<BR>[Address Reference Count : 1]<UL><LI> noos_impl.o(.rodata.driver)
</UL>
<P><STRONG><a name="[2b]"></a>leave_critical</STRONG> (Thumb, 28 bytes, Stack size 0 bytes, noos_impl.o(.text.leave_critical))
<BR>[Address Reference Count : 1]<UL><LI> noos_impl.o(.rodata.driver)
</UL>
<P><STRONG><a name="[25]"></a>dummy_event_create</STRONG> (Thumb, 16 bytes, Stack size 0 bytes, noos_impl.o(.text.dummy_event_create))
<BR>[Address Reference Count : 1]<UL><LI> noos_impl.o(.rodata.driver)
</UL>
<P><STRONG><a name="[60]"></a>GIO_MaskedWrite</STRONG> (Thumb, 50 bytes, Stack size 12 bytes, peripheral_gpio.o(.text.GIO_MaskedWrite))
<BR><BR>[Stack]<UL><LI>Max Depth = 12<LI>Call Chain = GIO_MaskedWrite
</UL>
<BR>[Called By]<UL><LI><a href="#[61]">&gt;&gt;</a>&nbsp;&nbsp;&nbsp;GIO_WriteValue
<LI><a href="#[5f]">&gt;&gt;</a>&nbsp;&nbsp;&nbsp;GIO_SetDirection
</UL>

<P><STRONG><a name="[63]"></a>PINCTRL_SelIn</STRONG> (Thumb, 62 bytes, Stack size 16 bytes, peripheral_pinctrl.o(.text.PINCTRL_SelIn))
<BR><BR>[Stack]<UL><LI>Max Depth = 16<LI>Call Chain = PINCTRL_SelIn
</UL>
<BR>[Called By]<UL><LI><a href="#[62]">&gt;&gt;</a>&nbsp;&nbsp;&nbsp;PINCTRL_SelUartRxdIn
</UL>

<P><STRONG><a name="[6a]"></a>_DoInit</STRONG> (Thumb, 144 bytes, Stack size 16 bytes, trace.o(.text._DoInit))
<BR><BR>[Stack]<UL><LI>Max Depth = 16<LI>Call Chain = _DoInit
</UL>
<BR>[Calls]<UL><LI><a href="#[73]">&gt;&gt;</a>&nbsp;&nbsp;&nbsp;strcpy
</UL>
<BR>[Called By]<UL><LI><a href="#[69]">&gt;&gt;</a>&nbsp;&nbsp;&nbsp;SEGGER_RTT_Init
<LI><a href="#[6b]">&gt;&gt;</a>&nbsp;&nbsp;&nbsp;SEGGER_RTT_Write
</UL>

<P><STRONG><a name="[68]"></a>_GetAvailWriteSpace</STRONG> (Thumb, 62 bytes, Stack size 16 bytes, trace.o(.text._GetAvailWriteSpace))
<BR><BR>[Stack]<UL><LI>Max Depth = 16<LI>Call Chain = _GetAvailWriteSpace
</UL>
<BR>[Called By]<UL><LI><a href="#[67]">&gt;&gt;</a>&nbsp;&nbsp;&nbsp;SEGGER_RTT_GetAvailWriteSpace
<LI><a href="#[6c]">&gt;&gt;</a>&nbsp;&nbsp;&nbsp;SEGGER_RTT_WriteNoLock
</UL>

<P><STRONG><a name="[6d]"></a>_WriteNoCheck</STRONG> (Thumb, 120 bytes, Stack size 32 bytes, trace.o(.text._WriteNoCheck))
<BR><BR>[Stack]<UL><LI>Max Depth = 40<LI>Call Chain = _WriteNoCheck &rArr; __aeabi_memcpy
</UL>
<BR>[Calls]<UL><LI><a href="#[74]">&gt;&gt;</a>&nbsp;&nbsp;&nbsp;__aeabi_memcpy
</UL>
<BR>[Called By]<UL><LI><a href="#[6c]">&gt;&gt;</a>&nbsp;&nbsp;&nbsp;SEGGER_RTT_WriteNoLock
</UL>

<P><STRONG><a name="[6e]"></a>_WriteBlocking</STRONG> (Thumb, 220 bytes, Stack size 48 bytes, trace.o(.text._WriteBlocking))
<BR><BR>[Stack]<UL><LI>Max Depth = 56<LI>Call Chain = _WriteBlocking &rArr; __aeabi_memcpy
</UL>
<BR>[Calls]<UL><LI><a href="#[74]">&gt;&gt;</a>&nbsp;&nbsp;&nbsp;__aeabi_memcpy
</UL>
<BR>[Called By]<UL><LI><a href="#[6c]">&gt;&gt;</a>&nbsp;&nbsp;&nbsp;SEGGER_RTT_WriteNoLock
</UL>

<P><STRONG><a name="[118]"></a>is_power_of_two</STRONG> (Thumb, 40 bytes, Stack size 8 bytes, my_ring_buffer.o(.text.is_power_of_two))
<BR><BR>[Stack]<UL><LI>Max Depth = 8<LI>Call Chain = is_power_of_two
</UL>
<BR>[Called By]<UL><LI><a href="#[117]">&gt;&gt;</a>&nbsp;&nbsp;&nbsp;ring_fifo_init
</UL>

<P><STRONG><a name="[f4]"></a>process_complete_packet</STRONG> (Thumb, 176 bytes, Stack size 32 bytes, uart_upper_golden.o(.text.process_complete_packet))
<BR><BR>[Stack]<UL><LI>Max Depth = 96<LI>Call Chain = process_complete_packet &rArr; uart_cmd_get_result_rsp &rArr; uart_upper_send &rArr; UART_SendData
</UL>
<BR>[Calls]<UL><LI><a href="#[8d]">&gt;&gt;</a>&nbsp;&nbsp;&nbsp;platform_printf
<LI><a href="#[f5]">&gt;&gt;</a>&nbsp;&nbsp;&nbsp;rf_test_start
<LI><a href="#[f7]">&gt;&gt;</a>&nbsp;&nbsp;&nbsp;uart_cmd_get_result_rsp
<LI><a href="#[f6]">&gt;&gt;</a>&nbsp;&nbsp;&nbsp;uart_cmd_start_rsp
</UL>
<BR>[Called By]<UL><LI><a href="#[135]">&gt;&gt;</a>&nbsp;&nbsp;&nbsp;uart_upper_process
</UL>

<P><STRONG><a name="[f8]"></a>process_complete_packet</STRONG> (Thumb, 840 bytes, Stack size 24 bytes, uart_golden_dut.o(.text.process_complete_packet))
<BR><BR>[Stack]<UL><LI>Max Depth = 100<LI>Call Chain = process_complete_packet &rArr; rx_sen_cb &rArr; DUT_cmd_rf_rx_sen &rArr; uart_cmd_packet_assemble &rArr; check_crc16
</UL>
<BR>[Calls]<UL><LI><a href="#[8d]">&gt;&gt;</a>&nbsp;&nbsp;&nbsp;platform_printf
<LI><a href="#[102]">&gt;&gt;</a>&nbsp;&nbsp;&nbsp;rf_test_freq_offset_begin
<LI><a href="#[101]">&gt;&gt;</a>&nbsp;&nbsp;&nbsp;rf_test_rx_sen_end
<LI><a href="#[ff]">&gt;&gt;</a>&nbsp;&nbsp;&nbsp;rf_test_rx_sen_begin
<LI><a href="#[fe]">&gt;&gt;</a>&nbsp;&nbsp;&nbsp;rf_test_rx_cnt_end
<LI><a href="#[fd]">&gt;&gt;</a>&nbsp;&nbsp;&nbsp;rf_test_rx_cnt_begin
<LI><a href="#[fc]">&gt;&gt;</a>&nbsp;&nbsp;&nbsp;rf_test_tx_power_end
<LI><a href="#[fb]">&gt;&gt;</a>&nbsp;&nbsp;&nbsp;rf_test_tx_power_begin
<LI><a href="#[fa]">&gt;&gt;</a>&nbsp;&nbsp;&nbsp;rf_test_tx_cnt_end
<LI><a href="#[f9]">&gt;&gt;</a>&nbsp;&nbsp;&nbsp;rf_test_tx_cnt_begin
<LI><a href="#[100]">&gt;&gt;</a>&nbsp;&nbsp;&nbsp;rx_sen_cb
</UL>
<BR>[Called By]<UL><LI><a href="#[128]">&gt;&gt;</a>&nbsp;&nbsp;&nbsp;uart_DUT_process
</UL>

<P><STRONG><a name="[108]"></a>raw_pkt_reset</STRONG> (Thumb, 32 bytes, Stack size 8 bytes, raw_pkt.o(.text.raw_pkt_reset))
<BR><BR>[Stack]<UL><LI>Max Depth = 8<LI>Call Chain = raw_pkt_reset
</UL>
<BR>[Calls]<UL><LI><a href="#[3d]">&gt;&gt;</a>&nbsp;&nbsp;&nbsp;__aeabi_memclr
</UL>
<BR>[Called By]<UL><LI><a href="#[109]">&gt;&gt;</a>&nbsp;&nbsp;&nbsp;raw_pkt_rx_test
<LI><a href="#[10b]">&gt;&gt;</a>&nbsp;&nbsp;&nbsp;raw_pkt_tx_test
</UL>

<P><STRONG><a name="[10a]"></a>show_rx</STRONG> (Thumb, 136 bytes, Stack size 48 bytes, raw_pkt.o(.text.show_rx))
<BR><BR>[Stack]<UL><LI>Max Depth = 128<LI>Call Chain = show_rx &rArr; Smooth_Average &rArr; Pow_Smooth &rArr; __aeabi_fmul
</UL>
<BR>[Calls]<UL><LI><a href="#[d0]">&gt;&gt;</a>&nbsp;&nbsp;&nbsp;ll_raw_packet_get_rx_data
<LI><a href="#[8d]">&gt;&gt;</a>&nbsp;&nbsp;&nbsp;platform_printf
<LI><a href="#[6f]">&gt;&gt;</a>&nbsp;&nbsp;&nbsp;Smooth_Average
<LI><a href="#[11f]">&gt;&gt;</a>&nbsp;&nbsp;&nbsp;memcmp
</UL>
<BR>[Called By]<UL><LI><a href="#[109]">&gt;&gt;</a>&nbsp;&nbsp;&nbsp;raw_pkt_rx_test
</UL>

<P><STRONG><a name="[ec]"></a>rf_test_result_print</STRONG> (Thumb, 388 bytes, Stack size 8 bytes, rf_test.o(.text.rf_test_result_print))
<BR><BR>[Stack]<UL><LI>Max Depth = 8<LI>Call Chain = rf_test_result_print
</UL>
<BR>[Calls]<UL><LI><a href="#[8d]">&gt;&gt;</a>&nbsp;&nbsp;&nbsp;platform_printf
</UL>
<BR>[Called By]<UL><LI><a href="#[de]">&gt;&gt;</a>&nbsp;&nbsp;&nbsp;loop_rf_test_state_machine
</UL>

<P><STRONG><a name="[64]"></a>Pow_Smooth</STRONG> (Thumb, 64 bytes, Stack size 24 bytes, filter.o(.text.Pow_Smooth))
<BR><BR>[Stack]<UL><LI>Max Depth = 32<LI>Call Chain = Pow_Smooth &rArr; __aeabi_fmul
</UL>
<BR>[Calls]<UL><LI><a href="#[66]">&gt;&gt;</a>&nbsp;&nbsp;&nbsp;__aeabi_f2uiz
<LI><a href="#[51]">&gt;&gt;</a>&nbsp;&nbsp;&nbsp;__aeabi_ui2f
<LI><a href="#[65]">&gt;&gt;</a>&nbsp;&nbsp;&nbsp;__aeabi_fmul
</UL>
<BR>[Called By]<UL><LI><a href="#[6f]">&gt;&gt;</a>&nbsp;&nbsp;&nbsp;Smooth_Average
</UL>

<P><STRONG><a name="[a5]"></a>uart_event_set</STRONG> (Thumb, 30 bytes, Stack size 16 bytes, uart_ota.o(.text.uart_event_set))
<BR><BR>[Stack]<UL><LI>Max Depth = 272<LI>Call Chain = uart_event_set &rArr; uart_buner_task_entry &rArr; uart_buner_tx_data &rArr; driver_append_tx_data &rArr; uart_DUT_send &rArr; UART_SendData
</UL>
<BR>[Calls]<UL><LI><a href="#[12c]">&gt;&gt;</a>&nbsp;&nbsp;&nbsp;uart_buner_task_entry
</UL>
<BR>[Called By]<UL><LI><a href="#[1c]">&gt;&gt;</a>&nbsp;&nbsp;&nbsp;cmd_uart_burn_lock
<LI><a href="#[1b]">&gt;&gt;</a>&nbsp;&nbsp;&nbsp;cmd_uart_burn_ulk
<LI><a href="#[1a]">&gt;&gt;</a>&nbsp;&nbsp;&nbsp;cmd_uart_nack
<LI><a href="#[a7]">&gt;&gt;</a>&nbsp;&nbsp;&nbsp;cmd_uart_unknow_cmd
<LI><a href="#[19]">&gt;&gt;</a>&nbsp;&nbsp;&nbsp;cmd_uart_ack
<LI><a href="#[18]">&gt;&gt;</a>&nbsp;&nbsp;&nbsp;cmd_uart_burn_sart
<LI><a href="#[12b]">&gt;&gt;</a>&nbsp;&nbsp;&nbsp;uart_buner_rx_data
</UL>

<P><STRONG><a name="[89]"></a>burn_ctrl_restart</STRONG> (Thumb, 18 bytes, Stack size 16 bytes, uart_ota.o(.text.burn_ctrl_restart))
<BR><BR>[Stack]<UL><LI>Max Depth = 16<LI>Call Chain = burn_ctrl_restart
</UL>
<BR>[Calls]<UL><LI><a href="#[8a]">&gt;&gt;</a>&nbsp;&nbsp;&nbsp;__aeabi_memclr4
</UL>
<BR>[Called By]<UL><LI><a href="#[12c]">&gt;&gt;</a>&nbsp;&nbsp;&nbsp;uart_buner_task_entry
</UL>

<P><STRONG><a name="[12d]"></a>uart_buner_tx_data</STRONG> (Thumb, 56 bytes, Stack size 24 bytes, uart_ota.o(.text.uart_buner_tx_data))
<BR><BR>[Stack]<UL><LI>Max Depth = 64<LI>Call Chain = uart_buner_tx_data &rArr; driver_append_tx_data &rArr; uart_DUT_send &rArr; UART_SendData
</UL>
<BR>[Calls]<UL><LI><a href="#[bd]">&gt;&gt;</a>&nbsp;&nbsp;&nbsp;driver_append_tx_data
</UL>
<BR>[Called By]<UL><LI><a href="#[12c]">&gt;&gt;</a>&nbsp;&nbsp;&nbsp;uart_buner_task_entry
</UL>

<P><STRONG><a name="[86]"></a>append_data</STRONG> (Thumb, 92 bytes, Stack size 24 bytes, uart_ota.o(.text.append_data))
<BR><BR>[Stack]<UL><LI>Max Depth = 32<LI>Call Chain = append_data &rArr; __aeabi_memcpy
</UL>
<BR>[Calls]<UL><LI><a href="#[74]">&gt;&gt;</a>&nbsp;&nbsp;&nbsp;__aeabi_memcpy
</UL>
<BR>[Called By]<UL><LI><a href="#[12b]">&gt;&gt;</a>&nbsp;&nbsp;&nbsp;uart_buner_rx_data
</UL>

<P><STRONG><a name="[149]"></a>_fp_digits</STRONG> (Thumb, 366 bytes, Stack size 64 bytes, printfa.o(i._fp_digits), UNUSED)
<BR><BR>[Calls]<UL><LI><a href="#[4f]">&gt;&gt;</a>&nbsp;&nbsp;&nbsp;__aeabi_ddiv
<LI><a href="#[48]">&gt;&gt;</a>&nbsp;&nbsp;&nbsp;__aeabi_dadd
<LI><a href="#[4e]">&gt;&gt;</a>&nbsp;&nbsp;&nbsp;__aeabi_dmul
<LI><a href="#[55]">&gt;&gt;</a>&nbsp;&nbsp;&nbsp;__aeabi_d2ulz
<LI><a href="#[14a]">&gt;&gt;</a>&nbsp;&nbsp;&nbsp;__aeabi_cdrcmple
<LI><a href="#[3a]">&gt;&gt;</a>&nbsp;&nbsp;&nbsp;__aeabi_uldivmod
</UL>
<BR>[Called By]<UL><LI><a href="#[13b]">&gt;&gt;</a>&nbsp;&nbsp;&nbsp;_printf_core
</UL>

<P><STRONG><a name="[13b]"></a>_printf_core</STRONG> (Thumb, 1744 bytes, Stack size 136 bytes, printfa.o(i._printf_core), UNUSED)
<BR><BR>[Calls]<UL><LI><a href="#[14d]">&gt;&gt;</a>&nbsp;&nbsp;&nbsp;__aeabi_uidivmod
<LI><a href="#[14b]">&gt;&gt;</a>&nbsp;&nbsp;&nbsp;_printf_pre_padding
<LI><a href="#[14c]">&gt;&gt;</a>&nbsp;&nbsp;&nbsp;_printf_post_padding
<LI><a href="#[149]">&gt;&gt;</a>&nbsp;&nbsp;&nbsp;_fp_digits
<LI><a href="#[3a]">&gt;&gt;</a>&nbsp;&nbsp;&nbsp;__aeabi_uldivmod
</UL>
<BR>[Called By]<UL><LI><a href="#[13c]">&gt;&gt;</a>&nbsp;&nbsp;&nbsp;__0sprintf
<LI><a href="#[13a]">&gt;&gt;</a>&nbsp;&nbsp;&nbsp;__0printf
</UL>

<P><STRONG><a name="[14c]"></a>_printf_post_padding</STRONG> (Thumb, 36 bytes, Stack size 24 bytes, printfa.o(i._printf_post_padding), UNUSED)
<BR><BR>[Called By]<UL><LI><a href="#[13b]">&gt;&gt;</a>&nbsp;&nbsp;&nbsp;_printf_core
</UL>

<P><STRONG><a name="[14b]"></a>_printf_pre_padding</STRONG> (Thumb, 46 bytes, Stack size 24 bytes, printfa.o(i._printf_pre_padding), UNUSED)
<BR><BR>[Called By]<UL><LI><a href="#[13b]">&gt;&gt;</a>&nbsp;&nbsp;&nbsp;_printf_core
</UL>

<P><STRONG><a name="[17]"></a>_sputc</STRONG> (Thumb, 10 bytes, Stack size 0 bytes, printfa.o(i._sputc))
<BR><BR>[Called By]<UL><LI><a href="#[13c]">&gt;&gt;</a>&nbsp;&nbsp;&nbsp;__0sprintf
</UL>
<BR>[Address Reference Count : 1]<UL><LI> printfa.o(i.__0sprintf)
</UL>
<P><STRONG><a name="[144]"></a>internal_alloc</STRONG> (Thumb, 76 bytes, Stack size 24 bytes, mallocr.o(i.internal_alloc))
<BR><BR>[Stack]<UL><LI>Max Depth = 32<LI>Call Chain = internal_alloc &rArr; __aeabi_memcpy
</UL>
<BR>[Calls]<UL><LI><a href="#[74]">&gt;&gt;</a>&nbsp;&nbsp;&nbsp;__aeabi_memcpy
</UL>
<BR>[Called By]<UL><LI><a href="#[ac]">&gt;&gt;</a>&nbsp;&nbsp;&nbsp;realloc
<LI><a href="#[28]">&gt;&gt;</a>&nbsp;&nbsp;&nbsp;malloc
</UL>
<P>
<H3>
Undefined Global Symbols
</H3><HR></body></html>
