<html>
<body>
<pre>
<h1>µVision Build Log</h1>
<h2>Tool Versions:</h2>
IDE-Version: ¦ÌVision V5.38.0.0
Copyright (C) 2022 ARM Ltd and ARM Germany GmbH. All rights reserved.
License Information: ingchips 123456, ingchips, LIC=32B1Q-N8XTU-011P1-CQTHU-N40UY-B1SV0
 
Tool Versions:
Toolchain:       MDK-ARM Plus  Version: 5.38.0.0
Toolchain Path:  D:\Keil\ARM\ARMCLANG\Bin
C Compiler:      ArmClang.exe V6.19
Assembler:       Armasm.exe V6.19
Linker/Locator:  ArmLink.exe V6.19
Library Manager: ArmAr.exe V6.19
Hex Converter:   FromElf.exe V6.19
CPU DLL:         SARMCM3.DLL V5.38.0.0
Dialog DLL:      DCM.DLL V1.17.5.0
Target DLL:      CMSIS_AGDI.dll V1.33.15.0
Dialog DLL:      TCM.DLL V1.56.4.0
 
<h2>Project:</h2>
D:\Code\ingchips-git\Golden\Evk_V1\EvkRFTester\01-code\RF_DUT_916\RF_Tester_DUT_916.uvprojx
Project File Date:  06/04/2025

<h2>Output:</h2>
*** Using Compiler 'V6.19', folder: 'D:\Keil\ARM\ARMCLANG\Bin'
Build target 'Target 1'
compiling rf_test.c...
compiling uart_golden_DUT.c...
compiling filter.c...
compiling freq_offset.c...
compiling main.c...
compiling profile.c...
compiling noos_impl.c...
compiling raw_pkt.c...
linking...
Program Size: Code=18440 RO-data=3928 RW-data=516 ZI-data=6700  
FromELF: creating hex file...
After Build - User command #1: fromelf.exe --bin -o RF_Tester_DUT_916.bin ./output/RF_Tester_DUT_916.axf
".\output\RF_Tester_DUT_916.axf" - 0 Error(s), 0 Warning(s).

<h2>Software Packages used:</h2>

Package Vendor: ARM
                http://www.keil.com/pack/ARM.CMSIS.5.9.0.pack
                ARM.CMSIS.5.9.0
                CMSIS (Common Microcontroller Software Interface Standard)
   * Component: CORE Version: 5.6.0

Package Vendor: INGChips
                http://www.ingchips.com/INGChips.INGCHIPS_DeviceFamilyPack.0.9.0.pack
                INGChips.INGCHIPS_DeviceFamilyPack.0.9.0
                INGChips ARM devices Device Family Pack with BSD license.

<h2>Collection of Component include folders:</h2>
  ./RTE/_Target_1
  D:/Keil/ARM/CMSIS/5.9.0/CMSIS/Core/Include

<h2>Collection of Component Files used:</h2>

   * Component: ARM::CMSIS:CORE:5.6.0
Build Time Elapsed:  00:00:01
</pre>
</body>
</html>
