Component: Arm Compiler for Embedded 6.19 Tool: armlink [5e73cb00]

==============================================================================

Section Cross References

    main.o(.text.cb_putc) refers to peripheral_uart.o(.text.apUART_Check_TXFIFO_FULL) for apUART_Check_TXFIFO_FULL
    main.o(.text.cb_putc) refers to peripheral_uart.o(.text.UART_SendData) for UART_SendData
    main.o(.ARM.exidx.text.cb_putc) refers to main.o(.text.cb_putc) for [Anonymous Symbol]
    main.o(.text.fputc) refers to main.o(.text.cb_putc) for cb_putc
    main.o(.ARM.exidx.text.fputc) refers to main.o(.text.fputc) for [Anonymous Symbol]
    main.o(.text.config_uart) refers to peripheral_uart.o(.text.apUART_Initialize) for apUART_Initialize
    main.o(.ARM.exidx.text.config_uart) refers to main.o(.text.config_uart) for [Anonymous Symbol]
    main.o(.text.setup_peripherals) refers to pulse_test_gpio.o(.text.test_gpio_init) for test_gpio_init
    main.o(.text.setup_peripherals) refers to uart_golden_dut.o(.text.uart_DUT_init) for uart_DUT_init
    main.o(.ARM.exidx.text.setup_peripherals) refers to main.o(.text.setup_peripherals) for [Anonymous Symbol]
    main.o(.ARM.exidx.text.on_lle_init) refers to main.o(.text.on_lle_init) for [Anonymous Symbol]
    main.o(.text.app_main) refers to peripheral_sysctrl.o(.text.SYSCTRL_Init) for SYSCTRL_Init
    main.o(.text.app_main) refers to rf_test.o(.text.evk_config_init) for evk_config_init
    main.o(.text.app_main) refers to uart_ota.o(.text.uart_buner_start) for uart_buner_start
    main.o(.text.app_main) refers to uart_ota.o(.text.uart_buner_rx_data) for uart_buner_rx_data
    main.o(.text.app_main) refers to uart_driver.o(.text.uart_driver_init) for uart_driver_init
    main.o(.text.app_main) refers to uart_driver.o(.text.setup_uart1) for setup_uart1
    main.o(.text.app_main) refers to main.o(.rodata.evt_cb_table) for evt_cb_table
    main.o(.text.app_main) refers to main.o(.text.setup_peripherals) for setup_peripherals
    main.o(.text.app_main) refers to main.o(.bss.trace_ctx) for trace_ctx
    main.o(.text.app_main) refers to trace.o(.text.trace_rtt_init) for trace_rtt_init
    main.o(.text.app_main) refers to noos_impl.o(.text.os_impl_get_driver) for os_impl_get_driver
    main.o(.ARM.exidx.text.app_main) refers to main.o(.text.app_main) for [Anonymous Symbol]
    main.o(.text.cb_hard_fault) refers to main.o(.rodata.str1.1) for .L.str
    main.o(.ARM.exidx.text.cb_hard_fault) refers to main.o(.text.cb_hard_fault) for [Anonymous Symbol]
    main.o(.text.cb_assertion) refers to main.o(.rodata.str1.1) for .L.str.1
    main.o(.ARM.exidx.text.cb_assertion) refers to main.o(.text.cb_assertion) for [Anonymous Symbol]
    main.o(.text.cb_heap_out_of_mem) refers to main.o(.rodata.str1.1) for .L.str.2
    main.o(.ARM.exidx.text.cb_heap_out_of_mem) refers to main.o(.text.cb_heap_out_of_mem) for [Anonymous Symbol]
    main.o(.rodata.evt_cb_table) refers to main.o(.text.cb_putc) for cb_putc
    main.o(.rodata.evt_cb_table) refers to profile.o(.text.setup_profile) for setup_profile
    main.o(.rodata.evt_cb_table) refers to main.o(.text.cb_hard_fault) for cb_hard_fault
    main.o(.rodata.evt_cb_table) refers to main.o(.text.cb_assertion) for cb_assertion
    main.o(.rodata.evt_cb_table) refers to main.o(.text.on_lle_init) for on_lle_init
    main.o(.rodata.evt_cb_table) refers to main.o(.text.cb_heap_out_of_mem) for cb_heap_out_of_mem
    main.o(.rodata.evt_cb_table) refers to trace.o(.text.cb_trace_rtt) for cb_trace_rtt
    main.o(.rodata.evt_cb_table) refers to main.o(.bss.trace_ctx) for trace_ctx
    profile.o(.text.setup_profile) refers to profile.o(.rodata.str1.1) for .L.str
    profile.o(.text.setup_profile) refers to profile.o(.text.att_read_callback) for att_read_callback
    profile.o(.text.setup_profile) refers to profile.o(.text.att_write_callback) for att_write_callback
    profile.o(.text.setup_profile) refers to profile.o(.bss.hci_event_callback_registration) for hci_event_callback_registration
    profile.o(.text.setup_profile) refers to profile.o(.text.user_packet_handler) for user_packet_handler
    profile.o(.ARM.exidx.text.setup_profile) refers to profile.o(.text.setup_profile) for [Anonymous Symbol]
    profile.o(.ARM.exidx.text.att_read_callback) refers to profile.o(.text.att_read_callback) for [Anonymous Symbol]
    profile.o(.ARM.exidx.text.att_write_callback) refers to profile.o(.text.att_write_callback) for [Anonymous Symbol]
    profile.o(.text.user_packet_handler) refers to profile.o(.text.hci_event_packet_get_type) for hci_event_packet_get_type
    profile.o(.text.user_packet_handler) refers to profile.o(.text.btstack_event_state_get_state) for btstack_event_state_get_state
    profile.o(.text.user_packet_handler) refers to profile.o(.rodata.user_packet_handler.rand_addr) for user_packet_handler.rand_addr
    profile.o(.text.user_packet_handler) refers to profile.o(.text.setup_adv) for setup_adv
[...]
    [Anonymous Symbol]                       0x000262c4   Section        0  trace.o(.text.SEGGER_RTT_GetAvailWriteSpace)
    [Anonymous Symbol]                       0x000262e8   Section        0  trace.o(.text.SEGGER_RTT_Init)
    [Anonymous Symbol]                       0x000262f0   Section        0  trace.o(.text.SEGGER_RTT_Write)
    [Anonymous Symbol]                       0x00026338   Section        0  trace.o(.text.SEGGER_RTT_WriteNoLock)
    [Anonymous Symbol]                       0x000263e8   Section        0  peripheral_sysctrl.o(.text.SYSCTRL_ClearClkGateMulti)
    [Anonymous Symbol]                       0x00026400   Section        0  peripheral_sysctrl.o(.text.SYSCTRL_Init)
    [Anonymous Symbol]                       0x00026404   Section        0  peripheral_uart.o(.text.UART_SendData)
    _DoInit                                  0x00026419   Thumb Code   144  trace.o(.text._DoInit)
    [Anonymous Symbol]                       0x00026418   Section        0  trace.o(.text._DoInit)
    _GetAvailWriteSpace                      0x000264a9   Thumb Code    62  trace.o(.text._GetAvailWriteSpace)
    [Anonymous Symbol]                       0x000264a8   Section        0  trace.o(.text._GetAvailWriteSpace)
    _WriteBlocking                           0x000264e9   Thumb Code   220  trace.o(.text._WriteBlocking)
    [Anonymous Symbol]                       0x000264e8   Section        0  trace.o(.text._WriteBlocking)
    _WriteNoCheck                            0x000265c5   Thumb Code   120  trace.o(.text._WriteNoCheck)
    [Anonymous Symbol]                       0x000265c4   Section        0  trace.o(.text._WriteNoCheck)
    [Anonymous Symbol]                       0x0002663c   Section        0  peripheral_uart.o(.text.apUART_BaudRateSet)
    [Anonymous Symbol]                       0x000266bc   Section        0  peripheral_uart.o(.text.apUART_Check_RXFIFO_EMPTY)
    [Anonymous Symbol]                       0x000266cc   Section        0  peripheral_uart.o(.text.apUART_Check_TXFIFO_FULL)
    [Anonymous Symbol]                       0x000266dc   Section        0  peripheral_uart.o(.text.apUART_Get_all_raw_int_stat)
    [Anonymous Symbol]                       0x000266e8   Section        0  peripheral_uart.o(.text.apUART_Initialize)
    [Anonymous Symbol]                       0x00026794   Section        0  main.o(.text.app_main)
    append_data                              0x000267ed   Thumb Code    92  uart_ota.o(.text.append_data)
    [Anonymous Symbol]                       0x000267ec   Section        0  uart_ota.o(.text.append_data)
    att_read_callback                        0x00026849   Thumb Code    32  profile.o(.text.att_read_callback)
    [Anonymous Symbol]                       0x00026848   Section        0  profile.o(.text.att_read_callback)
    att_write_callback                       0x00026869   Thumb Code    38  profile.o(.text.att_write_callback)
    [Anonymous Symbol]                       0x00026868   Section        0  profile.o(.text.att_write_callback)
    btstack_event_state_get_state            0x00026891   Thumb Code    12  profile.o(.text.btstack_event_state_get_state)
    [Anonymous Symbol]                       0x00026890   Section        0  profile.o(.text.btstack_event_state_get_state)
    burn_ctrl_restart                        0x0002689d   Thumb Code    18  uart_ota.o(.text.burn_ctrl_restart)
    [Anonymous Symbol]                       0x0002689c   Section        0  uart_ota.o(.text.burn_ctrl_restart)
    cb_assertion                             0x000268b1   Thumb Code    30  main.o(.text.cb_assertion)
    [Anonymous Symbol]                       0x000268b0   Section        0  main.o(.text.cb_assertion)
    cb_hard_fault                            0x000268d1   Thumb Code    86  main.o(.text.cb_hard_fault)
    [Anonymous Symbol]                       0x000268d0   Section        0  main.o(.text.cb_hard_fault)
    cb_heap_out_of_mem                       0x00026929   Thumb Code    26  main.o(.text.cb_heap_out_of_mem)
    [Anonymous Symbol]                       0x00026928   Section        0  main.o(.text.cb_heap_out_of_mem)
    [Anonymous Symbol]                       0x00026944   Section        0  main.o(.text.cb_putc)
    [Anonymous Symbol]                       0x00026974   Section        0  trace.o(.text.cb_trace_rtt)
    [Anonymous Symbol]                       0x000269f4   Section        0  uart_ota.o(.text.check_crc16)
    [Anonymous Symbol]                       0x00026a64   Section        0  uart_ota.o(.text.check_crc16_918)
    [Anonymous Symbol]                       0x00026ad4   Section        0  uart_ota.o(.text.cmd_uart_ack)
    [Anonymous Symbol]                       0x00026ae4   Section        0  uart_ota.o(.text.cmd_uart_burn_lock)
    [Anonymous Symbol]                       0x00026af4   Section        0  uart_ota.o(.text.cmd_uart_burn_sart)
    [Anonymous Symbol]                       0x00026b24   Section        0  uart_ota.o(.text.cmd_uart_burn_ulk)
    [Anonymous Symbol]                       0x00026b34   Section        0  uart_ota.o(.text.cmd_uart_nack)
    [Anonymous Symbol]                       0x00026b44   Section        0  uart_ota.o(.text.cmd_uart_unknow_cmd)
    config_comm_uart                         0x00026b55   Thumb Code    90  uart_driver.o(.text.config_comm_uart)
    [Anonymous Symbol]                       0x00026b54   Section        0  uart_driver.o(.text.config_comm_uart)
    [Anonymous Symbol]                       0x00026bb0   Section        0  uart_driver.o(.text.driver_append_tx_data)
    [Anonymous Symbol]                       0x00026cb0   Section        0  uart_driver.o(.text.driver_trigger_output)
    dummy_event_create                       0x00026cc9   Thumb Code    16  noos_impl.o(.text.dummy_event_create)
    [Anonymous Symbol]                       0x00026cc8   Section        0  noos_impl.o(.text.dummy_event_create)
    dummy_event_set                          0x00026cd9   Thumb Code     8  noos_impl.o(.text.dummy_event_set)
    [Anonymous Symbol]                       0x00026cd8   Section        0  noos_impl.o(.text.dummy_event_set)
    dummy_event_wait                         0x00026ce1   Thumb Code    10  noos_impl.o(.text.dummy_event_wait)
    [Anonymous Symbol]                       0x00026ce0   Section        0  noos_impl.o(.text.dummy_event_wait)
    enter_critical                           0x00026ced   Thumb Code    18  noos_impl.o(.text.enter_critical)
    [Anonymous Symbol]                       0x00026cec   Section        0  noos_impl.o(.text.enter_critical)
    [Anonymous Symbol]                       0x00026d00   Section        0  rf_test.o(.text.evk_config_init)
    [Anonymous Symbol]                       0x00026d18   Section        0  flash_fun.o(.text.flash_read)
    [Anonymous Symbol]                       0x00026d7c   Section        0  rf_test.o(.text.get_evk_config)
    [Anonymous Symbol]                       0x00026d88   Section        0  uart_ota.o(.text.handle_command)
    hci_event_command_complete_get_command_opcode 0x00026e3d   Thumb Code    14  profile.o(.text.hci_event_command_complete_get_command_opcode)
    [Anonymous Symbol]                       0x00026e3c   Section        0  profile.o(.text.hci_event_command_complete_get_command_opcode)
    hci_event_le_meta_get_subevent_code      0x00026e4d   Thumb Code    12  profile.o(.text.hci_event_le_meta_get_subevent_code)
    [Anonymous Symbol]                       0x00026e4c   Section        0  profile.o(.text.hci_event_le_meta_get_subevent_code)
    hci_event_packet_get_type                0x00026e59   Thumb Code    12  profile.o(.text.hci_event_packet_get_type)
    [Anonymous Symbol]                       0x00026e58   Section        0  profile.o(.text.hci_event_packet_get_type)
    hci_event_packet_get_user_msg            0x00026e65   Thumb Code    12  profile.o(.text.hci_event_packet_get_user_msg)
    [Anonymous Symbol]                       0x00026e64   Section        0  profile.o(.text.hci_event_packet_get_user_msg)
    idle_process                             0x00026e71   Thumb Code     2  noos_impl.o(.text.idle_process)
    [Anonymous Symbol]                       0x00026e70   Section        0  noos_impl.o(.text.idle_process)
    leave_critical                           0x00026e75   Thumb Code    28  noos_impl.o(.text.leave_critical)
    [Anonymous Symbol]                       0x00026e74   Section        0  noos_impl.o(.text.leave_critical)
    [Anonymous Symbol]                       0x00026e90   Section        0  noos_impl.o(.text.noos_start)
    [Anonymous Symbol]                       0x00026ebc   Section        0  main.o(.text.on_lle_init)
    [Anonymous Symbol]                       0x00026ec8   Section        0  noos_impl.o(.text.os_impl_get_driver)
    [Anonymous Symbol]                       0x00026ed4   Section        0  noos_impl.o(.text.pendsv_isr)
    queue_create                             0x00026ed9   Thumb Code    46  noos_impl.o(.text.queue_create)
    [Anonymous Symbol]                       0x00026ed8   Section        0  noos_impl.o(.text.queue_create)
    queue_recv_msg                           0x00026f09   Thumb Code    90  noos_impl.o(.text.queue_recv_msg)
    [Anonymous Symbol]                       0x00026f08   Section        0  noos_impl.o(.text.queue_recv_msg)
    queue_send_msg                           0x00026f65   Thumb Code    70  noos_impl.o(.text.queue_send_msg)
    [Anonymous Symbol]                       0x00026f64   Section        0  noos_impl.o(.text.queue_send_msg)
    setup_adv                                0x00026fad   Thumb Code   100  profile.o(.text.setup_adv)
    [Anonymous Symbol]                       0x00026fac   Section        0  profile.o(.text.setup_adv)
    [Anonymous Symbol]                       0x00027010   Section        0  main.o(.text.setup_peripherals)
    [Anonymous Symbol]                       0x00027020   Section        0  profile.o(.text.setup_profile)
    [Anonymous Symbol]                       0x0002706c   Section        0  uart_driver.o(.text.setup_uart1)
    [Anonymous Symbol]                       0x000270d8   Section        0  noos_impl.o(.text.svc_isr)
    task_create                              0x000270dd   Thumb Code    72  noos_impl.o(.text.task_create)
    [Anonymous Symbol]                       0x000270dc   Section        0  noos_impl.o(.text.task_create)
    [Anonymous Symbol]                       0x00027124   Section        0  pulse_test_gpio.o(.text.test_gpio_init)
    [Anonymous Symbol]                       0x00027188   Section        0  noos_impl.o(.text.tick_isr)
    timer_cb                                 0x0002718d   Thumb Code    78  noos_impl.o(.text.timer_cb)
    [Anonymous Symbol]                       0x0002718c   Section        0  noos_impl.o(.text.timer_cb)
    timer_cb_0                               0x000271dd   Thumb Code    10  noos_impl.o(.text.timer_cb_0)
    [Anonymous Symbol]                       0x000271dc   Section        0  noos_impl.o(.text.timer_cb_0)
    timer_cb_1                               0x000271e9   Thumb Code    10  noos_impl.o(.text.timer_cb_1)
    [Anonymous Symbol]                       0x000271e8   Section        0  noos_impl.o(.text.timer_cb_1)
    timer_cb_2                               0x000271f5   Thumb Code    10  noos_impl.o(.text.timer_cb_2)
    [Anonymous Symbol]                       0x000271f4   Section        0  noos_impl.o(.text.timer_cb_2)
    timer_cb_3                               0x00027201   Thumb Code    10  noos_impl.o(.text.timer_cb_3)
    [Anonymous Symbol]                       0x00027200   Section        0  noos_impl.o(.text.timer_cb_3)
    timer_cb_4                               0x0002720d   Thumb Code    10  noos_impl.o(.text.timer_cb_4)
    [Anonymous Symbol]                       0x0002720c   Section        0  noos_impl.o(.text.timer_cb_4)
    timer_cb_5                               0x00027219   Thumb Code    10  noos_impl.o(.text.timer_cb_5)
    [Anonymous Symbol]                       0x00027218   Section        0  noos_impl.o(.text.timer_cb_5)
    timer_cb_6                               0x00027225   Thumb Code    10  noos_impl.o(.text.timer_cb_6)
    [Anonymous Symbol]                       0x00027224   Section        0  noos_impl.o(.text.timer_cb_6)
    timer_cb_7                               0x00027231   Thumb Code    10  noos_impl.o(.text.timer_cb_7)
    [Anonymous Symbol]                       0x00027230   Section        0  noos_impl.o(.text.timer_cb_7)
    timer_create                             0x0002723d   Thumb Code   192  noos_impl.o(.text.timer_create)
    [Anonymous Symbol]                       0x0002723c   Section        0  noos_impl.o(.text.timer_create)
    timer_delete                             0x000272fd   Thumb Code    32  noos_impl.o(.text.timer_delete)
    [Anonymous Symbol]                       0x000272fc   Section        0  noos_impl.o(.text.timer_delete)
    timer_start                              0x0002731d   Thumb Code    24  noos_impl.o(.text.timer_start)
    [Anonymous Symbol]                       0x0002731c   Section        0  noos_impl.o(.text.timer_start)
    timer_stop                               0x00027335   Thumb Code    24  noos_impl.o(.text.timer_stop)
    [Anonymous Symbol]                       0x00027334   Section        0  noos_impl.o(.text.timer_stop)
    [Anonymous Symbol]                       0x0002734c   Section        0  trace.o(.text.trace_rtt_init)
    [Anonymous Symbol]                       0x0002735c   Section        0  uart_golden_dut.o(.text.uart_DUT_init)
    [Anonymous Symbol]                       0x000273d4   Section        0  uart_driver.o(.text.uart_add_buffer)
    [Anonymous Symbol]                       0x00027440   Section        0  uart_ota.o(.text.uart_buner_rx_data)
    [Anonymous Symbol]                       0x000274c8   Section        0  uart_ota.o(.text.uart_buner_start)
    uart_buner_task_entry                    0x00027509   Thumb Code  2374  uart_ota.o(.text.uart_buner_task_entry)
    [Anonymous Symbol]                       0x00027508   Section        0  uart_ota.o(.text.uart_buner_task_entry)
    uart_buner_tx_data                       0x00027e51   Thumb Code    56  uart_ota.o(.text.uart_buner_tx_data)
    [Anonymous Symbol]                       0x00027e50   Section        0  uart_ota.o(.text.uart_buner_tx_data)
    [Anonymous Symbol]                       0x00027e88   Section        0  uart_driver.o(.text.uart_driver_init)
    [Anonymous Symbol]                       0x00027ef0   Section        0  uart_driver.o(.text.uart_driver_isr)
    [Anonymous Symbol]                       0x00027fc4   Section        0  uart_driver.o(.text.uart_driver_task)
    [Anonymous Symbol]                       0x00028030   Section        0  uart_golden_dut.o(.text.uart_dut_isr)
    uart_event_set                           0x000281b9   Thumb Code    44  uart_ota.o(.text.uart_event_set)
    [Anonymous Symbol]                       0x000281b8   Section        0  uart_ota.o(.text.uart_event_set)
    [Anonymous Symbol]                       0x000281e4   Section        0  uart_golden_dut.o(.text.uart_golden_process)
    user_msg_handler                         0x000281f1   Thumb Code    16  profile.o(.text.user_msg_handler)
    [Anonymous Symbol]                       0x000281f0   Section        0  profile.o(.text.user_msg_handler)
    user_packet_handler                      0x00028201   Thumb Code   232  profile.o(.text.user_packet_handler)
    [Anonymous Symbol]                       0x00028200   Section        0  profile.o(.text.user_packet_handler)
    i.__scatterload_copy                     0x000282e8   Section       14  handlers.o(i.__scatterload_copy)
    i.__scatterload_null                     0x000282f6   Section        2  handlers.o(i.__scatterload_null)
    i.__scatterload_zeroinit                 0x000282f8   Section       14  handlers.o(i.__scatterload_zeroinit)
    i.free                                   0x00028308   Section        0  malloc.o(i.free)
    i.malloc                                 0x00028358   Section        0  malloc.o(i.malloc)
    adv_data                                 0x000283c4   Data          15  profile.o(.rodata.adv_data)
    [Anonymous Symbol]                       0x000283c4   Section        0  profile.o(.rodata.adv_data)
    adv_sets_en                              0x000283d4   Data           6  profile.o(.rodata.adv_sets_en)
    [Anonymous Symbol]                       0x000283d4   Section        0  profile.o(.rodata.adv_sets_en)
    cmds                                     0x000287dc   Data          40  uart_ota.o(.rodata.cmds)
    [Anonymous Symbol]                       0x000287dc   Section        0  uart_ota.o(.rodata.cmds)
    cmds_918                                 0x00028804   Data          40  uart_ota.o(.rodata.cmds_918)
    [Anonymous Symbol]                       0x00028804   Section        0  uart_ota.o(.rodata.cmds_918)
    driver                                   0x0002882c   Data          76  noos_impl.o(.rodata.driver)
    [Anonymous Symbol]                       0x0002882c   Section        0  noos_impl.o(.rodata.driver)
    evt_cb_table                             0x00028878   Data         112  main.o(.rodata.evt_cb_table)
    [Anonymous Symbol]                       0x00028878   Section        0  main.o(.rodata.evt_cb_table)
    profile_data                             0x000288e8   Data           2  profile.o(.rodata.profile_data)
    [Anonymous Symbol]                       0x000288e8   Section        0  profile.o(.rodata.profile_data)
    scan_data                                0x000288ea   Data           1  profile.o(.rodata.scan_data)
    [Anonymous Symbol]                       0x000288ea   Section        0  profile.o(.rodata.scan_data)
    .L.str                                   0x000288eb   Data         108  main.o(.rodata.str1.1)
    [Anonymous Symbol]                       0x000288eb   Section        0  main.o(.rodata.str1.1)
    .L.str.2                                 0x00028957   Data          12  main.o(.rodata.str1.1)
    .L.str.1                                 0x00028963   Data          21  main.o(.rodata.str1.1)
    .L.str                                   0x00028978   Data          15  profile.o(.rodata.str1.1)
    [Anonymous Symbol]                       0x00028978   Section        0  profile.o(.rodata.str1.1)
    .L.str                                   0x00028987   Data          12  noos_impl.o(.rodata.str1.1)
    [Anonymous Symbol]                       0x00028987   Section        0  noos_impl.o(.rodata.str1.1)
    .L.str                                   0x00028993   Data          42  uart_golden_dut.o(.rodata.str1.1)
    [Anonymous Symbol]                       0x00028993   Section        0  uart_golden_dut.o(.rodata.str1.1)
    .L.str.1                                 0x000289bd   Data          11  uart_golden_dut.o(.rodata.str1.1)
    .L.str.14                                0x000289c8   Data          15  uart_ota.o(.rodata.str1.1)
    [Anonymous Symbol]                       0x000289c8   Section        0  uart_ota.o(.rodata.str1.1)
    .L.str.30                                0x000289d7   Data          19  uart_ota.o(.rodata.str1.1)
    .L.str.10                                0x000289ea   Data          17  uart_ota.o(.rodata.str1.1)
    .L.str.15                                0x000289fb   Data          22  uart_ota.o(.rodata.str1.1)
    .L.str.27                                0x00028a11   Data          16  uart_ota.o(.rodata.str1.1)
    .L.str.21                                0x00028a21   Data          16  uart_ota.o(.rodata.str1.1)
    .L.str.28                                0x00028a31   Data           7  uart_ota.o(.rodata.str1.1)
    .L.str.29                                0x00028a38   Data          15  uart_ota.o(.rodata.str1.1)
    .L.str.23                                0x00028a47   Data          17  uart_ota.o(.rodata.str1.1)
    .L.str.11                                0x00028a58   Data          30  uart_ota.o(.rodata.str1.1)
    .L.str                                   0x00028a76   Data          19  uart_ota.o(.rodata.str1.1)
    .L.str.8                                 0x00028a7c   Data          13  uart_ota.o(.rodata.str1.1)
    .L.str.13                                0x00028a89   Data          14  uart_ota.o(.rodata.str1.1)
    .L.str.18                                0x00028a97   Data          15  uart_ota.o(.rodata.str1.1)
    .L.str.17                                0x00028aa6   Data          12  uart_ota.o(.rodata.str1.1)
    .L.str.9                                 0x00028ab2   Data          16  uart_ota.o(.rodata.str1.1)
    .L.str.19                                0x00028afe   Data           8  uart_ota.o(.rodata.str1.1)
    .L.str.22                                0x00028b06   Data           8  uart_ota.o(.rodata.str1.1)
    .L.str.26                                0x00028b0e   Data           8  uart_ota.o(.rodata.str1.1)
    .L.str.12                                0x00028b16   Data           8  uart_ota.o(.rodata.str1.1)
    .L.str.25                                0x00028b1e   Data           8  uart_ota.o(.rodata.str1.1)
    .L.str.31                                0x00028b26   Data           8  uart_ota.o(.rodata.str1.1)
    .L.str.20                                0x00028b2e   Data           8  uart_ota.o(.rodata.str1.1)
    .L.str.1                                 0x00028b36   Data           6  uart_ota.o(.rodata.str1.1)
    .L.str.24                                0x00028b3c   Data           8  uart_ota.o(.rodata.str1.1)
    .L.str.16                                0x00028b44   Data           8  uart_ota.o(.rodata.str1.1)
    .L.str.1                                 0x00028b4c   Data          28  uart_driver.o(.rodata.str1.1)
    [Anonymous Symbol]                       0x00028b4c   Section        0  uart_driver.o(.rodata.str1.1)
    .L.str                                   0x00028b68   Data           5  uart_driver.o(.rodata.str1.1)
    .L.str                                   0x00028b6d   Data          26  trace.o(.rodata.str1.1)
    .L.str.8                                 0x00028b6d   Data           7  trace.o(.rodata.str1.1)
    [Anonymous Symbol]                       0x00028b6d   Section        0  trace.o(.rodata.str1.1)
    .L.str.7                                 0x00028b74   Data           4  trace.o(.rodata.str1.1)
    .L.str.6                                 0x00028b78   Data           9  trace.o(.rodata.str1.1)
    user_packet_handler.rand_addr            0x00028b81   Data           6  profile.o(.rodata.user_packet_handler.rand_addr)
    [Anonymous Symbol]                       0x00028b81   Section        0  profile.o(.rodata.user_packet_handler.rand_addr)
    .L.str.1                                 0x00028b87   Data           6  trace.o(.rodata.str1.1)
    .L.str.2                                 0x00028b8d   Data          10  trace.o(.rodata.str1.1)
    .L.str.3                                 0x00028b97   Data          10  trace.o(.rodata.str1.1)
    .L.str.4                                 0x00028ba1   Data          10  trace.o(.rodata.str1.1)
    .L.str.5                                 0x00028bab   Data          10  trace.o(.rodata.str1.1)
    .data                                    0x20000ce0   Section        4  mvars.o(.data)
    .data                                    0x20000ce4   Section        4  mvars.o(.data)
    _acDownBuffer                            0x20002fd8   Data          16  trace.o(.bss._acDownBuffer)
    [Anonymous Symbol]                       0x20002fd8   Section        0  trace.o(.bss._acDownBuffer)
    _acUpBuffer                              0x20002fe8   Data         500  trace.o(.bss._acUpBuffer)
    [Anonymous Symbol]                       0x20002fe8   Section        0  trace.o(.bss._acUpBuffer)
    cmd_event                                0x200031dc   Data           4  uart_ota.o(.bss.cmd_event)
    [Anonymous Symbol]                       0x200031dc   Section        0  uart_ota.o(.bss.cmd_event)
    ctx                                      0x200031f4   Data         156  uart_driver.o(.bss.ctx)
    [Anonymous Symbol]                       0x200031f4   Section        0  uart_driver.o(.bss.ctx)
    evk_ota                                  0x20003298   Data           4  uart_ota.o(.bss.evk_ota)
    [Anonymous Symbol]                       0x20003298   Section        0  uart_ota.o(.bss.evk_ota)
    handle_cnt                               0x2000329c   Data           4  noos_impl.o(.bss.handle_cnt)
    [Anonymous Symbol]                       0x2000329c   Section        0  noos_impl.o(.bss.handle_cnt)
    hci_event_callback_registration          0x200032a0   Data           8  profile.o(.bss.hci_event_callback_registration)
    [Anonymous Symbol]                       0x200032a0   Section        0  profile.o(.bss.hci_event_callback_registration)
    host_entry                               0x200032a8   Data           4  noos_impl.o(.bss.host_entry)
    [Anonymous Symbol]                       0x200032a8   Section        0  noos_impl.o(.bss.host_entry)
    host_param                               0x200032ac   Data           4  noos_impl.o(.bss.host_param)
    [Anonymous Symbol]                       0x200032ac   Section        0  noos_impl.o(.bss.host_param)
    int_lock_cnt                             0x20003430   Data           4  noos_impl.o(.bss.int_lock_cnt)
    [Anonymous Symbol]                       0x20003430   Section        0  noos_impl.o(.bss.int_lock_cnt)
    recive_len                               0x20003434   Data           2  uart_golden_dut.o(.bss.recive_len)
    [Anonymous Symbol]                       0x20003434   Section        0  uart_golden_dut.o(.bss.recive_len)
    uart_golden_buff                         0x20003437   Data         256  uart_golden_dut.o(.bss.uart_golden_buff)
    [Anonymous Symbol]                       0x20003437   Section        0  uart_golden_dut.o(.bss.uart_golden_buff)
    HEAP                                     0x20003538   Section        0  startup_ing91800.o(HEAP)
    STACK                                    0x20003538   Section     1024  startup_ing91800.o(STACK)

    Global Symbols

    Symbol Name                              Value     Ov Type        Size  Object(Section)

    BuildAttributes$$THM_ISAv4$P$D$K$B$S$PE$A:L22UL41UL21$X:L11$S22US41US21$IEEE1$IW$~IW$USESV6$~STKCKD$USESV7$~SHL$OTIME$ROPI$EBA8$MICROLIB$REQ8$PRES8$EABIv2 0x00000000   Number         0  anon$$obj.o ABSOLUTE
    __cpp_initialize__aeabi_                  - Undefined Weak Reference
    __cxa_finalize                            - Undefined Weak Reference
    _clock_init                               - Undefined Weak Reference
    _microlib_exit                            - Undefined Weak Reference
    platform_call_on_stack                   0x000040ef   Thumb Code     0  symdefs.m ABSOLUTE
    att_dispatch_client_can_send_now         0x000057c9   Thumb Code     0  symdefs.m ABSOLUTE
    att_dispatch_client_request_can_send_now_event 0x000057cf   Thumb Code     0  symdefs.m ABSOLUTE
    att_dispatch_register_client             0x000057d5   Thumb Code     0  symdefs.m ABSOLUTE
    att_dispatch_register_server             0x000057e9   Thumb Code     0  symdefs.m ABSOLUTE
    att_dispatch_server_can_send_now         0x000057fd   Thumb Code     0  symdefs.m ABSOLUTE
    att_dispatch_server_request_can_send_now_event 0x00005803   Thumb Code     0  symdefs.m ABSOLUTE
    att_emit_general_event                   0x000058b5   Thumb Code     0  symdefs.m ABSOLUTE
    att_server_can_send_packet_now           0x00006019   Thumb Code     0  symdefs.m ABSOLUTE
    att_server_deferred_read_response        0x0000601d   Thumb Code     0  symdefs.m ABSOLUTE
    att_server_get_mtu                       0x00006035   Thumb Code     0  symdefs.m ABSOLUTE
    att_server_indicate                      0x000060ad   Thumb Code     0  symdefs.m ABSOLUTE
    att_server_init                          0x00006131   Thumb Code     0  symdefs.m ABSOLUTE
    att_server_notify                        0x0000616d   Thumb Code     0  symdefs.m ABSOLUTE
    att_server_register_packet_handler       0x00006285   Thumb Code     0  symdefs.m ABSOLUTE
    att_server_request_can_send_now_event    0x000062b7   Thumb Code     0  symdefs.m ABSOLUTE
    att_set_db                               0x000062d3   Thumb Code     0  symdefs.m ABSOLUTE
    att_set_read_callback                    0x000062e5   Thumb Code     0  symdefs.m ABSOLUTE
    att_set_write_callback                   0x000062f1   Thumb Code     0  symdefs.m ABSOLUTE
    bd_addr_cmp                              0x0000647b   Thumb Code     0  symdefs.m ABSOLUTE
    bd_addr_copy                             0x00006481   Thumb Code     0  symdefs.m ABSOLUTE
    bd_addr_to_str                           0x0000648d   Thumb Code     0  symdefs.m ABSOLUTE
    big_endian_read_16                       0x000064c5   Thumb Code     0  symdefs.m ABSOLUTE
    big_endian_read_32                       0x000064cd   Thumb Code     0  symdefs.m ABSOLUTE
    big_endian_store_16                      0x000064e1   Thumb Code     0  symdefs.m ABSOLUTE
    big_endian_store_32                      0x000064ed   Thumb Code     0  symdefs.m ABSOLUTE
    btstack_config                           0x00006625   Thumb Code     0  symdefs.m ABSOLUTE
    btstack_get_capabilities                 0x00006631   Thumb Code     0  symdefs.m ABSOLUTE
    btstack_memory_pool_create               0x0000678b   Thumb Code     0  symdefs.m ABSOLUTE
    btstack_memory_pool_free                 0x000067b5   Thumb Code     0  symdefs.m ABSOLUTE
    btstack_memory_pool_get                  0x00006815   Thumb Code     0  symdefs.m ABSOLUTE
    btstack_push_user_msg                    0x0000685d   Thumb Code     0  symdefs.m ABSOLUTE
    btstack_push_user_runnable               0x00006869   Thumb Code     0  symdefs.m ABSOLUTE
    btstack_reset                            0x00006875   Thumb Code     0  symdefs.m ABSOLUTE
    char_for_nibble                          0x00006b3d   Thumb Code     0  symdefs.m ABSOLUTE
    gap_add_dev_to_periodic_list             0x0000744d   Thumb Code     0  symdefs.m ABSOLUTE
    gap_add_whitelist                        0x0000745d   Thumb Code     0  symdefs.m ABSOLUTE
    gap_aes_encrypt                          0x00007469   Thumb Code     0  symdefs.m ABSOLUTE
    gap_clear_white_lists                    0x000074a1   Thumb Code     0  symdefs.m ABSOLUTE
    gap_clr_adv_set                          0x000074ad   Thumb Code     0  symdefs.m ABSOLUTE
    gap_clr_periodic_adv_list                0x000074b9   Thumb Code     0  symdefs.m ABSOLUTE
    gap_create_connection_cancel             0x000074c5   Thumb Code     0  symdefs.m ABSOLUTE
    gap_default_periodic_adv_sync_transfer_param 0x000074d1   Thumb Code     0  symdefs.m ABSOLUTE
    gap_disconnect                           0x000074e9   Thumb Code     0  symdefs.m ABSOLUTE
    gap_disconnect2                          0x000074f1   Thumb Code     0  symdefs.m ABSOLUTE
    gap_disconnect_all                       0x0000751d   Thumb Code     0  symdefs.m ABSOLUTE
    gap_ext_create_connection                0x0000755d   Thumb Code     0  symdefs.m ABSOLUTE
    gap_get_connection_parameter_range       0x00007635   Thumb Code     0  symdefs.m ABSOLUTE
    gap_le_read_channel_map                  0x0000766d   Thumb Code     0  symdefs.m ABSOLUTE
    gap_periodic_adv_create_sync             0x000076cd   Thumb Code     0  symdefs.m ABSOLUTE
    gap_periodic_adv_create_sync_cancel      0x000076f1   Thumb Code     0  symdefs.m ABSOLUTE
    gap_periodic_adv_set_info_transfer       0x000076fd   Thumb Code     0  symdefs.m ABSOLUTE
    gap_periodic_adv_sync_transfer           0x0000770d   Thumb Code     0  symdefs.m ABSOLUTE
    gap_periodic_adv_sync_transfer_param     0x0000771d   Thumb Code     0  symdefs.m ABSOLUTE
    gap_periodic_adv_term_sync               0x00007739   Thumb Code     0  symdefs.m ABSOLUTE
    gap_read_antenna_info                    0x000077c1   Thumb Code     0  symdefs.m ABSOLUTE
    gap_read_periodic_adv_list_size          0x000077cd   Thumb Code     0  symdefs.m ABSOLUTE
    gap_read_phy                             0x000077d9   Thumb Code     0  symdefs.m ABSOLUTE
    gap_read_remote_used_features            0x000077e5   Thumb Code     0  symdefs.m ABSOLUTE
    gap_read_remote_version                  0x000077f1   Thumb Code     0  symdefs.m ABSOLUTE
    gap_read_rssi                            0x000077fd   Thumb Code     0  symdefs.m ABSOLUTE
    gap_read_white_lists_size                0x00007809   Thumb Code     0  symdefs.m ABSOLUTE
    gap_remove_whitelist                     0x00007815   Thumb Code     0  symdefs.m ABSOLUTE
    gap_rmv_adv_set                          0x00007891   Thumb Code     0  symdefs.m ABSOLUTE
    gap_rmv_dev_from_periodic_list           0x0000789d   Thumb Code     0  symdefs.m ABSOLUTE
    gap_rx_test_v2                           0x000078ad   Thumb Code     0  symdefs.m ABSOLUTE
    gap_rx_test_v3                           0x000078bd   Thumb Code     0  symdefs.m ABSOLUTE
    gap_set_adv_set_random_addr              0x00007909   Thumb Code     0  symdefs.m ABSOLUTE
    gap_set_callback_for_next_hci            0x0000792d   Thumb Code     0  symdefs.m ABSOLUTE
    gap_set_connection_cte_request_enable    0x0000794d   Thumb Code     0  symdefs.m ABSOLUTE
    gap_set_connection_cte_response_enable   0x00007969   Thumb Code     0  symdefs.m ABSOLUTE
    gap_set_connection_cte_rx_param          0x00007979   Thumb Code     0  symdefs.m ABSOLUTE
    gap_set_connection_cte_tx_param          0x000079cd   Thumb Code     0  symdefs.m ABSOLUTE
    gap_set_connection_parameter_range       0x00007a19   Thumb Code     0  symdefs.m ABSOLUTE
    gap_set_connectionless_cte_tx_enable     0x00007a31   Thumb Code     0  symdefs.m ABSOLUTE
    gap_set_connectionless_cte_tx_param      0x00007a41   Thumb Code     0  symdefs.m ABSOLUTE
    gap_set_connectionless_iq_sampling_enable 0x00007a9d   Thumb Code     0  symdefs.m ABSOLUTE
    gap_set_data_length                      0x00007af9   Thumb Code     0  symdefs.m ABSOLUTE
    gap_set_def_phy                          0x00007b11   Thumb Code     0  symdefs.m ABSOLUTE
    gap_set_ext_adv_data                     0x00007b21   Thumb Code     0  symdefs.m ABSOLUTE
    gap_set_ext_adv_enable                   0x00007b39   Thumb Code     0  symdefs.m ABSOLUTE
    gap_set_ext_adv_para                     0x00007ba9   Thumb Code     0  symdefs.m ABSOLUTE
    gap_set_ext_scan_enable                  0x00007c71   Thumb Code     0  symdefs.m ABSOLUTE
    gap_set_ext_scan_para                    0x00007c89   Thumb Code     0  symdefs.m ABSOLUTE
    gap_set_ext_scan_response_data           0x00007d29   Thumb Code     0  symdefs.m ABSOLUTE
    gap_set_host_channel_classification      0x00007d41   Thumb Code     0  symdefs.m ABSOLUTE
    gap_set_periodic_adv_data                0x00007d51   Thumb Code     0  symdefs.m ABSOLUTE
    gap_set_periodic_adv_enable              0x00007dc1   Thumb Code     0  symdefs.m ABSOLUTE
    gap_set_periodic_adv_para                0x00007dd1   Thumb Code     0  symdefs.m ABSOLUTE
    gap_set_periodic_adv_rx_enable           0x00007de9   Thumb Code     0  symdefs.m ABSOLUTE
    gap_set_phy                              0x00007df9   Thumb Code     0  symdefs.m ABSOLUTE
    gap_set_random_device_address            0x00007e15   Thumb Code     0  symdefs.m ABSOLUTE
    gap_start_ccm                            0x00007e31   Thumb Code     0  symdefs.m ABSOLUTE
    gap_test_end                             0x00007e79   Thumb Code     0  symdefs.m ABSOLUTE
    gap_tx_test_v2                           0x00007e85   Thumb Code     0  symdefs.m ABSOLUTE
    gap_tx_test_v4                           0x00007e9d   Thumb Code     0  symdefs.m ABSOLUTE
    gap_update_connection_parameters         0x00007ec1   Thumb Code     0  symdefs.m ABSOLUTE
    gap_vendor_tx_continuous_wave            0x00007f05   Thumb Code     0  symdefs.m ABSOLUTE
    gatt_client_cancel_write                 0x000083cd   Thumb Code     0  symdefs.m ABSOLUTE
    gatt_client_discover_characteristic_descriptors 0x000083ef   Thumb Code     0  symdefs.m ABSOLUTE
    gatt_client_discover_characteristics_for_handle_range_by_uuid128 0x00008439   Thumb Code     0  symdefs.m ABSOLUTE
    gatt_client_discover_characteristics_for_handle_range_by_uuid16 0x0000847d   Thumb Code     0  symdefs.m ABSOLUTE
    gatt_client_discover_characteristics_for_service 0x000084bf   Thumb Code     0  symdefs.m ABSOLUTE
    gatt_client_discover_primary_services    0x000084f1   Thumb Code     0  symdefs.m ABSOLUTE
    gatt_client_discover_primary_services_by_uuid128 0x0000851f   Thumb Code     0  symdefs.m ABSOLUTE
    gatt_client_discover_primary_services_by_uuid16 0x0000855d   Thumb Code     0  symdefs.m ABSOLUTE
    gatt_client_exchange_mtu_request         0x00008595   Thumb Code     0  symdefs.m ABSOLUTE
    gatt_client_execute_write                0x000085c3   Thumb Code     0  symdefs.m ABSOLUTE
    gatt_client_find_included_services_for_service 0x000085e5   Thumb Code     0  symdefs.m ABSOLUTE
    gatt_client_get_mtu                      0x0000860f   Thumb Code     0  symdefs.m ABSOLUTE
    gatt_client_is_ready                     0x000086b9   Thumb Code     0  symdefs.m ABSOLUTE
    gatt_client_listen_for_characteristic_value_updates 0x000086cf   Thumb Code     0  symdefs.m ABSOLUTE
    gatt_client_prepare_write                0x000086f1   Thumb Code     0  symdefs.m ABSOLUTE
    gatt_client_read_characteristic_descriptor_using_descriptor_handle 0x00008729   Thumb Code     0  symdefs.m ABSOLUTE
    gatt_client_read_long_characteristic_descriptor_using_descriptor_handle 0x0000874f   Thumb Code     0  symdefs.m ABSOLUTE
    gatt_client_read_long_characteristic_descriptor_using_descriptor_handle_with_offset 0x00008755   Thumb Code     0  symdefs.m ABSOLUTE
    gatt_client_read_long_value_of_characteristic_using_value_handle 0x0000877f   Thumb Code     0  symdefs.m ABSOLUTE
    gatt_client_read_long_value_of_characteristic_using_value_handle_with_offset 0x00008785   Thumb Code     0  symdefs.m ABSOLUTE
    gatt_client_read_multiple_characteristic_values 0x000087af   Thumb Code     0  symdefs.m ABSOLUTE
    gatt_client_read_value_of_characteristic_using_value_handle 0x000087db   Thumb Code     0  symdefs.m ABSOLUTE
    gatt_client_read_value_of_characteristics_by_uuid128 0x00008805   Thumb Code     0  symdefs.m ABSOLUTE
    gatt_client_read_value_of_characteristics_by_uuid16 0x00008845   Thumb Code     0  symdefs.m ABSOLUTE
    gatt_client_register_handler             0x00008881   Thumb Code     0  symdefs.m ABSOLUTE
    gatt_client_reliable_write_long_value_of_characteristic 0x0000888d   Thumb Code     0  symdefs.m ABSOLUTE
    gatt_client_signed_write_without_response 0x00008cb5   Thumb Code     0  symdefs.m ABSOLUTE
    gatt_client_write_characteristic_descriptor_using_descriptor_handle 0x00008de9   Thumb Code     0  symdefs.m ABSOLUTE
    gatt_client_write_client_characteristic_configuration 0x00008e1b   Thumb Code     0  symdefs.m ABSOLUTE
    gatt_client_write_long_characteristic_descriptor_using_descriptor_handle 0x00008e73   Thumb Code     0  symdefs.m ABSOLUTE
    gatt_client_write_long_characteristic_descriptor_using_descriptor_handle_with_offset 0x00008e83   Thumb Code     0  symdefs.m ABSOLUTE
    gatt_client_write_long_value_of_characteristic 0x00008ebb   Thumb Code     0  symdefs.m ABSOLUTE
    gatt_client_write_long_value_of_characteristic_with_offset 0x00008ecb   Thumb Code     0  symdefs.m ABSOLUTE
    gatt_client_write_value_of_characteristic 0x00008f03   Thumb Code     0  symdefs.m ABSOLUTE
    gatt_client_write_value_of_characteristic_without_response 0x00008f31   Thumb Code     0  symdefs.m ABSOLUTE
    hci_add_event_handler                    0x0000a459   Thumb Code     0  symdefs.m ABSOLUTE
    hci_power_control                        0x0000ac01   Thumb Code     0  symdefs.m ABSOLUTE
    hci_register_acl_packet_handler          0x0000adb5   Thumb Code     0  symdefs.m ABSOLUTE
    kv_commit                                0x0000b521   Thumb Code     0  symdefs.m ABSOLUTE
    kv_get                                   0x0000b57d   Thumb Code     0  symdefs.m ABSOLUTE
    kv_init                                  0x0000b589   Thumb Code     0  symdefs.m ABSOLUTE
    kv_init_backend                          0x0000b609   Thumb Code     0  symdefs.m ABSOLUTE
    kv_put                                   0x0000b61d   Thumb Code     0  symdefs.m ABSOLUTE
    kv_remove                                0x0000b629   Thumb Code     0  symdefs.m ABSOLUTE
    kv_remove_all                            0x0000b661   Thumb Code     0  symdefs.m ABSOLUTE
    kv_value_modified                        0x0000b691   Thumb Code     0  symdefs.m ABSOLUTE
    kv_value_modified_of_key                 0x0000b6ad   Thumb Code     0  symdefs.m ABSOLUTE
    kv_visit                                 0x0000b6b9   Thumb Code     0  symdefs.m ABSOLUTE
    l2cap_add_event_handler                  0x0000b749   Thumb Code     0  symdefs.m ABSOLUTE
    l2cap_can_send_packet_now                0x0000b759   Thumb Code     0  symdefs.m ABSOLUTE
    l2cap_create_le_credit_based_connection_request 0x0000b915   Thumb Code     0  symdefs.m ABSOLUTE
    l2cap_credit_based_send                  0x0000ba59   Thumb Code     0  symdefs.m ABSOLUTE
    l2cap_credit_based_send_continue         0x0000ba85   Thumb Code     0  symdefs.m ABSOLUTE
    l2cap_disconnect                         0x0000bb01   Thumb Code     0  symdefs.m ABSOLUTE
    l2cap_get_le_credit_based_connection_credits 0x0000bd21   Thumb Code     0  symdefs.m ABSOLUTE
    l2cap_get_peer_mtu_for_local_cid         0x0000bd3d   Thumb Code     0  symdefs.m ABSOLUTE
    l2cap_init                               0x0000c0f5   Thumb Code     0  symdefs.m ABSOLUTE
    l2cap_le_send_flow_control_credit        0x0000c29d   Thumb Code     0  symdefs.m ABSOLUTE
    l2cap_max_le_mtu                         0x0000c599   Thumb Code     0  symdefs.m ABSOLUTE
    l2cap_register_packet_handler            0x0000c6c1   Thumb Code     0  symdefs.m ABSOLUTE
    l2cap_register_service                   0x0000c6cd   Thumb Code     0  symdefs.m ABSOLUTE
    l2cap_request_can_send_now_event         0x0000c7e1   Thumb Code     0  symdefs.m ABSOLUTE
    l2cap_request_connection_parameter_update 0x0000c7fb   Thumb Code     0  symdefs.m ABSOLUTE
    l2cap_send_echo_request                  0x0000ccc9   Thumb Code     0  symdefs.m ABSOLUTE
    l2cap_unregister_service                 0x0000cd89   Thumb Code     0  symdefs.m ABSOLUTE
    le_device_db_add                         0x0000cde1   Thumb Code     0  symdefs.m ABSOLUTE
    le_device_db_find                        0x0000ceb9   Thumb Code     0  symdefs.m ABSOLUTE
    le_device_db_from_key                    0x0000cee5   Thumb Code     0  symdefs.m ABSOLUTE
    le_device_db_iter_cur                    0x0000ceed   Thumb Code     0  symdefs.m ABSOLUTE
    le_device_db_iter_cur_key                0x0000cef1   Thumb Code     0  symdefs.m ABSOLUTE
    le_device_db_iter_init                   0x0000cef5   Thumb Code     0  symdefs.m ABSOLUTE
    le_device_db_iter_next                   0x0000cefd   Thumb Code     0  symdefs.m ABSOLUTE
    le_device_db_remove_key                  0x0000cf23   Thumb Code     0  symdefs.m ABSOLUTE
    ll_ackable_packet_alloc                  0x0000cf4f   Thumb Code     0  symdefs.m ABSOLUTE
    ll_ackable_packet_get_status             0x0000d081   Thumb Code     0  symdefs.m ABSOLUTE
    ll_ackable_packet_run                    0x0000d0f1   Thumb Code     0  symdefs.m ABSOLUTE
    ll_ackable_packet_set_tx_data            0x0000d18d   Thumb Code     0  symdefs.m ABSOLUTE
    ll_aes_encrypt                           0x0000d1a9   Thumb Code     0  symdefs.m ABSOLUTE
    ll_attach_cte_to_adv_set                 0x0000d225   Thumb Code     0  symdefs.m ABSOLUTE
    ll_channel_monitor_alloc                 0x0000d3bd   Thumb Code     0  symdefs.m ABSOLUTE
    ll_channel_monitor_check_each_pdu        0x0000d43f   Thumb Code     0  symdefs.m ABSOLUTE
    ll_channel_monitor_get_1st_pdu_time      0x0000d4ad   Thumb Code     0  symdefs.m ABSOLUTE
    ll_channel_monitor_run                   0x0000d4e5   Thumb Code     0  symdefs.m ABSOLUTE
    ll_config                                0x0000d599   Thumb Code     0  symdefs.m ABSOLUTE
    ll_free                                  0x0000d5cf   Thumb Code     0  symdefs.m ABSOLUTE
    ll_get_capabilities                      0x0000d5d9   Thumb Code     0  symdefs.m ABSOLUTE
    ll_get_heap_free_size                    0x0000d5f9   Thumb Code     0  symdefs.m ABSOLUTE
    ll_get_states                            0x0000d609   Thumb Code     0  symdefs.m ABSOLUTE
    ll_hint_on_ce_len                        0x0000d6c5   Thumb Code     0  symdefs.m ABSOLUTE
    ll_legacy_adv_set_interval               0x0000d6fd   Thumb Code     0  symdefs.m ABSOLUTE
    ll_lock_frequency                        0x0000d70d   Thumb Code     0  symdefs.m ABSOLUTE
    ll_malloc                                0x0000d771   Thumb Code     0  symdefs.m ABSOLUTE
    ll_query_timing_info                     0x0000d8a9   Thumb Code     0  symdefs.m ABSOLUTE
    ll_raw_packet_alloc                      0x0000d8f5   Thumb Code     0  symdefs.m ABSOLUTE
    ll_raw_packet_free                       0x0000d9c9   Thumb Code     0  symdefs.m ABSOLUTE
    ll_raw_packet_get_bare_rx_data           0x0000da01   Thumb Code     0  symdefs.m ABSOLUTE
    ll_raw_packet_get_iq_samples             0x0000dac7   Thumb Code     0  symdefs.m ABSOLUTE
    ll_raw_packet_get_rx_data                0x0000db61   Thumb Code     0  symdefs.m ABSOLUTE
    ll_raw_packet_recv                       0x0000dc01   Thumb Code     0  symdefs.m ABSOLUTE
    ll_raw_packet_send                       0x0000dcbd   Thumb Code     0  symdefs.m ABSOLUTE
    ll_raw_packet_set_bare_data              0x0000dda5   Thumb Code     0  symdefs.m ABSOLUTE
    ll_raw_packet_set_bare_mode              0x0000dde3   Thumb Code     0  symdefs.m ABSOLUTE
    ll_raw_packet_set_fake_cte_info          0x0000dee9   Thumb Code     0  symdefs.m ABSOLUTE
    ll_raw_packet_set_param                  0x0000df0b   Thumb Code     0  symdefs.m ABSOLUTE
    ll_raw_packet_set_rx_cte                 0x0000df69   Thumb Code     0  symdefs.m ABSOLUTE
    ll_raw_packet_set_tx_cte                 0x0000dfff   Thumb Code     0  symdefs.m ABSOLUTE
    ll_raw_packet_set_tx_data                0x0000e03d   Thumb Code     0  symdefs.m ABSOLUTE
    ll_register_hci_acl_previewer            0x0000e0a1   Thumb Code     0  symdefs.m ABSOLUTE
    ll_scan_set_fixed_channel                0x0000e105   Thumb Code     0  symdefs.m ABSOLUTE
    ll_scanner_enable_iq_sampling            0x0000e111   Thumb Code     0  symdefs.m ABSOLUTE
    ll_set_adv_access_address                0x0000e3c5   Thumb Code     0  symdefs.m ABSOLUTE
    ll_set_adv_coded_scheme                  0x0000e3d1   Thumb Code     0  symdefs.m ABSOLUTE
    ll_set_conn_acl_report_latency           0x0000e401   Thumb Code     0  symdefs.m ABSOLUTE
    ll_set_conn_coded_scheme                 0x0000e431   Thumb Code     0  symdefs.m ABSOLUTE
    ll_set_conn_interval_unit                0x0000e45d   Thumb Code     0  symdefs.m ABSOLUTE
    ll_set_conn_latency                      0x0000e469   Thumb Code     0  symdefs.m ABSOLUTE
    ll_set_conn_tx_power                     0x0000e499   Thumb Code     0  symdefs.m ABSOLUTE
    ll_set_def_antenna                       0x0000e4e1   Thumb Code     0  symdefs.m ABSOLUTE
    ll_set_initiating_coded_scheme           0x0000e4fd   Thumb Code     0  symdefs.m ABSOLUTE
    ll_set_max_conn_number                   0x0000e509   Thumb Code     0  symdefs.m ABSOLUTE
    ll_unlock_frequency                      0x0000e59d   Thumb Code     0  symdefs.m ABSOLUTE
    nibble_for_char                          0x0001fb55   Thumb Code     0  symdefs.m ABSOLUTE
    platform_calibrate_rt_clk                0x0001fbe1   Thumb Code     0  symdefs.m ABSOLUTE
    platform_cancel_us_timer                 0x0001fbe5   Thumb Code     0  symdefs.m ABSOLUTE
    platform_config                          0x0001fbf9   Thumb Code     0  symdefs.m ABSOLUTE
    platform_controller_run                  0x0001fd1d   Thumb Code     0  symdefs.m ABSOLUTE
    platform_create_us_timer                 0x0001fd51   Thumb Code     0  symdefs.m ABSOLUTE
    platform_delete_timer                    0x0001fd65   Thumb Code     0  symdefs.m ABSOLUTE
    platform_enable_irq                      0x0001fd6d   Thumb Code     0  symdefs.m ABSOLUTE
    platform_get_gen_os_driver               0x0001fda5   Thumb Code     0  symdefs.m ABSOLUTE
    platform_get_link_layer_interf           0x0001fdb1   Thumb Code     0  symdefs.m ABSOLUTE
    platform_get_task_handle                 0x0001fdb9   Thumb Code     0  symdefs.m ABSOLUTE
    platform_get_timer_counter               0x0001fdd1   Thumb Code     0  symdefs.m ABSOLUTE
    platform_get_us_time                     0x0001fdd5   Thumb Code     0  symdefs.m ABSOLUTE
    platform_get_version                     0x0001fdd9   Thumb Code     0  symdefs.m ABSOLUTE
    platform_hrng                            0x0001fde1   Thumb Code     0  symdefs.m ABSOLUTE
    platform_init_controller                 0x0001fde9   Thumb Code     0  symdefs.m ABSOLUTE
    platform_os_idle_resumed_hook            0x0001fe05   Thumb Code     0  symdefs.m ABSOLUTE
    platform_patch_rf_init_data              0x0001fe09   Thumb Code     0  symdefs.m ABSOLUTE
    platform_post_sleep_processing           0x0001fe15   Thumb Code     0  symdefs.m ABSOLUTE
    platform_pre_sleep_processing            0x0001fe1b   Thumb Code     0  symdefs.m ABSOLUTE
    platform_pre_suppress_ticks_and_sleep_processing 0x0001fe21   Thumb Code     0  symdefs.m ABSOLUTE
    platform_printf                          0x0001fe25   Thumb Code     0  symdefs.m ABSOLUTE
    platform_raise_assertion                 0x0001fe39   Thumb Code     0  symdefs.m ABSOLUTE
    platform_rand                            0x0001fe4d   Thumb Code     0  symdefs.m ABSOLUTE
    platform_read_info                       0x0001fe51   Thumb Code     0  symdefs.m ABSOLUTE
    platform_read_persistent_reg             0x0001fe81   Thumb Code     0  symdefs.m ABSOLUTE
    platform_reset                           0x0001fe91   Thumb Code     0  symdefs.m ABSOLUTE
    platform_rt_rc_auto_tune                 0x0001febd   Thumb Code     0  symdefs.m ABSOLUTE
    platform_rt_rc_auto_tune2                0x0001fec5   Thumb Code     0  symdefs.m ABSOLUTE
    platform_rt_rc_tune                      0x0001ff41   Thumb Code     0  symdefs.m ABSOLUTE
    platform_set_abs_timer                   0x0001ff65   Thumb Code     0  symdefs.m ABSOLUTE
    platform_set_evt_callback                0x0001ff69   Thumb Code     0  symdefs.m ABSOLUTE
    platform_set_evt_callback_table          0x0001ff7d   Thumb Code     0  symdefs.m ABSOLUTE
    platform_set_irq_callback                0x0001ff89   Thumb Code     0  symdefs.m ABSOLUTE
    platform_set_irq_callback_table          0x0001ffa5   Thumb Code     0  symdefs.m ABSOLUTE
    platform_set_rf_clk_source               0x0001ffb1   Thumb Code     0  symdefs.m ABSOLUTE
    platform_set_rf_init_data                0x0001ffbd   Thumb Code     0  symdefs.m ABSOLUTE
    platform_set_rf_power_mapping            0x0001ffc9   Thumb Code     0  symdefs.m ABSOLUTE
    platform_set_timer                       0x0001ffd5   Thumb Code     0  symdefs.m ABSOLUTE
    platform_shutdown                        0x0001ffd9   Thumb Code     0  symdefs.m ABSOLUTE
    platform_switch_app                      0x0001ffdd   Thumb Code     0  symdefs.m ABSOLUTE
    platform_trace_raw                       0x00020009   Thumb Code     0  symdefs.m ABSOLUTE
    platform_write_persistent_reg            0x00020021   Thumb Code     0  symdefs.m ABSOLUTE
    printf_hexdump                           0x00020031   Thumb Code     0  symdefs.m ABSOLUTE
    reverse_128                              0x000203d9   Thumb Code     0  symdefs.m ABSOLUTE
    reverse_24                               0x000203df   Thumb Code     0  symdefs.m ABSOLUTE
    reverse_256                              0x000203e5   Thumb Code     0  symdefs.m ABSOLUTE
    reverse_48                               0x000203eb   Thumb Code     0  symdefs.m ABSOLUTE
    reverse_56                               0x000203f1   Thumb Code     0  symdefs.m ABSOLUTE
    reverse_64                               0x000203f7   Thumb Code     0  symdefs.m ABSOLUTE
    reverse_bd_addr                          0x000203fd   Thumb Code     0  symdefs.m ABSOLUTE
    reverse_bytes                            0x00020403   Thumb Code     0  symdefs.m ABSOLUTE
    sm_add_event_handler                     0x00020721   Thumb Code     0  symdefs.m ABSOLUTE
    sm_address_resolution_lookup             0x00020879   Thumb Code     0  symdefs.m ABSOLUTE
    sm_authenticated                         0x00020c31   Thumb Code     0  symdefs.m ABSOLUTE
    sm_authorization_decline                 0x00020c3f   Thumb Code     0  symdefs.m ABSOLUTE
    sm_authorization_grant                   0x00020c5f   Thumb Code     0  symdefs.m ABSOLUTE
    sm_authorization_state                   0x00020c7f   Thumb Code     0  symdefs.m ABSOLUTE
    sm_bonding_decline                       0x00020c99   Thumb Code     0  symdefs.m ABSOLUTE
    sm_config                                0x000210f5   Thumb Code     0  symdefs.m ABSOLUTE
    sm_config_conn                           0x00021131   Thumb Code     0  symdefs.m ABSOLUTE
    sm_encryption_key_size                   0x000212eb   Thumb Code     0  symdefs.m ABSOLUTE
    sm_just_works_confirm                    0x000218a1   Thumb Code     0  symdefs.m ABSOLUTE
    sm_le_device_key                         0x00021bf5   Thumb Code     0  symdefs.m ABSOLUTE
    sm_passkey_input                         0x00021c8b   Thumb Code     0  symdefs.m ABSOLUTE
    sm_private_random_address_generation_get 0x00022055   Thumb Code     0  symdefs.m ABSOLUTE
    sm_private_random_address_generation_get_mode 0x0002205d   Thumb Code     0  symdefs.m ABSOLUTE
    sm_private_random_address_generation_set_mode 0x00022069   Thumb Code     0  symdefs.m ABSOLUTE
    sm_private_random_address_generation_set_update_period 0x00022091   Thumb Code     0  symdefs.m ABSOLUTE
    sm_register_external_ltk_callback        0x000221cd   Thumb Code     0  symdefs.m ABSOLUTE
    sm_register_oob_data_callback            0x000221d9   Thumb Code     0  symdefs.m ABSOLUTE
    sm_request_pairing                       0x000221e5   Thumb Code     0  symdefs.m ABSOLUTE
    sm_send_security_request                 0x00022cdf   Thumb Code     0  symdefs.m ABSOLUTE
    sm_set_accepted_stk_generation_methods   0x00022d05   Thumb Code     0  symdefs.m ABSOLUTE
    sm_set_authentication_requirements       0x00022d11   Thumb Code     0  symdefs.m ABSOLUTE
    sm_set_encryption_key_size_range         0x00022d21   Thumb Code     0  symdefs.m ABSOLUTE
    sm_set_key_distribution_flags            0x00022d2d   Thumb Code     0  symdefs.m ABSOLUTE
    sm_set_persistent_irk                    0x00022d39   Thumb Code     0  symdefs.m ABSOLUTE
    sscanf_bd_addr                           0x000230fd   Thumb Code     0  symdefs.m ABSOLUTE
    sysSetPublicDeviceAddr                   0x000234f1   Thumb Code     0  symdefs.m ABSOLUTE
    uuid128_to_str                           0x00023d0d   Thumb Code     0  symdefs.m ABSOLUTE
    uuid_add_bluetooth_prefix                0x00023d65   Thumb Code     0  symdefs.m ABSOLUTE
    uuid_has_bluetooth_prefix                0x00023d85   Thumb Code     0  symdefs.m ABSOLUTE
    __Vectors                                0x00026000   Data           4  startup_ing91800.o(RESET)
    __main                                   0x00026009   Thumb Code     0  entry.o(.ARM.Collect$$$$00000000)
    _main_stk                                0x00026009   Thumb Code     0  entry2.o(.ARM.Collect$$$$00000001)
    _main_scatterload                        0x0002600d   Thumb Code     0  entry5.o(.ARM.Collect$$$$00000004)
    __main_after_scatterload                 0x00026011   Thumb Code     0  entry5.o(.ARM.Collect$$$$00000004)
    _main_clock                              0x00026011   Thumb Code     0  entry7b.o(.ARM.Collect$$$$00000008)
    _main_cpp_init                           0x00026011   Thumb Code     0  entry8b.o(.ARM.Collect$$$$0000000A)
    _main_init                               0x00026011   Thumb Code     0  entry9a.o(.ARM.Collect$$$$0000000B)
    __rt_final_cpp                           0x00026019   Thumb Code     0  entry10a.o(.ARM.Collect$$$$0000000D)
    __rt_final_exit                          0x00026019   Thumb Code     0  entry11a.o(.ARM.Collect$$$$0000000F)
    Reset_Handler                            0x0002601d   Thumb Code    14  startup_ing91800.o(.text)
    main                                     0x0002602d   Thumb Code    14  startup_ing91800.o(.text)
    __scatterload                            0x00026045   Thumb Code    28  init.o(.text)
    __scatterload_rt2                        0x00026045   Thumb Code     0  init.o(.text)
    ___aeabi_memcpy4$move                    0x00026069   Thumb Code     0  memmovea.o(.text)
    ___aeabi_memcpy8$move                    0x00026069   Thumb Code     0  memmovea.o(.text)
    __aeabi_memcpy                           0x00026069   Thumb Code    64  memmovea.o(.text)
    __aeabi_memmove                          0x00026069   Thumb Code     0  memmovea.o(.text)
    __aeabi_memmove4                         0x00026069   Thumb Code     0  memmovea.o(.text)
    __aeabi_memmove8                         0x00026069   Thumb Code     0  memmovea.o(.text)
    __aeabi_memset                           0x000260a9   Thumb Code    14  memseta.o(.text)
    __aeabi_memset4                          0x000260a9   Thumb Code     0  memseta.o(.text)
    __aeabi_memset8                          0x000260a9   Thumb Code     0  memseta.o(.text)
    __aeabi_memclr                           0x000260b7   Thumb Code     4  memseta.o(.text)
    __aeabi_memclr4                          0x000260b7   Thumb Code     0  memseta.o(.text)
    __aeabi_memclr8                          0x000260b7   Thumb Code     0  memseta.o(.text)
    _memset$wrapper                          0x000260bb   Thumb Code    18  memseta.o(.text)
    strcpy                                   0x000260cd   Thumb Code    18  strcpy.o(.text)
    strcasecmp                               0x000260df   Thumb Code    42  strcasecmp.o(.text)
    tolower                                  0x00026109   Thumb Code    12  tolower.o(.text)
    __decompress                             0x00026115   Thumb Code     0  __dczerorl.o(.text)
    __decompress0                            0x00026115   Thumb Code    58  __dczerorl.o(.text)
    GIO_SetDirection                         0x00026185   Thumb Code   108  peripheral_gpio.o(.text.GIO_SetDirection)
    GIO_WriteValue                           0x000261f1   Thumb Code    34  peripheral_gpio.o(.text.GIO_WriteValue)
    PINCTRL_SelUartRxdIn                     0x00026255   Thumb Code    36  peripheral_pinctrl.o(.text.PINCTRL_SelUartRxdIn)
    PINCTRL_SetPadMux                        0x00026279   Thumb Code    76  peripheral_pinctrl.o(.text.PINCTRL_SetPadMux)
    SEGGER_RTT_GetAvailWriteSpace            0x000262c5   Thumb Code    34  trace.o(.text.SEGGER_RTT_GetAvailWriteSpace)
    SEGGER_RTT_Init                          0x000262e9   Thumb Code     8  trace.o(.text.SEGGER_RTT_Init)
    SEGGER_RTT_Write                         0x000262f1   Thumb Code    72  trace.o(.text.SEGGER_RTT_Write)
    SEGGER_RTT_WriteNoLock                   0x00026339   Thumb Code   176  trace.o(.text.SEGGER_RTT_WriteNoLock)
    SYSCTRL_ClearClkGateMulti                0x000263e9   Thumb Code    22  peripheral_sysctrl.o(.text.SYSCTRL_ClearClkGateMulti)
    SYSCTRL_Init                             0x00026401   Thumb Code     4  peripheral_sysctrl.o(.text.SYSCTRL_Init)
    UART_SendData                            0x00026405   Thumb Code    20  peripheral_uart.o(.text.UART_SendData)
    apUART_BaudRateSet                       0x0002663d   Thumb Code   128  peripheral_uart.o(.text.apUART_BaudRateSet)
    apUART_Check_RXFIFO_EMPTY                0x000266bd   Thumb Code    16  peripheral_uart.o(.text.apUART_Check_RXFIFO_EMPTY)
    apUART_Check_TXFIFO_FULL                 0x000266cd   Thumb Code    16  peripheral_uart.o(.text.apUART_Check_TXFIFO_FULL)
    apUART_Get_all_raw_int_stat              0x000266dd   Thumb Code    12  peripheral_uart.o(.text.apUART_Get_all_raw_int_stat)
    apUART_Initialize                        0x000266e9   Thumb Code   170  peripheral_uart.o(.text.apUART_Initialize)
    app_main                                 0x00026795   Thumb Code    88  main.o(.text.app_main)
    cb_putc                                  0x00026945   Thumb Code    48  main.o(.text.cb_putc)
    cb_trace_rtt                             0x00026975   Thumb Code   126  trace.o(.text.cb_trace_rtt)
    check_crc16                              0x000269f5   Thumb Code   112  uart_ota.o(.text.check_crc16)
    check_crc16_918                          0x00026a65   Thumb Code   112  uart_ota.o(.text.check_crc16_918)
    cmd_uart_ack                             0x00026ad5   Thumb Code    16  uart_ota.o(.text.cmd_uart_ack)
    cmd_uart_burn_lock                       0x00026ae5   Thumb Code    16  uart_ota.o(.text.cmd_uart_burn_lock)
    cmd_uart_burn_sart                       0x00026af5   Thumb Code    48  uart_ota.o(.text.cmd_uart_burn_sart)
    cmd_uart_burn_ulk                        0x00026b25   Thumb Code    16  uart_ota.o(.text.cmd_uart_burn_ulk)
    cmd_uart_nack                            0x00026b35   Thumb Code    16  uart_ota.o(.text.cmd_uart_nack)
    cmd_uart_unknow_cmd                      0x00026b45   Thumb Code    16  uart_ota.o(.text.cmd_uart_unknow_cmd)
    driver_append_tx_data                    0x00026bb1   Thumb Code   256  uart_driver.o(.text.driver_append_tx_data)
    driver_trigger_output                    0x00026cb1   Thumb Code    24  uart_driver.o(.text.driver_trigger_output)
    evk_config_init                          0x00026d01   Thumb Code    24  rf_test.o(.text.evk_config_init)
    flash_read                               0x00026d19   Thumb Code   100  flash_fun.o(.text.flash_read)
    get_evk_config                           0x00026d7d   Thumb Code    10  rf_test.o(.text.get_evk_config)
    handle_command                           0x00026d89   Thumb Code   178  uart_ota.o(.text.handle_command)
    noos_start                               0x00026e91   Thumb Code    44  noos_impl.o(.text.noos_start)
    on_lle_init                              0x00026ebd   Thumb Code    12  main.o(.text.on_lle_init)
    os_impl_get_driver                       0x00026ec9   Thumb Code    10  noos_impl.o(.text.os_impl_get_driver)
    pendsv_isr                               0x00026ed5   Thumb Code     2  noos_impl.o(.text.pendsv_isr)
    setup_peripherals                        0x00027011   Thumb Code    16  main.o(.text.setup_peripherals)
    setup_profile                            0x00027021   Thumb Code    76  profile.o(.text.setup_profile)
    setup_uart1                              0x0002706d   Thumb Code   106  uart_driver.o(.text.setup_uart1)
    svc_isr                                  0x000270d9   Thumb Code     2  noos_impl.o(.text.svc_isr)
    test_gpio_init                           0x00027125   Thumb Code   100  pulse_test_gpio.o(.text.test_gpio_init)
    tick_isr                                 0x00027189   Thumb Code     2  noos_impl.o(.text.tick_isr)
    trace_rtt_init                           0x0002734d   Thumb Code    14  trace.o(.text.trace_rtt_init)
    uart_DUT_init                            0x0002735d   Thumb Code   120  uart_golden_dut.o(.text.uart_DUT_init)
    uart_add_buffer                          0x000273d5   Thumb Code   108  uart_driver.o(.text.uart_add_buffer)
    uart_buner_rx_data                       0x00027441   Thumb Code   136  uart_ota.o(.text.uart_buner_rx_data)
    uart_buner_start                         0x000274c9   Thumb Code    62  uart_ota.o(.text.uart_buner_start)
    uart_driver_init                         0x00027e89   Thumb Code   102  uart_driver.o(.text.uart_driver_init)
    uart_driver_isr                          0x00027ef1   Thumb Code   210  uart_driver.o(.text.uart_driver_isr)
    uart_driver_task                         0x00027fc5   Thumb Code   108  uart_driver.o(.text.uart_driver_task)
    uart_dut_isr                             0x00028031   Thumb Code   392  uart_golden_dut.o(.text.uart_dut_isr)
    uart_golden_process                      0x000281e5   Thumb Code    12  uart_golden_dut.o(.text.uart_golden_process)
    __scatterload_copy                       0x000282e9   Thumb Code    14  handlers.o(i.__scatterload_copy)
    __scatterload_null                       0x000282f7   Thumb Code     2  handlers.o(i.__scatterload_null)
    __scatterload_zeroinit                   0x000282f9   Thumb Code    14  handlers.o(i.__scatterload_zeroinit)
    free                                     0x00028309   Thumb Code    76  malloc.o(i.free)
    malloc                                   0x00028359   Thumb Code    92  malloc.o(i.malloc)
    auchCRCHi                                0x000283da   Data         256  uart_ota.o(.rodata.auchCRCHi)
    auchCRCHi918                             0x000284da   Data         256  uart_ota.o(.rodata.auchCRCHi918)
    auchCRCLo                                0x000285da   Data         256  uart_ota.o(.rodata.auchCRCLo)
    auchCRCLo918                             0x000286da   Data         256  uart_ota.o(.rodata.auchCRCLo918)
    Region$$Table$$Base                      0x00028b88   Number         0  anon$$obj.o(Region$$Table)
    Region$$Table$$Limit                     0x00028ba8   Number         0  anon$$obj.o(Region$$Table)
    __microlib_freelist                      0x20000ce0   Data           4  mvars.o(.data)
    __microlib_freelist_initialised          0x20000ce4   Data           4  mvars.o(.data)
    downdloader                              0x20000ce8   Data         509  uart_ota.o(.data.downdloader)
    gpio_test_array                          0x20000ee5   Data           6  pulse_test_gpio.o(.data.gpio_test_array)
    self_addr                                0x20000eec   Data           4  uart_ota.o(.data.self_addr)
    sw_timers                                0x20000ef0   Data         160  noos_impl.o(.data.sw_timers)
    RAM_D                                    0x20000f90   Data        8192  uart_driver.o(.bss.RAM_D)
    _SEGGER_RTT                              0x20002f90   Data          72  trace.o(.bss._SEGGER_RTT)
    config                                   0x200031e0   Data          20  uart_driver.o(.bss.config)
    evk_config                               0x20003290   Data           8  rf_test.o(.bss.evk_config)
    ing_buner                                0x200032b0   Data         124  uart_ota.o(.bss.ing_buner)
    input                                    0x2000332c   Data         260  uart_ota.o(.bss.input)
    trace_ctx                                0x20003436   Data           1  main.o(.bss.trace_ctx)
    __heap_base                              0x20003538   Data           0  startup_ing91800.o(HEAP)
    __heap_limit                             0x20003538   Data           0  startup_ing91800.o(HEAP)
    __initial_sp                             0x20003938   Data           0  startup_ing91800.o(STACK)



==============================================================================

Memory Map of the image

  Image Entry point : 0x00026009

  Load Region LR_IROM1 (Base: 0x00026000, Size: 0x00002e58, Max: 0x0005e000, ABSOLUTE, COMPRESSED[0x00002c10])

    Execution Region ER_IROM1 (Exec base: 0x00026000, Load base: 0x00026000, Size: 0x00002ba8, Max: 0x0005e000, ABSOLUTE)

    Exec Addr    Load Addr    Size         Type   Attr      Idx    E Section Name        Object

    0x00026000   0x00026000   0x00000008   Data   RO          320    RESET               startup_ing91800.o
    0x00026008   0x00026008   0x00000000   Code   RO          904  * .ARM.Collect$$$$00000000  mc_w.l(entry.o)
    0x00026008   0x00026008   0x00000004   Code   RO          999    .ARM.Collect$$$$00000001  mc_w.l(entry2.o)
    0x0002600c   0x0002600c   0x00000004   Code   RO         1002    .ARM.Collect$$$$00000004  mc_w.l(entry5.o)
    0x00026010   0x00026010   0x00000000   Code   RO         1004    .ARM.Collect$$$$00000008  mc_w.l(entry7b.o)
    0x00026010   0x00026010   0x00000000   Code   RO         1006    .ARM.Collect$$$$0000000A  mc_w.l(entry8b.o)
    0x00026010   0x00026010   0x00000008   Code   RO         1007    .ARM.Collect$$$$0000000B  mc_w.l(entry9a.o)
    0x00026018   0x00026018   0x00000000   Code   RO         1009    .ARM.Collect$$$$0000000D  mc_w.l(entry10a.o)
    0x00026018   0x00026018   0x00000000   Code   RO         1011    .ARM.Collect$$$$0000000F  mc_w.l(entry11a.o)
    0x00026018   0x00026018   0x00000004   Code   RO         1000    .ARM.Collect$$$$00002712  mc_w.l(entry2.o)
    0x0002601c   0x0002601c   0x00000028   Code   RO          321    .text               startup_ing91800.o
    0x00026044   0x00026044   0x00000024   Code   RO          905    .text               mc_w.l(init.o)
    0x00026068   0x00026068   0x00000040   Code   RO          913    .text               mc_w.l(memmovea.o)
    0x000260a8   0x000260a8   0x00000024   Code   RO          915    .text               mc_w.l(memseta.o)
    0x000260cc   0x000260cc   0x00000012   Code   RO          921    .text               mc_w.l(strcpy.o)
    0x000260de   0x000260de   0x0000002a   Code   RO          927    .text               mc_w.l(strcasecmp.o)
    0x00026108   0x00026108   0x0000000c   Code   RO         1031    .text               mc_w.l(tolower.o)
    0x00026114   0x00026114   0x0000003a   Code   RO         1054    .text               mc_w.l(__dczerorl.o)
    0x0002614e   0x0002614e   0x00000002   PAD
    0x00026150   0x00026150   0x00000032   Code   RO          404    .text.GIO_MaskedWrite  peripheral_gpio.o
    0x00026182   0x00026182   0x00000002   PAD
    0x00026184   0x00026184   0x0000006c   Code   RO          402    .text.GIO_SetDirection  peripheral_gpio.o
    0x000261f0   0x000261f0   0x00000022   Code   RO          408    .text.GIO_WriteValue  peripheral_gpio.o
    0x00026212   0x00026212   0x00000002   PAD
    0x00026214   0x00026214   0x0000003e   Code   RO          476    .text.PINCTRL_SelIn  peripheral_pinctrl.o
    0x00026252   0x00026252   0x00000002   PAD
    0x00026254   0x00026254   0x00000024   Code   RO          474    .text.PINCTRL_SelUartRxdIn  peripheral_pinctrl.o
    0x00026278   0x00026278   0x0000004c   Code   RO          466    .text.PINCTRL_SetPadMux  peripheral_pinctrl.o
    0x000262c4   0x000262c4   0x00000022   Code   RO          832    .text.SEGGER_RTT_GetAvailWriteSpace  trace.o
    0x000262e6   0x000262e6   0x00000002   PAD
    0x000262e8   0x000262e8   0x00000008   Code   RO          824    .text.SEGGER_RTT_Init  trace.o
    0x000262f0   0x000262f0   0x00000048   Code   RO          788    .text.SEGGER_RTT_Write  trace.o
    0x00026338   0x00026338   0x000000b0   Code   RO          784    .text.SEGGER_RTT_WriteNoLock  trace.o
    0x000263e8   0x000263e8   0x00000016   Code   RO          613    .text.SYSCTRL_ClearClkGateMulti  peripheral_sysctrl.o
    0x000263fe   0x000263fe   0x00000002   PAD
    0x00026400   0x00026400   0x00000004   Code   RO          639    .text.SYSCTRL_Init  peripheral_sysctrl.o
    0x00026404   0x00026404   0x00000014   Code   RO          743    .text.UART_SendData  peripheral_uart.o
    0x00026418   0x00026418   0x00000090   Code   RO          766    .text._DoInit       trace.o
    0x000264a8   0x000264a8   0x0000003e   Code   RO          778    .text._GetAvailWriteSpace  trace.o
    0x000264e6   0x000264e6   0x00000002   PAD
    0x000264e8   0x000264e8   0x000000dc   Code   RO          782    .text._WriteBlocking  trace.o
    0x000265c4   0x000265c4   0x00000078   Code   RO          780    .text._WriteNoCheck  trace.o
    0x0002663c   0x0002663c   0x00000080   Code   RO          691    .text.apUART_BaudRateSet  peripheral_uart.o
    0x000266bc   0x000266bc   0x00000010   Code   RO          697    .text.apUART_Check_RXFIFO_EMPTY  peripheral_uart.o
    0x000266cc   0x000266cc   0x00000010   Code   RO          703    .text.apUART_Check_TXFIFO_FULL  peripheral_uart.o
    0x000266dc   0x000266dc   0x0000000c   Code   RO          727    .text.apUART_Get_all_raw_int_stat  peripheral_uart.o
    0x000266e8   0x000266e8   0x000000aa   Code   RO          741    .text.apUART_Initialize  peripheral_uart.o
    0x00026792   0x00026792   0x00000002   PAD
    0x00026794   0x00026794   0x00000058   Code   RO           12    .text.app_main      main.o
    0x000267ec   0x000267ec   0x0000005c   Code   RO          216    .text.append_data   uart_ota.o
    0x00026848   0x00026848   0x00000020   Code   RO           32    .text.att_read_callback  profile.o
    0x00026868   0x00026868   0x00000026   Code   RO           34    .text.att_write_callback  profile.o
    0x0002688e   0x0002688e   0x00000002   PAD
    0x00026890   0x00026890   0x0000000c   Code   RO           40    .text.btstack_event_state_get_state  profile.o
    0x0002689c   0x0002689c   0x00000012   Code   RO          220    .text.burn_ctrl_restart  uart_ota.o
    0x000268ae   0x000268ae   0x00000002   PAD
    0x000268b0   0x000268b0   0x0000001e   Code   RO           16    .text.cb_assertion  main.o
    0x000268ce   0x000268ce   0x00000002   PAD
    0x000268d0   0x000268d0   0x00000056   Code   RO           14    .text.cb_hard_fault  main.o
    0x00026926   0x00026926   0x00000002   PAD
    0x00026928   0x00026928   0x0000001a   Code   RO           18    .text.cb_heap_out_of_mem  main.o
    0x00026942   0x00026942   0x00000002   PAD
    0x00026944   0x00026944   0x00000030   Code   RO            2    .text.cb_putc       main.o
    0x00026974   0x00026974   0x0000007e   Code   RO          844    .text.cb_trace_rtt  trace.o
    0x000269f2   0x000269f2   0x00000002   PAD
    0x000269f4   0x000269f4   0x00000070   Code   RO          204    .text.check_crc16   uart_ota.o
    0x00026a64   0x00026a64   0x00000070   Code   RO          206    .text.check_crc16_918  uart_ota.o
    0x00026ad4   0x00026ad4   0x00000010   Code   RO          194    .text.cmd_uart_ack  uart_ota.o
    0x00026ae4   0x00026ae4   0x00000010   Code   RO          202    .text.cmd_uart_burn_lock  uart_ota.o
    0x00026af4   0x00026af4   0x00000030   Code   RO          190    .text.cmd_uart_burn_sart  uart_ota.o
    0x00026b24   0x00026b24   0x00000010   Code   RO          200    .text.cmd_uart_burn_ulk  uart_ota.o
    0x00026b34   0x00026b34   0x00000010   Code   RO          198    .text.cmd_uart_nack  uart_ota.o
    0x00026b44   0x00026b44   0x00000010   Code   RO          196    .text.cmd_uart_unknow_cmd  uart_ota.o
    0x00026b54   0x00026b54   0x0000005a   Code   RO          290    .text.config_comm_uart  uart_driver.o
    0x00026bae   0x00026bae   0x00000002   PAD
    0x00026bb0   0x00026bb0   0x00000100   Code   RO          284    .text.driver_append_tx_data  uart_driver.o
    0x00026cb0   0x00026cb0   0x00000018   Code   RO          274    .text.driver_trigger_output  uart_driver.o
    0x00026cc8   0x00026cc8   0x00000010   Code   RO          122    .text.dummy_event_create  noos_impl.o
    0x00026cd8   0x00026cd8   0x00000008   Code   RO          114    .text.dummy_event_set  noos_impl.o
    0x00026ce0   0x00026ce0   0x0000000a   Code   RO          112    .text.dummy_event_wait  noos_impl.o
    0x00026cea   0x00026cea   0x00000002   PAD
    0x00026cec   0x00026cec   0x00000012   Code   RO          116    .text.enter_critical  noos_impl.o
    0x00026cfe   0x00026cfe   0x00000002   PAD
    0x00026d00   0x00026d00   0x00000018   Code   RO          141    .text.evk_config_init  rf_test.o
    0x00026d18   0x00026d18   0x00000064   Code   RO          264    .text.flash_read    flash_fun.o
    0x00026d7c   0x00026d7c   0x0000000a   Code   RO          143    .text.get_evk_config  rf_test.o
    0x00026d86   0x00026d86   0x00000002   PAD
    0x00026d88   0x00026d88   0x000000b2   Code   RO          208    .text.handle_command  uart_ota.o
    0x00026e3a   0x00026e3a   0x00000002   PAD
    0x00026e3c   0x00026e3c   0x0000000e   Code   RO           44    .text.hci_event_command_complete_get_command_opcode  profile.o
    0x00026e4a   0x00026e4a   0x00000002   PAD
    0x00026e4c   0x00026e4c   0x0000000c   Code   RO           46    .text.hci_event_le_meta_get_subevent_code  profile.o
    0x00026e58   0x00026e58   0x0000000c   Code   RO           38    .text.hci_event_packet_get_type  profile.o
    0x00026e64   0x00026e64   0x0000000c   Code   RO           48    .text.hci_event_packet_get_user_msg  profile.o
    0x00026e70   0x00026e70   0x00000002   Code   RO          120    .text.idle_process  noos_impl.o
    0x00026e72   0x00026e72   0x00000002   PAD
    0x00026e74   0x00026e74   0x0000001c   Code   RO          118    .text.leave_critical  noos_impl.o
    0x00026e90   0x00026e90   0x0000002c   Code   RO           82    .text.noos_start    noos_impl.o
    0x00026ebc   0x00026ebc   0x0000000c   Code   RO           10    .text.on_lle_init   main.o
    0x00026ec8   0x00026ec8   0x0000000a   Code   RO           90    .text.os_impl_get_driver  noos_impl.o
    0x00026ed2   0x00026ed2   0x00000002   PAD
    0x00026ed4   0x00026ed4   0x00000002   Code   RO           88    .text.pendsv_isr    noos_impl.o
    0x00026ed6   0x00026ed6   0x00000002   PAD
    0x00026ed8   0x00026ed8   0x0000002e   Code   RO          106    .text.queue_create  noos_impl.o
    0x00026f06   0x00026f06   0x00000002   PAD
    0x00026f08   0x00026f08   0x0000005a   Code   RO          110    .text.queue_recv_msg  noos_impl.o
    0x00026f62   0x00026f62   0x00000002   PAD
    0x00026f64   0x00026f64   0x00000046   Code   RO          108    .text.queue_send_msg  noos_impl.o
    0x00026faa   0x00026faa   0x00000002   PAD
    0x00026fac   0x00026fac   0x00000064   Code   RO           42    .text.setup_adv     profile.o
    0x00027010   0x00027010   0x00000010   Code   RO            8    .text.setup_peripherals  main.o
    0x00027020   0x00027020   0x0000004c   Code   RO           30    .text.setup_profile  profile.o
    0x0002706c   0x0002706c   0x0000006a   Code   RO          288    .text.setup_uart1   uart_driver.o
    0x000270d6   0x000270d6   0x00000002   PAD
    0x000270d8   0x000270d8   0x00000002   Code   RO           86    .text.svc_isr       noos_impl.o
    0x000270da   0x000270da   0x00000002   PAD
    0x000270dc   0x000270dc   0x00000048   Code   RO          104    .text.task_create   noos_impl.o
    0x00027124   0x00027124   0x00000064   Code   RO          245    .text.test_gpio_init  pulse_test_gpio.o
    0x00027188   0x00027188   0x00000002   Code   RO           84    .text.tick_isr      noos_impl.o
    0x0002718a   0x0002718a   0x00000002   PAD
    0x0002718c   0x0002718c   0x0000004e   Code   RO           94    .text.timer_cb      noos_impl.o
    0x000271da   0x000271da   0x00000002   PAD
    0x000271dc   0x000271dc   0x0000000a   Code   RO           66    .text.timer_cb_0    noos_impl.o
    0x000271e6   0x000271e6   0x00000002   PAD
    0x000271e8   0x000271e8   0x0000000a   Code   RO           68    .text.timer_cb_1    noos_impl.o
    0x000271f2   0x000271f2   0x00000002   PAD
    0x000271f4   0x000271f4   0x0000000a   Code   RO           70    .text.timer_cb_2    noos_impl.o
    0x000271fe   0x000271fe   0x00000002   PAD
    0x00027200   0x00027200   0x0000000a   Code   RO           72    .text.timer_cb_3    noos_impl.o
    0x0002720a   0x0002720a   0x00000002   PAD
    0x0002720c   0x0002720c   0x0000000a   Code   RO           74    .text.timer_cb_4    noos_impl.o
    0x00027216   0x00027216   0x00000002   PAD
    0x00027218   0x00027218   0x0000000a   Code   RO           76    .text.timer_cb_5    noos_impl.o
    0x00027222   0x00027222   0x00000002   PAD
    0x00027224   0x00027224   0x0000000a   Code   RO           78    .text.timer_cb_6    noos_impl.o
    0x0002722e   0x0002722e   0x00000002   PAD
    0x00027230   0x00027230   0x0000000a   Code   RO           80    .text.timer_cb_7    noos_impl.o
    0x0002723a   0x0002723a   0x00000002   PAD
    0x0002723c   0x0002723c   0x000000c0   Code   RO           96    .text.timer_create  noos_impl.o
    0x000272fc   0x000272fc   0x00000020   Code   RO          102    .text.timer_delete  noos_impl.o
    0x0002731c   0x0002731c   0x00000018   Code   RO           98    .text.timer_start   noos_impl.o
    0x00027334   0x00027334   0x00000018   Code   RO          100    .text.timer_stop    noos_impl.o
    0x0002734c   0x0002734c   0x0000000e   Code   RO          858    .text.trace_rtt_init  trace.o
    0x0002735a   0x0002735a   0x00000002   PAD
    0x0002735c   0x0002735c   0x00000078   Code   RO          176    .text.uart_DUT_init  uart_golden_dut.o
    0x000273d4   0x000273d4   0x0000006c   Code   RO          280    .text.uart_add_buffer  uart_driver.o
    0x00027440   0x00027440   0x00000088   Code   RO          214    .text.uart_buner_rx_data  uart_ota.o
    0x000274c8   0x000274c8   0x0000003e   Code   RO          210    .text.uart_buner_start  uart_ota.o
    0x00027506   0x00027506   0x00000002   PAD
    0x00027508   0x00027508   0x00000946   Code   RO          212    .text.uart_buner_task_entry  uart_ota.o
    0x00027e4e   0x00027e4e   0x00000002   PAD
    0x00027e50   0x00027e50   0x00000038   Code   RO          222    .text.uart_buner_tx_data  uart_ota.o
    0x00027e88   0x00027e88   0x00000066   Code   RO          286    .text.uart_driver_init  uart_driver.o
    0x00027eee   0x00027eee   0x00000002   PAD
    0x00027ef0   0x00027ef0   0x000000d2   Code   RO          276    .text.uart_driver_isr  uart_driver.o
    0x00027fc2   0x00027fc2   0x00000002   PAD
    0x00027fc4   0x00027fc4   0x0000006c   Code   RO          272    .text.uart_driver_task  uart_driver.o
    0x00028030   0x00028030   0x00000188   Code   RO          172    .text.uart_dut_isr  uart_golden_dut.o
    0x000281b8   0x000281b8   0x0000002c   Code   RO          192    .text.uart_event_set  uart_ota.o
    0x000281e4   0x000281e4   0x0000000c   Code   RO          174    .text.uart_golden_process  uart_golden_dut.o
    0x000281f0   0x000281f0   0x00000010   Code   RO           50    .text.user_msg_handler  profile.o
    0x00028200   0x00028200   0x000000e8   Code   RO           36    .text.user_packet_handler  profile.o
    0x000282e8   0x000282e8   0x0000000e   Code   RO         1048    i.__scatterload_copy  mc_w.l(handlers.o)
    0x000282f6   0x000282f6   0x00000002   Code   RO         1049    i.__scatterload_null  mc_w.l(handlers.o)
    0x000282f8   0x000282f8   0x0000000e   Code   RO         1050    i.__scatterload_zeroinit  mc_w.l(handlers.o)
    0x00028306   0x00028306   0x00000002   PAD
    0x00028308   0x00028308   0x00000050   Code   RO          957    i.free              mc_w.l(malloc.o)
    0x00028358   0x00028358   0x0000006c   Code   RO          958    i.malloc            mc_w.l(malloc.o)
    0x000283c4   0x000283c4   0x0000000f   Data   RO           57    .rodata.adv_data    profile.o
    0x000283d3   0x000283d3   0x00000001   PAD
    0x000283d4   0x000283d4   0x00000006   Data   RO           56    .rodata.adv_sets_en  profile.o
    0x000283da   0x000283da   0x00000100   Data   RO          229    .rodata.auchCRCHi   uart_ota.o
    0x000284da   0x000284da   0x00000100   Data   RO          230    .rodata.auchCRCHi918  uart_ota.o
    0x000285da   0x000285da   0x00000100   Data   RO          232    .rodata.auchCRCLo   uart_ota.o
    0x000286da   0x000286da   0x00000100   Data   RO          231    .rodata.auchCRCLo918  uart_ota.o
    0x000287da   0x000287da   0x00000002   PAD
    0x000287dc   0x000287dc   0x00000028   Data   RO          233    .rodata.cmds        uart_ota.o
    0x00028804   0x00028804   0x00000028   Data   RO          234    .rodata.cmds_918    uart_ota.o
    0x0002882c   0x0002882c   0x0000004c   Data   RO          127    .rodata.driver      noos_impl.o
    0x00028878   0x00028878   0x00000070   Data   RO           21    .rodata.evt_cb_table  main.o
    0x000288e8   0x000288e8   0x00000002   Data   RO           55    .rodata.profile_data  profile.o
    0x000288ea   0x000288ea   0x00000001   Data   RO           58    .rodata.scan_data   profile.o
    0x000288eb   0x000288eb   0x0000008d   Data   RO           22    .rodata.str1.1      main.o
    0x00028978   0x00028978   0x0000000f   Data   RO           52    .rodata.str1.1      profile.o
    0x00028987   0x00028987   0x0000000c   Data   RO          128    .rodata.str1.1      noos_impl.o
    0x00028993   0x00028993   0x00000035   Data   RO          180    .rodata.str1.1      uart_golden_dut.o
    0x000289c8   0x000289c8   0x00000184   Data   RO          227    .rodata.str1.1      uart_ota.o
    0x00028b4c   0x00028b4c   0x00000021   Data   RO          294    .rodata.str1.1      uart_driver.o
    0x00028b6d   0x00028b6d   0x00000014   Data   RO          893    .rodata.str1.1      trace.o
    0x00028b81   0x00028b81   0x00000006   Data   RO           54    .rodata.user_packet_handler.rand_addr  profile.o
    0x00028b87   0x00028b87   0x00000001   PAD
    0x00028b88   0x00028b88   0x00000020   Data   RO         1047    Region$$Table       anon$$obj.o


    Execution Region RW_IRAM1 (Exec base: 0x20000ce0, Load base: 0x00028ba8, Size: 0x00002c58, Max: 0x0000f320, ABSOLUTE, COMPRESSED[0x00000068])

    Exec Addr    Load Addr    Size         Type   Attr      Idx    E Section Name        Object

    0x20000ce0   COMPRESSED   0x00000004   Data   RW         1033    .data               mc_w.l(mvars.o)
    0x20000ce4   COMPRESSED   0x00000004   Data   RW         1034    .data               mc_w.l(mvars.o)
    0x20000ce8   COMPRESSED   0x000001fd   Data   RW          226    .data.downdloader   uart_ota.o
    0x20000ee5   COMPRESSED   0x00000006   Data   RW          255    .data.gpio_test_array  pulse_test_gpio.o
    0x20000eeb   COMPRESSED   0x00000001   PAD
    0x20000eec   COMPRESSED   0x00000004   Data   RW          224    .data.self_addr     uart_ota.o
    0x20000ef0   COMPRESSED   0x000000a0   Data   RW          124    .data.sw_timers     noos_impl.o
    0x20000f90        -       0x00002000   Zero   RW          293    .bss.RAM_D          uart_driver.o
    0x20002f90        -       0x00000048   Zero   RW          890    .bss._SEGGER_RTT    trace.o
    0x20002fd8        -       0x00000010   Zero   RW          897    .bss._acDownBuffer  trace.o
    0x20002fe8        -       0x000001f4   Zero   RW          896    .bss._acUpBuffer    trace.o
    0x200031dc        -       0x00000004   Zero   RW          235    .bss.cmd_event      uart_ota.o
    0x200031e0        -       0x00000014   Zero   RW          295    .bss.config         uart_driver.o
    0x200031f4        -       0x0000009c   Zero   RW          292    .bss.ctx            uart_driver.o
    0x20003290        -       0x00000008   Zero   RW          145    .bss.evk_config     rf_test.o
    0x20003298        -       0x00000004   Zero   RW          228    .bss.evk_ota        uart_ota.o
    0x2000329c        -       0x00000004   Zero   RW          129    .bss.handle_cnt     noos_impl.o
    0x200032a0        -       0x00000008   Zero   RW           53    .bss.hci_event_callback_registration  profile.o
    0x200032a8        -       0x00000004   Zero   RW          125    .bss.host_entry     noos_impl.o
    0x200032ac        -       0x00000004   Zero   RW          126    .bss.host_param     noos_impl.o
    0x200032b0        -       0x0000007c   Zero   RW          236    .bss.ing_buner      uart_ota.o
    0x2000332c        -       0x00000104   Zero   RW          225    .bss.input          uart_ota.o
    0x20003430        -       0x00000004   Zero   RW          130    .bss.int_lock_cnt   noos_impl.o
    0x20003434        -       0x00000002   Zero   RW          179    .bss.recive_len     uart_golden_dut.o
    0x20003436        -       0x00000001   Zero   RW           20    .bss.trace_ctx      main.o
    0x20003437        -       0x00000100   Zero   RW          178    .bss.uart_golden_buff  uart_golden_dut.o
    0x20003537   COMPRESSED   0x00000001   PAD
    0x20003538        -       0x00000000   Zero   RW          319    HEAP                startup_ing91800.o
    0x20003538        -       0x00000400   Zero   RW          318    STACK               startup_ing91800.o


==============================================================================

Image component sizes


      Code (inc. data)   RO Data    RW Data    ZI Data      Debug   Object Name

       100          0          0          0          0        791   flash_fun.o
       306          0        253          0          1       5234   main.o
       850          0         88        160         16       5897   noos_impl.o
       192          0          0          0          0       2754   peripheral_gpio.o
       174          0          0          0          0       5269   peripheral_pinctrl.o
        26          0          0          0          0       4876   peripheral_sysctrl.o
       362          0          0          0          0       6024   peripheral_uart.o
       556          0         45          0          8       4710   profile.o
       100          0          0          6          0       3200   pulse_test_gpio.o
        34          0          0          0          8       3546   rf_test.o
        40         12          8          0       1024        436   startup_ing91800.o
       976          0         20          0        588      22507   trace.o
      1004          0         33          0       8368       8210   uart_driver.o
       524          0         53          0        258       3596   uart_golden_dut.o
      3312         28       1492        513        392       9717   uart_ota.o

    ----------------------------------------------------------------------
      8640         40       2028        680      10664      86767   Object Totals
         0          0         32          0          0          0   (incl. Generated)
        84          0          4          1          1          0   (incl. Padding)

    ----------------------------------------------------------------------

      Code (inc. data)   RO Data    RW Data    ZI Data      Debug   Library Member Name

        58          0          0          0          0          0   __dczerorl.o
         0          0          0          0          0          0   entry.o
         0          0          0          0          0          0   entry10a.o
         0          0          0          0          0          0   entry11a.o
         8          4          0          0          0          0   entry2.o
         4          0          0          0          0          0   entry5.o
         0          0          0          0          0          0   entry7b.o
         0          0          0          0          0          0   entry8b.o
         8          4          0          0          0          0   entry9a.o
        30          0          0          0          0          0   handlers.o
        36          8          0          0          0         68   init.o
       188         20          0          0          0        160   malloc.o
        64          0          0          0          0         76   memmovea.o
        36          0          0          0          0        108   memseta.o
         0          0          0          8          0          0   mvars.o
        42          0          0          0          0         84   strcasecmp.o
        18          0          0          0          0         68   strcpy.o
        12          0          0          0          0         68   tolower.o

    ----------------------------------------------------------------------
       508         36          0          8          0        632   Library Totals
         4          0          0          0          0          0   (incl. Padding)

    ----------------------------------------------------------------------

      Code (inc. data)   RO Data    RW Data    ZI Data      Debug   Library Name

       504         36          0          8          0        632   mc_w.l

    ----------------------------------------------------------------------
       508         36          0          8          0        632   Library Totals

    ----------------------------------------------------------------------

==============================================================================


      Code (inc. data)   RO Data    RW Data    ZI Data      Debug   

      9148         76       2028        688      10664      87163   Grand Totals
      9148         76       2028        104      10664      87163   ELF Image Totals (compressed)
      9148         76       2028        104          0          0   ROM Totals

==============================================================================

    Total RO  Size (Code + RO Data)                11176 (  10.91kB)
    Total RW  Size (RW Data + ZI Data)             11352 (  11.09kB)
    Total ROM Size (Code + RO Data + RW Data)      11280 (  11.02kB)

==============================================================================

