Component: Arm Compiler for Embedded 6.19 Tool: armlink [5e73cb00]

==============================================================================

Section Cross References

    main.o(.text.cb_putc) refers to peripheral_uart.o(.text.apUART_Check_TXFIFO_FULL) for apUART_Check_TXFIFO_FULL
    main.o(.text.cb_putc) refers to peripheral_uart.o(.text.UART_SendData) for UART_SendData
    main.o(.ARM.exidx.text.cb_putc) refers to main.o(.text.cb_putc) for [Anonymous Symbol]
    main.o(.text.fputc) refers to main.o(.text.cb_putc) for cb_putc
    main.o(.ARM.exidx.text.fputc) refers to main.o(.text.fputc) for [Anonymous Symbol]
    main.o(.text.config_uart) refers to peripheral_uart.o(.text.apUART_Initialize) for apUART_Initialize
    main.o(.ARM.exidx.text.config_uart) refers to main.o(.text.config_uart) for [Anonymous Symbol]
    main.o(.text.setup_peripherals) refers to pulse_test_gpio.o(.text.test_gpio_init) for test_gpio_init
    main.o(.text.setup_peripherals) refers to sw_gpio.o(.text.sw_uart_gpio_init) for sw_uart_gpio_init
    main.o(.text.setup_peripherals) refers to uart_golden_dut.o(.text.uart_DUT_init) for uart_DUT_init
    main.o(.text.setup_peripherals) refers to uart_upper_golden.o(.text.uart_upper_init) for uart_upper_init
    main.o(.ARM.exidx.text.setup_peripherals) refers to main.o(.text.setup_peripherals) for [Anonymous Symbol]
    main.o(.ARM.exidx.text.on_lle_init) refers to main.o(.text.on_lle_init) for [Anonymous Symbol]
    main.o(.text.app_main) refers to peripheral_sysctrl.o(.text.SYSCTRL_Init) for SYSCTRL_Init
    main.o(.text.app_main) refers to main.o(.rodata.evt_cb_table) for evt_cb_table
    main.o(.text.app_main) refers to main.o(.text.setup_peripherals) for setup_peripherals
    main.o(.text.app_main) refers to main.o(.bss.trace_ctx) for trace_ctx
    main.o(.text.app_main) refers to trace.o(.text.trace_rtt_init) for trace_rtt_init
    main.o(.text.app_main) refers to evk_config.o(.text.evk_config_init) for evk_config_init
    main.o(.text.app_main) refers to noos_impl.o(.text.os_impl_get_driver) for os_impl_get_driver
    main.o(.ARM.exidx.text.app_main) refers to main.o(.text.app_main) for [Anonymous Symbol]
    main.o(.text.cb_hard_fault) refers to main.o(.rodata.str1.1) for .L.str
    main.o(.ARM.exidx.text.cb_hard_fault) refers to main.o(.text.cb_hard_fault) for [Anonymous Symbol]
    main.o(.text.cb_assertion) refers to main.o(.rodata.str1.1) for .L.str.1
    main.o(.ARM.exidx.text.cb_assertion) refers to main.o(.text.cb_assertion) for [Anonymous Symbol]
    main.o(.text.cb_heap_out_of_mem) refers to main.o(.rodata.str1.1) for .L.str.2
    main.o(.ARM.exidx.text.cb_heap_out_of_mem) refers to main.o(.text.cb_heap_out_of_mem) for [Anonymous Symbol]
    main.o(.rodata.evt_cb_table) refers to main.o(.text.cb_putc) for cb_putc
    main.o(.rodata.evt_cb_table) refers to profile.o(.text.setup_profile) for setup_profile
    main.o(.rodata.evt_cb_table) refers to main.o(.text.cb_hard_fault) for cb_hard_fault
    main.o(.rodata.evt_cb_table) refers to main.o(.text.cb_assertion) for cb_assertion
    main.o(.rodata.evt_cb_table) refers to main.o(.text.on_lle_init) for on_lle_init
    main.o(.rodata.evt_cb_table) refers to main.o(.text.cb_heap_out_of_mem) for cb_heap_out_of_mem
    main.o(.rodata.evt_cb_table) refers to trace.o(.text.cb_trace_rtt) for cb_trace_rtt
    main.o(.rodata.evt_cb_table) refers to main.o(.bss.trace_ctx) for trace_ctx
    profile.o(.text.setup_profile) refers to profile.o(.rodata.str1.1) for .L.str
    profile.o(.text.setup_profile) refers to profile.o(.bss.hci_event_callback_registration) for hci_event_callback_registration
    profile.o(.text.setup_profile) refers to profile.o(.text.user_packet_handler) for user_packet_handler
    profile.o(.ARM.exidx.text.setup_profile) refers to profile.o(.text.setup_profile) for [Anonymous Symbol]
    profile.o(.text.user_packet_handler) refers to profile.o(.text.hci_event_packet_get_type) for hci_event_packet_get_type
    profile.o(.text.user_packet_handler) refers to profile.o(.text.btstack_event_state_get_state) for btstack_event_state_get_state
    profile.o(.text.user_packet_handler) refers to freq_offset.o(.text.freq_test_init) for freq_test_init
    profile.o(.text.user_packet_handler) refers to raw_pkt.o(.text.raw_pkt_malloc_init) for raw_pkt_malloc_init
    profile.o(.text.user_packet_handler) refers to profile.o(.text.hci_event_packet_get_user_msg) for hci_event_packet_get_user_msg
    profile.o(.text.user_packet_handler) refers to profile.o(.text.user_msg_handler) for user_msg_handler
    profile.o(.ARM.exidx.text.user_packet_handler) refers to profile.o(.text.user_packet_handler) for [Anonymous Symbol]
    profile.o(.ARM.exidx.text.hci_event_packet_get_type) refers to profile.o(.text.hci_event_packet_get_type) for [Anonymous Symbol]
[...]
    __aeabi_frsub                            0x00026259   Thumb Code     6  fadd.o(.text)
    __aeabi_fmul                             0x0002625f   Thumb Code   100  fmul.o(.text)
    __aeabi_dadd                             0x000262c3   Thumb Code   322  dadd.o(.text)
    __aeabi_dsub                             0x00026405   Thumb Code     6  dadd.o(.text)
    __aeabi_drsub                            0x0002640b   Thumb Code     6  dadd.o(.text)
    __aeabi_dmul                             0x00026411   Thumb Code   228  dmul.o(.text)
    __aeabi_ddiv                             0x000264f5   Thumb Code   222  ddiv.o(.text)
    __aeabi_dcmplt                           0x000265d3   Thumb Code    54  dcmplt.o(.text)
    __aeabi_dcmpeq                           0x00026609   Thumb Code    56  dcmpeq.o(.text)
    __aeabi_i2f                              0x00026641   Thumb Code    18  fflti.o(.text)
    __aeabi_ui2f                             0x00026653   Thumb Code    10  ffltui.o(.text)
    __aeabi_i2d                              0x0002665d   Thumb Code    34  dflti.o(.text)
    __aeabi_ui2d                             0x0002667f   Thumb Code    26  dfltui.o(.text)
    __aeabi_f2iz                             0x00026699   Thumb Code    50  ffixi.o(.text)
    __aeabi_f2uiz                            0x000266cb   Thumb Code    40  ffixui.o(.text)
    __aeabi_d2iz                             0x000266f3   Thumb Code    62  dfixi.o(.text)
    __aeabi_uidiv                            0x00026731   Thumb Code     0  uidiv.o(.text)
    __aeabi_uidivmod                         0x00026731   Thumb Code    44  uidiv.o(.text)
    __aeabi_llsl                             0x0002675d   Thumb Code    30  llshl.o(.text)
    _ll_shift_l                              0x0002675d   Thumb Code     0  llshl.o(.text)
    __aeabi_llsr                             0x0002677b   Thumb Code    32  llushr.o(.text)
    _ll_ushift_r                             0x0002677b   Thumb Code     0  llushr.o(.text)
    __aeabi_lasr                             0x0002679b   Thumb Code    36  llsshr.o(.text)
    _ll_sshift_r                             0x0002679b   Thumb Code     0  llsshr.o(.text)
    tolower                                  0x000267bf   Thumb Code    12  tolower.o(.text)
    __I$use$fp                               0x000267cb   Thumb Code     0  iusefp.o(.text)
    _float_round                             0x000267cb   Thumb Code    18  fepilogue.o(.text)
    _float_epilogue                          0x000267dd   Thumb Code    92  fepilogue.o(.text)
    _double_round                            0x00026839   Thumb Code    30  depilogue.o(.text)
    _double_epilogue                         0x00026857   Thumb Code   156  depilogue.o(.text)
    __ARM_scalbn                             0x000268f3   Thumb Code    46  dscalb.o(.text)
    scalbn                                   0x000268f3   Thumb Code     0  dscalb.o(.text)
    __aeabi_d2ulz                            0x00026921   Thumb Code    48  dfixul.o(.text)
    __aeabi_cdcmpeq                          0x00026951   Thumb Code     0  cdcmple.o(.text)
    __aeabi_cdcmple                          0x00026951   Thumb Code    48  cdcmple.o(.text)
    __aeabi_cdrcmple                         0x00026981   Thumb Code    48  cdrcmple.o(.text)
    __decompress                             0x000269b1   Thumb Code     0  __dczerorl.o(.text)
    __decompress0                            0x000269b1   Thumb Code    58  __dczerorl.o(.text)
    DUT_cmd_rf_freq_offset                   0x000269ed   Thumb Code    70  uart_golden_dut.o(.text.DUT_cmd_rf_freq_offset)
    DUT_cmd_rf_freq_offset_tune              0x00026a35   Thumb Code    44  uart_golden_dut.o(.text.DUT_cmd_rf_freq_offset_tune)
    DUT_cmd_rf_rx_cnt                        0x00026a61   Thumb Code    70  uart_golden_dut.o(.text.DUT_cmd_rf_rx_cnt)
    DUT_cmd_rf_rx_sen                        0x00026aa9   Thumb Code    70  uart_golden_dut.o(.text.DUT_cmd_rf_rx_sen)
    DUT_cmd_rf_tx_cnt                        0x00026af1   Thumb Code    74  uart_golden_dut.o(.text.DUT_cmd_rf_tx_cnt)
    DUT_cmd_rf_tx_power                      0x00026b3d   Thumb Code    70  uart_golden_dut.o(.text.DUT_cmd_rf_tx_power)
    GIO_SetDirection                         0x00026bb9   Thumb Code   108  peripheral_gpio.o(.text.GIO_SetDirection)
    GIO_WriteValue                           0x00026c25   Thumb Code    34  peripheral_gpio.o(.text.GIO_WriteValue)
    PINCTRL_Pull                             0x00026c49   Thumb Code   132  peripheral_pinctrl.o(.text.PINCTRL_Pull)
    PINCTRL_SelUartRxdIn                     0x00026d0d   Thumb Code    36  peripheral_pinctrl.o(.text.PINCTRL_SelUartRxdIn)
    PINCTRL_SetPadMux                        0x00026d31   Thumb Code    76  peripheral_pinctrl.o(.text.PINCTRL_SetPadMux)
    SEGGER_RTT_GetAvailWriteSpace            0x00026dbd   Thumb Code    34  trace.o(.text.SEGGER_RTT_GetAvailWriteSpace)
    SEGGER_RTT_Init                          0x00026de1   Thumb Code     8  trace.o(.text.SEGGER_RTT_Init)
    SEGGER_RTT_Write                         0x00026de9   Thumb Code    72  trace.o(.text.SEGGER_RTT_Write)
    SEGGER_RTT_WriteNoLock                   0x00026e31   Thumb Code   176  trace.o(.text.SEGGER_RTT_WriteNoLock)
    SYSCTRL_ClearClkGateMulti                0x00026ee1   Thumb Code    22  peripheral_sysctrl.o(.text.SYSCTRL_ClearClkGateMulti)
    SYSCTRL_Init                             0x00026ef9   Thumb Code     4  peripheral_sysctrl.o(.text.SYSCTRL_Init)
    Smooth_Average                           0x00026efd   Thumb Code   192  filter.o(.text.Smooth_Average)
    UART_SendData                            0x00026fbd   Thumb Code    20  peripheral_uart.o(.text.UART_SendData)
    [Anonymous Symbol]                       0x00026fd1   Thumb Code   432  libfreqoffset_m3.o(.text.X5BX5D___freqoffset_u2599)
    [Anonymous Symbol]                       0x000273a5   Thumb Code    44  libfreqoffset_m3.o(.text.abs2__freqoffset_u500)
    [Anonymous Symbol]                       0x000273d1   Thumb Code   272  libfreqoffset_m3.o(.text.addInt__stdZprivateZdigitsutils_u187)
    [Anonymous Symbol]                       0x000274e1   Thumb Code    92  libfreqoffset_m3.o(.text.add__freqoffset_u1688)
    [Anonymous Symbol]                       0x0002753d   Thumb Code    62  libfreqoffset_m3.o(.text.add__freqoffset_u2214)
    [Anonymous Symbol]                       0x0002757d   Thumb Code    80  libfreqoffset_m3.o(.text.add__freqoffset_u2256)
    [Anonymous Symbol]                       0x000275cd   Thumb Code    14  libfreqoffset_m3.o(.text.alignedDealloc)
    apUART_BaudRateSet                       0x000275dd   Thumb Code   128  peripheral_uart.o(.text.apUART_BaudRateSet)
    apUART_Check_RXFIFO_EMPTY                0x0002765d   Thumb Code    16  peripheral_uart.o(.text.apUART_Check_RXFIFO_EMPTY)
    apUART_Check_TXFIFO_FULL                 0x0002766d   Thumb Code    16  peripheral_uart.o(.text.apUART_Check_TXFIFO_FULL)
    apUART_Get_all_raw_int_stat              0x0002767d   Thumb Code    12  peripheral_uart.o(.text.apUART_Get_all_raw_int_stat)
    apUART_Initialize                        0x00027689   Thumb Code   170  peripheral_uart.o(.text.apUART_Initialize)
    app_main                                 0x00027735   Thumb Code    52  main.o(.text.app_main)
    base64_encode                            0x000277c5   Thumb Code   308  str_util.o(.text.base64_encode)
    boot_check                               0x000278f9   Thumb Code    64  sw_gpio.o(.text.boot_check)
    calc_freq                                0x00027959   Thumb Code   104  freq_offset.o(.text.calc_freq)
    calc_freq_offset                         0x000279c1   Thumb Code   118  libfreqoffset_m3.o(.text.calc_freq_offset)
    [Anonymous Symbol]                       0x00027a39   Thumb Code  1320  libfreqoffset_m3.o(.text.calc_freq_offset__freqoffset_u2558)
    [Anonymous Symbol]                       0x00027f61   Thumb Code   610  libfreqoffset_m3.o(.text.calc_snr__freqoffset_u379)
    [Anonymous Symbol]                       0x000281c5   Thumb Code   238  libfreqoffset_m3.o(.text.cancel_dc__freqoffset_u17)
    cb_putc                                  0x00028349   Thumb Code    48  main.o(.text.cb_putc)
    cb_trace_rtt                             0x00028379   Thumb Code   126  trace.o(.text.cb_trace_rtt)
    check_crc16                              0x000283f9   Thumb Code   112  crc_16.o(.text.check_crc16)
    check_crc16_918                          0x00028469   Thumb Code   112  crc_16.o(.text.check_crc16_918)
    cmd_uart_ack                             0x000284d9   Thumb Code    16  uart_ota.o(.text.cmd_uart_ack)
    cmd_uart_burn_lock                       0x000284e9   Thumb Code    16  uart_ota.o(.text.cmd_uart_burn_lock)
    cmd_uart_burn_sart                       0x000284f9   Thumb Code    58  uart_ota.o(.text.cmd_uart_burn_sart)
    cmd_uart_burn_ulk                        0x00028535   Thumb Code    16  uart_ota.o(.text.cmd_uart_burn_ulk)
    cmd_uart_nack                            0x00028545   Thumb Code    16  uart_ota.o(.text.cmd_uart_nack)
    cmd_uart_unknow_cmd                      0x00028555   Thumb Code    16  uart_ota.o(.text.cmd_uart_unknow_cmd)
    [Anonymous Symbol]                       0x00028565   Thumb Code    50  libfreqoffset_m3.o(.text.cmp__freqoffset_u1536)
    [Anonymous Symbol]                       0x00028599   Thumb Code   264  libfreqoffset_m3.o(.text.collectColor__system_u3077)
    [Anonymous Symbol]                       0x000286a1   Thumb Code   340  libfreqoffset_m3.o(.text.collectCyclesBacon__system_u3147)
    [Anonymous Symbol]                       0x000287f5   Thumb Code   166  libfreqoffset_m3.o(.text.collectCycles__system_u3291)
    [Anonymous Symbol]                       0x0002889d   Thumb Code    72  libfreqoffset_m3.o(.text.colonanonymous___freqoffset_u1514)
    [Anonymous Symbol]                       0x000288e5   Thumb Code    14  libfreqoffset_m3.o(.text.complex__freqoffset_u1933)
    [Anonymous Symbol]                       0x000288f5   Thumb Code    68  libfreqoffset_m3.o(.text.cstrToNimstr)
    [Anonymous Symbol]                       0x00028939   Thumb Code     4  libfreqoffset_m3.o(.text.dealloc)
    [Anonymous Symbol]                       0x0002893d   Thumb Code  4260  libfreqoffset_m3.o(.text.decode__pureZbase5452_u456)
    delay_ms                                 0x000299e1   Thumb Code    42  evk_config.o(.text.delay_ms)
    [Anonymous Symbol]                       0x00029a0d   Thumb Code   344  libfreqoffset_m3.o(.text.demodulate__freqoffset_u1909)
    [Anonymous Symbol]                       0x00029b65   Thumb Code    18  libfreqoffset_m3.o(.text.dollar___systemZdollars_u8)
    driver_append_tx_data                    0x00029b79   Thumb Code    24  uart_golden_dut.o(.text.driver_append_tx_data)
    [Anonymous Symbol]                       0x00029bc9   Thumb Code   660  libfreqoffset_m3.o(.text.eqcopy___freqoffset_u1718)
    [Anonymous Symbol]                       0x00029e5d   Thumb Code   256  libfreqoffset_m3.o(.text.eqcopy___freqoffset_u670)
    [Anonymous Symbol]                       0x00029f5d   Thumb Code   126  libfreqoffset_m3.o(.text.eqcopy___system_u3952)
    [Anonymous Symbol]                       0x00029fdd   Thumb Code    22  libfreqoffset_m3.o(.text.eqdestroy___freqoffset_u1153)
    [Anonymous Symbol]                       0x00029ff5   Thumb Code    22  libfreqoffset_m3.o(.text.eqdestroy___freqoffset_u1715)
    [Anonymous Symbol]                       0x0002a00d   Thumb Code    22  libfreqoffset_m3.o(.text.eqdestroy___freqoffset_u2154)
    [Anonymous Symbol]                       0x0002a025   Thumb Code    22  libfreqoffset_m3.o(.text.eqdestroy___freqoffset_u667)
    [Anonymous Symbol]                       0x0002a03d   Thumb Code   136  libfreqoffset_m3.o(.text.eqdestroy___pureZparseutils_u330)
    [Anonymous Symbol]                       0x0002a0c5   Thumb Code    22  libfreqoffset_m3.o(.text.eqdestroy___stdZassertions_u91)
    [Anonymous Symbol]                       0x0002a0dd   Thumb Code    40  libfreqoffset_m3.o(.text.eqsink___freqoffset_u1724)
    [Anonymous Symbol]                       0x0002a105   Thumb Code   114  libfreqoffset_m3.o(.text.eqsink___system_u3960)
    [Anonymous Symbol]                       0x0002a179   Thumb Code    94  libfreqoffset_m3.o(.text.eqtrace___pureZparseutils_u342)
    [Anonymous Symbol]                       0x0002a1d9   Thumb Code     8  libfreqoffset_m3.o(.text.eqwasMoved___freqoffset_u1712)
    [Anonymous Symbol]                       0x0002a1e1   Thumb Code     8  libfreqoffset_m3.o(.text.eqwasMoved___freqoffset_u2151)
    evk_config_init                          0x0002a1e9   Thumb Code    24  evk_config.o(.text.evk_config_init)
    flash_read                               0x0002a201   Thumb Code   100  flash_fun.o(.text.flash_read)
    fputc                                    0x0002a265   Thumb Code    22  main.o(.text.fputc)
    freq_offset_begin                        0x0002a27d   Thumb Code    44  rf_test.o(.text.freq_offset_begin)
    freq_offset_rx_begin                     0x0002a2a9   Thumb Code    40  freq_offset.o(.text.freq_offset_rx_begin)
    freq_offset_rx_begin_do                  0x0002a2d1   Thumb Code   262  freq_offset.o(.text.freq_offset_rx_begin_do)
    freq_offset_rx_done                      0x0002a3d9   Thumb Code   466  freq_offset.o(.text.freq_offset_rx_done)
    freq_offset_rx_end                       0x0002a5ad   Thumb Code    26  freq_offset.o(.text.freq_offset_rx_end)
    freq_offset_tune                         0x0002a5c9   Thumb Code    62  freq_offset.o(.text.freq_offset_tune)
    freq_test_init                           0x0002a609   Thumb Code    72  freq_offset.o(.text.freq_test_init)
    get_buner_state                          0x0002a651   Thumb Code    12  uart_ota.o(.text.get_buner_state)
    get_evk_config                           0x0002a65d   Thumb Code    10  evk_config.o(.text.get_evk_config)
    get_evk_protocol                         0x0002a669   Thumb Code    12  evk_config.o(.text.get_evk_protocol)
    get_evk_work                             0x0002a675   Thumb Code    12  evk_config.o(.text.get_evk_work)
    get_raw_pkt_count                        0x0002a681   Thumb Code    32  raw_pkt.o(.text.get_raw_pkt_count)
    get_raw_pkt_loss                         0x0002a6a1   Thumb Code    86  raw_pkt.o(.text.get_raw_pkt_loss)
    get_raw_pkt_power                        0x0002a6f9   Thumb Code    50  raw_pkt.o(.text.get_raw_pkt_power)
    get_rf_acc_addr                          0x0002a72d   Thumb Code    50  raw_pkt.o(.text.get_rf_acc_addr)
    get_ring_buff_used                       0x0002a761   Thumb Code    44  my_ring_buffer.o(.text.get_ring_buff_used)
    gpio_pin_pulse                           0x0002a78d   Thumb Code    78  pulse_test_gpio.o(.text.gpio_pin_pulse)
    handle_command                           0x0002a7dd   Thumb Code   178  uart_ota.o(.text.handle_command)
    [Anonymous Symbol]                       0x0002a8f5   Thumb Code   632  libfreqoffset_m3.o(.text.linear_arg__freqoffset_u1425)
    [Anonymous Symbol]                       0x0002ab6d   Thumb Code  2408  libfreqoffset_m3.o(.text.linear_regression__freqoffset_u753)
    loop_rf_test_state_machine               0x0002b4d5   Thumb Code  2508  rf_test.o(.text.loop_rf_test_state_machine)
    [Anonymous Symbol]                       0x0002bea1   Thumb Code   180  libfreqoffset_m3.o(.text.markGray__system_u2996)
    [Anonymous Symbol]                       0x0002bf55   Thumb Code    52  libfreqoffset_m3.o(.text.minus___freqoffset_u104)
    [Anonymous Symbol]                       0x0002bf89   Thumb Code    70  libfreqoffset_m3.o(.text.newSeqPayload)
    [Anonymous Symbol]                       0x0002bfd1   Thumb Code   218  libfreqoffset_m3.o(.text.newSeq__freqoffset_u1010)
    [Anonymous Symbol]                       0x0002c0ad   Thumb Code    62  libfreqoffset_m3.o(.text.newSeq__freqoffset_u2032)
    [Anonymous Symbol]                       0x0002c0ed   Thumb Code    62  libfreqoffset_m3.o(.text.newSeq__freqoffset_u282)
    [Anonymous Symbol]                       0x0002c12d   Thumb Code    62  libfreqoffset_m3.o(.text.newSeq__freqoffset_u526)
    [Anonymous Symbol]                       0x0002c16d   Thumb Code    78  libfreqoffset_m3.o(.text.newSeq__freqoffset_u530)
    [Anonymous Symbol]                       0x0002c1bd   Thumb Code    66  libfreqoffset_m3.o(.text.nimDestroyAndDispose)
    [Anonymous Symbol]                       0x0002c201   Thumb Code    62  libfreqoffset_m3.o(.text.nimNewObj)
    [Anonymous Symbol]                       0x0002c241   Thumb Code    32  libfreqoffset_m3.o(.text.nimPrepareStrMutationImpl__system_u2384)
    noos_start                               0x0002c261   Thumb Code    44  noos_impl.o(.text.noos_start)
    on_lle_init                              0x0002c28d   Thumb Code    12  main.o(.text.on_lle_init)
    on_raw_packet_done                       0x0002c299   Thumb Code    54  raw_pkt.o(.text.on_raw_packet_done)
    on_raw_packet_done_rx                    0x0002c2d1   Thumb Code    44  freq_offset.o(.text.on_raw_packet_done_rx)
    os_impl_get_driver                       0x0002c2fd   Thumb Code    10  noos_impl.o(.text.os_impl_get_driver)
    [Anonymous Symbol]                       0x0002c309   Thumb Code   476  libfreqoffset_m3.o(.text.parse_to_s16_complex__freqoffset_u2009)
    peek_ring_fifo_char                      0x0002c4e5   Thumb Code   102  my_ring_buffer.o(.text.peek_ring_fifo_char)
    pendsv_isr                               0x0002c54d   Thumb Code     2  noos_impl.o(.text.pendsv_isr)
    [Anonymous Symbol]                       0x0002c551   Thumb Code    24  libfreqoffset_m3.o(.text.phase__freqoffset_u1950)
    [Anonymous Symbol]                       0x0002c569   Thumb Code    52  libfreqoffset_m3.o(.text.plus___freqoffset_u50)
    [Anonymous Symbol]                       0x0002c59d   Thumb Code   158  libfreqoffset_m3.o(.text.prepareAdd)
    [Anonymous Symbol]                       0x0002c63d   Thumb Code   322  libfreqoffset_m3.o(.text.prepareSeqAdd)
    [Anonymous Symbol]                       0x0002cc4d   Thumb Code   150  libfreqoffset_m3.o(.text.raiseExceptionEx)
    [Anonymous Symbol]                       0x0002cce5   Thumb Code    40  libfreqoffset_m3.o(.text.rawNewString)
    raw_packet_set_rx_param                  0x0002cd0d   Thumb Code   114  raw_pkt.o(.text.raw_packet_set_rx_param)
    raw_packet_set_tx_param                  0x0002cd81   Thumb Code   118  raw_pkt.o(.text.raw_packet_set_tx_param)
    raw_pkt_malloc_init                      0x0002cdf9   Thumb Code   152  raw_pkt.o(.text.raw_pkt_malloc_init)
    raw_pkt_rx_test                          0x0002ceb1   Thumb Code    98  raw_pkt.o(.text.raw_pkt_rx_test)
    raw_pkt_tx_test                          0x0002cf15   Thumb Code   200  raw_pkt.o(.text.raw_pkt_tx_test)
    read_ring_fifo_char                      0x0002cfdd   Thumb Code    46  my_ring_buffer.o(.text.read_ring_fifo_char)
    [Anonymous Symbol]                       0x0002d00d   Thumb Code    78  libfreqoffset_m3.o(.text.rect__freqoffset_u1928)
    [Anonymous Symbol]                       0x0002d05d   Thumb Code   194  libfreqoffset_m3.o(.text.rememberCycle__system_u3356)
    reset_dut_2_run                          0x0002d121   Thumb Code    34  sw_gpio.o(.text.reset_dut_2_run)
    reset_test_state                         0x0002d145   Thumb Code    28  rf_test.o(.text.reset_test_state)
    [Anonymous Symbol]                       0x0002d161   Thumb Code    30  libfreqoffset_m3.o(.text.resize__system_u2833)
    restart_raw_pkt_rx                       0x0002d181   Thumb Code    14  raw_pkt.o(.text.restart_raw_pkt_rx)
    restart_raw_pkt_tx                       0x0002d191   Thumb Code    14  raw_pkt.o(.text.restart_raw_pkt_tx)
    rf_test_freq_offset_begin                0x0002d1a1   Thumb Code    92  rf_test.o(.text.rf_test_freq_offset_begin)
    rf_test_freq_offset_end                  0x0002d1fd   Thumb Code   126  rf_test.o(.text.rf_test_freq_offset_end)
    rf_test_rx_cnt_begin                     0x0002d401   Thumb Code    98  rf_test.o(.text.rf_test_rx_cnt_begin)
    rf_test_rx_cnt_end                       0x0002d465   Thumb Code   168  rf_test.o(.text.rf_test_rx_cnt_end)
    rf_test_rx_sen_begin                     0x0002d50d   Thumb Code    94  rf_test.o(.text.rf_test_rx_sen_begin)
    rf_test_rx_sen_end                       0x0002d56d   Thumb Code   170  rf_test.o(.text.rf_test_rx_sen_end)
    rf_test_start                            0x0002d619   Thumb Code   170  rf_test.o(.text.rf_test_start)
    rf_test_tx_cnt_begin                     0x0002d6c5   Thumb Code    98  rf_test.o(.text.rf_test_tx_cnt_begin)
    rf_test_tx_cnt_end                       0x0002d729   Thumb Code   134  rf_test.o(.text.rf_test_tx_cnt_end)
    rf_test_tx_power_begin                   0x0002d7b1   Thumb Code    94  rf_test.o(.text.rf_test_tx_power_begin)
    rf_test_tx_power_end                     0x0002d811   Thumb Code   128  rf_test.o(.text.rf_test_tx_power_end)
    ring_fifo_init                           0x0002d891   Thumb Code   100  my_ring_buffer.o(.text.ring_fifo_init)
    [Anonymous Symbol]                       0x0002d8f5   Thumb Code     8  libfreqoffset_m3.o(.text.rttiDestroy__freqoffset_u2884)
    [Anonymous Symbol]                       0x0002d8fd   Thumb Code     4  libfreqoffset_m3.o(.text.rttiDestroy__systemZexceptions_u56)
    rx_sen_cb                                0x0002d901   Thumb Code    36  uart_golden_dut.o(.text.rx_sen_cb)
    [Anonymous Symbol]                       0x0002d925   Thumb Code   380  libfreqoffset_m3.o(.text.scan__system_u3052)
    [Anonymous Symbol]                       0x0002daa1   Thumb Code   218  libfreqoffset_m3.o(.text.setLengthStrV2)
    set_evk_protocol                         0x0002db7d   Thumb Code    80  evk_config.o(.text.set_evk_protocol)
    set_rf_channel                           0x0002dbcd   Thumb Code   138  raw_pkt.o(.text.set_rf_channel)
    setup_peripherals                        0x0002dc59   Thumb Code    32  main.o(.text.setup_peripherals)
    setup_profile                            0x0002dc79   Thumb Code    56  profile.o(.text.setup_profile)
    [Anonymous Symbol]                       0x0002dd39   Thumb Code    50  libfreqoffset_m3.o(.text.slash___freqoffset_u62)
    [Anonymous Symbol]                       0x0002dd6d   Thumb Code  1062  libfreqoffset_m3.o(.text.sort__freqoffset_u1563)
    [Anonymous Symbol]                       0x0002e195   Thumb Code   208  libfreqoffset_m3.o(.text.sorted__freqoffset_u1541)
    [Anonymous Symbol]                       0x0002e265   Thumb Code   106  libfreqoffset_m3.o(.text.star___freqoffset_u1942)
    start_raw_tx_rx                          0x0002e2d1   Thumb Code    48  raw_pkt.o(.text.start_raw_tx_rx)
    stop_raw_tx_rx                           0x0002e301   Thumb Code    40  raw_pkt.o(.text.stop_raw_tx_rx)
    svc_isr                                  0x0002e329   Thumb Code     2  noos_impl.o(.text.svc_isr)
    sw_uart_gpio_init                        0x0002e32d   Thumb Code   150  sw_gpio.o(.text.sw_uart_gpio_init)
    test_gpio_init                           0x0002e40d   Thumb Code   100  pulse_test_gpio.o(.text.test_gpio_init)
    tf_test_rx_pkt_end                       0x0002e471   Thumb Code    18  rf_test.o(.text.tf_test_rx_pkt_end)
    tick_isr                                 0x0002e485   Thumb Code     2  noos_impl.o(.text.tick_isr)
    trace_rtt_init                           0x0002e649   Thumb Code    14  trace.o(.text.trace_rtt_init)
    uart_DUT_init                            0x0002e659   Thumb Code   216  uart_golden_dut.o(.text.uart_DUT_init)
    uart_DUT_process                         0x0002e731   Thumb Code   920  uart_golden_dut.o(.text.uart_DUT_process)
    uart_DUT_send                            0x0002eac9   Thumb Code    92  uart_golden_dut.o(.text.uart_DUT_send)
    uart_buner_rx_data                       0x0002eb25   Thumb Code   136  uart_ota.o(.text.uart_buner_rx_data)
    uart_buner_task_entry                    0x0002ebad   Thumb Code  2976  uart_ota.o(.text.uart_buner_task_entry)
    uart_cmd_ch_addr_pkt_assemble            0x0002f785   Thumb Code   144  uart_golden_dut.o(.text.uart_cmd_ch_addr_pkt_assemble)
    uart_cmd_get_result_rsp                  0x0002f815   Thumb Code   154  uart_upper_golden.o(.text.uart_cmd_get_result_rsp)
    uart_cmd_packet_assemble                 0x0002f8b1   Thumb Code   110  uart_golden_dut.o(.text.uart_cmd_packet_assemble)
    uart_cmd_start_rsp                       0x0002f921   Thumb Code   116  uart_upper_golden.o(.text.uart_cmd_start_rsp)
    uart_dut_isr                             0x0002f995   Thumb Code   234  uart_golden_dut.o(.text.uart_dut_isr)
    uart_upper_init                          0x0002faa1   Thumb Code   214  uart_upper_golden.o(.text.uart_upper_init)
    uart_upper_isr                           0x0002fb79   Thumb Code   188  uart_upper_golden.o(.text.uart_upper_isr)
    uart_upper_process                       0x0002fc35   Thumb Code  1280  uart_upper_golden.o(.text.uart_upper_process)
    uart_upper_send                          0x00030135   Thumb Code    88  uart_upper_golden.o(.text.uart_upper_send)
    write_ring_fifo_char                     0x00030271   Thumb Code    84  my_ring_buffer.o(.text.write_ring_fifo_char)
    [Anonymous Symbol]                       0x000302c5   Thumb Code   278  libfreqoffset_m3.o(.text.zip__freqoffset_u996)
    __0printf                                0x000303dd   Thumb Code    22  printfa.o(i.__0printf)
    __1printf                                0x000303dd   Thumb Code     0  printfa.o(i.__0printf)
    __2printf                                0x000303dd   Thumb Code     0  printfa.o(i.__0printf)
    __c89printf                              0x000303dd   Thumb Code     0  printfa.o(i.__0printf)
    printf                                   0x000303dd   Thumb Code     0  printfa.o(i.__0printf)
    __0sprintf                               0x000303fd   Thumb Code    34  printfa.o(i.__0sprintf)
    __1sprintf                               0x000303fd   Thumb Code     0  printfa.o(i.__0sprintf)
    __2sprintf                               0x000303fd   Thumb Code     0  printfa.o(i.__0sprintf)
    __c89sprintf                             0x000303fd   Thumb Code     0  printfa.o(i.__0sprintf)
    sprintf                                  0x000303fd   Thumb Code     0  printfa.o(i.__0sprintf)
    __ARM_fpclassify                         0x00030425   Thumb Code    40  fpclassify.o(i.__ARM_fpclassify)
    free                                     0x0003044d   Thumb Code    88  mallocr.o(i.__free$realloc)
    __ieee754_rem_pio2                       0x000304a9   Thumb Code   828  rred.o(i.__ieee754_rem_pio2)
    __kernel_cos                             0x00030831   Thumb Code   230  cos_i.o(i.__kernel_cos)
    __kernel_poly                            0x0003092d   Thumb Code   170  poly.o(i.__kernel_poly)
    __kernel_sin                             0x000309d9   Thumb Code   224  sin_i.o(i.__kernel_sin)
    malloc                                   0x00030ac5   Thumb Code    64  mallocr.o(i.__malloc$realloc)
    __mathlib_dbl_divzero                    0x00030b15   Thumb Code    12  dunder.o(i.__mathlib_dbl_divzero)
    __mathlib_dbl_infnan                     0x00030b25   Thumb Code     6  dunder.o(i.__mathlib_dbl_infnan)
    __mathlib_dbl_infnan2                    0x00030b2b   Thumb Code     4  dunder.o(i.__mathlib_dbl_infnan2)
    __mathlib_dbl_invalid                    0x00030b2f   Thumb Code    12  dunder.o(i.__mathlib_dbl_invalid)
    __mathlib_dbl_underflow                  0x00030b3d   Thumb Code    10  dunder.o(i.__mathlib_dbl_underflow)
    __scatterload_copy                       0x00030b4d   Thumb Code    14  handlers.o(i.__scatterload_copy)
    __scatterload_null                       0x00030b5b   Thumb Code     2  handlers.o(i.__scatterload_null)
    __scatterload_zeroinit                   0x00030b5d   Thumb Code    14  handlers.o(i.__scatterload_zeroinit)
    __set_errno                              0x00030b6d   Thumb Code     6  errno.o(i.__set_errno)
    atan                                     0x00031435   Thumb Code   474  atan.o(i.atan)
    atan2                                    0x00031655   Thumb Code   374  atan2.o(i.atan2)
    cos                                      0x000317f1   Thumb Code   148  cos.o(i.cos)
    log                                      0x000318dd   Thumb Code   808  log.o(i.log)
    log10                                    0x00031c39   Thumb Code   198  log10.o(i.log10)
    realloc                                  0x00031d1d   Thumb Code   102  mallocr.o(i.realloc)
    sin                                      0x00031d89   Thumb Code   150  sin.o(i.sin)
    __mathlib_zero                           0x00031f28   Data           8  qnan.o(.constdata)
    auchCRCHi                                0x00032070   Data         256  crc_16.o(.rodata.auchCRCHi)
    auchCRCHi918                             0x00032170   Data         256  crc_16.o(.rodata.auchCRCHi918)
    auchCRCLo                                0x00032270   Data         256  crc_16.o(.rodata.auchCRCLo)
    auchCRCLo918                             0x00032370   Data         256  crc_16.o(.rodata.auchCRCLo918)
    check_buf                                0x00032470   Data          13  raw_pkt.o(.rodata.check_buf)
    [Anonymous Symbol]                       0x000324d0   Data         256  libfreqoffset_m3.o(.rodata.decodeTable__pureZbase5452_u455)
    [Anonymous Symbol]                       0x000325d0   Data         200  libfreqoffset_m3.o(.rodata.digits100__stdZprivateZdigitsutils_u2)
    Region$$Table$$Base                      0x00033b80   Number         0  anon$$obj.o(Region$$Table)
    Region$$Table$$Limit                     0x00033ba0   Number         0  anon$$obj.o(Region$$Table)
    __stdout                                 0x20000ce0   Data           4  stdout.o(.data)
    __microlib_freelist                      0x20000ce4   Data           4  mvars.o(.data)
    __microlib_freelist_initialised          0x20000ce8   Data           4  mvars.o(.data)
    [Anonymous Symbol]                       0x20000cf0   Data          28  libfreqoffset_m3.o(.data.NTIv2__9cz9cFl9aMYwDrtVdI6PQ9aJCQ_)
    [Anonymous Symbol]                       0x20000d0c   Data          28  libfreqoffset_m3.o(.data.NTIv2__LpLWAY9cRm1WP3DOJ3HXrmA_)
    [Anonymous Symbol]                       0x20000d28   Data          28  libfreqoffset_m3.o(.data.NTIv2__ZbVxt5hVCou9aEbL6kOX0Gw_)
    downdloader                              0x20000d45   Data         509  uart_ota.o(.data.downdloader)
    ema_filter                               0x20000f44   Data           8  raw_pkt.o(.data.ema_filter)
    gpio_test_array                          0x20000f4c   Data           8  pulse_test_gpio.o(.data.gpio_test_array)
    rf_fo_cmd                                0x20001098   Data           5  freq_offset.o(.data.rf_fo_cmd)
    self_addr                                0x200010ac   Data           4  uart_ota.o(.data.self_addr)
    sw_timers                                0x200010b0   Data         160  noos_impl.o(.data.sw_timers)
    [Anonymous Symbol]                       0x20001150   Data           1  libfreqoffset_m3.o(.bss..L_MergedGlobals)
    [Anonymous Symbol]                       0x20001154   Data           4  libfreqoffset_m3.o(.bss..L_MergedGlobals)
    [Anonymous Symbol]                       0x20001158   Data           4  libfreqoffset_m3.o(.bss..L_MergedGlobals)
    [Anonymous Symbol]                       0x2000115c   Data           4  libfreqoffset_m3.o(.bss..L_MergedGlobals)
    [Anonymous Symbol]                       0x20001160   Data           4  libfreqoffset_m3.o(.bss..L_MergedGlobals)
    [Anonymous Symbol]                       0x20001164   Data           4  libfreqoffset_m3.o(.bss..L_MergedGlobals)
    [Anonymous Symbol]                       0x20001168   Data          12  libfreqoffset_m3.o(.bss..L_MergedGlobals)
    Burn_Buf                                 0x20001174   Data           4  uart_ota.o(.bss.Burn_Buf)
    _SEGGER_RTT                              0x20001178   Data          72  trace.o(.bss._SEGGER_RTT)
    addr_buf                                 0x200013c4   Data           4  raw_pkt.o(.bss.addr_buf)
    data                                     0x200013c8   Data         300  freq_offset.o(.bss.data)
    evk_config                               0x200014f4   Data           8  evk_config.o(.bss.evk_config)
    ing_buner                                0x20001514   Data         124  uart_ota.o(.bss.ing_buner)
    input                                    0x20001590   Data         260  uart_ota.o(.bss.input)
    raw_packet_rx                            0x2000188c   Data           4  freq_offset.o(.bss.raw_packet_rx)
    rf_test_data                             0x20001894   Data           8  rf_test.o(.bss.rf_test_data)
    rx_raw_packet                            0x2000189c   Data           4  raw_pkt.o(.bss.rx_raw_packet)
    test_base64                              0x200019e8   Data         400  freq_offset.o(.bss.test_base64)
    test_sm                                  0x20001b78   Data          16  rf_test.o(.bss.test_sm)
    trace_ctx                                0x20001b88   Data           1  main.o(.bss.trace_ctx)
    tx_raw_packet                            0x20001b8c   Data           4  raw_pkt.o(.bss.tx_raw_packet)
    uart_DUT_fifo                            0x20001b90   Data           4  uart_golden_dut.o(.bss.uart_DUT_fifo)
    uart_upper_fifo                          0x20001bac   Data           4  uart_upper_golden.o(.bss.uart_upper_fifo)
    __heap_base                              0x20001bc8   Data           0  startup_ing91800.o(HEAP)
    __heap_limit                             0x20009cb0   Data           0  startup_ing91800.o(HEAP)
    __initial_sp                             0x2000a0b0   Data           0  startup_ing91800.o(STACK)



==============================================================================

Memory Map of the image

  Image Entry point : 0x00026009

  Load Region LR_IROM1 (Base: 0x00026000, Size: 0x0000e010, Max: 0x0005e000, ABSOLUTE, COMPRESSED[0x0000dc58])

    Execution Region ER_IROM1 (Exec base: 0x00026000, Load base: 0x00026000, Size: 0x0000dba0, Max: 0x0005e000, ABSOLUTE)

    Exec Addr    Load Addr    Size         Type   Attr      Idx    E Section Name        Object

    0x00026000   0x00026000   0x00000008   Data   RO          144    RESET               startup_ing91800.o
    0x00026008   0x00026008   0x00000000   Code   RO         1405  * .ARM.Collect$$$$00000000  mc_w.l(entry.o)
    0x00026008   0x00026008   0x00000004   Code   RO         1584    .ARM.Collect$$$$00000001  mc_w.l(entry2.o)
    0x0002600c   0x0002600c   0x00000004   Code   RO         1587    .ARM.Collect$$$$00000004  mc_w.l(entry5.o)
    0x00026010   0x00026010   0x00000000   Code   RO         1589    .ARM.Collect$$$$00000008  mc_w.l(entry7b.o)
    0x00026010   0x00026010   0x00000000   Code   RO         1591    .ARM.Collect$$$$0000000A  mc_w.l(entry8b.o)
    0x00026010   0x00026010   0x00000008   Code   RO         1592    .ARM.Collect$$$$0000000B  mc_w.l(entry9a.o)
    0x00026018   0x00026018   0x00000000   Code   RO         1594    .ARM.Collect$$$$0000000D  mc_w.l(entry10a.o)
    0x00026018   0x00026018   0x00000000   Code   RO         1596    .ARM.Collect$$$$0000000F  mc_w.l(entry11a.o)
    0x00026018   0x00026018   0x00000004   Code   RO         1585    .ARM.Collect$$$$00002712  mc_w.l(entry2.o)
    0x0002601c   0x0002601c   0x00000028   Code   RO          145    .text               startup_ing91800.o
    0x00026044   0x00026044   0x00000024   Code   RO         1406    .text               mc_w.l(init.o)
    0x00026068   0x00026068   0x00000062   Code   RO         1410    .text               mc_w.l(uldiv.o)
    0x000260ca   0x000260ca   0x00000040   Code   RO         1442    .text               mc_w.l(memmovea.o)
    0x0002610a   0x0002610a   0x00000024   Code   RO         1444    .text               mc_w.l(memseta.o)
    0x0002612e   0x0002612e   0x0000000e   Code   RO         1446    .text               mc_w.l(strlen.o)
    0x0002613c   0x0002613c   0x0000001a   Code   RO         1448    .text               mc_w.l(memcmp.o)
    0x00026156   0x00026156   0x00000012   Code   RO         1450    .text               mc_w.l(strcpy.o)
    0x00026168   0x00026168   0x0000002a   Code   RO         1456    .text               mc_w.l(strcasecmp.o)
    0x00026192   0x00026192   0x0000001c   Code   RO         1514    .text               mc_w.l(calloc.o)
    0x000261ae   0x000261ae   0x000000b0   Code   RO         1516    .text               mf_w.l(fadd.o)
    0x0002625e   0x0002625e   0x00000064   Code   RO         1518    .text               mf_w.l(fmul.o)
    0x000262c2   0x000262c2   0x0000014e   Code   RO         1522    .text               mf_w.l(dadd.o)
    0x00026410   0x00026410   0x000000e4   Code   RO         1524    .text               mf_w.l(dmul.o)
    0x000264f4   0x000264f4   0x000000de   Code   RO         1526    .text               mf_w.l(ddiv.o)
    0x000265d2   0x000265d2   0x00000036   Code   RO         1528    .text               mf_w.l(dcmplt.o)
    0x00026608   0x00026608   0x00000038   Code   RO         1530    .text               mf_w.l(dcmpeq.o)
    0x00026640   0x00026640   0x00000012   Code   RO         1532    .text               mf_w.l(fflti.o)
    0x00026652   0x00026652   0x0000000a   Code   RO         1534    .text               mf_w.l(ffltui.o)
    0x0002665c   0x0002665c   0x00000022   Code   RO         1536    .text               mf_w.l(dflti.o)
    0x0002667e   0x0002667e   0x0000001a   Code   RO         1538    .text               mf_w.l(dfltui.o)
    0x00026698   0x00026698   0x00000032   Code   RO         1540    .text               mf_w.l(ffixi.o)
    0x000266ca   0x000266ca   0x00000028   Code   RO         1542    .text               mf_w.l(ffixui.o)
    0x000266f2   0x000266f2   0x0000003e   Code   RO         1544    .text               mf_w.l(dfixi.o)
    0x00026730   0x00026730   0x0000002c   Code   RO         1608    .text               mc_w.l(uidiv.o)
    0x0002675c   0x0002675c   0x0000001e   Code   RO         1610    .text               mc_w.l(llshl.o)
    0x0002677a   0x0002677a   0x00000020   Code   RO         1612    .text               mc_w.l(llushr.o)
    0x0002679a   0x0002679a   0x00000024   Code   RO         1614    .text               mc_w.l(llsshr.o)
    0x000267be   0x000267be   0x0000000c   Code   RO         1616    .text               mc_w.l(tolower.o)
    0x000267ca   0x000267ca   0x00000000   Code   RO         1627    .text               mc_w.l(iusefp.o)
    0x000267ca   0x000267ca   0x0000006e   Code   RO         1628    .text               mf_w.l(fepilogue.o)
    0x00026838   0x00026838   0x000000ba   Code   RO         1630    .text               mf_w.l(depilogue.o)
    0x000268f2   0x000268f2   0x0000002e   Code   RO         1632    .text               mf_w.l(dscalb.o)
    0x00026920   0x00026920   0x00000030   Code   RO         1634    .text               mf_w.l(dfixul.o)
    0x00026950   0x00026950   0x00000030   Code   RO         1636    .text               mf_w.l(cdcmple.o)
    0x00026980   0x00026980   0x00000030   Code   RO         1638    .text               mf_w.l(cdrcmple.o)
    0x000269b0   0x000269b0   0x0000003a   Code   RO         1652    .text               mc_w.l(__dczerorl.o)
    0x000269ea   0x000269ea   0x00000002   PAD
    0x000269ec   0x000269ec   0x00000046   Code   RO          835    .text.DUT_cmd_rf_freq_offset  uart_golden_dut.o
    0x00026a32   0x00026a32   0x00000002   PAD
    0x00026a34   0x00026a34   0x0000002c   Code   RO          837    .text.DUT_cmd_rf_freq_offset_tune  uart_golden_dut.o
    0x00026a60   0x00026a60   0x00000046   Code   RO          817    .text.DUT_cmd_rf_rx_cnt  uart_golden_dut.o
    0x00026aa6   0x00026aa6   0x00000002   PAD
    0x00026aa8   0x00026aa8   0x00000046   Code   RO          821    .text.DUT_cmd_rf_rx_sen  uart_golden_dut.o
    0x00026aee   0x00026aee   0x00000002   PAD
    0x00026af0   0x00026af0   0x0000004a   Code   RO          831    .text.DUT_cmd_rf_tx_cnt  uart_golden_dut.o
    0x00026b3a   0x00026b3a   0x00000002   PAD
    0x00026b3c   0x00026b3c   0x00000046   Code   RO          833    .text.DUT_cmd_rf_tx_power  uart_golden_dut.o
    0x00026b82   0x00026b82   0x00000002   PAD
    0x00026b84   0x00026b84   0x00000032   Code   RO          228    .text.GIO_MaskedWrite  peripheral_gpio.o
    0x00026bb6   0x00026bb6   0x00000002   PAD
    0x00026bb8   0x00026bb8   0x0000006c   Code   RO          226    .text.GIO_SetDirection  peripheral_gpio.o
    0x00026c24   0x00026c24   0x00000022   Code   RO          232    .text.GIO_WriteValue  peripheral_gpio.o
    0x00026c46   0x00026c46   0x00000002   PAD
    0x00026c48   0x00026c48   0x00000084   Code   RO          312    .text.PINCTRL_Pull  peripheral_pinctrl.o
    0x00026ccc   0x00026ccc   0x0000003e   Code   RO          300    .text.PINCTRL_SelIn  peripheral_pinctrl.o
    0x00026d0a   0x00026d0a   0x00000002   PAD
    0x00026d0c   0x00026d0c   0x00000024   Code   RO          298    .text.PINCTRL_SelUartRxdIn  peripheral_pinctrl.o
    0x00026d30   0x00026d30   0x0000004c   Code   RO          290    .text.PINCTRL_SetPadMux  peripheral_pinctrl.o
    0x00026d7c   0x00026d7c   0x00000040   Code   RO         1006    .text.Pow_Smooth    filter.o
    0x00026dbc   0x00026dbc   0x00000022   Code   RO          656    .text.SEGGER_RTT_GetAvailWriteSpace  trace.o
    0x00026dde   0x00026dde   0x00000002   PAD
    0x00026de0   0x00026de0   0x00000008   Code   RO          648    .text.SEGGER_RTT_Init  trace.o
    0x00026de8   0x00026de8   0x00000048   Code   RO          612    .text.SEGGER_RTT_Write  trace.o
    0x00026e30   0x00026e30   0x000000b0   Code   RO          608    .text.SEGGER_RTT_WriteNoLock  trace.o
    0x00026ee0   0x00026ee0   0x00000016   Code   RO          437    .text.SYSCTRL_ClearClkGateMulti  peripheral_sysctrl.o
    0x00026ef6   0x00026ef6   0x00000002   PAD
    0x00026ef8   0x00026ef8   0x00000004   Code   RO          463    .text.SYSCTRL_Init  peripheral_sysctrl.o
    0x00026efc   0x00026efc   0x000000c0   Code   RO         1004    .text.Smooth_Average  filter.o
    0x00026fbc   0x00026fbc   0x00000014   Code   RO          567    .text.UART_SendData  peripheral_uart.o
    0x00026fd0   0x00026fd0   0x000001b0   Code   RO         1203    .text.X5BX5D___freqoffset_u2599  libfreqoffset_m3.o
    0x00027180   0x00027180   0x00000090   Code   RO          590    .text._DoInit       trace.o
    0x00027210   0x00027210   0x0000003e   Code   RO          602    .text._GetAvailWriteSpace  trace.o
    0x0002724e   0x0002724e   0x00000002   PAD
    0x00027250   0x00027250   0x000000dc   Code   RO          606    .text._WriteBlocking  trace.o
    0x0002732c   0x0002732c   0x00000078   Code   RO          604    .text._WriteNoCheck  trace.o
    0x000273a4   0x000273a4   0x0000002c   Code   RO         1052    .text.abs2__freqoffset_u500  libfreqoffset_m3.o
    0x000273d0   0x000273d0   0x00000110   Code   RO         1057    .text.addInt__stdZprivateZdigitsutils_u187  libfreqoffset_m3.o
    0x000274e0   0x000274e0   0x0000005c   Code   RO         1169    .text.add__freqoffset_u1688  libfreqoffset_m3.o
    0x0002753c   0x0002753c   0x0000003e   Code   RO         1157    .text.add__freqoffset_u2214  libfreqoffset_m3.o
    0x0002757a   0x0002757a   0x00000002   PAD
    0x0002757c   0x0002757c   0x00000050   Code   RO         1159    .text.add__freqoffset_u2256  libfreqoffset_m3.o
    0x000275cc   0x000275cc   0x0000000e   Code   RO         1099    .text.alignedDealloc  libfreqoffset_m3.o
    0x000275da   0x000275da   0x00000002   PAD
    0x000275dc   0x000275dc   0x00000080   Code   RO          515    .text.apUART_BaudRateSet  peripheral_uart.o
    0x0002765c   0x0002765c   0x00000010   Code   RO          521    .text.apUART_Check_RXFIFO_EMPTY  peripheral_uart.o
    0x0002766c   0x0002766c   0x00000010   Code   RO          527    .text.apUART_Check_TXFIFO_FULL  peripheral_uart.o
    0x0002767c   0x0002767c   0x0000000c   Code   RO          551    .text.apUART_Get_all_raw_int_stat  peripheral_uart.o
    0x00027688   0x00027688   0x000000aa   Code   RO          565    .text.apUART_Initialize  peripheral_uart.o
    0x00027732   0x00027732   0x00000002   PAD
    0x00027734   0x00027734   0x00000034   Code   RO           12    .text.app_main      main.o
    0x00027768   0x00027768   0x0000005c   Code   RO         1320    .text.append_data   uart_ota.o
    0x000277c4   0x000277c4   0x00000134   Code   RO          733    .text.base64_encode  str_util.o
    0x000278f8   0x000278f8   0x00000040   Code   RO         1356    .text.boot_check    sw_gpio.o
    0x00027938   0x00027938   0x0000000c   Code   RO           36    .text.btstack_event_state_get_state  profile.o
    0x00027944   0x00027944   0x00000012   Code   RO         1314    .text.burn_ctrl_restart  uart_ota.o
    0x00027956   0x00027956   0x00000002   PAD
    0x00027958   0x00027958   0x00000068   Code   RO          972    .text.calc_freq     freq_offset.o
    0x000279c0   0x000279c0   0x00000076   Code   RO         1279    .text.calc_freq_offset  libfreqoffset_m3.o
    0x00027a36   0x00027a36   0x00000002   PAD
    0x00027a38   0x00027a38   0x00000528   Code   RO         1277    .text.calc_freq_offset__freqoffset_u2558  libfreqoffset_m3.o
    0x00027f60   0x00027f60   0x00000262   Code   RO         1275    .text.calc_snr__freqoffset_u379  libfreqoffset_m3.o
    0x000281c2   0x000281c2   0x00000002   PAD
    0x000281c4   0x000281c4   0x000000ee   Code   RO         1251    .text.cancel_dc__freqoffset_u17  libfreqoffset_m3.o
    0x000282b2   0x000282b2   0x00000002   PAD
    0x000282b4   0x000282b4   0x0000001e   Code   RO           16    .text.cb_assertion  main.o
    0x000282d2   0x000282d2   0x00000002   PAD
    0x000282d4   0x000282d4   0x00000056   Code   RO           14    .text.cb_hard_fault  main.o
    0x0002832a   0x0002832a   0x00000002   PAD
    0x0002832c   0x0002832c   0x0000001a   Code   RO           18    .text.cb_heap_out_of_mem  main.o
    0x00028346   0x00028346   0x00000002   PAD
    0x00028348   0x00028348   0x00000030   Code   RO            2    .text.cb_putc       main.o
    0x00028378   0x00028378   0x0000007e   Code   RO          668    .text.cb_trace_rtt  trace.o
    0x000283f6   0x000283f6   0x00000002   PAD
    0x000283f8   0x000283f8   0x00000070   Code   RO          855    .text.check_crc16   crc_16.o
    0x00028468   0x00028468   0x00000070   Code   RO          857    .text.check_crc16_918  crc_16.o
    0x000284d8   0x000284d8   0x00000010   Code   RO         1300    .text.cmd_uart_ack  uart_ota.o
    0x000284e8   0x000284e8   0x00000010   Code   RO         1308    .text.cmd_uart_burn_lock  uart_ota.o
    0x000284f8   0x000284f8   0x0000003a   Code   RO         1296    .text.cmd_uart_burn_sart  uart_ota.o
    0x00028532   0x00028532   0x00000002   PAD
    0x00028534   0x00028534   0x00000010   Code   RO         1306    .text.cmd_uart_burn_ulk  uart_ota.o
    0x00028544   0x00028544   0x00000010   Code   RO         1304    .text.cmd_uart_nack  uart_ota.o
    0x00028554   0x00028554   0x00000010   Code   RO         1302    .text.cmd_uart_unknow_cmd  uart_ota.o
    0x00028564   0x00028564   0x00000032   Code   RO         1193    .text.cmp__freqoffset_u1536  libfreqoffset_m3.o
    0x00028596   0x00028596   0x00000002   PAD
    0x00028598   0x00028598   0x00000108   Code   RO         1093    .text.collectColor__system_u3077  libfreqoffset_m3.o
    0x000286a0   0x000286a0   0x00000154   Code   RO         1105    .text.collectCyclesBacon__system_u3147  libfreqoffset_m3.o
    0x000287f4   0x000287f4   0x000000a6   Code   RO         1109    .text.collectCycles__system_u3291  libfreqoffset_m3.o
    0x0002889a   0x0002889a   0x00000002   PAD
    0x0002889c   0x0002889c   0x00000048   Code   RO         1259    .text.colonanonymous___freqoffset_u1514  libfreqoffset_m3.o
    0x000288e4   0x000288e4   0x0000000e   Code   RO         1038    .text.complex__freqoffset_u1933  libfreqoffset_m3.o
    0x000288f2   0x000288f2   0x00000002   PAD
    0x000288f4   0x000288f4   0x00000044   Code   RO         1209    .text.cstrToNimstr  libfreqoffset_m3.o
    0x00028938   0x00028938   0x00000004   Code   RO         1097    .text.dealloc       libfreqoffset_m3.o
    0x0002893c   0x0002893c   0x000010a4   Code   RO         1024    .text.decode__pureZbase5452_u456  libfreqoffset_m3.o
    0x000299e0   0x000299e0   0x0000002a   Code   RO         1379    .text.delay_ms      evk_config.o
    0x00029a0a   0x00029a0a   0x00000002   PAD
    0x00029a0c   0x00029a0c   0x00000158   Code   RO         1273    .text.demodulate__freqoffset_u1909  libfreqoffset_m3.o
    0x00029b64   0x00029b64   0x00000012   Code   RO         1229    .text.dollar___systemZdollars_u8  libfreqoffset_m3.o
    0x00029b76   0x00029b76   0x00000002   PAD
    0x00029b78   0x00029b78   0x00000018   Code   RO          839    .text.driver_append_tx_data  uart_golden_dut.o
    0x00029b90   0x00029b90   0x00000010   Code   RO          108    .text.dummy_event_create  noos_impl.o
    0x00029ba0   0x00029ba0   0x00000008   Code   RO          100    .text.dummy_event_set  noos_impl.o
    0x00029ba8   0x00029ba8   0x0000000a   Code   RO           98    .text.dummy_event_wait  noos_impl.o
    0x00029bb2   0x00029bb2   0x00000002   PAD
    0x00029bb4   0x00029bb4   0x00000012   Code   RO          102    .text.enter_critical  noos_impl.o
    0x00029bc6   0x00029bc6   0x00000002   PAD
    0x00029bc8   0x00029bc8   0x00000294   Code   RO         1199    .text.eqcopy___freqoffset_u1718  libfreqoffset_m3.o
    0x00029e5c   0x00029e5c   0x00000100   Code   RO         1179    .text.eqcopy___freqoffset_u670  libfreqoffset_m3.o
    0x00029f5c   0x00029f5c   0x0000007e   Code   RO         1135    .text.eqcopy___system_u3952  libfreqoffset_m3.o
    0x00029fda   0x00029fda   0x00000002   PAD
    0x00029fdc   0x00029fdc   0x00000016   Code   RO         1033    .text.eqdestroy___freqoffset_u1153  libfreqoffset_m3.o
    0x00029ff2   0x00029ff2   0x00000002   PAD
    0x00029ff4   0x00029ff4   0x00000016   Code   RO         1189    .text.eqdestroy___freqoffset_u1715  libfreqoffset_m3.o
    0x0002a00a   0x0002a00a   0x00000002   PAD
    0x0002a00c   0x0002a00c   0x00000016   Code   RO         1155    .text.eqdestroy___freqoffset_u2154  libfreqoffset_m3.o
    0x0002a022   0x0002a022   0x00000002   PAD
    0x0002a024   0x0002a024   0x00000016   Code   RO         1187    .text.eqdestroy___freqoffset_u667  libfreqoffset_m3.o
    0x0002a03a   0x0002a03a   0x00000002   PAD
    0x0002a03c   0x0002a03c   0x00000088   Code   RO         1236    .text.eqdestroy___pureZparseutils_u330  libfreqoffset_m3.o
    0x0002a0c4   0x0002a0c4   0x00000016   Code   RO         1117    .text.eqdestroy___stdZassertions_u91  libfreqoffset_m3.o
    0x0002a0da   0x0002a0da   0x00000002   PAD
    0x0002a0dc   0x0002a0dc   0x00000028   Code   RO         1191    .text.eqsink___freqoffset_u1724  libfreqoffset_m3.o
    0x0002a104   0x0002a104   0x00000072   Code   RO         1137    .text.eqsink___system_u3960  libfreqoffset_m3.o
    0x0002a176   0x0002a176   0x00000002   PAD
    0x0002a178   0x0002a178   0x0000005e   Code   RO         1234    .text.eqtrace___pureZparseutils_u342  libfreqoffset_m3.o
    0x0002a1d6   0x0002a1d6   0x00000002   PAD
    0x0002a1d8   0x0002a1d8   0x00000008   Code   RO         1205    .text.eqwasMoved___freqoffset_u1712  libfreqoffset_m3.o
    0x0002a1e0   0x0002a1e0   0x00000008   Code   RO         1153    .text.eqwasMoved___freqoffset_u2151  libfreqoffset_m3.o
    0x0002a1e8   0x0002a1e8   0x00000018   Code   RO         1367    .text.evk_config_init  evk_config.o
    0x0002a200   0x0002a200   0x00000064   Code   RO         1286    .text.flash_read    flash_fun.o
    0x0002a264   0x0002a264   0x00000016   Code   RO            4    .text.fputc         main.o
    0x0002a27a   0x0002a27a   0x00000002   PAD
    0x0002a27c   0x0002a27c   0x0000002c   Code   RO          951    .text.freq_offset_begin  rf_test.o
    0x0002a2a8   0x0002a2a8   0x00000028   Code   RO          982    .text.freq_offset_rx_begin  freq_offset.o
    0x0002a2d0   0x0002a2d0   0x00000106   Code   RO          980    .text.freq_offset_rx_begin_do  freq_offset.o
    0x0002a3d6   0x0002a3d6   0x00000002   PAD
    0x0002a3d8   0x0002a3d8   0x000001d2   Code   RO          974    .text.freq_offset_rx_done  freq_offset.o
    0x0002a5aa   0x0002a5aa   0x00000002   PAD
    0x0002a5ac   0x0002a5ac   0x0000001a   Code   RO          976    .text.freq_offset_rx_end  freq_offset.o
    0x0002a5c6   0x0002a5c6   0x00000002   PAD
    0x0002a5c8   0x0002a5c8   0x0000003e   Code   RO          978    .text.freq_offset_tune  freq_offset.o
    0x0002a606   0x0002a606   0x00000002   PAD
    0x0002a608   0x0002a608   0x00000048   Code   RO          986    .text.freq_test_init  freq_offset.o
    0x0002a650   0x0002a650   0x0000000c   Code   RO         1322    .text.get_buner_state  uart_ota.o
    0x0002a65c   0x0002a65c   0x0000000a   Code   RO         1377    .text.get_evk_config  evk_config.o
    0x0002a666   0x0002a666   0x00000002   PAD
    0x0002a668   0x0002a668   0x0000000c   Code   RO         1373    .text.get_evk_protocol  evk_config.o
    0x0002a674   0x0002a674   0x0000000c   Code   RO         1375    .text.get_evk_work  evk_config.o
    0x0002a680   0x0002a680   0x00000020   Code   RO          890    .text.get_raw_pkt_count  raw_pkt.o
    0x0002a6a0   0x0002a6a0   0x00000056   Code   RO          892    .text.get_raw_pkt_loss  raw_pkt.o
    0x0002a6f6   0x0002a6f6   0x00000002   PAD
    0x0002a6f8   0x0002a6f8   0x00000032   Code   RO          894    .text.get_raw_pkt_power  raw_pkt.o
    0x0002a72a   0x0002a72a   0x00000002   PAD
    0x0002a72c   0x0002a72c   0x00000032   Code   RO          900    .text.get_rf_acc_addr  raw_pkt.o
    0x0002a75e   0x0002a75e   0x00000002   PAD
    0x0002a760   0x0002a760   0x0000002c   Code   RO          764    .text.get_ring_buff_used  my_ring_buffer.o
    0x0002a78c   0x0002a78c   0x0000004e   Code   RO          130    .text.gpio_pin_pulse  pulse_test_gpio.o
    0x0002a7da   0x0002a7da   0x00000002   PAD
    0x0002a7dc   0x0002a7dc   0x000000b2   Code   RO         1310    .text.handle_command  uart_ota.o
    0x0002a88e   0x0002a88e   0x00000002   PAD
    0x0002a890   0x0002a890   0x0000000c   Code   RO           34    .text.hci_event_packet_get_type  profile.o
    0x0002a89c   0x0002a89c   0x0000000c   Code   RO           38    .text.hci_event_packet_get_user_msg  profile.o
    0x0002a8a8   0x0002a8a8   0x00000008   Code   RO          106    .text.idle_process  noos_impl.o
    0x0002a8b0   0x0002a8b0   0x00000028   Code   RO          752    .text.is_power_of_two  my_ring_buffer.o
    0x0002a8d8   0x0002a8d8   0x0000001c   Code   RO          104    .text.leave_critical  noos_impl.o
    0x0002a8f4   0x0002a8f4   0x00000278   Code   RO         1263    .text.linear_arg__freqoffset_u1425  libfreqoffset_m3.o
    0x0002ab6c   0x0002ab6c   0x00000968   Code   RO         1253    .text.linear_regression__freqoffset_u753  libfreqoffset_m3.o
    0x0002b4d4   0x0002b4d4   0x000009cc   Code   RO          955    .text.loop_rf_test_state_machine  rf_test.o
    0x0002bea0   0x0002bea0   0x000000b4   Code   RO         1087    .text.markGray__system_u2996  libfreqoffset_m3.o
    0x0002bf54   0x0002bf54   0x00000034   Code   RO         1044    .text.minus___freqoffset_u104  libfreqoffset_m3.o
    0x0002bf88   0x0002bf88   0x00000046   Code   RO         1125    .text.newSeqPayload  libfreqoffset_m3.o
    0x0002bfce   0x0002bfce   0x00000002   PAD
    0x0002bfd0   0x0002bfd0   0x000000da   Code   RO         1185    .text.newSeq__freqoffset_u1010  libfreqoffset_m3.o
    0x0002c0aa   0x0002c0aa   0x00000002   PAD
    0x0002c0ac   0x0002c0ac   0x0000003e   Code   RO         1151    .text.newSeq__freqoffset_u2032  libfreqoffset_m3.o
    0x0002c0ea   0x0002c0ea   0x00000002   PAD
    0x0002c0ec   0x0002c0ec   0x0000003e   Code   RO         1167    .text.newSeq__freqoffset_u282  libfreqoffset_m3.o
    0x0002c12a   0x0002c12a   0x00000002   PAD
    0x0002c12c   0x0002c12c   0x0000003e   Code   RO         1177    .text.newSeq__freqoffset_u526  libfreqoffset_m3.o
    0x0002c16a   0x0002c16a   0x00000002   PAD
    0x0002c16c   0x0002c16c   0x0000004e   Code   RO         1175    .text.newSeq__freqoffset_u530  libfreqoffset_m3.o
    0x0002c1ba   0x0002c1ba   0x00000002   PAD
    0x0002c1bc   0x0002c1bc   0x00000042   Code   RO         1115    .text.nimDestroyAndDispose  libfreqoffset_m3.o
    0x0002c1fe   0x0002c1fe   0x00000002   PAD
    0x0002c200   0x0002c200   0x0000003e   Code   RO         1075    .text.nimNewObj     libfreqoffset_m3.o
    0x0002c23e   0x0002c23e   0x00000002   PAD
    0x0002c240   0x0002c240   0x00000020   Code   RO         1143    .text.nimPrepareStrMutationImpl__system_u2384  libfreqoffset_m3.o
    0x0002c260   0x0002c260   0x0000002c   Code   RO           68    .text.noos_start    noos_impl.o
    0x0002c28c   0x0002c28c   0x0000000c   Code   RO           10    .text.on_lle_init   main.o
    0x0002c298   0x0002c298   0x00000036   Code   RO          878    .text.on_raw_packet_done  raw_pkt.o
    0x0002c2ce   0x0002c2ce   0x00000002   PAD
    0x0002c2d0   0x0002c2d0   0x0000002c   Code   RO          984    .text.on_raw_packet_done_rx  freq_offset.o
    0x0002c2fc   0x0002c2fc   0x0000000a   Code   RO           76    .text.os_impl_get_driver  noos_impl.o
    0x0002c306   0x0002c306   0x00000002   PAD
    0x0002c308   0x0002c308   0x000001dc   Code   RO         1247    .text.parse_to_s16_complex__freqoffset_u2009  libfreqoffset_m3.o
    0x0002c4e4   0x0002c4e4   0x00000066   Code   RO          758    .text.peek_ring_fifo_char  my_ring_buffer.o
    0x0002c54a   0x0002c54a   0x00000002   PAD
    0x0002c54c   0x0002c54c   0x00000002   Code   RO           74    .text.pendsv_isr    noos_impl.o
    0x0002c54e   0x0002c54e   0x00000002   PAD
    0x0002c550   0x0002c550   0x00000018   Code   RO         1046    .text.phase__freqoffset_u1950  libfreqoffset_m3.o
    0x0002c568   0x0002c568   0x00000034   Code   RO         1042    .text.plus___freqoffset_u50  libfreqoffset_m3.o
    0x0002c59c   0x0002c59c   0x0000009e   Code   RO         1121    .text.prepareAdd    libfreqoffset_m3.o
    0x0002c63a   0x0002c63a   0x00000002   PAD
    0x0002c63c   0x0002c63c   0x00000142   Code   RO         1131    .text.prepareSeqAdd  libfreqoffset_m3.o
    0x0002c77e   0x0002c77e   0x00000002   PAD
    0x0002c780   0x0002c780   0x000000b0   Code   RO          793    .text.process_complete_packet  uart_upper_golden.o
    0x0002c830   0x0002c830   0x00000348   Code   RO          823    .text.process_complete_packet  uart_golden_dut.o
    0x0002cb78   0x0002cb78   0x0000002e   Code   RO           92    .text.queue_create  noos_impl.o
    0x0002cba6   0x0002cba6   0x00000002   PAD
    0x0002cba8   0x0002cba8   0x0000005a   Code   RO           96    .text.queue_recv_msg  noos_impl.o
    0x0002cc02   0x0002cc02   0x00000002   PAD
    0x0002cc04   0x0002cc04   0x00000046   Code   RO           94    .text.queue_send_msg  noos_impl.o
    0x0002cc4a   0x0002cc4a   0x00000002   PAD
    0x0002cc4c   0x0002cc4c   0x00000096   Code   RO         1141    .text.raiseExceptionEx  libfreqoffset_m3.o
    0x0002cce2   0x0002cce2   0x00000002   PAD
    0x0002cce4   0x0002cce4   0x00000028   Code   RO         1123    .text.rawNewString  libfreqoffset_m3.o
    0x0002cd0c   0x0002cd0c   0x00000072   Code   RO          902    .text.raw_packet_set_rx_param  raw_pkt.o
    0x0002cd7e   0x0002cd7e   0x00000002   PAD
    0x0002cd80   0x0002cd80   0x00000076   Code   RO          904    .text.raw_packet_set_tx_param  raw_pkt.o
    0x0002cdf6   0x0002cdf6   0x00000002   PAD
    0x0002cdf8   0x0002cdf8   0x00000098   Code   RO          906    .text.raw_pkt_malloc_init  raw_pkt.o
    0x0002ce90   0x0002ce90   0x00000020   Code   RO          872    .text.raw_pkt_reset  raw_pkt.o
    0x0002ceb0   0x0002ceb0   0x00000062   Code   RO          874    .text.raw_pkt_rx_test  raw_pkt.o
    0x0002cf12   0x0002cf12   0x00000002   PAD
    0x0002cf14   0x0002cf14   0x000000c8   Code   RO          870    .text.raw_pkt_tx_test  raw_pkt.o
    0x0002cfdc   0x0002cfdc   0x0000002e   Code   RO          760    .text.read_ring_fifo_char  my_ring_buffer.o
    0x0002d00a   0x0002d00a   0x00000002   PAD
    0x0002d00c   0x0002d00c   0x0000004e   Code   RO         1050    .text.rect__freqoffset_u1928  libfreqoffset_m3.o
    0x0002d05a   0x0002d05a   0x00000002   PAD
    0x0002d05c   0x0002d05c   0x000000c2   Code   RO         1113    .text.rememberCycle__system_u3356  libfreqoffset_m3.o
    0x0002d11e   0x0002d11e   0x00000002   PAD
    0x0002d120   0x0002d120   0x00000022   Code   RO         1358    .text.reset_dut_2_run  sw_gpio.o
    0x0002d142   0x0002d142   0x00000002   PAD
    0x0002d144   0x0002d144   0x0000001c   Code   RO          927    .text.reset_test_state  rf_test.o
    0x0002d160   0x0002d160   0x0000001e   Code   RO         1119    .text.resize__system_u2833  libfreqoffset_m3.o
    0x0002d17e   0x0002d17e   0x00000002   PAD
    0x0002d180   0x0002d180   0x0000000e   Code   RO          884    .text.restart_raw_pkt_rx  raw_pkt.o
    0x0002d18e   0x0002d18e   0x00000002   PAD
    0x0002d190   0x0002d190   0x0000000e   Code   RO          886    .text.restart_raw_pkt_tx  raw_pkt.o
    0x0002d19e   0x0002d19e   0x00000002   PAD
    0x0002d1a0   0x0002d1a0   0x0000005c   Code   RO          939    .text.rf_test_freq_offset_begin  rf_test.o
    0x0002d1fc   0x0002d1fc   0x0000007e   Code   RO          949    .text.rf_test_freq_offset_end  rf_test.o
    0x0002d27a   0x0002d27a   0x00000002   PAD
    0x0002d27c   0x0002d27c   0x00000184   Code   RO          957    .text.rf_test_result_print  rf_test.o
    0x0002d400   0x0002d400   0x00000062   Code   RO          935    .text.rf_test_rx_cnt_begin  rf_test.o
    0x0002d462   0x0002d462   0x00000002   PAD
    0x0002d464   0x0002d464   0x000000a8   Code   RO          945    .text.rf_test_rx_cnt_end  rf_test.o
    0x0002d50c   0x0002d50c   0x0000005e   Code   RO          937    .text.rf_test_rx_sen_begin  rf_test.o
    0x0002d56a   0x0002d56a   0x00000002   PAD
    0x0002d56c   0x0002d56c   0x000000aa   Code   RO          947    .text.rf_test_rx_sen_end  rf_test.o
    0x0002d616   0x0002d616   0x00000002   PAD
    0x0002d618   0x0002d618   0x000000aa   Code   RO          923    .text.rf_test_start  rf_test.o
    0x0002d6c2   0x0002d6c2   0x00000002   PAD
    0x0002d6c4   0x0002d6c4   0x00000062   Code   RO          931    .text.rf_test_tx_cnt_begin  rf_test.o
    0x0002d726   0x0002d726   0x00000002   PAD
    0x0002d728   0x0002d728   0x00000086   Code   RO          941    .text.rf_test_tx_cnt_end  rf_test.o
    0x0002d7ae   0x0002d7ae   0x00000002   PAD
    0x0002d7b0   0x0002d7b0   0x0000005e   Code   RO          933    .text.rf_test_tx_power_begin  rf_test.o
    0x0002d80e   0x0002d80e   0x00000002   PAD
    0x0002d810   0x0002d810   0x00000080   Code   RO          943    .text.rf_test_tx_power_end  rf_test.o
    0x0002d890   0x0002d890   0x00000064   Code   RO          750    .text.ring_fifo_init  my_ring_buffer.o
    0x0002d8f4   0x0002d8f4   0x00000008   Code   RO         1241    .text.rttiDestroy__freqoffset_u2884  libfreqoffset_m3.o
    0x0002d8fc   0x0002d8fc   0x00000004   Code   RO         1232    .text.rttiDestroy__systemZexceptions_u56  libfreqoffset_m3.o
    0x0002d900   0x0002d900   0x00000024   Code   RO          819    .text.rx_sen_cb     uart_golden_dut.o
    0x0002d924   0x0002d924   0x0000017c   Code   RO         1091    .text.scan__system_u3052  libfreqoffset_m3.o
    0x0002daa0   0x0002daa0   0x000000da   Code   RO         1067    .text.setLengthStrV2  libfreqoffset_m3.o
    0x0002db7a   0x0002db7a   0x00000002   PAD
    0x0002db7c   0x0002db7c   0x00000050   Code   RO         1369    .text.set_evk_protocol  evk_config.o
    0x0002dbcc   0x0002dbcc   0x0000008a   Code   RO          896    .text.set_rf_channel  raw_pkt.o
    0x0002dc56   0x0002dc56   0x00000002   PAD
    0x0002dc58   0x0002dc58   0x00000020   Code   RO            8    .text.setup_peripherals  main.o
    0x0002dc78   0x0002dc78   0x00000038   Code   RO           30    .text.setup_profile  profile.o
    0x0002dcb0   0x0002dcb0   0x00000088   Code   RO          876    .text.show_rx       raw_pkt.o
    0x0002dd38   0x0002dd38   0x00000032   Code   RO         1040    .text.slash___freqoffset_u62  libfreqoffset_m3.o
    0x0002dd6a   0x0002dd6a   0x00000002   PAD
    0x0002dd6c   0x0002dd6c   0x00000426   Code   RO         1017    .text.sort__freqoffset_u1563  libfreqoffset_m3.o
    0x0002e192   0x0002e192   0x00000002   PAD
    0x0002e194   0x0002e194   0x000000d0   Code   RO         1019    .text.sorted__freqoffset_u1541  libfreqoffset_m3.o
    0x0002e264   0x0002e264   0x0000006a   Code   RO         1048    .text.star___freqoffset_u1942  libfreqoffset_m3.o
    0x0002e2ce   0x0002e2ce   0x00000002   PAD
    0x0002e2d0   0x0002e2d0   0x00000030   Code   RO          880    .text.start_raw_tx_rx  raw_pkt.o
    0x0002e300   0x0002e300   0x00000028   Code   RO          882    .text.stop_raw_tx_rx  raw_pkt.o
    0x0002e328   0x0002e328   0x00000002   Code   RO           72    .text.svc_isr       noos_impl.o
    0x0002e32a   0x0002e32a   0x00000002   PAD
    0x0002e32c   0x0002e32c   0x00000096   Code   RO         1352    .text.sw_uart_gpio_init  sw_gpio.o
    0x0002e3c2   0x0002e3c2   0x00000002   PAD
    0x0002e3c4   0x0002e3c4   0x00000048   Code   RO           90    .text.task_create   noos_impl.o
    0x0002e40c   0x0002e40c   0x00000064   Code   RO          124    .text.test_gpio_init  pulse_test_gpio.o
    0x0002e470   0x0002e470   0x00000012   Code   RO          953    .text.tf_test_rx_pkt_end  rf_test.o
    0x0002e482   0x0002e482   0x00000002   PAD
    0x0002e484   0x0002e484   0x00000002   Code   RO           70    .text.tick_isr      noos_impl.o
    0x0002e486   0x0002e486   0x00000002   PAD
    0x0002e488   0x0002e488   0x0000004e   Code   RO           80    .text.timer_cb      noos_impl.o
    0x0002e4d6   0x0002e4d6   0x00000002   PAD
    0x0002e4d8   0x0002e4d8   0x0000000a   Code   RO           52    .text.timer_cb_0    noos_impl.o
    0x0002e4e2   0x0002e4e2   0x00000002   PAD
    0x0002e4e4   0x0002e4e4   0x0000000a   Code   RO           54    .text.timer_cb_1    noos_impl.o
    0x0002e4ee   0x0002e4ee   0x00000002   PAD
    0x0002e4f0   0x0002e4f0   0x0000000a   Code   RO           56    .text.timer_cb_2    noos_impl.o
    0x0002e4fa   0x0002e4fa   0x00000002   PAD
    0x0002e4fc   0x0002e4fc   0x0000000a   Code   RO           58    .text.timer_cb_3    noos_impl.o
    0x0002e506   0x0002e506   0x00000002   PAD
    0x0002e508   0x0002e508   0x0000000a   Code   RO           60    .text.timer_cb_4    noos_impl.o
    0x0002e512   0x0002e512   0x00000002   PAD
    0x0002e514   0x0002e514   0x0000000a   Code   RO           62    .text.timer_cb_5    noos_impl.o
    0x0002e51e   0x0002e51e   0x00000002   PAD
    0x0002e520   0x0002e520   0x0000000a   Code   RO           64    .text.timer_cb_6    noos_impl.o
    0x0002e52a   0x0002e52a   0x00000002   PAD
    0x0002e52c   0x0002e52c   0x0000000a   Code   RO           66    .text.timer_cb_7    noos_impl.o
    0x0002e536   0x0002e536   0x00000002   PAD
    0x0002e538   0x0002e538   0x000000c0   Code   RO           82    .text.timer_create  noos_impl.o
    0x0002e5f8   0x0002e5f8   0x00000020   Code   RO           88    .text.timer_delete  noos_impl.o
    0x0002e618   0x0002e618   0x00000018   Code   RO           84    .text.timer_start   noos_impl.o
    0x0002e630   0x0002e630   0x00000018   Code   RO           86    .text.timer_stop    noos_impl.o
    0x0002e648   0x0002e648   0x0000000e   Code   RO          682    .text.trace_rtt_init  trace.o
    0x0002e656   0x0002e656   0x00000002   PAD
    0x0002e658   0x0002e658   0x000000d8   Code   RO          813    .text.uart_DUT_init  uart_golden_dut.o
    0x0002e730   0x0002e730   0x00000398   Code   RO          811    .text.uart_DUT_process  uart_golden_dut.o
    0x0002eac8   0x0002eac8   0x0000005c   Code   RO          829    .text.uart_DUT_send  uart_golden_dut.o
    0x0002eb24   0x0002eb24   0x00000088   Code   RO         1318    .text.uart_buner_rx_data  uart_ota.o
    0x0002ebac   0x0002ebac   0x00000ba0   Code   RO         1312    .text.uart_buner_task_entry  uart_ota.o
    0x0002f74c   0x0002f74c   0x00000038   Code   RO         1316    .text.uart_buner_tx_data  uart_ota.o
    0x0002f784   0x0002f784   0x00000090   Code   RO          825    .text.uart_cmd_ch_addr_pkt_assemble  uart_golden_dut.o
    0x0002f814   0x0002f814   0x0000009a   Code   RO          791    .text.uart_cmd_get_result_rsp  uart_upper_golden.o
    0x0002f8ae   0x0002f8ae   0x00000002   PAD
    0x0002f8b0   0x0002f8b0   0x0000006e   Code   RO          827    .text.uart_cmd_packet_assemble  uart_golden_dut.o
    0x0002f91e   0x0002f91e   0x00000002   PAD
    0x0002f920   0x0002f920   0x00000074   Code   RO          789    .text.uart_cmd_start_rsp  uart_upper_golden.o
    0x0002f994   0x0002f994   0x000000ea   Code   RO          809    .text.uart_dut_isr  uart_golden_dut.o
    0x0002fa7e   0x0002fa7e   0x00000002   PAD
    0x0002fa80   0x0002fa80   0x0000001e   Code   RO         1298    .text.uart_event_set  uart_ota.o
    0x0002fa9e   0x0002fa9e   0x00000002   PAD
    0x0002faa0   0x0002faa0   0x000000d6   Code   RO          785    .text.uart_upper_init  uart_upper_golden.o
    0x0002fb76   0x0002fb76   0x00000002   PAD
    0x0002fb78   0x0002fb78   0x000000bc   Code   RO          781    .text.uart_upper_isr  uart_upper_golden.o
    0x0002fc34   0x0002fc34   0x00000500   Code   RO          783    .text.uart_upper_process  uart_upper_golden.o
    0x00030134   0x00030134   0x00000058   Code   RO          787    .text.uart_upper_send  uart_upper_golden.o
    0x0003018c   0x0003018c   0x00000070   Code   RO           40    .text.user_msg_handler  profile.o
    0x000301fc   0x000301fc   0x00000072   Code   RO           32    .text.user_packet_handler  profile.o
    0x0003026e   0x0003026e   0x00000002   PAD
    0x00030270   0x00030270   0x00000054   Code   RO          762    .text.write_ring_fifo_char  my_ring_buffer.o
    0x000302c4   0x000302c4   0x00000116   Code   RO         1031    .text.zip__freqoffset_u996  libfreqoffset_m3.o
    0x000303da   0x000303da   0x00000002   PAD
    0x000303dc   0x000303dc   0x00000020   Code   RO         1459    i.__0printf         mc_w.l(printfa.o)
    0x000303fc   0x000303fc   0x00000028   Code   RO         1461    i.__0sprintf        mc_w.l(printfa.o)
    0x00030424   0x00030424   0x00000028   Code   RO         1640    i.__ARM_fpclassify  m_ws.l(fpclassify.o)
    0x0003044c   0x0003044c   0x0000005c   Code   RO         1490    i.__free$realloc    mc_w.l(mallocr.o)
    0x000304a8   0x000304a8   0x00000388   Code   RO         1576    i.__ieee754_rem_pio2  m_ws.l(rred.o)
    0x00030830   0x00030830   0x000000fc   Code   RO         1553    i.__kernel_cos      m_ws.l(cos_i.o)
    0x0003092c   0x0003092c   0x000000aa   Code   RO         1642    i.__kernel_poly     m_ws.l(poly.o)
    0x000309d6   0x000309d6   0x00000002   PAD
    0x000309d8   0x000309d8   0x000000ec   Code   RO         1581    i.__kernel_sin      m_ws.l(sin_i.o)
    0x00030ac4   0x00030ac4   0x00000050   Code   RO         1491    i.__malloc$realloc  mc_w.l(mallocr.o)
    0x00030b14   0x00030b14   0x00000010   Code   RO         1556    i.__mathlib_dbl_divzero  m_ws.l(dunder.o)
    0x00030b24   0x00030b24   0x00000006   Code   RO         1557    i.__mathlib_dbl_infnan  m_ws.l(dunder.o)
    0x00030b2a   0x00030b2a   0x00000004   Code   RO         1558    i.__mathlib_dbl_infnan2  m_ws.l(dunder.o)
    0x00030b2e   0x00030b2e   0x0000000c   Code   RO         1559    i.__mathlib_dbl_invalid  m_ws.l(dunder.o)
    0x00030b3a   0x00030b3a   0x00000002   PAD
    0x00030b3c   0x00030b3c   0x00000010   Code   RO         1562    i.__mathlib_dbl_underflow  m_ws.l(dunder.o)
    0x00030b4c   0x00030b4c   0x0000000e   Code   RO         1646    i.__scatterload_copy  mc_w.l(handlers.o)
    0x00030b5a   0x00030b5a   0x00000002   Code   RO         1647    i.__scatterload_null  mc_w.l(handlers.o)
    0x00030b5c   0x00030b5c   0x0000000e   Code   RO         1648    i.__scatterload_zeroinit  mc_w.l(handlers.o)
    0x00030b6a   0x00030b6a   0x00000002   PAD
    0x00030b6c   0x00030b6c   0x0000000c   Code   RO         1622    i.__set_errno       mc_w.l(errno.o)
    0x00030b78   0x00030b78   0x00000184   Code   RO         1466    i._fp_digits        mc_w.l(printfa.o)
    0x00030cfc   0x00030cfc   0x000006dc   Code   RO         1467    i._printf_core      mc_w.l(printfa.o)
    0x000313d8   0x000313d8   0x00000024   Code   RO         1468    i._printf_post_padding  mc_w.l(printfa.o)
    0x000313fc   0x000313fc   0x0000002e   Code   RO         1469    i._printf_pre_padding  mc_w.l(printfa.o)
    0x0003142a   0x0003142a   0x0000000a   Code   RO         1471    i._sputc            mc_w.l(printfa.o)
    0x00031434   0x00031434   0x00000220   Code   RO         1549    i.atan              m_ws.l(atan.o)
    0x00031654   0x00031654   0x0000019c   Code   RO         1390    i.atan2             m_ws.l(atan2.o)
    0x000317f0   0x000317f0   0x0000009c   Code   RO         1394    i.cos               m_ws.l(cos.o)
    0x0003188c   0x0003188c   0x00000050   Code   RO         1492    i.internal_alloc    mc_w.l(mallocr.o)
    0x000318dc   0x000318dc   0x0000035c   Code   RO         1571    i.log               m_ws.l(log.o)
    0x00031c38   0x00031c38   0x000000e4   Code   RO         1398    i.log10             m_ws.l(log10.o)
    0x00031d1c   0x00031d1c   0x0000006c   Code   RO         1493    i.realloc           mc_w.l(mallocr.o)
    0x00031d88   0x00031d88   0x000000a0   Code   RO         1402    i.sin               m_ws.l(sin.o)
    0x00031e28   0x00031e28   0x00000098   Data   RO         1550    .constdata          m_ws.l(atan.o)
    0x00031ec0   0x00031ec0   0x00000030   Data   RO         1554    .constdata          m_ws.l(cos_i.o)
    0x00031ef0   0x00031ef0   0x00000038   Data   RO         1572    .constdata          m_ws.l(log.o)
    0x00031f28   0x00031f28   0x00000008   Data   RO         1575    .constdata          m_ws.l(qnan.o)
    0x00031f30   0x00031f30   0x000000cc   Data   RO         1578    .constdata          m_ws.l(rred.o)
    0x00031ffc   0x00031ffc   0x00000004   PAD
    0x00032000   0x00032000   0x00000028   Data   RO         1582    .constdata          m_ws.l(sin_i.o)
    0x00032028   0x00032028   0x00000008   Data   RO         1281    .rodata.TM__2I7Ro2nPEIkf9aX2jdJKm8Q_2  libfreqoffset_m3.o
    0x00032030   0x00032030   0x00000008   Data   RO         1283    .rodata.TM__2I7Ro2nPEIkf9aX2jdJKm8Q_4  libfreqoffset_m3.o
    0x00032038   0x00032038   0x00000028   Data   RO         1028    .rodata.TM__2L6xrRPz7CWDB3T1R9cDN5A_2  libfreqoffset_m3.o
    0x00032060   0x00032060   0x00000010   Data   RO         1238    .rodata.TM__TzI3paKQY09cLjc9cmCvur3A_2  libfreqoffset_m3.o
    0x00032070   0x00032070   0x00000100   Data   RO          859    .rodata.auchCRCHi   crc_16.o
    0x00032170   0x00032170   0x00000100   Data   RO          860    .rodata.auchCRCHi918  crc_16.o
    0x00032270   0x00032270   0x00000100   Data   RO          862    .rodata.auchCRCLo   crc_16.o
    0x00032370   0x00032370   0x00000100   Data   RO          861    .rodata.auchCRCLo918  crc_16.o
    0x00032470   0x00032470   0x0000000d   Data   RO          912    .rodata.check_buf   raw_pkt.o
    0x0003247d   0x0003247d   0x00000003   PAD
    0x00032480   0x00032480   0x00000028   Data   RO         1330    .rodata.cmds        uart_ota.o
    0x000324a8   0x000324a8   0x00000028   Data   RO         1331    .rodata.cmds_918    uart_ota.o
    0x000324d0   0x000324d0   0x00000100   Data   RO         1026    .rodata.decodeTable__pureZbase5452_u455  libfreqoffset_m3.o
    0x000325d0   0x000325d0   0x000000c8   Data   RO         1059    .rodata.digits100__stdZprivateZdigitsutils_u2  libfreqoffset_m3.o
    0x00032698   0x00032698   0x0000004c   Data   RO          113    .rodata.driver      noos_impl.o
    0x000326e4   0x000326e4   0x00000070   Data   RO           21    .rodata.evt_cb_table  main.o
    0x00032754   0x00032754   0x00000002   Data   RO          996    .rodata.freq_offset_rx_begin_do.pattern  freq_offset.o
    0x00032756   0x00032756   0x0000008d   Data   RO           22    .rodata.str1.1      main.o
    0x000327e3   0x000327e3   0x0000000f   Data   RO           42    .rodata.str1.1      profile.o
    0x000327f2   0x000327f2   0x0000000c   Data   RO          114    .rodata.str1.1      noos_impl.o
    0x000327fe   0x000327fe   0x00000021   Data   RO          135    .rodata.str1.1      pulse_test_gpio.o
    0x0003281f   0x0003281f   0x00000014   Data   RO          717    .rodata.str1.1      trace.o
    0x00032833   0x00032833   0x00000041   Data   RO          742    .rodata.str1.1      str_util.o
    0x00032874   0x00032874   0x00000248   Data   RO          796    .rodata.str1.1      uart_upper_golden.o
    0x00032abc   0x00032abc   0x00000375   Data   RO          842    .rodata.str1.1      uart_golden_dut.o
    0x00032e31   0x00032e31   0x0000014c   Data   RO          915    .rodata.str1.1      raw_pkt.o
    0x00032f7d   0x00032f7d   0x00000784   Data   RO          962    .rodata.str1.1      rf_test.o
    0x00033701   0x00033701   0x00000142   Data   RO          990    .rodata.str1.1      freq_offset.o
    0x00033843   0x00033843   0x0000001d   Data   RO         1027    .rodata.str1.1      libfreqoffset_m3.o
    0x00033860   0x00033860   0x0000030d   Data   RO         1328    .rodata.str1.1      uart_ota.o
    0x00033b6d   0x00033b6d   0x00000010   Data   RO         1382    .rodata.str1.1      evk_config.o
    0x00033b7d   0x00033b7d   0x00000003   PAD
    0x00033b80   0x00033b80   0x00000020   Data   RO         1645    Region$$Table       anon$$obj.o


    Execution Region RW_IRAM1 (Exec base: 0x20000ce0, Load base: 0x00033ba0, Size: 0x000093d0, Max: 0x0000f320, ABSOLUTE, COMPRESSED[0x000000b8])

    Exec Addr    Load Addr    Size         Type   Attr      Idx    E Section Name        Object

    0x20000ce0   COMPRESSED   0x00000004   Data   RW         1598    .data               mc_w.l(stdout.o)
    0x20000ce4   COMPRESSED   0x00000004   Data   RW         1618    .data               mc_w.l(mvars.o)
    0x20000ce8   COMPRESSED   0x00000004   Data   RW         1619    .data               mc_w.l(mvars.o)
    0x20000cec   COMPRESSED   0x00000004   Data   RW         1623    .data               mc_w.l(errno.o)
    0x20000cf0   COMPRESSED   0x0000001c   Data   RW         1239    .data.NTIv2__9cz9cFl9aMYwDrtVdI6PQ9aJCQ_  libfreqoffset_m3.o
    0x20000d0c   COMPRESSED   0x0000001c   Data   RW         1282    .data.NTIv2__LpLWAY9cRm1WP3DOJ3HXrmA_  libfreqoffset_m3.o
    0x20000d28   COMPRESSED   0x0000001c   Data   RW         1284    .data.NTIv2__ZbVxt5hVCou9aEbL6kOX0Gw_  libfreqoffset_m3.o
    0x20000d44   COMPRESSED   0x00000001   Data   RW         1332    .data.burner_steps  uart_ota.o
    0x20000d45   COMPRESSED   0x000001fd   Data   RW         1327    .data.downdloader   uart_ota.o
    0x20000f42   COMPRESSED   0x00000002   PAD
    0x20000f44   COMPRESSED   0x00000008   Data   RW          908    .data.ema_filter    raw_pkt.o
    0x20000f4c   COMPRESSED   0x00000008   Data   RW          134    .data.gpio_test_array  pulse_test_gpio.o
    0x20000f54   COMPRESSED   0x00000144   Data   RW          914    .data.raw_cnt_ctrl  raw_pkt.o
    0x20001098   COMPRESSED   0x00000005   Data   RW          989    .data.rf_fo_cmd     freq_offset.o
    0x2000109d   COMPRESSED   0x00000003   PAD
    0x200010a0   COMPRESSED   0x0000000c   Data   RW          961    .data.rf_test_ctrl  rf_test.o
    0x200010ac   COMPRESSED   0x00000004   Data   RW         1324    .data.self_addr     uart_ota.o
    0x200010b0   COMPRESSED   0x000000a0   Data   RW          110    .data.sw_timers     noos_impl.o
    0x20001150        -       0x00000024   Zero   RW         1227    .bss..L_MergedGlobals  libfreqoffset_m3.o
    0x20001174        -       0x00000004   Zero   RW         1325    .bss.Burn_Buf       uart_ota.o
    0x20001178        -       0x00000048   Zero   RW          714    .bss._SEGGER_RTT    trace.o
    0x200011c0        -       0x00000010   Zero   RW          721    .bss._acDownBuffer  trace.o
    0x200011d0        -       0x000001f4   Zero   RW          720    .bss._acUpBuffer    trace.o
    0x200013c4        -       0x00000004   Zero   RW          909    .bss.addr_buf       raw_pkt.o
    0x200013c8        -       0x0000012c   Zero   RW          992    .bss.data           freq_offset.o
    0x200014f4        -       0x00000008   Zero   RW         1381    .bss.evk_config     evk_config.o
    0x200014fc        -       0x00000004   Zero   RW         1329    .bss.evk_ota        uart_ota.o
    0x20001500        -       0x00000004   Zero   RW          115    .bss.handle_cnt     noos_impl.o
    0x20001504        -       0x00000008   Zero   RW           43    .bss.hci_event_callback_registration  profile.o
    0x2000150c        -       0x00000004   Zero   RW          111    .bss.host_entry     noos_impl.o
    0x20001510        -       0x00000004   Zero   RW          112    .bss.host_param     noos_impl.o
    0x20001514        -       0x0000007c   Zero   RW         1333    .bss.ing_buner      uart_ota.o
    0x20001590        -       0x00000104   Zero   RW         1326    .bss.input          uart_ota.o
    0x20001694        -       0x00000004   Zero   RW          116    .bss.int_lock_cnt   noos_impl.o
    0x20001698        -       0x000001f4   Zero   RW          994    .bss.iq_str_buffer  freq_offset.o
    0x2000188c        -       0x00000004   Zero   RW          991    .bss.raw_packet_rx  freq_offset.o
    0x20001890        -       0x00000004   Zero   RW          913    .bss.raw_pkt_tx_test.counter  raw_pkt.o
    0x20001894        -       0x00000008   Zero   RW          959    .bss.rf_test_data   rf_test.o
    0x2000189c        -       0x00000004   Zero   RW          910    .bss.rx_raw_packet  raw_pkt.o
    0x200018a0        -       0x00000148   Zero   RW          993    .bss.samples        freq_offset.o
    0x200019e8        -       0x00000190   Zero   RW          995    .bss.test_base64    freq_offset.o
    0x20001b78        -       0x00000010   Zero   RW          960    .bss.test_sm        rf_test.o
    0x20001b88        -       0x00000001   Zero   RW           20    .bss.trace_ctx      main.o
    0x20001b89   COMPRESSED   0x00000003   PAD
    0x20001b8c        -       0x00000004   Zero   RW          911    .bss.tx_raw_packet  raw_pkt.o
    0x20001b90        -       0x00000004   Zero   RW          841    .bss.uart_DUT_fifo  uart_golden_dut.o
    0x20001b94        -       0x00000001   Zero   RW          846    .bss.uart_DUT_process.data_index  uart_golden_dut.o
    0x20001b95        -       0x00000001   Zero   RW          845    .bss.uart_DUT_process.data_len  uart_golden_dut.o
    0x20001b96        -       0x00000001   Zero   RW          847    .bss.uart_DUT_process.expected_len  uart_golden_dut.o
    0x20001b97        -       0x00000014   Zero   RW          844    .bss.uart_DUT_process.packet  uart_golden_dut.o
    0x20001bab        -       0x00000001   Zero   RW          843    .bss.uart_DUT_process.state  uart_golden_dut.o
    0x20001bac        -       0x00000004   Zero   RW          795    .bss.uart_upper_fifo  uart_upper_golden.o
    0x20001bb0        -       0x00000001   Zero   RW          800    .bss.uart_upper_process.data_index  uart_upper_golden.o
    0x20001bb1        -       0x00000001   Zero   RW          799    .bss.uart_upper_process.data_len  uart_upper_golden.o
    0x20001bb2        -       0x00000001   Zero   RW          801    .bss.uart_upper_process.expected_len  uart_upper_golden.o
    0x20001bb3        -       0x00000014   Zero   RW          798    .bss.uart_upper_process.packet  uart_upper_golden.o
    0x20001bc7        -       0x00000001   Zero   RW          797    .bss.uart_upper_process.state  uart_upper_golden.o
    0x20001bc8        -       0x000080e8   Zero   RW          143    HEAP                startup_ing91800.o
    0x20009cb0        -       0x00000400   Zero   RW          142    STACK               startup_ing91800.o


==============================================================================

Image component sizes


      Code (inc. data)   RO Data    RW Data    ZI Data      Debug   Object Name

       224          0       1024          0          0       1227   crc_16.o
       180          0         16          0          8       1849   evk_config.o
       256          0          0          0          0       1210   filter.o
       100          0          0          0          0        791   flash_fun.o
      1076          0        324          5       1532       3155   freq_offset.o
     18256          0        557         84         36          0   libfreqoffset_m3.o
       308          0        253          0          1       5228   main.o
       416          0          0          0          0       3621   my_ring_buffer.o
       856          0         88        160         16       5868   noos_impl.o
       192          0          0          0          0       2754   peripheral_gpio.o
       306          0          0          0          0       5269   peripheral_pinctrl.o
        26          0          0          0          0       4876   peripheral_sysctrl.o
       362          0          0          0          0       6024   peripheral_uart.o
       318         14         15          0          8       2610   profile.o
       178          0         33          8          0       3200   pulse_test_gpio.o
      1376          0        345        332         16       4437   raw_pkt.o
      4358         46       1924         12         24       6828   rf_test.o
        40         12          8          0      34024        436   startup_ing91800.o
       308          0         65          0          0       3268   str_util.o
       248          0          0          0          0       2644   sw_gpio.o
       976          0         20          0        588      22507   trace.o
      3014         38        885          0         28      10203   uart_golden_dut.o
      3636         28        861        514        392       8189   uart_ota.o
      2216         18        584          0         28       8097   uart_upper_golden.o

    ----------------------------------------------------------------------
     39448        156       7040       1120      36704     114291   Object Totals
         0          0         32          0          0          0   (incl. Generated)
       222          0          6          5          3          0   (incl. Padding)

    ----------------------------------------------------------------------

      Code (inc. data)   RO Data    RW Data    ZI Data      Debug   Library Member Name

       544         70        152          0          0        124   atan.o
       412         38          0          0          0        144   atan2.o
       156          8          0          0          0        104   cos.o
       252         22         48          0          0        124   cos_i.o
        54         10          0          0          0        340   dunder.o
        40          0          0          0          0         68   fpclassify.o
       860         52         56          0          0        256   log.o
       228         30          0          0          0        120   log10.o
       170          0          0          0          0         96   poly.o
         0          0          8          0          0          0   qnan.o
       904         76        204          0          0        140   rred.o
       160         10          0          0          0        108   sin.o
       236         12         40          0          0        128   sin_i.o
        58          0          0          0          0          0   __dczerorl.o
        28          0          0          0          0         76   calloc.o
         0          0          0          0          0          0   entry.o
         0          0          0          0          0          0   entry10a.o
         0          0          0          0          0          0   entry11a.o
         8          4          0          0          0          0   entry2.o
         4          0          0          0          0          0   entry5.o
         0          0          0          0          0          0   entry7b.o
         0          0          0          0          0          0   entry8b.o
         8          4          0          0          0          0   entry9a.o
        12          6          0          4          0         68   errno.o
        30          0          0          0          0          0   handlers.o
        36          8          0          0          0         68   init.o
         0          0          0          0          0          0   iusefp.o
        30          0          0          0          0         68   llshl.o
        36          0          0          0          0         68   llsshr.o
        32          0          0          0          0         68   llushr.o
       360         30          0          0          0        356   mallocr.o
        26          0          0          0          0         80   memcmp.o
        64          0          0          0          0         76   memmovea.o
        36          0          0          0          0        108   memseta.o
         0          0          0          8          0          0   mvars.o
      2308         96          0          0          0        604   printfa.o
         0          0          0          4          0          0   stdout.o
        42          0          0          0          0         84   strcasecmp.o
        18          0          0          0          0         68   strcpy.o
        14          0          0          0          0         68   strlen.o
        12          0          0          0          0         68   tolower.o
        44          0          0          0          0         80   uidiv.o
        98          0          0          0          0         92   uldiv.o
        48          0          0          0          0         68   cdcmple.o
        48          0          0          0          0         68   cdrcmple.o
       334          0          0          0          0        148   dadd.o
        56          0          0          0          0         80   dcmpeq.o
        54          0          0          0          0         80   dcmplt.o
       222          0          0          0          0        100   ddiv.o
       186          0          0          0          0        176   depilogue.o
        62          0          0          0          0         80   dfixi.o
        48          0          0          0          0         68   dfixul.o
        34          0          0          0          0         76   dflti.o
        26          0          0          0          0         76   dfltui.o
       228          0          0          0          0         96   dmul.o
        46          0          0          0          0         80   dscalb.o
       176          0          0          0          0        140   fadd.o
       110          0          0          0          0        168   fepilogue.o
        50          0          0          0          0         68   ffixi.o
        40          0          0          0          0         68   ffixui.o
        18          0          0          0          0         68   fflti.o
        10          0          0          0          0         68   ffltui.o
       100          0          0          0          0         76   fmul.o

    ----------------------------------------------------------------------
      9224        476        512         16          0       5704   Library Totals
         8          0          4          0          0          0   (incl. Padding)

    ----------------------------------------------------------------------

      Code (inc. data)   RO Data    RW Data    ZI Data      Debug   Library Name

      4016        328        508          0          0       1752   m_ws.l
      3304        148          0         16          0       2100   mc_w.l
      1896          0          0          0          0       1852   mf_w.l

    ----------------------------------------------------------------------
      9224        476        512         16          0       5704   Library Totals

    ----------------------------------------------------------------------

==============================================================================


      Code (inc. data)   RO Data    RW Data    ZI Data      Debug   

     48672        632       7552       1136      36704     116739   Grand Totals
     48672        632       7552        184      36704     116739   ELF Image Totals (compressed)
     48672        632       7552        184          0          0   ROM Totals

==============================================================================

    Total RO  Size (Code + RO Data)                56224 (  54.91kB)
    Total RW  Size (RW Data + ZI Data)             37840 (  36.95kB)
    Total ROM Size (Code + RO Data + RW Data)      56408 (  55.09kB)

==============================================================================

