Component: Arm Compiler for Embedded 6.19 Tool: armlink [5e73cb00]

==============================================================================

Section Cross References

    main.o(.text.cb_putc) refers to peripheral_uart.o(.text.apUART_Check_TXFIFO_FULL) for apUART_Check_TXFIFO_FULL
    main.o(.text.cb_putc) refers to peripheral_uart.o(.text.UART_SendData) for UART_SendData
    main.o(.ARM.exidx.text.cb_putc) refers to main.o(.text.cb_putc) for [Anonymous Symbol]
    main.o(.text.fputc) refers to main.o(.text.cb_putc) for cb_putc
    main.o(.ARM.exidx.text.fputc) refers to main.o(.text.fputc) for [Anonymous Symbol]
    main.o(.text.config_uart) refers to peripheral_uart.o(.text.apUART_Initialize) for apUART_Initialize
    main.o(.ARM.exidx.text.config_uart) refers to main.o(.text.config_uart) for [Anonymous Symbol]
    main.o(.text.uart1_init) refers to peripheral_sysctrl.o(.text.SYSCTRL_ClearClkGateMulti) for SYSCTRL_ClearClkGateMulti
    main.o(.text.uart1_init) refers to peripheral_pinctrl.o(.text.PINCTRL_SetPadMux) for PINCTRL_SetPadMux
    main.o(.text.uart1_init) refers to peripheral_pinctrl.o(.text.PINCTRL_SelUartRxdIn) for PINCTRL_SelUartRxdIn
    main.o(.text.uart1_init) refers to peripheral_pinctrl.o(.text.PINCTRL_Pull) for PINCTRL_Pull
    main.o(.ARM.exidx.text.uart1_init) refers to main.o(.text.uart1_init) for [Anonymous Symbol]
    main.o(.text.setup_peripherals) refers to pulse_test_gpio.o(.text.test_gpio_init) for test_gpio_init
    main.o(.text.setup_peripherals) refers to main.o(.text.uart1_init) for uart1_init
    main.o(.text.setup_peripherals) refers to main.o(.text.config_uart) for config_uart
    main.o(.text.setup_peripherals) refers to uart_golden_dut.o(.text.uart_DUT_init) for uart_DUT_init
    main.o(.ARM.exidx.text.setup_peripherals) refers to main.o(.text.setup_peripherals) for [Anonymous Symbol]
    main.o(.ARM.exidx.text.on_lle_init) refers to main.o(.text.on_lle_init) for [Anonymous Symbol]
    main.o(.text.app_main) refers to peripheral_sysctrl.o(.text.SYSCTRL_Init) for SYSCTRL_Init
    main.o(.text.app_main) refers to main.o(.rodata.evt_cb_table) for evt_cb_table
    main.o(.text.app_main) refers to main.o(.text.setup_peripherals) for setup_peripherals
    main.o(.text.app_main) refers to main.o(.bss.trace_ctx) for trace_ctx
    main.o(.text.app_main) refers to trace.o(.text.trace_rtt_init) for trace_rtt_init
    main.o(.text.app_main) refers to noos_impl.o(.text.os_impl_get_driver) for os_impl_get_driver
    main.o(.ARM.exidx.text.app_main) refers to main.o(.text.app_main) for [Anonymous Symbol]
    main.o(.text.cb_hard_fault) refers to main.o(.rodata.str1.1) for .L.str
    main.o(.ARM.exidx.text.cb_hard_fault) refers to main.o(.text.cb_hard_fault) for [Anonymous Symbol]
    main.o(.text.cb_assertion) refers to main.o(.rodata.str1.1) for .L.str.1
    main.o(.ARM.exidx.text.cb_assertion) refers to main.o(.text.cb_assertion) for [Anonymous Symbol]
    main.o(.text.cb_heap_out_of_mem) refers to main.o(.rodata.str1.1) for .L.str.2
    main.o(.ARM.exidx.text.cb_heap_out_of_mem) refers to main.o(.text.cb_heap_out_of_mem) for [Anonymous Symbol]
    main.o(.rodata.evt_cb_table) refers to main.o(.text.cb_putc) for cb_putc
    main.o(.rodata.evt_cb_table) refers to profile.o(.text.setup_profile) for setup_profile
    main.o(.rodata.evt_cb_table) refers to main.o(.text.cb_hard_fault) for cb_hard_fault
    main.o(.rodata.evt_cb_table) refers to main.o(.text.cb_assertion) for cb_assertion
    main.o(.rodata.evt_cb_table) refers to main.o(.text.on_lle_init) for on_lle_init
    main.o(.rodata.evt_cb_table) refers to main.o(.text.cb_heap_out_of_mem) for cb_heap_out_of_mem
    main.o(.rodata.evt_cb_table) refers to trace.o(.text.cb_trace_rtt) for cb_trace_rtt
    main.o(.rodata.evt_cb_table) refers to main.o(.bss.trace_ctx) for trace_ctx
    profile.o(.text.setup_profile) refers to profile.o(.rodata.str1.1) for .L.str
    profile.o(.text.setup_profile) refers to profile.o(.bss.hci_event_callback_registration) for hci_event_callback_registration
    profile.o(.text.setup_profile) refers to profile.o(.text.user_packet_handler) for user_packet_handler
    profile.o(.ARM.exidx.text.setup_profile) refers to profile.o(.text.setup_profile) for [Anonymous Symbol]
    profile.o(.text.user_packet_handler) refers to profile.o(.text.hci_event_packet_get_type) for hci_event_packet_get_type
    profile.o(.text.user_packet_handler) refers to profile.o(.text.btstack_event_state_get_state) for btstack_event_state_get_state
    profile.o(.text.user_packet_handler) refers to freq_offset.o(.text.freq_test_init) for freq_test_init
    profile.o(.text.user_packet_handler) refers to raw_pkt.o(.text.raw_pkt_malloc_init) for raw_pkt_malloc_init
    profile.o(.text.user_packet_handler) refers to profile.o(.text.hci_event_packet_get_user_msg) for hci_event_packet_get_user_msg
[...]
    .L.str.10                                0x0202e627   Data          10  raw_pkt.o(.rodata.str1.1)
    .L.str.7                                 0x0202e631   Data          23  raw_pkt.o(.rodata.str1.1)
    .L.str.9                                 0x0202e648   Data          23  raw_pkt.o(.rodata.str1.1)
    .L.str.4                                 0x0202e65f   Data          14  raw_pkt.o(.rodata.str1.1)
    .L.str                                   0x0202e66d   Data          15  raw_pkt.o(.rodata.str1.1)
    .L.str.4                                 0x0202e67c   Data          28  freq_offset.o(.rodata.str1.1)
    [Anonymous Symbol]                       0x0202e67c   Section        0  freq_offset.o(.rodata.str1.1)
    .L.str                                   0x0202e698   Data          41  freq_offset.o(.rodata.str1.1)
    .L.str.3                                 0x0202e6c1   Data          44  freq_offset.o(.rodata.str1.1)
    .L.str.2                                 0x0202e6ed   Data          43  freq_offset.o(.rodata.str1.1)
    .L.str.1                                 0x0202e718   Data          18  freq_offset.o(.rodata.str1.1)
    .L.str                                   0x0202e72a   Data          26  trace.o(.rodata.str1.1)
    .L.str.8                                 0x0202e72a   Data           7  trace.o(.rodata.str1.1)
    [Anonymous Symbol]                       0x0202e72a   Section        0  trace.o(.rodata.str1.1)
    .L.str.7                                 0x0202e731   Data           4  trace.o(.rodata.str1.1)
    .L.str.6                                 0x0202e735   Data           9  trace.o(.rodata.str1.1)
    .L.str.1                                 0x0202e744   Data           6  trace.o(.rodata.str1.1)
    .L.str.2                                 0x0202e74a   Data          10  trace.o(.rodata.str1.1)
    .L.str.3                                 0x0202e754   Data          10  trace.o(.rodata.str1.1)
    .L.str.4                                 0x0202e75e   Data          10  trace.o(.rodata.str1.1)
    .L.str.5                                 0x0202e768   Data          10  trace.o(.rodata.str1.1)
    .data                                    0x20000c68   Section        4  stdout.o(.data)
    .data                                    0x20000c6c   Section        4  mvars.o(.data)
    .data                                    0x20000c70   Section        4  mvars.o(.data)
    raw_cnt_ctrl                             0x20000c84   Data         324  raw_pkt.o(.data.raw_cnt_ctrl)
    [Anonymous Symbol]                       0x20000c84   Section        0  raw_pkt.o(.data.raw_cnt_ctrl)
    _acDownBuffer                            0x20000eb8   Data          16  trace.o(.bss._acDownBuffer)
    [Anonymous Symbol]                       0x20000eb8   Section        0  trace.o(.bss._acDownBuffer)
    _acUpBuffer                              0x20000ec8   Data         500  trace.o(.bss._acUpBuffer)
    [Anonymous Symbol]                       0x20000ec8   Section        0  trace.o(.bss._acUpBuffer)
    handle_cnt                               0x200010bc   Data           4  noos_impl.o(.bss.handle_cnt)
    [Anonymous Symbol]                       0x200010bc   Section        0  noos_impl.o(.bss.handle_cnt)
    hci_event_callback_registration          0x200010c0   Data           8  profile.o(.bss.hci_event_callback_registration)
    [Anonymous Symbol]                       0x200010c0   Section        0  profile.o(.bss.hci_event_callback_registration)
    host_entry                               0x200010c8   Data           4  noos_impl.o(.bss.host_entry)
    [Anonymous Symbol]                       0x200010c8   Section        0  noos_impl.o(.bss.host_entry)
    host_param                               0x200010cc   Data           4  noos_impl.o(.bss.host_param)
    [Anonymous Symbol]                       0x200010cc   Section        0  noos_impl.o(.bss.host_param)
    int_lock_cnt                             0x200010d0   Data           4  noos_impl.o(.bss.int_lock_cnt)
    [Anonymous Symbol]                       0x200010d0   Section        0  noos_impl.o(.bss.int_lock_cnt)
    raw_pkt_tx_test.counter                  0x200010d8   Data           4  raw_pkt.o(.bss.raw_pkt_tx_test.counter)
    [Anonymous Symbol]                       0x200010d8   Section        0  raw_pkt.o(.bss.raw_pkt_tx_test.counter)
    uart_DUT_process.data_index              0x200010f4   Data           1  uart_golden_dut.o(.bss.uart_DUT_process.data_index)
    [Anonymous Symbol]                       0x200010f4   Section        0  uart_golden_dut.o(.bss.uart_DUT_process.data_index)
    uart_DUT_process.data_len                0x200010f5   Data           1  uart_golden_dut.o(.bss.uart_DUT_process.data_len)
    [Anonymous Symbol]                       0x200010f5   Section        0  uart_golden_dut.o(.bss.uart_DUT_process.data_len)
    uart_DUT_process.expected_len            0x200010f6   Data           1  uart_golden_dut.o(.bss.uart_DUT_process.expected_len)
    [Anonymous Symbol]                       0x200010f6   Section        0  uart_golden_dut.o(.bss.uart_DUT_process.expected_len)
    uart_DUT_process.packet                  0x200010f7   Data          20  uart_golden_dut.o(.bss.uart_DUT_process.packet)
    [Anonymous Symbol]                       0x200010f7   Section        0  uart_golden_dut.o(.bss.uart_DUT_process.packet)
    uart_DUT_process.state                   0x2000110b   Data           1  uart_golden_dut.o(.bss.uart_DUT_process.state)
    [Anonymous Symbol]                       0x2000110b   Section        0  uart_golden_dut.o(.bss.uart_DUT_process.state)
    HEAP                                     0x20001110   Section     5000  startup_ing91600.o(HEAP)
    STACK                                    0x20002498   Section     1024  startup_ing91600.o(STACK)

    Global Symbols

    Symbol Name                              Value     Ov Type        Size  Object(Section)

    BuildAttributes$$THM_ISAv4$E$P$D$K$B$S$7EM$VFPi3$EXTD16$VFPS$VFMA$PE$A:L22UL41UL21$X:L11$S22US41US21$IEEE1$IW$~IW$USESV6$~STKCKD$USESV7$~SHL$OTIME$ROPI$EBA8$MICROLIB$REQ8$PRES8$EABIv2 0x00000000   Number         0  anon$$obj.o ABSOLUTE
    __cpp_initialize__aeabi_                  - Undefined Weak Reference
    __cxa_finalize                            - Undefined Weak Reference
    _clock_init                               - Undefined Weak Reference
    _microlib_exit                            - Undefined Weak Reference
    platform_call_on_stack                   0x0200303f   Thumb Code     0  symdefs.m ABSOLUTE
    att_dispatch_client_can_send_now         0x020052dd   Thumb Code     0  symdefs.m ABSOLUTE
    att_dispatch_client_request_can_send_now_event 0x020052e3   Thumb Code     0  symdefs.m ABSOLUTE
    att_dispatch_register_client             0x020052e9   Thumb Code     0  symdefs.m ABSOLUTE
    att_dispatch_register_server             0x020052fd   Thumb Code     0  symdefs.m ABSOLUTE
    att_dispatch_server_can_send_now         0x02005311   Thumb Code     0  symdefs.m ABSOLUTE
    att_dispatch_server_request_can_send_now_event 0x02005317   Thumb Code     0  symdefs.m ABSOLUTE
    att_emit_general_event                   0x020053c9   Thumb Code     0  symdefs.m ABSOLUTE
    att_server_can_send_packet_now           0x02005b35   Thumb Code     0  symdefs.m ABSOLUTE
    att_server_deferred_read_response        0x02005b39   Thumb Code     0  symdefs.m ABSOLUTE
    att_server_get_mtu                       0x02005b51   Thumb Code     0  symdefs.m ABSOLUTE
    att_server_indicate                      0x02005bc9   Thumb Code     0  symdefs.m ABSOLUTE
    att_server_init                          0x02005c4d   Thumb Code     0  symdefs.m ABSOLUTE
    att_server_notify                        0x02005c89   Thumb Code     0  symdefs.m ABSOLUTE
    att_server_register_packet_handler       0x02005da1   Thumb Code     0  symdefs.m ABSOLUTE
    att_server_request_can_send_now_event    0x02005dd3   Thumb Code     0  symdefs.m ABSOLUTE
    att_set_db                               0x02005def   Thumb Code     0  symdefs.m ABSOLUTE
    att_set_read_callback                    0x02005e01   Thumb Code     0  symdefs.m ABSOLUTE
    att_set_write_callback                   0x02005e0d   Thumb Code     0  symdefs.m ABSOLUTE
    bd_addr_cmp                              0x02006007   Thumb Code     0  symdefs.m ABSOLUTE
    bd_addr_copy                             0x0200600d   Thumb Code     0  symdefs.m ABSOLUTE
    bd_addr_to_str                           0x02006019   Thumb Code     0  symdefs.m ABSOLUTE
    big_endian_read_16                       0x02006051   Thumb Code     0  symdefs.m ABSOLUTE
    big_endian_read_32                       0x02006059   Thumb Code     0  symdefs.m ABSOLUTE
    big_endian_store_16                      0x0200606d   Thumb Code     0  symdefs.m ABSOLUTE
    big_endian_store_32                      0x02006079   Thumb Code     0  symdefs.m ABSOLUTE
    btstack_config                           0x020061bd   Thumb Code     0  symdefs.m ABSOLUTE
    btstack_get_capabilities                 0x020061c9   Thumb Code     0  symdefs.m ABSOLUTE
    btstack_memory_pool_create               0x02006323   Thumb Code     0  symdefs.m ABSOLUTE
    btstack_memory_pool_free                 0x0200634d   Thumb Code     0  symdefs.m ABSOLUTE
    btstack_memory_pool_get                  0x020063ad   Thumb Code     0  symdefs.m ABSOLUTE
    btstack_push_user_msg                    0x020063f5   Thumb Code     0  symdefs.m ABSOLUTE
    btstack_push_user_runnable               0x02006401   Thumb Code     0  symdefs.m ABSOLUTE
    btstack_reset                            0x0200640d   Thumb Code     0  symdefs.m ABSOLUTE
    char_for_nibble                          0x02006721   Thumb Code     0  symdefs.m ABSOLUTE
    gap_add_dev_to_periodic_list             0x02007101   Thumb Code     0  symdefs.m ABSOLUTE
    gap_add_whitelist                        0x02007111   Thumb Code     0  symdefs.m ABSOLUTE
    gap_aes_encrypt                          0x0200711d   Thumb Code     0  symdefs.m ABSOLUTE
    gap_clear_white_lists                    0x02007155   Thumb Code     0  symdefs.m ABSOLUTE
    gap_clr_adv_set                          0x02007161   Thumb Code     0  symdefs.m ABSOLUTE
    gap_clr_periodic_adv_list                0x0200716d   Thumb Code     0  symdefs.m ABSOLUTE
    gap_create_connection_cancel             0x02007179   Thumb Code     0  symdefs.m ABSOLUTE
    gap_default_periodic_adv_sync_transfer_param 0x02007185   Thumb Code     0  symdefs.m ABSOLUTE
    gap_disconnect                           0x0200719d   Thumb Code     0  symdefs.m ABSOLUTE
    gap_disconnect2                          0x020071a5   Thumb Code     0  symdefs.m ABSOLUTE
    gap_disconnect_all                       0x020071d1   Thumb Code     0  symdefs.m ABSOLUTE
    gap_ext_create_connection                0x02007211   Thumb Code     0  symdefs.m ABSOLUTE
    gap_get_connection_parameter_range       0x020072e9   Thumb Code     0  symdefs.m ABSOLUTE
    gap_le_read_channel_map                  0x02007321   Thumb Code     0  symdefs.m ABSOLUTE
    gap_periodic_adv_create_sync             0x02007381   Thumb Code     0  symdefs.m ABSOLUTE
    gap_periodic_adv_create_sync_cancel      0x020073a5   Thumb Code     0  symdefs.m ABSOLUTE
    gap_periodic_adv_set_info_transfer       0x020073b1   Thumb Code     0  symdefs.m ABSOLUTE
    gap_periodic_adv_sync_transfer           0x020073c1   Thumb Code     0  symdefs.m ABSOLUTE
    gap_periodic_adv_sync_transfer_param     0x020073d1   Thumb Code     0  symdefs.m ABSOLUTE
    gap_periodic_adv_term_sync               0x020073ed   Thumb Code     0  symdefs.m ABSOLUTE
    gap_read_antenna_info                    0x02007475   Thumb Code     0  symdefs.m ABSOLUTE
    gap_read_periodic_adv_list_size          0x02007481   Thumb Code     0  symdefs.m ABSOLUTE
    gap_read_phy                             0x0200748d   Thumb Code     0  symdefs.m ABSOLUTE
    gap_read_remote_used_features            0x02007499   Thumb Code     0  symdefs.m ABSOLUTE
    gap_read_remote_version                  0x020074a5   Thumb Code     0  symdefs.m ABSOLUTE
    gap_read_rssi                            0x020074b1   Thumb Code     0  symdefs.m ABSOLUTE
    gap_read_white_lists_size                0x020074bd   Thumb Code     0  symdefs.m ABSOLUTE
    gap_remove_whitelist                     0x020074c9   Thumb Code     0  symdefs.m ABSOLUTE
    gap_rmv_adv_set                          0x02007545   Thumb Code     0  symdefs.m ABSOLUTE
    gap_rmv_dev_from_periodic_list           0x02007551   Thumb Code     0  symdefs.m ABSOLUTE
    gap_rx_test_v2                           0x02007561   Thumb Code     0  symdefs.m ABSOLUTE
    gap_rx_test_v3                           0x02007571   Thumb Code     0  symdefs.m ABSOLUTE
    gap_set_adv_set_random_addr              0x020075bd   Thumb Code     0  symdefs.m ABSOLUTE
    gap_set_callback_for_next_hci            0x020075e1   Thumb Code     0  symdefs.m ABSOLUTE
    gap_set_connection_cte_request_enable    0x02007601   Thumb Code     0  symdefs.m ABSOLUTE
    gap_set_connection_cte_response_enable   0x0200761d   Thumb Code     0  symdefs.m ABSOLUTE
    gap_set_connection_cte_rx_param          0x0200762d   Thumb Code     0  symdefs.m ABSOLUTE
    gap_set_connection_cte_tx_param          0x02007681   Thumb Code     0  symdefs.m ABSOLUTE
    gap_set_connection_parameter_range       0x020076cd   Thumb Code     0  symdefs.m ABSOLUTE
    gap_set_connectionless_cte_tx_enable     0x020076e5   Thumb Code     0  symdefs.m ABSOLUTE
    gap_set_connectionless_cte_tx_param      0x020076f5   Thumb Code     0  symdefs.m ABSOLUTE
    gap_set_connectionless_iq_sampling_enable 0x02007751   Thumb Code     0  symdefs.m ABSOLUTE
    gap_set_data_length                      0x020077ad   Thumb Code     0  symdefs.m ABSOLUTE
    gap_set_def_phy                          0x020077c5   Thumb Code     0  symdefs.m ABSOLUTE
    gap_set_ext_adv_data                     0x020077d5   Thumb Code     0  symdefs.m ABSOLUTE
    gap_set_ext_adv_enable                   0x020077ed   Thumb Code     0  symdefs.m ABSOLUTE
    gap_set_ext_adv_para                     0x0200785d   Thumb Code     0  symdefs.m ABSOLUTE
    gap_set_ext_scan_enable                  0x0200791d   Thumb Code     0  symdefs.m ABSOLUTE
    gap_set_ext_scan_para                    0x02007935   Thumb Code     0  symdefs.m ABSOLUTE
    gap_set_ext_scan_response_data           0x020079d5   Thumb Code     0  symdefs.m ABSOLUTE
    gap_set_host_channel_classification      0x020079ed   Thumb Code     0  symdefs.m ABSOLUTE
    gap_set_periodic_adv_data                0x020079fd   Thumb Code     0  symdefs.m ABSOLUTE
    gap_set_periodic_adv_enable              0x02007a6d   Thumb Code     0  symdefs.m ABSOLUTE
    gap_set_periodic_adv_para                0x02007a7d   Thumb Code     0  symdefs.m ABSOLUTE
    gap_set_periodic_adv_rx_enable           0x02007a95   Thumb Code     0  symdefs.m ABSOLUTE
    gap_set_phy                              0x02007aa5   Thumb Code     0  symdefs.m ABSOLUTE
    gap_set_random_device_address            0x02007ac1   Thumb Code     0  symdefs.m ABSOLUTE
    gap_start_ccm                            0x02007add   Thumb Code     0  symdefs.m ABSOLUTE
    gap_test_end                             0x02007b25   Thumb Code     0  symdefs.m ABSOLUTE
    gap_tx_test_v2                           0x02007b31   Thumb Code     0  symdefs.m ABSOLUTE
    gap_tx_test_v4                           0x02007b49   Thumb Code     0  symdefs.m ABSOLUTE
    gap_update_connection_parameters         0x02007b6d   Thumb Code     0  symdefs.m ABSOLUTE
    gap_vendor_tx_continuous_wave            0x02007bb1   Thumb Code     0  symdefs.m ABSOLUTE
    gatt_client_cancel_write                 0x0200807d   Thumb Code     0  symdefs.m ABSOLUTE
    gatt_client_discover_characteristic_descriptors 0x0200809f   Thumb Code     0  symdefs.m ABSOLUTE
    gatt_client_discover_characteristics_for_handle_range_by_uuid128 0x020080e9   Thumb Code     0  symdefs.m ABSOLUTE
    gatt_client_discover_characteristics_for_handle_range_by_uuid16 0x0200812d   Thumb Code     0  symdefs.m ABSOLUTE
    gatt_client_discover_characteristics_for_service 0x0200816f   Thumb Code     0  symdefs.m ABSOLUTE
    gatt_client_discover_primary_services    0x020081a1   Thumb Code     0  symdefs.m ABSOLUTE
    gatt_client_discover_primary_services_by_uuid128 0x020081cf   Thumb Code     0  symdefs.m ABSOLUTE
    gatt_client_discover_primary_services_by_uuid16 0x0200820d   Thumb Code     0  symdefs.m ABSOLUTE
    gatt_client_exchange_mtu_request         0x02008247   Thumb Code     0  symdefs.m ABSOLUTE
    gatt_client_execute_write                0x02008275   Thumb Code     0  symdefs.m ABSOLUTE
    gatt_client_find_included_services_for_service 0x02008297   Thumb Code     0  symdefs.m ABSOLUTE
    gatt_client_get_mtu                      0x020082c1   Thumb Code     0  symdefs.m ABSOLUTE
    gatt_client_is_ready                     0x0200838d   Thumb Code     0  symdefs.m ABSOLUTE
    gatt_client_listen_for_characteristic_value_updates 0x020083a3   Thumb Code     0  symdefs.m ABSOLUTE
    gatt_client_prepare_write                0x020083c5   Thumb Code     0  symdefs.m ABSOLUTE
    gatt_client_read_characteristic_descriptor_using_descriptor_handle 0x020083fd   Thumb Code     0  symdefs.m ABSOLUTE
    gatt_client_read_long_characteristic_descriptor_using_descriptor_handle 0x02008423   Thumb Code     0  symdefs.m ABSOLUTE
    gatt_client_read_long_characteristic_descriptor_using_descriptor_handle_with_offset 0x02008429   Thumb Code     0  symdefs.m ABSOLUTE
    gatt_client_read_long_value_of_characteristic_using_value_handle 0x02008453   Thumb Code     0  symdefs.m ABSOLUTE
    gatt_client_read_long_value_of_characteristic_using_value_handle_with_offset 0x02008459   Thumb Code     0  symdefs.m ABSOLUTE
    gatt_client_read_multiple_characteristic_values 0x02008483   Thumb Code     0  symdefs.m ABSOLUTE
    gatt_client_read_value_of_characteristic_using_value_handle 0x020084af   Thumb Code     0  symdefs.m ABSOLUTE
    gatt_client_read_value_of_characteristics_by_uuid128 0x020084d9   Thumb Code     0  symdefs.m ABSOLUTE
    gatt_client_read_value_of_characteristics_by_uuid16 0x02008519   Thumb Code     0  symdefs.m ABSOLUTE
    gatt_client_register_handler             0x02008555   Thumb Code     0  symdefs.m ABSOLUTE
    gatt_client_reliable_write_long_value_of_characteristic 0x02008561   Thumb Code     0  symdefs.m ABSOLUTE
    gatt_client_signed_write_without_response 0x0200898d   Thumb Code     0  symdefs.m ABSOLUTE
    gatt_client_write_characteristic_descriptor_using_descriptor_handle 0x02008ac1   Thumb Code     0  symdefs.m ABSOLUTE
    gatt_client_write_client_characteristic_configuration 0x02008af3   Thumb Code     0  symdefs.m ABSOLUTE
    gatt_client_write_long_characteristic_descriptor_using_descriptor_handle 0x02008b4b   Thumb Code     0  symdefs.m ABSOLUTE
    gatt_client_write_long_characteristic_descriptor_using_descriptor_handle_with_offset 0x02008b5b   Thumb Code     0  symdefs.m ABSOLUTE
    gatt_client_write_long_value_of_characteristic 0x02008b93   Thumb Code     0  symdefs.m ABSOLUTE
    gatt_client_write_long_value_of_characteristic_with_offset 0x02008ba3   Thumb Code     0  symdefs.m ABSOLUTE
    gatt_client_write_value_of_characteristic 0x02008bdb   Thumb Code     0  symdefs.m ABSOLUTE
    gatt_client_write_value_of_characteristic_without_response 0x02008c09   Thumb Code     0  symdefs.m ABSOLUTE
    hci_add_event_handler                    0x0200a229   Thumb Code     0  symdefs.m ABSOLUTE
    hci_power_control                        0x0200a9d9   Thumb Code     0  symdefs.m ABSOLUTE
    hci_register_acl_packet_handler          0x0200ab8d   Thumb Code     0  symdefs.m ABSOLUTE
    kv_commit                                0x0200b2b1   Thumb Code     0  symdefs.m ABSOLUTE
    kv_get                                   0x0200b30d   Thumb Code     0  symdefs.m ABSOLUTE
    kv_init                                  0x0200b319   Thumb Code     0  symdefs.m ABSOLUTE
    kv_init_backend                          0x0200b399   Thumb Code     0  symdefs.m ABSOLUTE
    kv_put                                   0x0200b3ad   Thumb Code     0  symdefs.m ABSOLUTE
    kv_remove                                0x0200b3b9   Thumb Code     0  symdefs.m ABSOLUTE
    kv_remove_all                            0x0200b3f1   Thumb Code     0  symdefs.m ABSOLUTE
    kv_value_modified                        0x0200b421   Thumb Code     0  symdefs.m ABSOLUTE
    kv_value_modified_of_key                 0x0200b43d   Thumb Code     0  symdefs.m ABSOLUTE
    kv_visit                                 0x0200b449   Thumb Code     0  symdefs.m ABSOLUTE
    l2cap_add_event_handler                  0x0200b4d9   Thumb Code     0  symdefs.m ABSOLUTE
    l2cap_can_send_packet_now                0x0200b4e9   Thumb Code     0  symdefs.m ABSOLUTE
    l2cap_create_le_credit_based_connection_request 0x0200b6ad   Thumb Code     0  symdefs.m ABSOLUTE
    l2cap_credit_based_send                  0x0200b7f5   Thumb Code     0  symdefs.m ABSOLUTE
    l2cap_credit_based_send_continue         0x0200b821   Thumb Code     0  symdefs.m ABSOLUTE
    l2cap_disconnect                         0x0200b89d   Thumb Code     0  symdefs.m ABSOLUTE
    l2cap_get_le_credit_based_connection_credits 0x0200ba81   Thumb Code     0  symdefs.m ABSOLUTE
    l2cap_get_peer_mtu_for_local_cid         0x0200ba9d   Thumb Code     0  symdefs.m ABSOLUTE
    l2cap_init                               0x0200beb5   Thumb Code     0  symdefs.m ABSOLUTE
    l2cap_le_send_flow_control_credit        0x0200c05d   Thumb Code     0  symdefs.m ABSOLUTE
    l2cap_max_le_mtu                         0x0200c35d   Thumb Code     0  symdefs.m ABSOLUTE
    l2cap_register_packet_handler            0x0200c485   Thumb Code     0  symdefs.m ABSOLUTE
    l2cap_register_service                   0x0200c491   Thumb Code     0  symdefs.m ABSOLUTE
    l2cap_request_can_send_now_event         0x0200c5a5   Thumb Code     0  symdefs.m ABSOLUTE
    l2cap_request_connection_parameter_update 0x0200c5bf   Thumb Code     0  symdefs.m ABSOLUTE
    l2cap_send_echo_request                  0x0200ca8d   Thumb Code     0  symdefs.m ABSOLUTE
    l2cap_unregister_service                 0x0200cb6d   Thumb Code     0  symdefs.m ABSOLUTE
    le_device_db_add                         0x0200cbc5   Thumb Code     0  symdefs.m ABSOLUTE
    le_device_db_find                        0x0200cc9d   Thumb Code     0  symdefs.m ABSOLUTE
    le_device_db_from_key                    0x0200ccc9   Thumb Code     0  symdefs.m ABSOLUTE
    le_device_db_iter_cur                    0x0200ccd1   Thumb Code     0  symdefs.m ABSOLUTE
    le_device_db_iter_cur_key                0x0200ccd5   Thumb Code     0  symdefs.m ABSOLUTE
    le_device_db_iter_init                   0x0200ccd9   Thumb Code     0  symdefs.m ABSOLUTE
    le_device_db_iter_next                   0x0200cce1   Thumb Code     0  symdefs.m ABSOLUTE
    le_device_db_remove_key                  0x0200cd07   Thumb Code     0  symdefs.m ABSOLUTE
    ll_ackable_packet_alloc                  0x0200cd33   Thumb Code     0  symdefs.m ABSOLUTE
    ll_ackable_packet_get_status             0x0200ce6f   Thumb Code     0  symdefs.m ABSOLUTE
    ll_ackable_packet_run                    0x0200cedd   Thumb Code     0  symdefs.m ABSOLUTE
    ll_ackable_packet_set_tx_data            0x0200cf95   Thumb Code     0  symdefs.m ABSOLUTE
    ll_adjust_conn_peer_tx_power             0x0200cfb1   Thumb Code     0  symdefs.m ABSOLUTE
    ll_aes_encrypt                           0x0200cfdd   Thumb Code     0  symdefs.m ABSOLUTE
    ll_allow_nonstandard_adv_type            0x0200d051   Thumb Code     0  symdefs.m ABSOLUTE
    ll_attach_cte_to_adv_set                 0x0200d069   Thumb Code     0  symdefs.m ABSOLUTE
    ll_channel_monitor_alloc                 0x0200d201   Thumb Code     0  symdefs.m ABSOLUTE
    ll_channel_monitor_check_each_pdu        0x0200d283   Thumb Code     0  symdefs.m ABSOLUTE
    ll_channel_monitor_get_1st_pdu_time      0x0200d2ef   Thumb Code     0  symdefs.m ABSOLUTE
    ll_channel_monitor_run                   0x0200d329   Thumb Code     0  symdefs.m ABSOLUTE
    ll_config                                0x0200d3f9   Thumb Code     0  symdefs.m ABSOLUTE
    ll_free                                  0x0200d437   Thumb Code     0  symdefs.m ABSOLUTE
    ll_get_capabilities                      0x0200d441   Thumb Code     0  symdefs.m ABSOLUTE
    ll_get_conn_events_info                  0x0200d45d   Thumb Code     0  symdefs.m ABSOLUTE
    ll_get_conn_info                         0x0200d545   Thumb Code     0  symdefs.m ABSOLUTE
    ll_get_heap_free_size                    0x0200d595   Thumb Code     0  symdefs.m ABSOLUTE
    ll_get_states                            0x0200d5a5   Thumb Code     0  symdefs.m ABSOLUTE
    ll_hint_on_ce_len                        0x0200d661   Thumb Code     0  symdefs.m ABSOLUTE
    ll_legacy_adv_set_interval               0x0200d699   Thumb Code     0  symdefs.m ABSOLUTE
    ll_lock_frequency                        0x0200d6a9   Thumb Code     0  symdefs.m ABSOLUTE
    ll_malloc                                0x0200d70d   Thumb Code     0  symdefs.m ABSOLUTE
    ll_override_whitening_init_value         0x0200d715   Thumb Code     0  symdefs.m ABSOLUTE
    ll_raw_packet_alloc                      0x0200d83d   Thumb Code     0  symdefs.m ABSOLUTE
    ll_raw_packet_free                       0x0200d911   Thumb Code     0  symdefs.m ABSOLUTE
    ll_raw_packet_get_bare_rx_data           0x0200d949   Thumb Code     0  symdefs.m ABSOLUTE
    ll_raw_packet_get_iq_samples             0x0200da09   Thumb Code     0  symdefs.m ABSOLUTE
    ll_raw_packet_get_rx_data                0x0200daa3   Thumb Code     0  symdefs.m ABSOLUTE
    ll_raw_packet_recv                       0x0200db41   Thumb Code     0  symdefs.m ABSOLUTE
    ll_raw_packet_send                       0x0200dc15   Thumb Code     0  symdefs.m ABSOLUTE
    ll_raw_packet_set_bare_data              0x0200dd31   Thumb Code     0  symdefs.m ABSOLUTE
    ll_raw_packet_set_bare_mode              0x0200dd6f   Thumb Code     0  symdefs.m ABSOLUTE
    ll_raw_packet_set_fake_cte_info          0x0200de73   Thumb Code     0  symdefs.m ABSOLUTE
    ll_raw_packet_set_param                  0x0200de95   Thumb Code     0  symdefs.m ABSOLUTE
    ll_raw_packet_set_rx_cte                 0x0200def7   Thumb Code     0  symdefs.m ABSOLUTE
    ll_raw_packet_set_tx_cte                 0x0200df8d   Thumb Code     0  symdefs.m ABSOLUTE
    ll_raw_packet_set_tx_data                0x0200dfcb   Thumb Code     0  symdefs.m ABSOLUTE
    ll_register_hci_acl_previewer            0x0200e02d   Thumb Code     0  symdefs.m ABSOLUTE
    ll_scan_set_fixed_channel                0x0200e091   Thumb Code     0  symdefs.m ABSOLUTE
    ll_scanner_enable_iq_sampling            0x0200e09d   Thumb Code     0  symdefs.m ABSOLUTE
    ll_scanner_enable_iq_sampling_on_legacy  0x0200e145   Thumb Code     0  symdefs.m ABSOLUTE
    ll_set_adv_access_address                0x0200e435   Thumb Code     0  symdefs.m ABSOLUTE
    ll_set_adv_coded_scheme                  0x0200e441   Thumb Code     0  symdefs.m ABSOLUTE
    ll_set_conn_acl_report_latency           0x0200e479   Thumb Code     0  symdefs.m ABSOLUTE
    ll_set_conn_coded_scheme                 0x0200e4a9   Thumb Code     0  symdefs.m ABSOLUTE
    ll_set_conn_interval_unit                0x0200e4d5   Thumb Code     0  symdefs.m ABSOLUTE
    ll_set_conn_latency                      0x0200e4e1   Thumb Code     0  symdefs.m ABSOLUTE
    ll_set_conn_tx_power                     0x0200e511   Thumb Code     0  symdefs.m ABSOLUTE
    ll_set_cte_bit                           0x0200e541   Thumb Code     0  symdefs.m ABSOLUTE
    ll_set_def_antenna                       0x0200e569   Thumb Code     0  symdefs.m ABSOLUTE
    ll_set_initiating_coded_scheme           0x0200e589   Thumb Code     0  symdefs.m ABSOLUTE
    ll_set_max_conn_number                   0x0200e595   Thumb Code     0  symdefs.m ABSOLUTE
    ll_set_tx_power_range                    0x0200e629   Thumb Code     0  symdefs.m ABSOLUTE
    ll_unlock_frequency                      0x0200e651   Thumb Code     0  symdefs.m ABSOLUTE
    nibble_for_char                          0x020217fd   Thumb Code     0  symdefs.m ABSOLUTE
    platform_calibrate_rt_clk                0x02021895   Thumb Code     0  symdefs.m ABSOLUTE
    platform_cancel_us_timer                 0x02021899   Thumb Code     0  symdefs.m ABSOLUTE
    platform_config                          0x020218ad   Thumb Code     0  symdefs.m ABSOLUTE
    platform_controller_run                  0x020219e9   Thumb Code     0  symdefs.m ABSOLUTE
    platform_create_us_timer                 0x02021a1d   Thumb Code     0  symdefs.m ABSOLUTE
    platform_delete_timer                    0x02021a31   Thumb Code     0  symdefs.m ABSOLUTE
    platform_enable_irq                      0x02021a39   Thumb Code     0  symdefs.m ABSOLUTE
    platform_get_gen_os_driver               0x02021a6d   Thumb Code     0  symdefs.m ABSOLUTE
    platform_get_link_layer_interf           0x02021a79   Thumb Code     0  symdefs.m ABSOLUTE
    platform_get_task_handle                 0x02021a81   Thumb Code     0  symdefs.m ABSOLUTE
    platform_get_timer_counter               0x02021a99   Thumb Code     0  symdefs.m ABSOLUTE
    platform_get_us_time                     0x02021a9d   Thumb Code     0  symdefs.m ABSOLUTE
    platform_get_version                     0x02021aa1   Thumb Code     0  symdefs.m ABSOLUTE
    platform_hrng                            0x02021abd   Thumb Code     0  symdefs.m ABSOLUTE
    platform_init_controller                 0x02021ac5   Thumb Code     0  symdefs.m ABSOLUTE
    platform_os_idle_resumed_hook            0x02021ae1   Thumb Code     0  symdefs.m ABSOLUTE
    platform_patch_rf_init_data              0x02021ae5   Thumb Code     0  symdefs.m ABSOLUTE
    platform_post_sleep_processing           0x02021af1   Thumb Code     0  symdefs.m ABSOLUTE
    platform_pre_sleep_processing            0x02021af7   Thumb Code     0  symdefs.m ABSOLUTE
    platform_pre_suppress_ticks_and_sleep_processing 0x02021afd   Thumb Code     0  symdefs.m ABSOLUTE
    platform_printf                          0x02021b01   Thumb Code     0  symdefs.m ABSOLUTE
    platform_raise_assertion                 0x02021b15   Thumb Code     0  symdefs.m ABSOLUTE
    platform_rand                            0x02021b29   Thumb Code     0  symdefs.m ABSOLUTE
    platform_read_info                       0x02021b2d   Thumb Code     0  symdefs.m ABSOLUTE
    platform_read_persistent_reg             0x02021b5d   Thumb Code     0  symdefs.m ABSOLUTE
    platform_reset                           0x02021b7d   Thumb Code     0  symdefs.m ABSOLUTE
    platform_rt_rc_auto_tune                 0x02021b91   Thumb Code     0  symdefs.m ABSOLUTE
    platform_rt_rc_auto_tune2                0x02021b99   Thumb Code     0  symdefs.m ABSOLUTE
    platform_rt_rc_tune                      0x02021bf9   Thumb Code     0  symdefs.m ABSOLUTE
    platform_set_abs_timer                   0x02021c25   Thumb Code     0  symdefs.m ABSOLUTE
    platform_set_evt_callback                0x02021c29   Thumb Code     0  symdefs.m ABSOLUTE
    platform_set_evt_callback_table          0x02021c3d   Thumb Code     0  symdefs.m ABSOLUTE
    platform_set_irq_callback                0x02021c49   Thumb Code     0  symdefs.m ABSOLUTE
    platform_set_irq_callback_table          0x02021c65   Thumb Code     0  symdefs.m ABSOLUTE
    platform_set_rf_clk_source               0x02021c71   Thumb Code     0  symdefs.m ABSOLUTE
    platform_set_rf_init_data                0x02021c7d   Thumb Code     0  symdefs.m ABSOLUTE
    platform_set_rf_power_mapping            0x02021c89   Thumb Code     0  symdefs.m ABSOLUTE
    platform_set_timer                       0x02021c95   Thumb Code     0  symdefs.m ABSOLUTE
    platform_shutdown                        0x02021c99   Thumb Code     0  symdefs.m ABSOLUTE
    platform_switch_app                      0x02021c9d   Thumb Code     0  symdefs.m ABSOLUTE
    platform_trace_raw                       0x02021cb5   Thumb Code     0  symdefs.m ABSOLUTE
    platform_write_persistent_reg            0x02021ccd   Thumb Code     0  symdefs.m ABSOLUTE
    printf_hexdump                           0x02021d01   Thumb Code     0  symdefs.m ABSOLUTE
    reverse_128                              0x020220ad   Thumb Code     0  symdefs.m ABSOLUTE
    reverse_24                               0x020220b3   Thumb Code     0  symdefs.m ABSOLUTE
    reverse_256                              0x020220b9   Thumb Code     0  symdefs.m ABSOLUTE
    reverse_48                               0x020220bf   Thumb Code     0  symdefs.m ABSOLUTE
    reverse_56                               0x020220c5   Thumb Code     0  symdefs.m ABSOLUTE
    reverse_64                               0x020220cb   Thumb Code     0  symdefs.m ABSOLUTE
    reverse_bd_addr                          0x020220d1   Thumb Code     0  symdefs.m ABSOLUTE
    reverse_bytes                            0x020220d7   Thumb Code     0  symdefs.m ABSOLUTE
    sm_add_event_handler                     0x02022465   Thumb Code     0  symdefs.m ABSOLUTE
    sm_address_resolution_lookup             0x020225bd   Thumb Code     0  symdefs.m ABSOLUTE
    sm_authenticated                         0x02022975   Thumb Code     0  symdefs.m ABSOLUTE
    sm_authorization_decline                 0x02022983   Thumb Code     0  symdefs.m ABSOLUTE
    sm_authorization_grant                   0x020229a3   Thumb Code     0  symdefs.m ABSOLUTE
    sm_authorization_state                   0x020229c3   Thumb Code     0  symdefs.m ABSOLUTE
    sm_bonding_decline                       0x020229dd   Thumb Code     0  symdefs.m ABSOLUTE
    sm_config                                0x02022e31   Thumb Code     0  symdefs.m ABSOLUTE
    sm_config_conn                           0x02022e6d   Thumb Code     0  symdefs.m ABSOLUTE
    sm_encryption_key_size                   0x02023027   Thumb Code     0  symdefs.m ABSOLUTE
    sm_just_works_confirm                    0x020235dd   Thumb Code     0  symdefs.m ABSOLUTE
    sm_le_device_key                         0x02023931   Thumb Code     0  symdefs.m ABSOLUTE
    sm_passkey_input                         0x020239c7   Thumb Code     0  symdefs.m ABSOLUTE
    sm_private_random_address_generation_get 0x02023d91   Thumb Code     0  symdefs.m ABSOLUTE
    sm_private_random_address_generation_get_mode 0x02023d99   Thumb Code     0  symdefs.m ABSOLUTE
    sm_private_random_address_generation_set_mode 0x02023da5   Thumb Code     0  symdefs.m ABSOLUTE
    sm_private_random_address_generation_set_update_period 0x02023dcd   Thumb Code     0  symdefs.m ABSOLUTE
    sm_register_external_ltk_callback        0x02023f09   Thumb Code     0  symdefs.m ABSOLUTE
    sm_register_oob_data_callback            0x02023f15   Thumb Code     0  symdefs.m ABSOLUTE
    sm_request_pairing                       0x02023f21   Thumb Code     0  symdefs.m ABSOLUTE
    sm_send_security_request                 0x02024a1b   Thumb Code     0  symdefs.m ABSOLUTE
    sm_set_accepted_stk_generation_methods   0x02024a41   Thumb Code     0  symdefs.m ABSOLUTE
    sm_set_authentication_requirements       0x02024a4d   Thumb Code     0  symdefs.m ABSOLUTE
    sm_set_encryption_key_size_range         0x02024a5d   Thumb Code     0  symdefs.m ABSOLUTE
    sm_set_key_distribution_flags            0x02024a69   Thumb Code     0  symdefs.m ABSOLUTE
    sm_set_persistent_irk                    0x02024a75   Thumb Code     0  symdefs.m ABSOLUTE
    sscanf_bd_addr                           0x02024e41   Thumb Code     0  symdefs.m ABSOLUTE
    sysSetPublicDeviceAddr                   0x020253e9   Thumb Code     0  symdefs.m ABSOLUTE
    uuid128_to_str                           0x02025cf9   Thumb Code     0  symdefs.m ABSOLUTE
    uuid_add_bluetooth_prefix                0x02025d51   Thumb Code     0  symdefs.m ABSOLUTE
    uuid_has_bluetooth_prefix                0x02025d71   Thumb Code     0  symdefs.m ABSOLUTE
    __Vectors                                0x02029000   Data           4  startup_ing91600.o(RESET)
    __main                                   0x02029009   Thumb Code     0  entry.o(.ARM.Collect$$$$00000000)
    _main_stk                                0x02029009   Thumb Code     0  entry2.o(.ARM.Collect$$$$00000001)
    _main_scatterload                        0x0202900d   Thumb Code     0  entry5.o(.ARM.Collect$$$$00000004)
    __main_after_scatterload                 0x02029011   Thumb Code     0  entry5.o(.ARM.Collect$$$$00000004)
    _main_clock                              0x02029011   Thumb Code     0  entry7b.o(.ARM.Collect$$$$00000008)
    _main_cpp_init                           0x02029011   Thumb Code     0  entry8b.o(.ARM.Collect$$$$0000000A)
    _main_init                               0x02029011   Thumb Code     0  entry9a.o(.ARM.Collect$$$$0000000B)
    __rt_final_cpp                           0x02029019   Thumb Code     0  entry10a.o(.ARM.Collect$$$$0000000D)
    __rt_final_exit                          0x02029019   Thumb Code     0  entry11a.o(.ARM.Collect$$$$0000000F)
    Reset_Handler                            0x0202901d   Thumb Code    14  startup_ing91600.o(.text)
    main                                     0x0202902d   Thumb Code    14  startup_ing91600.o(.text)
    __scatterload                            0x02029045   Thumb Code    28  init.o(.text)
    __scatterload_rt2                        0x02029045   Thumb Code     0  init.o(.text)
    __aeabi_uldivmod                         0x02029069   Thumb Code    98  uldiv.o(.text)
    ___aeabi_memcpy4$move                    0x020290cb   Thumb Code     0  memmovea.o(.text)
    ___aeabi_memcpy8$move                    0x020290cb   Thumb Code     0  memmovea.o(.text)
    __aeabi_memcpy                           0x020290cb   Thumb Code    64  memmovea.o(.text)
    __aeabi_memmove                          0x020290cb   Thumb Code     0  memmovea.o(.text)
    __aeabi_memmove4                         0x020290cb   Thumb Code     0  memmovea.o(.text)
    __aeabi_memmove8                         0x020290cb   Thumb Code     0  memmovea.o(.text)
    __aeabi_memset                           0x0202910b   Thumb Code    14  memseta.o(.text)
    __aeabi_memset4                          0x0202910b   Thumb Code     0  memseta.o(.text)
    __aeabi_memset8                          0x0202910b   Thumb Code     0  memseta.o(.text)
    __aeabi_memclr                           0x02029119   Thumb Code     4  memseta.o(.text)
    __aeabi_memclr4                          0x02029119   Thumb Code     0  memseta.o(.text)
    __aeabi_memclr8                          0x02029119   Thumb Code     0  memseta.o(.text)
    _memset$wrapper                          0x0202911d   Thumb Code    18  memseta.o(.text)
    strlen                                   0x0202912f   Thumb Code    14  strlen.o(.text)
    memcmp                                   0x0202913d   Thumb Code    26  memcmp.o(.text)
    strcpy                                   0x02029157   Thumb Code    18  strcpy.o(.text)
    __aeabi_dadd                             0x02029169   Thumb Code   322  dadd.o(.text)
    __aeabi_dsub                             0x020292ab   Thumb Code     6  dadd.o(.text)
    __aeabi_drsub                            0x020292b1   Thumb Code     6  dadd.o(.text)
    __aeabi_dmul                             0x020292b7   Thumb Code   228  dmul.o(.text)
    __aeabi_ddiv                             0x0202939b   Thumb Code   222  ddiv.o(.text)
    __aeabi_uidiv                            0x02029479   Thumb Code     0  uidiv.o(.text)
    __aeabi_uidivmod                         0x02029479   Thumb Code    44  uidiv.o(.text)
    __aeabi_llsl                             0x020294a5   Thumb Code    30  llshl.o(.text)
    _ll_shift_l                              0x020294a5   Thumb Code     0  llshl.o(.text)
    __aeabi_llsr                             0x020294c3   Thumb Code    32  llushr.o(.text)
    _ll_ushift_r                             0x020294c3   Thumb Code     0  llushr.o(.text)
    __aeabi_lasr                             0x020294e3   Thumb Code    36  llsshr.o(.text)
    _ll_sshift_r                             0x020294e3   Thumb Code     0  llsshr.o(.text)
    __I$use$fp                               0x02029507   Thumb Code     0  iusefp.o(.text)
    _double_round                            0x02029507   Thumb Code    30  depilogue.o(.text)
    _double_epilogue                         0x02029525   Thumb Code   156  depilogue.o(.text)
    __aeabi_d2ulz                            0x020295c1   Thumb Code    48  dfixul.o(.text)
    __aeabi_cdrcmple                         0x020295f1   Thumb Code    48  cdrcmple.o(.text)
    __decompress                             0x02029621   Thumb Code     0  __dczerorl.o(.text)
    __decompress0                            0x02029621   Thumb Code    58  __dczerorl.o(.text)
    DUT_cmd_rf_freq_offset                   0x0202965d   Thumb Code    86  uart_golden_dut.o(.text.DUT_cmd_rf_freq_offset)
    DUT_cmd_rf_rx_cnt                        0x020296b5   Thumb Code   104  uart_golden_dut.o(.text.DUT_cmd_rf_rx_cnt)
    DUT_cmd_rf_rx_sen                        0x0202971d   Thumb Code   100  uart_golden_dut.o(.text.DUT_cmd_rf_rx_sen)
    DUT_cmd_rf_tx_cnt                        0x02029781   Thumb Code    84  uart_golden_dut.o(.text.DUT_cmd_rf_tx_cnt)
    DUT_cmd_rf_tx_power                      0x020297d5   Thumb Code    86  uart_golden_dut.o(.text.DUT_cmd_rf_tx_power)
    GIO_SetDirection                         0x02029861   Thumb Code   162  peripheral_gpio.o(.text.GIO_SetDirection)
    GIO_WriteValue                           0x02029905   Thumb Code   116  peripheral_gpio.o(.text.GIO_WriteValue)
    PINCTRL_Pull                             0x02029979   Thumb Code   144  peripheral_pinctrl.o(.text.PINCTRL_Pull)
    PINCTRL_SelUartRxdIn                     0x02029a99   Thumb Code    82  peripheral_pinctrl.o(.text.PINCTRL_SelUartRxdIn)
    PINCTRL_SetPadMux                        0x02029aed   Thumb Code   422  peripheral_pinctrl.o(.text.PINCTRL_SetPadMux)
    SEGGER_RTT_GetAvailWriteSpace            0x02029cdd   Thumb Code    34  trace.o(.text.SEGGER_RTT_GetAvailWriteSpace)
    SEGGER_RTT_Init                          0x02029d01   Thumb Code     8  trace.o(.text.SEGGER_RTT_Init)
    SEGGER_RTT_Write                         0x02029d09   Thumb Code    72  trace.o(.text.SEGGER_RTT_Write)
    SEGGER_RTT_WriteNoLock                   0x02029d51   Thumb Code   176  trace.o(.text.SEGGER_RTT_WriteNoLock)
    SYSCTRL_ClearClkGate                     0x02029e59   Thumb Code    22  peripheral_sysctrl.o(.text.SYSCTRL_ClearClkGate)
    SYSCTRL_ClearClkGateMulti                0x02029e71   Thumb Code    66  peripheral_sysctrl.o(.text.SYSCTRL_ClearClkGateMulti)
    SYSCTRL_ICacheControl                    0x0202a23d   Thumb Code    28  peripheral_sysctrl.o(.text.SYSCTRL_ICacheControl)
    SYSCTRL_Init                             0x0202a259   Thumb Code   220  peripheral_sysctrl.o(.text.SYSCTRL_Init)
    SYSCTRL_SetLDOOutput                     0x0202a335   Thumb Code    36  peripheral_sysctrl.o(.text.SYSCTRL_SetLDOOutput)
    Smooth_Average                           0x0202a359   Thumb Code   182  filter.o(.text.Smooth_Average)
    UART_SendData                            0x0202a411   Thumb Code    20  peripheral_uart.o(.text.UART_SendData)
    apUART_BaudRateSet                       0x0202a661   Thumb Code   128  peripheral_uart.o(.text.apUART_BaudRateSet)
    apUART_Check_RXFIFO_EMPTY                0x0202a6e1   Thumb Code    16  peripheral_uart.o(.text.apUART_Check_RXFIFO_EMPTY)
    apUART_Check_TXFIFO_FULL                 0x0202a6f1   Thumb Code    16  peripheral_uart.o(.text.apUART_Check_TXFIFO_FULL)
    apUART_Get_all_raw_int_stat              0x0202a701   Thumb Code    12  peripheral_uart.o(.text.apUART_Get_all_raw_int_stat)
    apUART_Initialize                        0x0202a70d   Thumb Code   170  peripheral_uart.o(.text.apUART_Initialize)
    app_main                                 0x0202a7b9   Thumb Code    48  main.o(.text.app_main)
    cb_putc                                  0x0202a8c9   Thumb Code    52  main.o(.text.cb_putc)
    cb_trace_rtt                             0x0202a8fd   Thumb Code   126  trace.o(.text.cb_trace_rtt)
    check_crc16                              0x0202a97d   Thumb Code   112  crc_16.o(.text.check_crc16)
    config_uart                              0x0202a9ed   Thumb Code    84  main.o(.text.config_uart)
    erase_flash_sector                       0x0202aaf5   Thumb Code    26  eflash.o(.text.erase_flash_sector)
    flash_enable_write_protection            0x0202ab11   Thumb Code   138  eflash.o(.text.flash_enable_write_protection)
    flash_get_factory_calib_data             0x0202ab9d   Thumb Code    36  eflash.o(.text.flash_get_factory_calib_data)
    flash_prepare_factory_data               0x0202abc1   Thumb Code   194  eflash.o(.text.flash_prepare_factory_data)
    fputc                                    0x0202acdd   Thumb Code    22  main.o(.text.fputc)
    freq_offset_tune                         0x0202acf5   Thumb Code    50  freq_offset.o(.text.freq_offset_tune)
    freq_offset_tx_begin                     0x0202ad29   Thumb Code    40  freq_offset.o(.text.freq_offset_tx_begin)
    freq_offset_tx_begin_do                  0x0202ad51   Thumb Code   232  freq_offset.o(.text.freq_offset_tx_begin_do)
    freq_offset_tx_end                       0x0202ae39   Thumb Code    14  freq_offset.o(.text.freq_offset_tx_end)
    freq_test_init                           0x0202ae49   Thumb Code    30  freq_offset.o(.text.freq_test_init)
    get_raw_pkt_count                        0x0202ae75   Thumb Code    32  raw_pkt.o(.text.get_raw_pkt_count)
    get_raw_pkt_power                        0x0202ae95   Thumb Code    50  raw_pkt.o(.text.get_raw_pkt_power)
    get_ring_buff_used                       0x0202aec9   Thumb Code    44  my_ring_buffer.o(.text.get_ring_buff_used)
    get_rx_cnt_result                        0x0202aef5   Thumb Code    22  rf_test.o(.text.get_rx_cnt_result)
    get_rx_power_result                      0x0202af0d   Thumb Code    24  rf_test.o(.text.get_rx_power_result)
    gpio_pin_pulse                           0x0202af25   Thumb Code    78  pulse_test_gpio.o(.text.gpio_pin_pulse)
    noos_start                               0x0202b035   Thumb Code    44  noos_impl.o(.text.noos_start)
    on_lle_init                              0x0202b061   Thumb Code    12  main.o(.text.on_lle_init)
    on_raw_packet_done                       0x0202b06d   Thumb Code    54  raw_pkt.o(.text.on_raw_packet_done)
    on_raw_packet_done_tx                    0x0202b0a5   Thumb Code    22  freq_offset.o(.text.on_raw_packet_done_tx)
    os_impl_get_driver                       0x0202b0bd   Thumb Code    10  noos_impl.o(.text.os_impl_get_driver)
    peek_ring_fifo_char                      0x0202b0c9   Thumb Code   102  my_ring_buffer.o(.text.peek_ring_fifo_char)
    pendsv_isr                               0x0202b131   Thumb Code     2  noos_impl.o(.text.pendsv_isr)
    program_flash                            0x0202b5b1   Thumb Code    26  eflash.o(.text.program_flash)
    raw_packet_set_rx_param                  0x0202b6a1   Thumb Code   114  raw_pkt.o(.text.raw_packet_set_rx_param)
    raw_packet_set_tx_param                  0x0202b715   Thumb Code   118  raw_pkt.o(.text.raw_packet_set_tx_param)
    raw_pkt_malloc_init                      0x0202b78d   Thumb Code    58  raw_pkt.o(.text.raw_pkt_malloc_init)
    raw_pkt_rx_test                          0x0202b7e9   Thumb Code    98  raw_pkt.o(.text.raw_pkt_rx_test)
    raw_pkt_tx_test                          0x0202b84d   Thumb Code   200  raw_pkt.o(.text.raw_pkt_tx_test)
    read_flash_security                      0x0202b915   Thumb Code    72  eflash.o(.text.read_flash_security)
    read_ring_fifo_char                      0x0202b9ad   Thumb Code    46  my_ring_buffer.o(.text.read_ring_fifo_char)
    restart_raw_pkt_rx                       0x0202b9dd   Thumb Code    14  raw_pkt.o(.text.restart_raw_pkt_rx)
    restart_raw_pkt_tx                       0x0202b9ed   Thumb Code    14  raw_pkt.o(.text.restart_raw_pkt_tx)
    rf_test_freq_offset_begin                0x0202b9fd   Thumb Code    98  rf_test.o(.text.rf_test_freq_offset_begin)
    rf_test_freq_offset_end                  0x0202ba61   Thumb Code    82  rf_test.o(.text.rf_test_freq_offset_end)
    rf_test_rx_cnt_begin                     0x0202bab5   Thumb Code    90  rf_test.o(.text.rf_test_rx_cnt_begin)
    rf_test_rx_cnt_end                       0x0202bb11   Thumb Code    82  rf_test.o(.text.rf_test_rx_cnt_end)
    rf_test_rx_sen_begin                     0x0202bb65   Thumb Code    82  rf_test.o(.text.rf_test_rx_sen_begin)
    rf_test_rx_sen_end                       0x0202bbb9   Thumb Code    78  rf_test.o(.text.rf_test_rx_sen_end)
    rf_test_tx_cnt_begin                     0x0202bc09   Thumb Code   120  rf_test.o(.text.rf_test_tx_cnt_begin)
    rf_test_tx_cnt_end                       0x0202bc81   Thumb Code   128  rf_test.o(.text.rf_test_tx_cnt_end)
    rf_test_tx_power_begin                   0x0202bd01   Thumb Code    98  rf_test.o(.text.rf_test_tx_power_begin)
    rf_test_tx_power_end                     0x0202bd65   Thumb Code   130  rf_test.o(.text.rf_test_tx_power_end)
    ring_fifo_init                           0x0202bde9   Thumb Code   100  my_ring_buffer.o(.text.ring_fifo_init)
    set_dut_test_state                       0x0202be55   Thumb Code    50  rf_test.o(.text.set_dut_test_state)
    set_rf_acc_addr                          0x0202bf3d   Thumb Code    32  raw_pkt.o(.text.set_rf_acc_addr)
    set_rf_channel                           0x0202bf5d   Thumb Code   170  raw_pkt.o(.text.set_rf_channel)
    setup_peripherals                        0x0202c009   Thumb Code    40  main.o(.text.setup_peripherals)
    setup_profile                            0x0202c031   Thumb Code    66  profile.o(.text.setup_profile)
    start_raw_tx_rx                          0x0202c195   Thumb Code    38  raw_pkt.o(.text.start_raw_tx_rx)
    stop_raw_tx_rx                           0x0202c1bd   Thumb Code    30  raw_pkt.o(.text.stop_raw_tx_rx)
    svc_isr                                  0x0202c1dd   Thumb Code     2  noos_impl.o(.text.svc_isr)
    test_gpio_init                           0x0202c229   Thumb Code   102  pulse_test_gpio.o(.text.test_gpio_init)
    tick_isr                                 0x0202c291   Thumb Code     2  noos_impl.o(.text.tick_isr)
    trace_rtt_init                           0x0202c455   Thumb Code    14  trace.o(.text.trace_rtt_init)
    tx_cnt_test_over                         0x0202c465   Thumb Code    58  rf_test.o(.text.tx_cnt_test_over)
    tx_power_test_over                       0x0202c4a1   Thumb Code    60  rf_test.o(.text.tx_power_test_over)
    uart1_init                               0x0202c4dd   Thumb Code    64  main.o(.text.uart1_init)
    uart_DUT_init                            0x0202c51d   Thumb Code   182  uart_golden_dut.o(.text.uart_DUT_init)
    uart_DUT_process                         0x0202c5d5   Thumb Code   962  uart_golden_dut.o(.text.uart_DUT_process)
    uart_DUT_send                            0x0202c999   Thumb Code   126  uart_golden_dut.o(.text.uart_DUT_send)
    uart_cmd_packet_assemble                 0x0202ca19   Thumb Code   224  uart_golden_dut.o(.text.uart_cmd_packet_assemble)
    uart_dut_isr                             0x0202caf9   Thumb Code   230  uart_golden_dut.o(.text.uart_dut_isr)
    write_flash                              0x0202ccad   Thumb Code    66  eflash.o(.text.write_flash)
    write_flash0                             0x0202ccf1   Thumb Code   202  eflash.o(.text.write_flash0)
    write_ring_fifo_char                     0x0202cddd   Thumb Code    84  my_ring_buffer.o(.text.write_ring_fifo_char)
    __0printf                                0x0202ce31   Thumb Code    22  printfa.o(i.__0printf)
    __1printf                                0x0202ce31   Thumb Code     0  printfa.o(i.__0printf)
    __2printf                                0x0202ce31   Thumb Code     0  printfa.o(i.__0printf)
    __c89printf                              0x0202ce31   Thumb Code     0  printfa.o(i.__0printf)
    printf                                   0x0202ce31   Thumb Code     0  printfa.o(i.__0printf)
    __0sprintf                               0x0202ce51   Thumb Code    34  printfa.o(i.__0sprintf)
    __1sprintf                               0x0202ce51   Thumb Code     0  printfa.o(i.__0sprintf)
    __2sprintf                               0x0202ce51   Thumb Code     0  printfa.o(i.__0sprintf)
    __c89sprintf                             0x0202ce51   Thumb Code     0  printfa.o(i.__0sprintf)
    sprintf                                  0x0202ce51   Thumb Code     0  printfa.o(i.__0sprintf)
    __scatterload_copy                       0x0202ce79   Thumb Code    14  handlers.o(i.__scatterload_copy)
    __scatterload_null                       0x0202ce87   Thumb Code     2  handlers.o(i.__scatterload_null)
    __scatterload_zeroinit                   0x0202ce89   Thumb Code    14  handlers.o(i.__scatterload_zeroinit)
    free                                     0x0202d755   Thumb Code    76  malloc.o(i.free)
    malloc                                   0x0202d7a5   Thumb Code    92  malloc.o(i.malloc)
    auchCRCHi                                0x0202d810   Data         256  crc_16.o(.rodata.auchCRCHi)
    auchCRCLo                                0x0202d910   Data         256  crc_16.o(.rodata.auchCRCLo)
    check_buf                                0x0202da10   Data          13  raw_pkt.o(.rodata.check_buf)
    io_output_source_map                     0x0202dadc   Data         798  peripheral_pinctrl.o(.rodata.io_output_source_map)
    Region$$Table$$Base                      0x0202e740   Number         0  anon$$obj.o(Region$$Table)
    Region$$Table$$Limit                     0x0202e760   Number         0  anon$$obj.o(Region$$Table)
    __stdout                                 0x20000c68   Data           4  stdout.o(.data)
    __microlib_freelist                      0x20000c6c   Data           4  mvars.o(.data)
    __microlib_freelist_initialised          0x20000c70   Data           4  mvars.o(.data)
    ema_filter                               0x20000c74   Data           8  raw_pkt.o(.data.ema_filter)
    gpio_test_array                          0x20000c7c   Data           8  pulse_test_gpio.o(.data.gpio_test_array)
    rf_fo_cmd                                0x20000dc8   Data           3  freq_offset.o(.data.rf_fo_cmd)
    rf_test_state                            0x20000dcb   Data           1  rf_test.o(.data.rf_test_state)
    sw_timers                                0x20000dcc   Data         160  noos_impl.o(.data.sw_timers)
    _SEGGER_RTT                              0x20000e70   Data          72  trace.o(.bss._SEGGER_RTT)
    raw_packet_tx                            0x200010d4   Data           4  freq_offset.o(.bss.raw_packet_tx)
    rf_test_data                             0x200010dc   Data           8  rf_test.o(.bss.rf_test_data)
    rx_raw_packet                            0x200010e4   Data           4  raw_pkt.o(.bss.rx_raw_packet)
    trace_ctx                                0x200010e8   Data           1  main.o(.bss.trace_ctx)
    tx_raw_packet                            0x200010ec   Data           4  raw_pkt.o(.bss.tx_raw_packet)
    uart_DUT_fifo                            0x200010f0   Data           4  uart_golden_dut.o(.bss.uart_DUT_fifo)
    __heap_base                              0x20001110   Data           0  startup_ing91600.o(HEAP)
    __heap_limit                             0x20002498   Data           0  startup_ing91600.o(HEAP)
    __initial_sp                             0x20002898   Data           0  startup_ing91600.o(STACK)



==============================================================================

Memory Map of the image

  Image Entry point : 0x02029009

  Load Region LR_IROM1 (Base: 0x02029000, Size: 0x00005968, Max: 0x00057000, ABSOLUTE, COMPRESSED[0x000057b8])

    Execution Region ER_IROM1 (Exec base: 0x02029000, Load base: 0x02029000, Size: 0x00005760, Max: 0x00057000, ABSOLUTE)

    Exec Addr    Load Addr    Size         Type   Attr      Idx    E Section Name        Object

    0x02029000   0x02029000   0x00000008   Data   RO          354    RESET               startup_ing91600.o
    0x02029008   0x02029008   0x00000000   Code   RO         1789  * .ARM.Collect$$$$00000000  mc_w.l(entry.o)
    0x02029008   0x02029008   0x00000004   Code   RO         1886    .ARM.Collect$$$$00000001  mc_w.l(entry2.o)
    0x0202900c   0x0202900c   0x00000004   Code   RO         1889    .ARM.Collect$$$$00000004  mc_w.l(entry5.o)
    0x02029010   0x02029010   0x00000000   Code   RO         1891    .ARM.Collect$$$$00000008  mc_w.l(entry7b.o)
    0x02029010   0x02029010   0x00000000   Code   RO         1893    .ARM.Collect$$$$0000000A  mc_w.l(entry8b.o)
    0x02029010   0x02029010   0x00000008   Code   RO         1894    .ARM.Collect$$$$0000000B  mc_w.l(entry9a.o)
    0x02029018   0x02029018   0x00000000   Code   RO         1896    .ARM.Collect$$$$0000000D  mc_w.l(entry10a.o)
    0x02029018   0x02029018   0x00000000   Code   RO         1898    .ARM.Collect$$$$0000000F  mc_w.l(entry11a.o)
    0x02029018   0x02029018   0x00000004   Code   RO         1887    .ARM.Collect$$$$00002712  mc_w.l(entry2.o)
    0x0202901c   0x0202901c   0x00000028   Code   RO          355    .text               startup_ing91600.o
    0x02029044   0x02029044   0x00000024   Code   RO         1790    .text               mc_w.l(init.o)
    0x02029068   0x02029068   0x00000062   Code   RO         1794    .text               mc_w.l(uldiv.o)
    0x020290ca   0x020290ca   0x00000040   Code   RO         1800    .text               mc_w.l(memmovea.o)
    0x0202910a   0x0202910a   0x00000024   Code   RO         1802    .text               mc_w.l(memseta.o)
    0x0202912e   0x0202912e   0x0000000e   Code   RO         1804    .text               mc_w.l(strlen.o)
    0x0202913c   0x0202913c   0x0000001a   Code   RO         1806    .text               mc_w.l(memcmp.o)
    0x02029156   0x02029156   0x00000012   Code   RO         1808    .text               mc_w.l(strcpy.o)
    0x02029168   0x02029168   0x0000014e   Code   RO         1872    .text               mf_w.l(dadd.o)
    0x020292b6   0x020292b6   0x000000e4   Code   RO         1874    .text               mf_w.l(dmul.o)
    0x0202939a   0x0202939a   0x000000de   Code   RO         1876    .text               mf_w.l(ddiv.o)
    0x02029478   0x02029478   0x0000002c   Code   RO         1910    .text               mc_w.l(uidiv.o)
    0x020294a4   0x020294a4   0x0000001e   Code   RO         1912    .text               mc_w.l(llshl.o)
    0x020294c2   0x020294c2   0x00000020   Code   RO         1914    .text               mc_w.l(llushr.o)
    0x020294e2   0x020294e2   0x00000024   Code   RO         1916    .text               mc_w.l(llsshr.o)
    0x02029506   0x02029506   0x00000000   Code   RO         1920    .text               mc_w.l(iusefp.o)
    0x02029506   0x02029506   0x000000ba   Code   RO         1923    .text               mf_w.l(depilogue.o)
    0x020295c0   0x020295c0   0x00000030   Code   RO         1925    .text               mf_w.l(dfixul.o)
    0x020295f0   0x020295f0   0x00000030   Code   RO         1927    .text               mf_w.l(cdrcmple.o)
    0x02029620   0x02029620   0x0000003a   Code   RO         1937    .text               mc_w.l(__dczerorl.o)
    0x0202965a   0x0202965a   0x00000002   PAD
    0x0202965c   0x0202965c   0x00000056   Code   RO          120    .text.DUT_cmd_rf_freq_offset  uart_golden_dut.o
    0x020296b2   0x020296b2   0x00000002   PAD
    0x020296b4   0x020296b4   0x00000068   Code   RO          116    .text.DUT_cmd_rf_rx_cnt  uart_golden_dut.o
    0x0202971c   0x0202971c   0x00000064   Code   RO          118    .text.DUT_cmd_rf_rx_sen  uart_golden_dut.o
    0x02029780   0x02029780   0x00000054   Code   RO          112    .text.DUT_cmd_rf_tx_cnt  uart_golden_dut.o
    0x020297d4   0x020297d4   0x00000056   Code   RO          114    .text.DUT_cmd_rf_tx_power  uart_golden_dut.o
    0x0202982a   0x0202982a   0x00000002   PAD
    0x0202982c   0x0202982c   0x00000032   Code   RO          527    .text.GIO_MaskedWrite  peripheral_gpio.o
    0x0202985e   0x0202985e   0x00000002   PAD
    0x02029860   0x02029860   0x000000a2   Code   RO          525    .text.GIO_SetDirection  peripheral_gpio.o
    0x02029902   0x02029902   0x00000002   PAD
    0x02029904   0x02029904   0x00000074   Code   RO          531    .text.GIO_WriteValue  peripheral_gpio.o
    0x02029978   0x02029978   0x00000090   Code   RO          659    .text.PINCTRL_Pull  peripheral_pinctrl.o
    0x02029a08   0x02029a08   0x00000090   Code   RO          639    .text.PINCTRL_SelInput  peripheral_pinctrl.o
    0x02029a98   0x02029a98   0x00000052   Code   RO          653    .text.PINCTRL_SelUartRxdIn  peripheral_pinctrl.o
    0x02029aea   0x02029aea   0x00000002   PAD
    0x02029aec   0x02029aec   0x000001a6   Code   RO          641    .text.PINCTRL_SetPadMux  peripheral_pinctrl.o
    0x02029c92   0x02029c92   0x00000002   PAD
    0x02029c94   0x02029c94   0x00000046   Code   RO          307    .text.Pow_Smooth    filter.o
    0x02029cda   0x02029cda   0x00000002   PAD
    0x02029cdc   0x02029cdc   0x00000022   Code   RO         1717    .text.SEGGER_RTT_GetAvailWriteSpace  trace.o
    0x02029cfe   0x02029cfe   0x00000002   PAD
    0x02029d00   0x02029d00   0x00000008   Code   RO         1709    .text.SEGGER_RTT_Init  trace.o
    0x02029d08   0x02029d08   0x00000048   Code   RO         1673    .text.SEGGER_RTT_Write  trace.o
    0x02029d50   0x02029d50   0x000000b0   Code   RO         1669    .text.SEGGER_RTT_WriteNoLock  trace.o
    0x02029e00   0x02029e00   0x00000058   Code   RO         1039    .text.SYSCTRL_CacheControl0  peripheral_sysctrl.o
    0x02029e58   0x02029e58   0x00000016   Code   RO          905    .text.SYSCTRL_ClearClkGate  peripheral_sysctrl.o
    0x02029e6e   0x02029e6e   0x00000002   PAD
    0x02029e70   0x02029e70   0x00000042   Code   RO          909    .text.SYSCTRL_ClearClkGateMulti  peripheral_sysctrl.o
    0x02029eb2   0x02029eb2   0x00000002   PAD
    0x02029eb4   0x02029eb4   0x00000386   Code   RO          903    .text.SYSCTRL_ClkGateCtrl  peripheral_sysctrl.o
    0x0202a23a   0x0202a23a   0x00000002   PAD
    0x0202a23c   0x0202a23c   0x0000001c   Code   RO         1041    .text.SYSCTRL_ICacheControl  peripheral_sysctrl.o
    0x0202a258   0x0202a258   0x000000dc   Code   RO         1047    .text.SYSCTRL_Init  peripheral_sysctrl.o
    0x0202a334   0x0202a334   0x00000024   Code   RO         1013    .text.SYSCTRL_SetLDOOutput  peripheral_sysctrl.o
    0x0202a358   0x0202a358   0x000000b6   Code   RO          305    .text.Smooth_Average  filter.o
    0x0202a40e   0x0202a40e   0x00000002   PAD
    0x0202a410   0x0202a410   0x00000014   Code   RO         1149    .text.UART_SendData  peripheral_uart.o
    0x0202a424   0x0202a424   0x0000009c   Code   RO         1651    .text._DoInit       trace.o
    0x0202a4c0   0x0202a4c0   0x0000003e   Code   RO         1663    .text._GetAvailWriteSpace  trace.o
    0x0202a4fe   0x0202a4fe   0x00000002   PAD
    0x0202a500   0x0202a500   0x000000e0   Code   RO         1667    .text._WriteBlocking  trace.o
    0x0202a5e0   0x0202a5e0   0x00000080   Code   RO         1665    .text._WriteNoCheck  trace.o
    0x0202a660   0x0202a660   0x00000080   Code   RO         1097    .text.apUART_BaudRateSet  peripheral_uart.o
    0x0202a6e0   0x0202a6e0   0x00000010   Code   RO         1103    .text.apUART_Check_RXFIFO_EMPTY  peripheral_uart.o
    0x0202a6f0   0x0202a6f0   0x00000010   Code   RO         1109    .text.apUART_Check_TXFIFO_FULL  peripheral_uart.o
    0x0202a700   0x0202a700   0x0000000c   Code   RO         1133    .text.apUART_Get_all_raw_int_stat  peripheral_uart.o
    0x0202a70c   0x0202a70c   0x000000aa   Code   RO         1147    .text.apUART_Initialize  peripheral_uart.o
    0x0202a7b6   0x0202a7b6   0x00000002   PAD
    0x0202a7b8   0x0202a7b8   0x00000030   Code   RO           14    .text.app_main      main.o
    0x0202a7e8   0x0202a7e8   0x0000000c   Code   RO           38    .text.btstack_event_state_get_state  profile.o
    0x0202a7f4   0x0202a7f4   0x0000002c   Code   RO          400    .text.calc_checksum_32  eflash.o
    0x0202a820   0x0202a820   0x00000012   Code   RO          398    .text.calc_ft_sum   eflash.o
    0x0202a832   0x0202a832   0x00000002   PAD
    0x0202a834   0x0202a834   0x0000001e   Code   RO           18    .text.cb_assertion  main.o
    0x0202a852   0x0202a852   0x00000002   PAD
    0x0202a854   0x0202a854   0x00000056   Code   RO           16    .text.cb_hard_fault  main.o
    0x0202a8aa   0x0202a8aa   0x00000002   PAD
    0x0202a8ac   0x0202a8ac   0x0000001a   Code   RO           20    .text.cb_heap_out_of_mem  main.o
    0x0202a8c6   0x0202a8c6   0x00000002   PAD
    0x0202a8c8   0x0202a8c8   0x00000034   Code   RO            2    .text.cb_putc       main.o
    0x0202a8fc   0x0202a8fc   0x0000007e   Code   RO         1729    .text.cb_trace_rtt  trace.o
    0x0202a97a   0x0202a97a   0x00000002   PAD
    0x0202a97c   0x0202a97c   0x00000070   Code   RO          338    .text.check_crc16   crc_16.o
    0x0202a9ec   0x0202a9ec   0x00000054   Code   RO            6    .text.config_uart   main.o
    0x0202aa40   0x0202aa40   0x0000007a   Code   RO          384    .text.copy_security_data  eflash.o
    0x0202aaba   0x0202aaba   0x00000002   PAD
    0x0202aabc   0x0202aabc   0x00000010   Code   RO          236    .text.dummy_event_create  noos_impl.o
    0x0202aacc   0x0202aacc   0x00000008   Code   RO          228    .text.dummy_event_set  noos_impl.o
    0x0202aad4   0x0202aad4   0x0000000a   Code   RO          226    .text.dummy_event_wait  noos_impl.o
    0x0202aade   0x0202aade   0x00000002   PAD
    0x0202aae0   0x0202aae0   0x00000012   Code   RO          230    .text.enter_critical  noos_impl.o
    0x0202aaf2   0x0202aaf2   0x00000002   PAD
    0x0202aaf4   0x0202aaf4   0x0000001a   Code   RO          362    .text.erase_flash_sector  eflash.o
    0x0202ab0e   0x0202ab0e   0x00000002   PAD
    0x0202ab10   0x0202ab10   0x0000008a   Code   RO          382    .text.flash_enable_write_protection  eflash.o
    0x0202ab9a   0x0202ab9a   0x00000002   PAD
    0x0202ab9c   0x0202ab9c   0x00000024   Code   RO          388    .text.flash_get_factory_calib_data  eflash.o
    0x0202abc0   0x0202abc0   0x000000c2   Code   RO          376    .text.flash_prepare_factory_data  eflash.o
    0x0202ac82   0x0202ac82   0x00000002   PAD
    0x0202ac84   0x0202ac84   0x00000056   Code   RO          380    .text.flash_read_protection_status  eflash.o
    0x0202acda   0x0202acda   0x00000002   PAD
    0x0202acdc   0x0202acdc   0x00000016   Code   RO            4    .text.fputc         main.o
    0x0202acf2   0x0202acf2   0x00000002   PAD
    0x0202acf4   0x0202acf4   0x00000032   Code   RO          320    .text.freq_offset_tune  freq_offset.o
    0x0202ad26   0x0202ad26   0x00000002   PAD
    0x0202ad28   0x0202ad28   0x00000028   Code   RO          318    .text.freq_offset_tx_begin  freq_offset.o
    0x0202ad50   0x0202ad50   0x000000e8   Code   RO          316    .text.freq_offset_tx_begin_do  freq_offset.o
    0x0202ae38   0x0202ae38   0x0000000e   Code   RO          322    .text.freq_offset_tx_end  freq_offset.o
    0x0202ae46   0x0202ae46   0x00000002   PAD
    0x0202ae48   0x0202ae48   0x0000001e   Code   RO          326    .text.freq_test_init  freq_offset.o
    0x0202ae66   0x0202ae66   0x00000002   PAD
    0x0202ae68   0x0202ae68   0x0000000c   Code   RO          396    .text.get_ft_sum    eflash.o
    0x0202ae74   0x0202ae74   0x00000020   Code   RO          272    .text.get_raw_pkt_count  raw_pkt.o
    0x0202ae94   0x0202ae94   0x00000032   Code   RO          276    .text.get_raw_pkt_power  raw_pkt.o
    0x0202aec6   0x0202aec6   0x00000002   PAD
    0x0202aec8   0x0202aec8   0x0000002c   Code   RO           68    .text.get_ring_buff_used  my_ring_buffer.o
    0x0202aef4   0x0202aef4   0x00000016   Code   RO          150    .text.get_rx_cnt_result  rf_test.o
    0x0202af0a   0x0202af0a   0x00000002   PAD
    0x0202af0c   0x0202af0c   0x00000018   Code   RO          152    .text.get_rx_power_result  rf_test.o
    0x0202af24   0x0202af24   0x0000004e   Code   RO           89    .text.gpio_pin_pulse  pulse_test_gpio.o
    0x0202af72   0x0202af72   0x00000002   PAD
    0x0202af74   0x0202af74   0x0000000c   Code   RO           36    .text.hci_event_packet_get_type  profile.o
    0x0202af80   0x0202af80   0x0000000c   Code   RO           40    .text.hci_event_packet_get_user_msg  profile.o
    0x0202af8c   0x0202af8c   0x00000002   Code   RO          234    .text.idle_process  noos_impl.o
    0x0202af8e   0x0202af8e   0x00000002   PAD
    0x0202af90   0x0202af90   0x0000005e   Code   RO          378    .text.is_data_ready  eflash.o
    0x0202afee   0x0202afee   0x00000002   PAD
    0x0202aff0   0x0202aff0   0x00000028   Code   RO           56    .text.is_power_of_two  my_ring_buffer.o
    0x0202b018   0x0202b018   0x0000001c   Code   RO          232    .text.leave_critical  noos_impl.o
    0x0202b034   0x0202b034   0x0000002c   Code   RO          196    .text.noos_start    noos_impl.o
    0x0202b060   0x0202b060   0x0000000c   Code   RO           12    .text.on_lle_init   main.o
    0x0202b06c   0x0202b06c   0x00000036   Code   RO          260    .text.on_raw_packet_done  raw_pkt.o
    0x0202b0a2   0x0202b0a2   0x00000002   PAD
    0x0202b0a4   0x0202b0a4   0x00000016   Code   RO          324    .text.on_raw_packet_done_tx  freq_offset.o
    0x0202b0ba   0x0202b0ba   0x00000002   PAD
    0x0202b0bc   0x0202b0bc   0x0000000a   Code   RO          204    .text.os_impl_get_driver  noos_impl.o
    0x0202b0c6   0x0202b0c6   0x00000002   PAD
    0x0202b0c8   0x0202b0c8   0x00000066   Code   RO           62    .text.peek_ring_fifo_char  my_ring_buffer.o
    0x0202b12e   0x0202b12e   0x00000002   PAD
    0x0202b130   0x0202b130   0x00000002   Code   RO          202    .text.pendsv_isr    noos_impl.o
    0x0202b132   0x0202b132   0x00000002   PAD
    0x0202b134   0x0202b134   0x0000009e   Code   RO          687    .text.pin_id_for_input_source  peripheral_pinctrl.o
    0x0202b1d2   0x0202b1d2   0x00000002   PAD
    0x0202b1d4   0x0202b1d4   0x000003dc   Code   RO          122    .text.process_complete_packet  uart_golden_dut.o
    0x0202b5b0   0x0202b5b0   0x0000001a   Code   RO          364    .text.program_flash  eflash.o
    0x0202b5ca   0x0202b5ca   0x00000002   PAD
    0x0202b5cc   0x0202b5cc   0x0000002e   Code   RO          220    .text.queue_create  noos_impl.o
    0x0202b5fa   0x0202b5fa   0x00000002   PAD
    0x0202b5fc   0x0202b5fc   0x0000005a   Code   RO          224    .text.queue_recv_msg  noos_impl.o
    0x0202b656   0x0202b656   0x00000002   PAD
    0x0202b658   0x0202b658   0x00000046   Code   RO          222    .text.queue_send_msg  noos_impl.o
    0x0202b69e   0x0202b69e   0x00000002   PAD
    0x0202b6a0   0x0202b6a0   0x00000072   Code   RO          284    .text.raw_packet_set_rx_param  raw_pkt.o
    0x0202b712   0x0202b712   0x00000002   PAD
    0x0202b714   0x0202b714   0x00000076   Code   RO          286    .text.raw_packet_set_tx_param  raw_pkt.o
    0x0202b78a   0x0202b78a   0x00000002   PAD
    0x0202b78c   0x0202b78c   0x0000003a   Code   RO          288    .text.raw_pkt_malloc_init  raw_pkt.o
    0x0202b7c6   0x0202b7c6   0x00000002   PAD
    0x0202b7c8   0x0202b7c8   0x00000020   Code   RO          254    .text.raw_pkt_reset  raw_pkt.o
    0x0202b7e8   0x0202b7e8   0x00000062   Code   RO          256    .text.raw_pkt_rx_test  raw_pkt.o
    0x0202b84a   0x0202b84a   0x00000002   PAD
    0x0202b84c   0x0202b84c   0x000000c8   Code   RO          252    .text.raw_pkt_tx_test  raw_pkt.o
    0x0202b914   0x0202b914   0x00000048   Code   RO          372    .text.read_flash_security  eflash.o
    0x0202b95c   0x0202b95c   0x00000050   Code   RO          374    .text.read_flash_security0  eflash.o
    0x0202b9ac   0x0202b9ac   0x0000002e   Code   RO           64    .text.read_ring_fifo_char  my_ring_buffer.o
    0x0202b9da   0x0202b9da   0x00000002   PAD
    0x0202b9dc   0x0202b9dc   0x0000000e   Code   RO          266    .text.restart_raw_pkt_rx  raw_pkt.o
    0x0202b9ea   0x0202b9ea   0x00000002   PAD
    0x0202b9ec   0x0202b9ec   0x0000000e   Code   RO          268    .text.restart_raw_pkt_tx  raw_pkt.o
    0x0202b9fa   0x0202b9fa   0x00000002   PAD
    0x0202b9fc   0x0202b9fc   0x00000062   Code   RO          162    .text.rf_test_freq_offset_begin  rf_test.o
    0x0202ba5e   0x0202ba5e   0x00000002   PAD
    0x0202ba60   0x0202ba60   0x00000052   Code   RO          168    .text.rf_test_freq_offset_end  rf_test.o
    0x0202bab2   0x0202bab2   0x00000002   PAD
    0x0202bab4   0x0202bab4   0x0000005a   Code   RO          158    .text.rf_test_rx_cnt_begin  rf_test.o
    0x0202bb0e   0x0202bb0e   0x00000002   PAD
    0x0202bb10   0x0202bb10   0x00000052   Code   RO          164    .text.rf_test_rx_cnt_end  rf_test.o
    0x0202bb62   0x0202bb62   0x00000002   PAD
    0x0202bb64   0x0202bb64   0x00000052   Code   RO          160    .text.rf_test_rx_sen_begin  rf_test.o
    0x0202bbb6   0x0202bbb6   0x00000002   PAD
    0x0202bbb8   0x0202bbb8   0x0000004e   Code   RO          166    .text.rf_test_rx_sen_end  rf_test.o
    0x0202bc06   0x0202bc06   0x00000002   PAD
    0x0202bc08   0x0202bc08   0x00000078   Code   RO          154    .text.rf_test_tx_cnt_begin  rf_test.o
    0x0202bc80   0x0202bc80   0x00000080   Code   RO          142    .text.rf_test_tx_cnt_end  rf_test.o
    0x0202bd00   0x0202bd00   0x00000062   Code   RO          156    .text.rf_test_tx_power_begin  rf_test.o
    0x0202bd62   0x0202bd62   0x00000002   PAD
    0x0202bd64   0x0202bd64   0x00000082   Code   RO          146    .text.rf_test_tx_power_end  rf_test.o
    0x0202bde6   0x0202bde6   0x00000002   PAD
    0x0202bde8   0x0202bde8   0x00000064   Code   RO           54    .text.ring_fifo_init  my_ring_buffer.o
    0x0202be4c   0x0202be4c   0x00000006   Code   RO          394    .text.security_page_read  eflash.o
    0x0202be52   0x0202be52   0x00000002   PAD
    0x0202be54   0x0202be54   0x00000032   Code   RO          148    .text.set_dut_test_state  rf_test.o
    0x0202be86   0x0202be86   0x00000002   PAD
    0x0202be88   0x0202be88   0x00000032   Code   RO          919    .text.set_reg_bit   peripheral_sysctrl.o
    0x0202beba   0x0202beba   0x00000002   PAD
    0x0202bebc   0x0202bebc   0x00000044   Code   RO          673    .text.set_reg_bits  peripheral_pinctrl.o
    0x0202bf00   0x0202bf00   0x0000003a   Code   RO          921    .text.set_reg_bits  peripheral_sysctrl.o
    0x0202bf3a   0x0202bf3a   0x00000002   PAD
    0x0202bf3c   0x0202bf3c   0x00000020   Code   RO          280    .text.set_rf_acc_addr  raw_pkt.o
    0x0202bf5c   0x0202bf5c   0x000000aa   Code   RO          278    .text.set_rf_channel  raw_pkt.o
    0x0202c006   0x0202c006   0x00000002   PAD
    0x0202c008   0x0202c008   0x00000028   Code   RO           10    .text.setup_peripherals  main.o
    0x0202c030   0x0202c030   0x00000042   Code   RO           32    .text.setup_profile  profile.o
    0x0202c072   0x0202c072   0x00000002   PAD
    0x0202c074   0x0202c074   0x0000007e   Code   RO          258    .text.show_rx       raw_pkt.o
    0x0202c0f2   0x0202c0f2   0x00000002   PAD
    0x0202c0f4   0x0202c0f4   0x000000a0   Code   RO          671    .text.source_id_on_pin  peripheral_pinctrl.o
    0x0202c194   0x0202c194   0x00000026   Code   RO          262    .text.start_raw_tx_rx  raw_pkt.o
    0x0202c1ba   0x0202c1ba   0x00000002   PAD
    0x0202c1bc   0x0202c1bc   0x0000001e   Code   RO          264    .text.stop_raw_tx_rx  raw_pkt.o
    0x0202c1da   0x0202c1da   0x00000002   PAD
    0x0202c1dc   0x0202c1dc   0x00000002   Code   RO          200    .text.svc_isr       noos_impl.o
    0x0202c1de   0x0202c1de   0x00000002   PAD
    0x0202c1e0   0x0202c1e0   0x00000048   Code   RO          218    .text.task_create   noos_impl.o
    0x0202c228   0x0202c228   0x00000066   Code   RO           85    .text.test_gpio_init  pulse_test_gpio.o
    0x0202c28e   0x0202c28e   0x00000002   PAD
    0x0202c290   0x0202c290   0x00000002   Code   RO          198    .text.tick_isr      noos_impl.o
    0x0202c292   0x0202c292   0x00000002   PAD
    0x0202c294   0x0202c294   0x0000004e   Code   RO          208    .text.timer_cb      noos_impl.o
    0x0202c2e2   0x0202c2e2   0x00000002   PAD
    0x0202c2e4   0x0202c2e4   0x0000000a   Code   RO          180    .text.timer_cb_0    noos_impl.o
    0x0202c2ee   0x0202c2ee   0x00000002   PAD
    0x0202c2f0   0x0202c2f0   0x0000000a   Code   RO          182    .text.timer_cb_1    noos_impl.o
    0x0202c2fa   0x0202c2fa   0x00000002   PAD
    0x0202c2fc   0x0202c2fc   0x0000000a   Code   RO          184    .text.timer_cb_2    noos_impl.o
    0x0202c306   0x0202c306   0x00000002   PAD
    0x0202c308   0x0202c308   0x0000000a   Code   RO          186    .text.timer_cb_3    noos_impl.o
    0x0202c312   0x0202c312   0x00000002   PAD
    0x0202c314   0x0202c314   0x0000000a   Code   RO          188    .text.timer_cb_4    noos_impl.o
    0x0202c31e   0x0202c31e   0x00000002   PAD
    0x0202c320   0x0202c320   0x0000000a   Code   RO          190    .text.timer_cb_5    noos_impl.o
    0x0202c32a   0x0202c32a   0x00000002   PAD
    0x0202c32c   0x0202c32c   0x0000000a   Code   RO          192    .text.timer_cb_6    noos_impl.o
    0x0202c336   0x0202c336   0x00000002   PAD
    0x0202c338   0x0202c338   0x0000000a   Code   RO          194    .text.timer_cb_7    noos_impl.o
    0x0202c342   0x0202c342   0x00000002   PAD
    0x0202c344   0x0202c344   0x000000c0   Code   RO          210    .text.timer_create  noos_impl.o
    0x0202c404   0x0202c404   0x00000020   Code   RO          216    .text.timer_delete  noos_impl.o
    0x0202c424   0x0202c424   0x00000018   Code   RO          212    .text.timer_start   noos_impl.o
    0x0202c43c   0x0202c43c   0x00000018   Code   RO          214    .text.timer_stop    noos_impl.o
    0x0202c454   0x0202c454   0x0000000e   Code   RO         1743    .text.trace_rtt_init  trace.o
    0x0202c462   0x0202c462   0x00000002   PAD
    0x0202c464   0x0202c464   0x0000003a   Code   RO          140    .text.tx_cnt_test_over  rf_test.o
    0x0202c49e   0x0202c49e   0x00000002   PAD
    0x0202c4a0   0x0202c4a0   0x0000003c   Code   RO          144    .text.tx_power_test_over  rf_test.o
    0x0202c4dc   0x0202c4dc   0x00000040   Code   RO            8    .text.uart1_init    main.o
    0x0202c51c   0x0202c51c   0x000000b6   Code   RO          106    .text.uart_DUT_init  uart_golden_dut.o
    0x0202c5d2   0x0202c5d2   0x00000002   PAD
    0x0202c5d4   0x0202c5d4   0x000003c2   Code   RO          104    .text.uart_DUT_process  uart_golden_dut.o
    0x0202c996   0x0202c996   0x00000002   PAD
    0x0202c998   0x0202c998   0x0000007e   Code   RO          110    .text.uart_DUT_send  uart_golden_dut.o
    0x0202ca16   0x0202ca16   0x00000002   PAD
    0x0202ca18   0x0202ca18   0x000000e0   Code   RO          108    .text.uart_cmd_packet_assemble  uart_golden_dut.o
    0x0202caf8   0x0202caf8   0x000000e6   Code   RO          102    .text.uart_dut_isr  uart_golden_dut.o
    0x0202cbde   0x0202cbde   0x00000002   PAD
    0x0202cbe0   0x0202cbe0   0x00000058   Code   RO           42    .text.user_msg_handler  profile.o
    0x0202cc38   0x0202cc38   0x00000072   Code   RO           34    .text.user_packet_handler  profile.o
    0x0202ccaa   0x0202ccaa   0x00000002   PAD
    0x0202ccac   0x0202ccac   0x00000042   Code   RO          368    .text.write_flash   eflash.o
    0x0202ccee   0x0202ccee   0x00000002   PAD
    0x0202ccf0   0x0202ccf0   0x000000ca   Code   RO          366    .text.write_flash0  eflash.o
    0x0202cdba   0x0202cdba   0x00000002   PAD
    0x0202cdbc   0x0202cdbc   0x0000001e   Code   RO          402    .text.write_ft_sum  eflash.o
    0x0202cdda   0x0202cdda   0x00000002   PAD
    0x0202cddc   0x0202cddc   0x00000054   Code   RO           66    .text.write_ring_fifo_char  my_ring_buffer.o
    0x0202ce30   0x0202ce30   0x00000020   Code   RO         1815    i.__0printf         mc_w.l(printfa.o)
    0x0202ce50   0x0202ce50   0x00000028   Code   RO         1817    i.__0sprintf        mc_w.l(printfa.o)
    0x0202ce78   0x0202ce78   0x0000000e   Code   RO         1931    i.__scatterload_copy  mc_w.l(handlers.o)
    0x0202ce86   0x0202ce86   0x00000002   Code   RO         1932    i.__scatterload_null  mc_w.l(handlers.o)
    0x0202ce88   0x0202ce88   0x0000000e   Code   RO         1933    i.__scatterload_zeroinit  mc_w.l(handlers.o)
    0x0202ce96   0x0202ce96   0x00000002   PAD
    0x0202ce98   0x0202ce98   0x00000184   Code   RO         1822    i._fp_digits        mc_w.l(printfa.o)
    0x0202d01c   0x0202d01c   0x000006dc   Code   RO         1823    i._printf_core      mc_w.l(printfa.o)
    0x0202d6f8   0x0202d6f8   0x00000024   Code   RO         1824    i._printf_post_padding  mc_w.l(printfa.o)
    0x0202d71c   0x0202d71c   0x0000002e   Code   RO         1825    i._printf_pre_padding  mc_w.l(printfa.o)
    0x0202d74a   0x0202d74a   0x0000000a   Code   RO         1827    i._sputc            mc_w.l(printfa.o)
    0x0202d754   0x0202d754   0x00000050   Code   RO         1842    i.free              mc_w.l(malloc.o)
    0x0202d7a4   0x0202d7a4   0x0000006c   Code   RO         1843    i.malloc            mc_w.l(malloc.o)
    0x0202d810   0x0202d810   0x00000100   Data   RO          342    .rodata.auchCRCHi   crc_16.o
    0x0202d910   0x0202d910   0x00000100   Data   RO          345    .rodata.auchCRCLo   crc_16.o
    0x0202da10   0x0202da10   0x0000000d   Data   RO          294    .rodata.check_buf   raw_pkt.o
    0x0202da1d   0x0202da1d   0x00000003   PAD
    0x0202da20   0x0202da20   0x0000004c   Data   RO          241    .rodata.driver      noos_impl.o
    0x0202da6c   0x0202da6c   0x00000070   Data   RO           23    .rodata.evt_cb_table  main.o
    0x0202dadc   0x0202dadc   0x0000031e   Data   RO          689    .rodata.io_output_source_map  peripheral_pinctrl.o
    0x0202ddfa   0x0202ddfa   0x00000048   Data   RO          404    .rodata.prog_security_page_read  eflash.o
    0x0202de42   0x0202de42   0x0000008d   Data   RO           24    .rodata.str1.1      main.o
    0x0202decf   0x0202decf   0x00000025   Data   RO           44    .rodata.str1.1      profile.o
    0x0202def4   0x0202def4   0x00000021   Data   RO           94    .rodata.str1.1      pulse_test_gpio.o
    0x0202df15   0x0202df15   0x0000041c   Data   RO          125    .rodata.str1.1      uart_golden_dut.o
    0x0202e331   0x0202e331   0x00000260   Data   RO          172    .rodata.str1.1      rf_test.o
    0x0202e591   0x0202e591   0x0000000c   Data   RO          242    .rodata.str1.1      noos_impl.o
    0x0202e59d   0x0202e59d   0x000000df   Data   RO          297    .rodata.str1.1      raw_pkt.o
    0x0202e67c   0x0202e67c   0x000000ae   Data   RO          329    .rodata.str1.1      freq_offset.o
    0x0202e72a   0x0202e72a   0x00000014   Data   RO         1778    .rodata.str1.1      trace.o
    0x0202e73e   0x0202e73e   0x00000002   PAD
    0x0202e740   0x0202e740   0x00000020   Data   RO         1930    Region$$Table       anon$$obj.o


    Execution Region RW_IRAM1 (Exec base: 0x20000c68, Load base: 0x0202e760, Size: 0x00001c30, Max: 0x00007398, ABSOLUTE, COMPRESSED[0x00000058])

    Exec Addr    Load Addr    Size         Type   Attr      Idx    E Section Name        Object

    0x20000c68   COMPRESSED   0x00000004   Data   RW         1900    .data               mc_w.l(stdout.o)
    0x20000c6c   COMPRESSED   0x00000004   Data   RW         1918    .data               mc_w.l(mvars.o)
    0x20000c70   COMPRESSED   0x00000004   Data   RW         1919    .data               mc_w.l(mvars.o)
    0x20000c74   COMPRESSED   0x00000008   Data   RW          290    .data.ema_filter    raw_pkt.o
    0x20000c7c   COMPRESSED   0x00000008   Data   RW           93    .data.gpio_test_array  pulse_test_gpio.o
    0x20000c84   COMPRESSED   0x00000144   Data   RW          296    .data.raw_cnt_ctrl  raw_pkt.o
    0x20000dc8   COMPRESSED   0x00000003   Data   RW          328    .data.rf_fo_cmd     freq_offset.o
    0x20000dcb   COMPRESSED   0x00000001   Data   RW          170    .data.rf_test_state  rf_test.o
    0x20000dcc   COMPRESSED   0x000000a0   Data   RW          238    .data.sw_timers     noos_impl.o
    0x20000e6c   COMPRESSED   0x00000004   PAD
    0x20000e70        -       0x00000048   Zero   RW         1775    .bss._SEGGER_RTT    trace.o
    0x20000eb8        -       0x00000010   Zero   RW         1782    .bss._acDownBuffer  trace.o
    0x20000ec8        -       0x000001f4   Zero   RW         1781    .bss._acUpBuffer    trace.o
    0x200010bc        -       0x00000004   Zero   RW          243    .bss.handle_cnt     noos_impl.o
    0x200010c0        -       0x00000008   Zero   RW           45    .bss.hci_event_callback_registration  profile.o
    0x200010c8        -       0x00000004   Zero   RW          239    .bss.host_entry     noos_impl.o
    0x200010cc        -       0x00000004   Zero   RW          240    .bss.host_param     noos_impl.o
    0x200010d0        -       0x00000004   Zero   RW          244    .bss.int_lock_cnt   noos_impl.o
    0x200010d4        -       0x00000004   Zero   RW          330    .bss.raw_packet_tx  freq_offset.o
    0x200010d8        -       0x00000004   Zero   RW          295    .bss.raw_pkt_tx_test.counter  raw_pkt.o
    0x200010dc        -       0x00000008   Zero   RW          171    .bss.rf_test_data   rf_test.o
    0x200010e4        -       0x00000004   Zero   RW          292    .bss.rx_raw_packet  raw_pkt.o
    0x200010e8        -       0x00000001   Zero   RW           22    .bss.trace_ctx      main.o
    0x200010e9   COMPRESSED   0x00000003   PAD
    0x200010ec        -       0x00000004   Zero   RW          293    .bss.tx_raw_packet  raw_pkt.o
    0x200010f0        -       0x00000004   Zero   RW          124    .bss.uart_DUT_fifo  uart_golden_dut.o
    0x200010f4        -       0x00000001   Zero   RW          129    .bss.uart_DUT_process.data_index  uart_golden_dut.o
    0x200010f5        -       0x00000001   Zero   RW          128    .bss.uart_DUT_process.data_len  uart_golden_dut.o
    0x200010f6        -       0x00000001   Zero   RW          130    .bss.uart_DUT_process.expected_len  uart_golden_dut.o
    0x200010f7        -       0x00000014   Zero   RW          127    .bss.uart_DUT_process.packet  uart_golden_dut.o
    0x2000110b        -       0x00000001   Zero   RW          126    .bss.uart_DUT_process.state  uart_golden_dut.o
    0x2000110c   COMPRESSED   0x00000004   PAD
    0x20001110        -       0x00001388   Zero   RW          353    HEAP                startup_ing91600.o
    0x20002498        -       0x00000400   Zero   RW          352    STACK               startup_ing91600.o


==============================================================================

Image component sizes


      Code (inc. data)   RO Data    RW Data    ZI Data      Debug   Object Name

       112          0        512          0          0       1223   crc_16.o
      1252          0         72          0          0       7591   eflash.o
       252          0          0          0          0       1196   filter.o
       388          0        174          3          4       2738   freq_offset.o
       464          0        253          0          1      11353   main.o
       416          0          0          0          0       3617   my_ring_buffer.o
       850          0         88        160         16       5893   noos_impl.o
       328          0          0          0          0       7633   peripheral_gpio.o
      1178          0        798          0          0      14385   peripheral_pinctrl.o
      1470         50          0          0          0      24349   peripheral_sysctrl.o
       362          0          0          0          0       6221   peripheral_uart.o
       304         12         37          0          8       2561   profile.o
       180          0         33          8          0       7461   pulse_test_gpio.o
      1180          0        236        332         12       4343   raw_pkt.o
      1202          0        608          1          8       3649   rf_test.o
        40         12          8          0       6024        480   startup_ing91600.o
      1000          0         20          0        588      22529   trace.o
      3172         40       1052          0         28       9194   uart_golden_dut.o

    ----------------------------------------------------------------------
     14332        114       3928        504       6700     136416   Object Totals
         0          0         32          0          0          0   (incl. Generated)
       182          0          5          0         11          0   (incl. Padding)

    ----------------------------------------------------------------------

      Code (inc. data)   RO Data    RW Data    ZI Data      Debug   Library Member Name

        58          0          0          0          0          0   __dczerorl.o
         0          0          0          0          0          0   entry.o
         0          0          0          0          0          0   entry10a.o
         0          0          0          0          0          0   entry11a.o
         8          4          0          0          0          0   entry2.o
         4          0          0          0          0          0   entry5.o
         0          0          0          0          0          0   entry7b.o
         0          0          0          0          0          0   entry8b.o
         8          4          0          0          0          0   entry9a.o
        30          0          0          0          0          0   handlers.o
        36          8          0          0          0         68   init.o
         0          0          0          0          0          0   iusefp.o
        30          0          0          0          0         68   llshl.o
        36          0          0          0          0         68   llsshr.o
        32          0          0          0          0         68   llushr.o
       188         20          0          0          0        160   malloc.o
        26          0          0          0          0         80   memcmp.o
        64          0          0          0          0         76   memmovea.o
        36          0          0          0          0        108   memseta.o
         0          0          0          8          0          0   mvars.o
      2308         96          0          0          0        604   printfa.o
         0          0          0          4          0          0   stdout.o
        18          0          0          0          0         68   strcpy.o
        14          0          0          0          0         68   strlen.o
        44          0          0          0          0         80   uidiv.o
        98          0          0          0          0         92   uldiv.o
        48          0          0          0          0         68   cdrcmple.o
       334          0          0          0          0        148   dadd.o
       222          0          0          0          0        100   ddiv.o
       186          0          0          0          0        176   depilogue.o
        48          0          0          0          0         68   dfixul.o
       228          0          0          0          0         96   dmul.o

    ----------------------------------------------------------------------
      4108        132          0         12          0       2264   Library Totals
         4          0          0          0          0          0   (incl. Padding)

    ----------------------------------------------------------------------

      Code (inc. data)   RO Data    RW Data    ZI Data      Debug   Library Name

      3038        132          0         12          0       1608   mc_w.l
      1066          0          0          0          0        656   mf_w.l

    ----------------------------------------------------------------------
      4108        132          0         12          0       2264   Library Totals

    ----------------------------------------------------------------------

==============================================================================


      Code (inc. data)   RO Data    RW Data    ZI Data      Debug   

     18440        246       3928        516       6700     137448   Grand Totals
     18440        246       3928         88       6700     137448   ELF Image Totals (compressed)
     18440        246       3928         88          0          0   ROM Totals

==============================================================================

    Total RO  Size (Code + RO Data)                22368 (  21.84kB)
    Total RW  Size (RW Data + ZI Data)              7216 (   7.05kB)
    Total ROM Size (Code + RO Data + RW Data)      22456 (  21.93kB)

==============================================================================

