<!doctype html public "-//w3c//dtd html 4.0 transitional//en">
<html><head>
<title>Static Call Graph - [.\output\RF_Tester_9188.axf]</title></head>
<body><HR>
<H1>Static Call Graph for image .\output\RF_Tester_9188.axf</H1><HR>
<BR><P>#&#060CALLGRAPH&#062# ARM Linker, 6190004: Last Updated: Mon May 26 17:36:56 2025
<BR><P>
<H3>Maximum Stack Usage =        232 bytes + Unknown(Untraceable Function Pointers)</H3><H3>
Call chain for Maximum Stack Depth:</H3>
uart_buner_task_entry &rArr; uart_buner_tx_data &rArr; driver_append_tx_data &rArr; uart_add_buffer &rArr; __aeabi_memcpy
<P>
<H3>
Function Pointers
</H3><UL>
 <LI><a href="#[8]">Reset_Handler</a> from startup_ing91800.o(.text) referenced from startup_ing91800.o(RESET)
 <LI><a href="#[a]">__scatterload</a> from init.o(.text) referenced from startup_ing91800.o(.text)
 <LI><a href="#[b]">app_main</a> from main.o(.text.app_main) referenced from startup_ing91800.o(.text)
 <LI><a href="#[d]">att_read_callback</a> from profile.o(.text.att_read_callback) referenced 2 times from profile.o(.text.setup_profile)
 <LI><a href="#[e]">att_write_callback</a> from profile.o(.text.att_write_callback) referenced 2 times from profile.o(.text.setup_profile)
 <LI><a href="#[2f]">cb_assertion</a> from main.o(.text.cb_assertion) referenced from main.o(.rodata.evt_cb_table)
 <LI><a href="#[2e]">cb_hard_fault</a> from main.o(.text.cb_hard_fault) referenced from main.o(.rodata.evt_cb_table)
 <LI><a href="#[31]">cb_heap_out_of_mem</a> from main.o(.text.cb_heap_out_of_mem) referenced from main.o(.rodata.evt_cb_table)
 <LI><a href="#[2c]">cb_putc</a> from main.o(.text.cb_putc) referenced from main.o(.rodata.evt_cb_table)
 <LI><a href="#[32]">cb_trace_rtt</a> from trace.o(.text.cb_trace_rtt) referenced from main.o(.rodata.evt_cb_table)
 <LI><a href="#[15]">cmd_uart_ack</a> from uart_ota.o(.text.cmd_uart_ack) referenced from uart_ota.o(.rodata.cmds)
 <LI><a href="#[15]">cmd_uart_ack</a> from uart_ota.o(.text.cmd_uart_ack) referenced from uart_ota.o(.rodata.cmds_918)
 <LI><a href="#[18]">cmd_uart_burn_lock</a> from uart_ota.o(.text.cmd_uart_burn_lock) referenced from uart_ota.o(.rodata.cmds)
 <LI><a href="#[18]">cmd_uart_burn_lock</a> from uart_ota.o(.text.cmd_uart_burn_lock) referenced from uart_ota.o(.rodata.cmds_918)
 <LI><a href="#[14]">cmd_uart_burn_sart</a> from uart_ota.o(.text.cmd_uart_burn_sart) referenced from uart_ota.o(.rodata.cmds)
 <LI><a href="#[14]">cmd_uart_burn_sart</a> from uart_ota.o(.text.cmd_uart_burn_sart) referenced from uart_ota.o(.rodata.cmds_918)
 <LI><a href="#[17]">cmd_uart_burn_ulk</a> from uart_ota.o(.text.cmd_uart_burn_ulk) referenced from uart_ota.o(.rodata.cmds)
 <LI><a href="#[17]">cmd_uart_burn_ulk</a> from uart_ota.o(.text.cmd_uart_burn_ulk) referenced from uart_ota.o(.rodata.cmds_918)
 <LI><a href="#[16]">cmd_uart_nack</a> from uart_ota.o(.text.cmd_uart_nack) referenced from uart_ota.o(.rodata.cmds)
 <LI><a href="#[16]">cmd_uart_nack</a> from uart_ota.o(.text.cmd_uart_nack) referenced from uart_ota.o(.rodata.cmds_918)
 <LI><a href="#[21]">dummy_event_create</a> from noos_impl.o(.text.dummy_event_create) referenced from noos_impl.o(.rodata.driver)
 <LI><a href="#[23]">dummy_event_set</a> from noos_impl.o(.text.dummy_event_set) referenced from noos_impl.o(.rodata.driver)
 <LI><a href="#[22]">dummy_event_wait</a> from noos_impl.o(.text.dummy_event_wait) referenced from noos_impl.o(.rodata.driver)
 <LI><a href="#[26]">enter_critical</a> from noos_impl.o(.text.enter_critical) referenced from noos_impl.o(.rodata.driver)
 <LI><a href="#[25]">free</a> from malloc.o(i.free) referenced from noos_impl.o(.rodata.driver)
 <LI><a href="#[27]">leave_critical</a> from noos_impl.o(.text.leave_critical) referenced from noos_impl.o(.rodata.driver)
 <LI><a href="#[9]">main</a> from startup_ing91800.o(.text) referenced from entry9a.o(.ARM.Collect$$$$0000000B)
 <LI><a href="#[24]">malloc</a> from malloc.o(i.malloc) referenced from noos_impl.o(.rodata.driver)
 <LI><a href="#[28]">noos_start</a> from noos_impl.o(.text.noos_start) referenced from noos_impl.o(.rodata.driver)
 <LI><a href="#[30]">on_lle_init</a> from main.o(.text.on_lle_init) referenced from main.o(.rodata.evt_cb_table)
 <LI><a href="#[2b]">pendsv_isr</a> from noos_impl.o(.text.pendsv_isr) referenced from noos_impl.o(.rodata.driver)
 <LI><a href="#[1e]">queue_create</a> from noos_impl.o(.text.queue_create) referenced from noos_impl.o(.rodata.driver)
 <LI><a href="#[20]">queue_recv_msg</a> from noos_impl.o(.text.queue_recv_msg) referenced from noos_impl.o(.rodata.driver)
 <LI><a href="#[1f]">queue_send_msg</a> from noos_impl.o(.text.queue_send_msg) referenced from noos_impl.o(.rodata.driver)
 <LI><a href="#[2d]">setup_profile</a> from profile.o(.text.setup_profile) referenced from main.o(.rodata.evt_cb_table)
 <LI><a href="#[2a]">svc_isr</a> from noos_impl.o(.text.svc_isr) referenced from noos_impl.o(.rodata.driver)
 <LI><a href="#[1d]">task_create</a> from noos_impl.o(.text.task_create) referenced from noos_impl.o(.rodata.driver)
 <LI><a href="#[29]">tick_isr</a> from noos_impl.o(.text.tick_isr) referenced from noos_impl.o(.rodata.driver)
 <LI><a href="#[0]">timer_cb_0</a> from noos_impl.o(.text.timer_cb_0) referenced 2 times from noos_impl.o(.data.sw_timers)
 <LI><a href="#[1]">timer_cb_1</a> from noos_impl.o(.text.timer_cb_1) referenced 2 times from noos_impl.o(.data.sw_timers)
 <LI><a href="#[2]">timer_cb_2</a> from noos_impl.o(.text.timer_cb_2) referenced 2 times from noos_impl.o(.data.sw_timers)
 <LI><a href="#[3]">timer_cb_3</a> from noos_impl.o(.text.timer_cb_3) referenced 2 times from noos_impl.o(.data.sw_timers)
 <LI><a href="#[4]">timer_cb_4</a> from noos_impl.o(.text.timer_cb_4) referenced 2 times from noos_impl.o(.data.sw_timers)
 <LI><a href="#[5]">timer_cb_5</a> from noos_impl.o(.text.timer_cb_5) referenced 2 times from noos_impl.o(.data.sw_timers)
 <LI><a href="#[6]">timer_cb_6</a> from noos_impl.o(.text.timer_cb_6) referenced 2 times from noos_impl.o(.data.sw_timers)
 <LI><a href="#[7]">timer_cb_7</a> from noos_impl.o(.text.timer_cb_7) referenced 2 times from noos_impl.o(.data.sw_timers)
 <LI><a href="#[19]">timer_create</a> from noos_impl.o(.text.timer_create) referenced from noos_impl.o(.rodata.driver)
 <LI><a href="#[1c]">timer_delete</a> from noos_impl.o(.text.timer_delete) referenced from noos_impl.o(.rodata.driver)
 <LI><a href="#[1a]">timer_start</a> from noos_impl.o(.text.timer_start) referenced from noos_impl.o(.rodata.driver)
 <LI><a href="#[1b]">timer_stop</a> from noos_impl.o(.text.timer_stop) referenced from noos_impl.o(.rodata.driver)
 <LI><a href="#[c]">uart_buner_rx_data</a> from uart_ota.o(.text.uart_buner_rx_data) referenced 2 times from main.o(.text.app_main)
 <LI><a href="#[12]">uart_buner_task_entry</a> from uart_ota.o(.text.uart_buner_task_entry) referenced 2 times from uart_ota.o(.text.uart_buner_start)
 <LI><a href="#[10]">uart_driver_isr</a> from uart_driver.o(.text.uart_driver_isr) referenced 2 times from uart_driver.o(.text.setup_uart1)
 <LI><a href="#[13]">uart_driver_task</a> from uart_driver.o(.text.uart_driver_task) referenced 2 times from uart_driver.o(.text.uart_driver_init)
 <LI><a href="#[11]">uart_dut_isr</a> from uart_golden_dut.o(.text.uart_dut_isr) referenced 2 times from uart_golden_dut.o(.text.uart_DUT_init)
 <LI><a href="#[f]">user_packet_handler</a> from profile.o(.text.user_packet_handler) referenced 2 times from profile.o(.text.setup_profile)
</UL>
<P>
<H3>
Global Symbols
</H3>
<P><STRONG><a name="[70]"></a>att_server_init</STRONG> (Thumb, 0 bytes, Stack size 0 bytes, symdefs.m(ABSOLUTE))
<BR><BR>[Called By]<UL><LI><a href="#[2d]">&gt;&gt;</a>&nbsp;&nbsp;&nbsp;setup_profile
</UL>

<P><STRONG><a name="[72]"></a>att_server_register_packet_handler</STRONG> (Thumb, 0 bytes, Stack size 0 bytes, symdefs.m(ABSOLUTE))
<BR><BR>[Called By]<UL><LI><a href="#[2d]">&gt;&gt;</a>&nbsp;&nbsp;&nbsp;setup_profile
</UL>

<P><STRONG><a name="[85]"></a>att_set_db</STRONG> (Thumb, 0 bytes, Stack size 0 bytes, symdefs.m(ABSOLUTE))
<BR><BR>[Called By]<UL><LI><a href="#[f]">&gt;&gt;</a>&nbsp;&nbsp;&nbsp;user_packet_handler
</UL>

<P><STRONG><a name="[82]"></a>gap_set_adv_set_random_addr</STRONG> (Thumb, 0 bytes, Stack size 0 bytes, symdefs.m(ABSOLUTE))
<BR><BR>[Called By]<UL><LI><a href="#[f]">&gt;&gt;</a>&nbsp;&nbsp;&nbsp;user_packet_handler
</UL>

<P><STRONG><a name="[6b]"></a>gap_set_ext_adv_data</STRONG> (Thumb, 0 bytes, Stack size 0 bytes, symdefs.m(ABSOLUTE))
<BR><BR>[Called By]<UL><LI><a href="#[69]">&gt;&gt;</a>&nbsp;&nbsp;&nbsp;setup_adv
</UL>

<P><STRONG><a name="[6d]"></a>gap_set_ext_adv_enable</STRONG> (Thumb, 0 bytes, Stack size 0 bytes, symdefs.m(ABSOLUTE))
<BR><BR>[Called By]<UL><LI><a href="#[69]">&gt;&gt;</a>&nbsp;&nbsp;&nbsp;setup_adv
<LI><a href="#[f]">&gt;&gt;</a>&nbsp;&nbsp;&nbsp;user_packet_handler
</UL>

<P><STRONG><a name="[6a]"></a>gap_set_ext_adv_para</STRONG> (Thumb, 0 bytes, Stack size 0 bytes, symdefs.m(ABSOLUTE))
<BR><BR>[Called By]<UL><LI><a href="#[69]">&gt;&gt;</a>&nbsp;&nbsp;&nbsp;setup_adv
</UL>

<P><STRONG><a name="[6c]"></a>gap_set_ext_scan_response_data</STRONG> (Thumb, 0 bytes, Stack size 0 bytes, symdefs.m(ABSOLUTE))
<BR><BR>[Called By]<UL><LI><a href="#[69]">&gt;&gt;</a>&nbsp;&nbsp;&nbsp;setup_adv
</UL>

<P><STRONG><a name="[71]"></a>hci_add_event_handler</STRONG> (Thumb, 0 bytes, Stack size 0 bytes, symdefs.m(ABSOLUTE))
<BR><BR>[Called By]<UL><LI><a href="#[2d]">&gt;&gt;</a>&nbsp;&nbsp;&nbsp;setup_profile
</UL>

<P><STRONG><a name="[54]"></a>platform_config</STRONG> (Thumb, 0 bytes, Stack size 0 bytes, symdefs.m(ABSOLUTE))
<BR><BR>[Called By]<UL><LI><a href="#[b]">&gt;&gt;</a>&nbsp;&nbsp;&nbsp;app_main
</UL>

<P><STRONG><a name="[66]"></a>platform_controller_run</STRONG> (Thumb, 0 bytes, Stack size 0 bytes, symdefs.m(ABSOLUTE))
<BR><BR>[Called By]<UL><LI><a href="#[20]">&gt;&gt;</a>&nbsp;&nbsp;&nbsp;queue_recv_msg
</UL>

<P><STRONG><a name="[5c]"></a>platform_get_gen_os_driver</STRONG> (Thumb, 0 bytes, Stack size 0 bytes, symdefs.m(ABSOLUTE))
<BR><BR>[Called By]<UL><LI><a href="#[62]">&gt;&gt;</a>&nbsp;&nbsp;&nbsp;driver_trigger_output
<LI><a href="#[13]">&gt;&gt;</a>&nbsp;&nbsp;&nbsp;uart_driver_task
<LI><a href="#[61]">&gt;&gt;</a>&nbsp;&nbsp;&nbsp;driver_append_tx_data
<LI><a href="#[12]">&gt;&gt;</a>&nbsp;&nbsp;&nbsp;uart_buner_task_entry
<LI><a href="#[5d]">&gt;&gt;</a>&nbsp;&nbsp;&nbsp;uart_event_set
<LI><a href="#[32]">&gt;&gt;</a>&nbsp;&nbsp;&nbsp;cb_trace_rtt
<LI><a href="#[4f]">&gt;&gt;</a>&nbsp;&nbsp;&nbsp;uart_driver_init
<LI><a href="#[4e]">&gt;&gt;</a>&nbsp;&nbsp;&nbsp;uart_buner_start
</UL>

<P><STRONG><a name="[65]"></a>platform_init_controller</STRONG> (Thumb, 0 bytes, Stack size 0 bytes, symdefs.m(ABSOLUTE))
<BR><BR>[Called By]<UL><LI><a href="#[28]">&gt;&gt;</a>&nbsp;&nbsp;&nbsp;noos_start
</UL>

<P><STRONG><a name="[59]"></a>platform_printf</STRONG> (Thumb, 0 bytes, Stack size 0 bytes, symdefs.m(ABSOLUTE))
<BR><BR>[Called By]<UL><LI><a href="#[60]">&gt;&gt;</a>&nbsp;&nbsp;&nbsp;config_comm_uart
<LI><a href="#[14]">&gt;&gt;</a>&nbsp;&nbsp;&nbsp;cmd_uart_burn_sart
<LI><a href="#[12]">&gt;&gt;</a>&nbsp;&nbsp;&nbsp;uart_buner_task_entry
<LI><a href="#[11]">&gt;&gt;</a>&nbsp;&nbsp;&nbsp;uart_dut_isr
<LI><a href="#[2d]">&gt;&gt;</a>&nbsp;&nbsp;&nbsp;setup_profile
<LI><a href="#[31]">&gt;&gt;</a>&nbsp;&nbsp;&nbsp;cb_heap_out_of_mem
<LI><a href="#[2f]">&gt;&gt;</a>&nbsp;&nbsp;&nbsp;cb_assertion
<LI><a href="#[2e]">&gt;&gt;</a>&nbsp;&nbsp;&nbsp;cb_hard_fault
</UL>

<P><STRONG><a name="[77]"></a>platform_raise_assertion</STRONG> (Thumb, 0 bytes, Stack size 0 bytes, symdefs.m(ABSOLUTE))
<BR><BR>[Called By]<UL><LI><a href="#[19]">&gt;&gt;</a>&nbsp;&nbsp;&nbsp;timer_create
</UL>

<P><STRONG><a name="[51]"></a>platform_set_evt_callback_table</STRONG> (Thumb, 0 bytes, Stack size 0 bytes, symdefs.m(ABSOLUTE))
<BR><BR>[Called By]<UL><LI><a href="#[b]">&gt;&gt;</a>&nbsp;&nbsp;&nbsp;app_main
</UL>

<P><STRONG><a name="[75]"></a>platform_set_irq_callback</STRONG> (Thumb, 0 bytes, Stack size 0 bytes, symdefs.m(ABSOLUTE))
<BR><BR>[Called By]<UL><LI><a href="#[50]">&gt;&gt;</a>&nbsp;&nbsp;&nbsp;setup_uart1
<LI><a href="#[6f]">&gt;&gt;</a>&nbsp;&nbsp;&nbsp;uart_DUT_init
</UL>

<P><STRONG><a name="[78]"></a>platform_set_timer</STRONG> (Thumb, 0 bytes, Stack size 0 bytes, symdefs.m(ABSOLUTE))
<BR><BR>[Called By]<UL><LI><a href="#[1c]">&gt;&gt;</a>&nbsp;&nbsp;&nbsp;timer_delete
<LI><a href="#[1b]">&gt;&gt;</a>&nbsp;&nbsp;&nbsp;timer_stop
<LI><a href="#[1a]">&gt;&gt;</a>&nbsp;&nbsp;&nbsp;timer_start
</UL>

<P><STRONG><a name="[33]"></a>__main</STRONG> (Thumb, 0 bytes, Stack size unknown bytes, entry.o(.ARM.Collect$$$$00000000))

<P><STRONG><a name="[88]"></a>_main_stk</STRONG> (Thumb, 0 bytes, Stack size unknown bytes, entry2.o(.ARM.Collect$$$$00000001))

<P><STRONG><a name="[34]"></a>_main_scatterload</STRONG> (Thumb, 0 bytes, Stack size unknown bytes, entry5.o(.ARM.Collect$$$$00000004))
<BR><BR>[Calls]<UL><LI><a href="#[a]">&gt;&gt;</a>&nbsp;&nbsp;&nbsp;__scatterload
</UL>

<P><STRONG><a name="[35]"></a>__main_after_scatterload</STRONG> (Thumb, 0 bytes, Stack size unknown bytes, entry5.o(.ARM.Collect$$$$00000004))
<BR><BR>[Called By]<UL><LI><a href="#[a]">&gt;&gt;</a>&nbsp;&nbsp;&nbsp;__scatterload
</UL>

<P><STRONG><a name="[89]"></a>_main_clock</STRONG> (Thumb, 0 bytes, Stack size unknown bytes, entry7b.o(.ARM.Collect$$$$00000008))

<P><STRONG><a name="[8a]"></a>_main_cpp_init</STRONG> (Thumb, 0 bytes, Stack size unknown bytes, entry8b.o(.ARM.Collect$$$$0000000A))

<P><STRONG><a name="[8b]"></a>_main_init</STRONG> (Thumb, 0 bytes, Stack size unknown bytes, entry9a.o(.ARM.Collect$$$$0000000B))

<P><STRONG><a name="[8c]"></a>__rt_final_cpp</STRONG> (Thumb, 0 bytes, Stack size unknown bytes, entry10a.o(.ARM.Collect$$$$0000000D))

<P><STRONG><a name="[8d]"></a>__rt_final_exit</STRONG> (Thumb, 0 bytes, Stack size unknown bytes, entry11a.o(.ARM.Collect$$$$0000000F))

<P><STRONG><a name="[8]"></a>Reset_Handler</STRONG> (Thumb, 14 bytes, Stack size 0 bytes, startup_ing91800.o(.text))
<BR>[Address Reference Count : 1]<UL><LI> startup_ing91800.o(RESET)
</UL>
<P><STRONG><a name="[9]"></a>main</STRONG> (Thumb, 14 bytes, Stack size 0 bytes, startup_ing91800.o(.text))
<BR>[Address Reference Count : 1]<UL><LI> entry9a.o(.ARM.Collect$$$$0000000B)
</UL>
<P><STRONG><a name="[a]"></a>__scatterload</STRONG> (Thumb, 28 bytes, Stack size 0 bytes, init.o(.text))
<BR><BR>[Calls]<UL><LI><a href="#[35]">&gt;&gt;</a>&nbsp;&nbsp;&nbsp;__main_after_scatterload
</UL>
<BR>[Called By]<UL><LI><a href="#[34]">&gt;&gt;</a>&nbsp;&nbsp;&nbsp;_main_scatterload
</UL>
<BR>[Address Reference Count : 1]<UL><LI> startup_ing91800.o(.text)
</UL>
<P><STRONG><a name="[8e]"></a>__scatterload_rt2</STRONG> (Thumb, 0 bytes, Stack size 0 bytes, init.o(.text), UNUSED)

<P><STRONG><a name="[8f]"></a>___aeabi_memcpy4$move</STRONG> (Thumb, 0 bytes, Stack size 8 bytes, memmovea.o(.text), UNUSED)

<P><STRONG><a name="[90]"></a>___aeabi_memcpy8$move</STRONG> (Thumb, 0 bytes, Stack size 8 bytes, memmovea.o(.text), UNUSED)

<P><STRONG><a name="[49]"></a>__aeabi_memcpy</STRONG> (Thumb, 64 bytes, Stack size 8 bytes, memmovea.o(.text))
<BR><BR>[Stack]<UL><LI>Max Depth = 8<LI>Call Chain = __aeabi_memcpy
</UL>
<BR>[Called By]<UL><LI><a href="#[63]">&gt;&gt;</a>&nbsp;&nbsp;&nbsp;uart_add_buffer
<LI><a href="#[56]">&gt;&gt;</a>&nbsp;&nbsp;&nbsp;append_data
<LI><a href="#[12]">&gt;&gt;</a>&nbsp;&nbsp;&nbsp;uart_buner_task_entry
<LI><a href="#[20]">&gt;&gt;</a>&nbsp;&nbsp;&nbsp;queue_recv_msg
<LI><a href="#[1f]">&gt;&gt;</a>&nbsp;&nbsp;&nbsp;queue_send_msg
<LI><a href="#[47]">&gt;&gt;</a>&nbsp;&nbsp;&nbsp;_WriteBlocking
<LI><a href="#[46]">&gt;&gt;</a>&nbsp;&nbsp;&nbsp;_WriteNoCheck
</UL>

<P><STRONG><a name="[68]"></a>__aeabi_memmove</STRONG> (Thumb, 0 bytes, Stack size 8 bytes, memmovea.o(.text))
<BR><BR>[Stack]<UL><LI>Max Depth = 8<LI>Call Chain = __aeabi_memmove
</UL>
<BR>[Called By]<UL><LI><a href="#[20]">&gt;&gt;</a>&nbsp;&nbsp;&nbsp;queue_recv_msg
</UL>

<P><STRONG><a name="[91]"></a>__aeabi_memmove4</STRONG> (Thumb, 0 bytes, Stack size 8 bytes, memmovea.o(.text), UNUSED)

<P><STRONG><a name="[92]"></a>__aeabi_memmove8</STRONG> (Thumb, 0 bytes, Stack size 8 bytes, memmovea.o(.text), UNUSED)

<P><STRONG><a name="[37]"></a>__aeabi_memset</STRONG> (Thumb, 14 bytes, Stack size 0 bytes, memseta.o(.text))
<BR><BR>[Called By]<UL><LI><a href="#[38]">&gt;&gt;</a>&nbsp;&nbsp;&nbsp;_memset$wrapper
<LI><a href="#[36]">&gt;&gt;</a>&nbsp;&nbsp;&nbsp;__aeabi_memclr
</UL>

<P><STRONG><a name="[93]"></a>__aeabi_memset4</STRONG> (Thumb, 0 bytes, Stack size 0 bytes, memseta.o(.text), UNUSED)

<P><STRONG><a name="[94]"></a>__aeabi_memset8</STRONG> (Thumb, 0 bytes, Stack size 0 bytes, memseta.o(.text), UNUSED)

<P><STRONG><a name="[36]"></a>__aeabi_memclr</STRONG> (Thumb, 4 bytes, Stack size 0 bytes, memseta.o(.text))
<BR><BR>[Calls]<UL><LI><a href="#[37]">&gt;&gt;</a>&nbsp;&nbsp;&nbsp;__aeabi_memset
</UL>
<BR>[Called By]<UL><LI><a href="#[12]">&gt;&gt;</a>&nbsp;&nbsp;&nbsp;uart_buner_task_entry
</UL>

<P><STRONG><a name="[58]"></a>__aeabi_memclr4</STRONG> (Thumb, 0 bytes, Stack size 0 bytes, memseta.o(.text))
<BR><BR>[Called By]<UL><LI><a href="#[57]">&gt;&gt;</a>&nbsp;&nbsp;&nbsp;burn_ctrl_restart
</UL>

<P><STRONG><a name="[95]"></a>__aeabi_memclr8</STRONG> (Thumb, 0 bytes, Stack size 0 bytes, memseta.o(.text), UNUSED)

<P><STRONG><a name="[38]"></a>_memset$wrapper</STRONG> (Thumb, 18 bytes, Stack size 8 bytes, memseta.o(.text), UNUSED)
<BR><BR>[Calls]<UL><LI><a href="#[37]">&gt;&gt;</a>&nbsp;&nbsp;&nbsp;__aeabi_memset
</UL>

<P><STRONG><a name="[48]"></a>strcpy</STRONG> (Thumb, 18 bytes, Stack size 0 bytes, strcpy.o(.text))
<BR><BR>[Called By]<UL><LI><a href="#[43]">&gt;&gt;</a>&nbsp;&nbsp;&nbsp;_DoInit
</UL>

<P><STRONG><a name="[39]"></a>strcasecmp</STRONG> (Thumb, 42 bytes, Stack size 24 bytes, strcasecmp.o(.text))
<BR><BR>[Stack]<UL><LI>Max Depth = 24<LI>Call Chain = strcasecmp
</UL>
<BR>[Calls]<UL><LI><a href="#[3a]">&gt;&gt;</a>&nbsp;&nbsp;&nbsp;tolower
</UL>
<BR>[Called By]<UL><LI><a href="#[64]">&gt;&gt;</a>&nbsp;&nbsp;&nbsp;handle_command
</UL>

<P><STRONG><a name="[3a]"></a>tolower</STRONG> (Thumb, 12 bytes, Stack size 0 bytes, tolower.o(.text))
<BR><BR>[Called By]<UL><LI><a href="#[39]">&gt;&gt;</a>&nbsp;&nbsp;&nbsp;strcasecmp
</UL>

<P><STRONG><a name="[96]"></a>__decompress</STRONG> (Thumb, 0 bytes, Stack size unknown bytes, __dczerorl.o(.text), UNUSED)

<P><STRONG><a name="[97]"></a>__decompress0</STRONG> (Thumb, 58 bytes, Stack size unknown bytes, __dczerorl.o(.text), UNUSED)

<P><STRONG><a name="[3b]"></a>GIO_SetDirection</STRONG> (Thumb, 108 bytes, Stack size 16 bytes, peripheral_gpio.o(.text.GIO_SetDirection))
<BR><BR>[Stack]<UL><LI>Max Depth = 28<LI>Call Chain = GIO_SetDirection &rArr; GIO_MaskedWrite
</UL>
<BR>[Calls]<UL><LI><a href="#[3c]">&gt;&gt;</a>&nbsp;&nbsp;&nbsp;GIO_MaskedWrite
</UL>
<BR>[Called By]<UL><LI><a href="#[6e]">&gt;&gt;</a>&nbsp;&nbsp;&nbsp;test_gpio_init
</UL>

<P><STRONG><a name="[3d]"></a>GIO_WriteValue</STRONG> (Thumb, 34 bytes, Stack size 16 bytes, peripheral_gpio.o(.text.GIO_WriteValue))
<BR><BR>[Stack]<UL><LI>Max Depth = 28<LI>Call Chain = GIO_WriteValue &rArr; GIO_MaskedWrite
</UL>
<BR>[Calls]<UL><LI><a href="#[3c]">&gt;&gt;</a>&nbsp;&nbsp;&nbsp;GIO_MaskedWrite
</UL>
<BR>[Called By]<UL><LI><a href="#[6e]">&gt;&gt;</a>&nbsp;&nbsp;&nbsp;test_gpio_init
</UL>

<P><STRONG><a name="[3e]"></a>PINCTRL_SelUartRxdIn</STRONG> (Thumb, 36 bytes, Stack size 16 bytes, peripheral_pinctrl.o(.text.PINCTRL_SelUartRxdIn))
<BR><BR>[Stack]<UL><LI>Max Depth = 32<LI>Call Chain = PINCTRL_SelUartRxdIn &rArr; PINCTRL_SelIn
</UL>
<BR>[Calls]<UL><LI><a href="#[3f]">&gt;&gt;</a>&nbsp;&nbsp;&nbsp;PINCTRL_SelIn
</UL>
<BR>[Called By]<UL><LI><a href="#[50]">&gt;&gt;</a>&nbsp;&nbsp;&nbsp;setup_uart1
</UL>

<P><STRONG><a name="[74]"></a>PINCTRL_SetPadMux</STRONG> (Thumb, 76 bytes, Stack size 12 bytes, peripheral_pinctrl.o(.text.PINCTRL_SetPadMux))
<BR><BR>[Stack]<UL><LI>Max Depth = 12<LI>Call Chain = PINCTRL_SetPadMux
</UL>
<BR>[Called By]<UL><LI><a href="#[50]">&gt;&gt;</a>&nbsp;&nbsp;&nbsp;setup_uart1
<LI><a href="#[6e]">&gt;&gt;</a>&nbsp;&nbsp;&nbsp;test_gpio_init
</UL>

<P><STRONG><a name="[40]"></a>SEGGER_RTT_GetAvailWriteSpace</STRONG> (Thumb, 34 bytes, Stack size 16 bytes, trace.o(.text.SEGGER_RTT_GetAvailWriteSpace))
<BR><BR>[Stack]<UL><LI>Max Depth = 32<LI>Call Chain = SEGGER_RTT_GetAvailWriteSpace &rArr; _GetAvailWriteSpace
</UL>
<BR>[Calls]<UL><LI><a href="#[41]">&gt;&gt;</a>&nbsp;&nbsp;&nbsp;_GetAvailWriteSpace
</UL>
<BR>[Called By]<UL><LI><a href="#[32]">&gt;&gt;</a>&nbsp;&nbsp;&nbsp;cb_trace_rtt
</UL>

<P><STRONG><a name="[42]"></a>SEGGER_RTT_Init</STRONG> (Thumb, 8 bytes, Stack size 8 bytes, trace.o(.text.SEGGER_RTT_Init))
<BR><BR>[Stack]<UL><LI>Max Depth = 24<LI>Call Chain = SEGGER_RTT_Init &rArr; _DoInit
</UL>
<BR>[Calls]<UL><LI><a href="#[43]">&gt;&gt;</a>&nbsp;&nbsp;&nbsp;_DoInit
</UL>
<BR>[Called By]<UL><LI><a href="#[53]">&gt;&gt;</a>&nbsp;&nbsp;&nbsp;trace_rtt_init
</UL>

<P><STRONG><a name="[44]"></a>SEGGER_RTT_Write</STRONG> (Thumb, 72 bytes, Stack size 32 bytes, trace.o(.text.SEGGER_RTT_Write))
<BR><BR>[Stack]<UL><LI>Max Depth = 136<LI>Call Chain = SEGGER_RTT_Write &rArr; SEGGER_RTT_WriteNoLock &rArr; _WriteBlocking &rArr; __aeabi_memcpy
</UL>
<BR>[Calls]<UL><LI><a href="#[45]">&gt;&gt;</a>&nbsp;&nbsp;&nbsp;SEGGER_RTT_WriteNoLock
<LI><a href="#[43]">&gt;&gt;</a>&nbsp;&nbsp;&nbsp;_DoInit
</UL>
<BR>[Called By]<UL><LI><a href="#[32]">&gt;&gt;</a>&nbsp;&nbsp;&nbsp;cb_trace_rtt
</UL>

<P><STRONG><a name="[45]"></a>SEGGER_RTT_WriteNoLock</STRONG> (Thumb, 176 bytes, Stack size 48 bytes, trace.o(.text.SEGGER_RTT_WriteNoLock))
<BR><BR>[Stack]<UL><LI>Max Depth = 104<LI>Call Chain = SEGGER_RTT_WriteNoLock &rArr; _WriteBlocking &rArr; __aeabi_memcpy
</UL>
<BR>[Calls]<UL><LI><a href="#[47]">&gt;&gt;</a>&nbsp;&nbsp;&nbsp;_WriteBlocking
<LI><a href="#[46]">&gt;&gt;</a>&nbsp;&nbsp;&nbsp;_WriteNoCheck
<LI><a href="#[41]">&gt;&gt;</a>&nbsp;&nbsp;&nbsp;_GetAvailWriteSpace
</UL>
<BR>[Called By]<UL><LI><a href="#[44]">&gt;&gt;</a>&nbsp;&nbsp;&nbsp;SEGGER_RTT_Write
</UL>

<P><STRONG><a name="[73]"></a>SYSCTRL_ClearClkGateMulti</STRONG> (Thumb, 22 bytes, Stack size 4 bytes, peripheral_sysctrl.o(.text.SYSCTRL_ClearClkGateMulti))
<BR><BR>[Stack]<UL><LI>Max Depth = 4<LI>Call Chain = SYSCTRL_ClearClkGateMulti
</UL>
<BR>[Called By]<UL><LI><a href="#[50]">&gt;&gt;</a>&nbsp;&nbsp;&nbsp;setup_uart1
<LI><a href="#[6f]">&gt;&gt;</a>&nbsp;&nbsp;&nbsp;uart_DUT_init
<LI><a href="#[6e]">&gt;&gt;</a>&nbsp;&nbsp;&nbsp;test_gpio_init
</UL>

<P><STRONG><a name="[4c]"></a>SYSCTRL_Init</STRONG> (Thumb, 4 bytes, Stack size 0 bytes, peripheral_sysctrl.o(.text.SYSCTRL_Init))
<BR><BR>[Called By]<UL><LI><a href="#[b]">&gt;&gt;</a>&nbsp;&nbsp;&nbsp;app_main
</UL>

<P><STRONG><a name="[5b]"></a>UART_SendData</STRONG> (Thumb, 20 bytes, Stack size 8 bytes, peripheral_uart.o(.text.UART_SendData))
<BR><BR>[Stack]<UL><LI>Max Depth = 8<LI>Call Chain = UART_SendData
</UL>
<BR>[Called By]<UL><LI><a href="#[13]">&gt;&gt;</a>&nbsp;&nbsp;&nbsp;uart_driver_task
<LI><a href="#[50]">&gt;&gt;</a>&nbsp;&nbsp;&nbsp;setup_uart1
<LI><a href="#[2c]">&gt;&gt;</a>&nbsp;&nbsp;&nbsp;cb_putc
</UL>

<P><STRONG><a name="[4b]"></a>apUART_BaudRateSet</STRONG> (Thumb, 128 bytes, Stack size 28 bytes, peripheral_uart.o(.text.apUART_BaudRateSet))
<BR><BR>[Stack]<UL><LI>Max Depth = 28<LI>Call Chain = apUART_BaudRateSet
</UL>
<BR>[Called By]<UL><LI><a href="#[12]">&gt;&gt;</a>&nbsp;&nbsp;&nbsp;uart_buner_task_entry
<LI><a href="#[4a]">&gt;&gt;</a>&nbsp;&nbsp;&nbsp;apUART_Initialize
</UL>

<P><STRONG><a name="[7e]"></a>apUART_Check_RXFIFO_EMPTY</STRONG> (Thumb, 16 bytes, Stack size 4 bytes, peripheral_uart.o(.text.apUART_Check_RXFIFO_EMPTY))
<BR><BR>[Stack]<UL><LI>Max Depth = 4<LI>Call Chain = apUART_Check_RXFIFO_EMPTY
</UL>
<BR>[Called By]<UL><LI><a href="#[10]">&gt;&gt;</a>&nbsp;&nbsp;&nbsp;uart_driver_isr
<LI><a href="#[11]">&gt;&gt;</a>&nbsp;&nbsp;&nbsp;uart_dut_isr
</UL>

<P><STRONG><a name="[5a]"></a>apUART_Check_TXFIFO_FULL</STRONG> (Thumb, 16 bytes, Stack size 4 bytes, peripheral_uart.o(.text.apUART_Check_TXFIFO_FULL))
<BR><BR>[Stack]<UL><LI>Max Depth = 4<LI>Call Chain = apUART_Check_TXFIFO_FULL
</UL>
<BR>[Called By]<UL><LI><a href="#[13]">&gt;&gt;</a>&nbsp;&nbsp;&nbsp;uart_driver_task
<LI><a href="#[2c]">&gt;&gt;</a>&nbsp;&nbsp;&nbsp;cb_putc
</UL>

<P><STRONG><a name="[7d]"></a>apUART_Get_all_raw_int_stat</STRONG> (Thumb, 12 bytes, Stack size 4 bytes, peripheral_uart.o(.text.apUART_Get_all_raw_int_stat))
<BR><BR>[Stack]<UL><LI>Max Depth = 4<LI>Call Chain = apUART_Get_all_raw_int_stat
</UL>
<BR>[Called By]<UL><LI><a href="#[10]">&gt;&gt;</a>&nbsp;&nbsp;&nbsp;uart_driver_isr
<LI><a href="#[11]">&gt;&gt;</a>&nbsp;&nbsp;&nbsp;uart_dut_isr
</UL>

<P><STRONG><a name="[4a]"></a>apUART_Initialize</STRONG> (Thumb, 170 bytes, Stack size 24 bytes, peripheral_uart.o(.text.apUART_Initialize))
<BR><BR>[Stack]<UL><LI>Max Depth = 52<LI>Call Chain = apUART_Initialize &rArr; apUART_BaudRateSet
</UL>
<BR>[Calls]<UL><LI><a href="#[4b]">&gt;&gt;</a>&nbsp;&nbsp;&nbsp;apUART_BaudRateSet
</UL>
<BR>[Called By]<UL><LI><a href="#[60]">&gt;&gt;</a>&nbsp;&nbsp;&nbsp;config_comm_uart
<LI><a href="#[6f]">&gt;&gt;</a>&nbsp;&nbsp;&nbsp;uart_DUT_init
</UL>

<P><STRONG><a name="[b]"></a>app_main</STRONG> (Thumb, 88 bytes, Stack size 16 bytes, main.o(.text.app_main))
<BR><BR>[Stack]<UL><LI>Max Depth = 116<LI>Call Chain = app_main &rArr; setup_peripherals &rArr; uart_DUT_init &rArr; apUART_Initialize &rArr; apUART_BaudRateSet
</UL>
<BR>[Calls]<UL><LI><a href="#[55]">&gt;&gt;</a>&nbsp;&nbsp;&nbsp;os_impl_get_driver
<LI><a href="#[54]">&gt;&gt;</a>&nbsp;&nbsp;&nbsp;platform_config
<LI><a href="#[53]">&gt;&gt;</a>&nbsp;&nbsp;&nbsp;trace_rtt_init
<LI><a href="#[51]">&gt;&gt;</a>&nbsp;&nbsp;&nbsp;platform_set_evt_callback_table
<LI><a href="#[50]">&gt;&gt;</a>&nbsp;&nbsp;&nbsp;setup_uart1
<LI><a href="#[4f]">&gt;&gt;</a>&nbsp;&nbsp;&nbsp;uart_driver_init
<LI><a href="#[4e]">&gt;&gt;</a>&nbsp;&nbsp;&nbsp;uart_buner_start
<LI><a href="#[4d]">&gt;&gt;</a>&nbsp;&nbsp;&nbsp;evk_config_init
<LI><a href="#[4c]">&gt;&gt;</a>&nbsp;&nbsp;&nbsp;SYSCTRL_Init
<LI><a href="#[52]">&gt;&gt;</a>&nbsp;&nbsp;&nbsp;setup_peripherals
</UL>
<BR>[Address Reference Count : 1]<UL><LI> startup_ing91800.o(.text)
</UL>
<P><STRONG><a name="[2c]"></a>cb_putc</STRONG> (Thumb, 48 bytes, Stack size 16 bytes, main.o(.text.cb_putc))
<BR><BR>[Stack]<UL><LI>Max Depth = 24<LI>Call Chain = cb_putc &rArr; UART_SendData
</UL>
<BR>[Calls]<UL><LI><a href="#[5b]">&gt;&gt;</a>&nbsp;&nbsp;&nbsp;UART_SendData
<LI><a href="#[5a]">&gt;&gt;</a>&nbsp;&nbsp;&nbsp;apUART_Check_TXFIFO_FULL
</UL>
<BR>[Address Reference Count : 1]<UL><LI> main.o(.rodata.evt_cb_table)
</UL>
<P><STRONG><a name="[32]"></a>cb_trace_rtt</STRONG> (Thumb, 126 bytes, Stack size 32 bytes, trace.o(.text.cb_trace_rtt))
<BR><BR>[Stack]<UL><LI>Max Depth = 168<LI>Call Chain = cb_trace_rtt &rArr; SEGGER_RTT_Write &rArr; SEGGER_RTT_WriteNoLock &rArr; _WriteBlocking &rArr; __aeabi_memcpy
</UL>
<BR>[Calls]<UL><LI><a href="#[5c]">&gt;&gt;</a>&nbsp;&nbsp;&nbsp;platform_get_gen_os_driver
<LI><a href="#[40]">&gt;&gt;</a>&nbsp;&nbsp;&nbsp;SEGGER_RTT_GetAvailWriteSpace
<LI><a href="#[44]">&gt;&gt;</a>&nbsp;&nbsp;&nbsp;SEGGER_RTT_Write
</UL>
<BR>[Address Reference Count : 1]<UL><LI> main.o(.rodata.evt_cb_table)
</UL>
<P><STRONG><a name="[7b]"></a>check_crc16</STRONG> (Thumb, 112 bytes, Stack size 12 bytes, uart_ota.o(.text.check_crc16))
<BR><BR>[Stack]<UL><LI>Max Depth = 12<LI>Call Chain = check_crc16
</UL>
<BR>[Called By]<UL><LI><a href="#[12]">&gt;&gt;</a>&nbsp;&nbsp;&nbsp;uart_buner_task_entry
</UL>

<P><STRONG><a name="[7c]"></a>check_crc16_918</STRONG> (Thumb, 112 bytes, Stack size 12 bytes, uart_ota.o(.text.check_crc16_918))
<BR><BR>[Stack]<UL><LI>Max Depth = 12<LI>Call Chain = check_crc16_918
</UL>
<BR>[Called By]<UL><LI><a href="#[12]">&gt;&gt;</a>&nbsp;&nbsp;&nbsp;uart_buner_task_entry
</UL>

<P><STRONG><a name="[15]"></a>cmd_uart_ack</STRONG> (Thumb, 16 bytes, Stack size 16 bytes, uart_ota.o(.text.cmd_uart_ack))
<BR><BR>[Stack]<UL><LI>Max Depth = 32<LI>Call Chain = cmd_uart_ack &rArr; uart_event_set
</UL>
<BR>[Calls]<UL><LI><a href="#[5d]">&gt;&gt;</a>&nbsp;&nbsp;&nbsp;uart_event_set
</UL>
<BR>[Address Reference Count : 2]<UL><LI> uart_ota.o(.rodata.cmds)
<LI> uart_ota.o(.rodata.cmds_918)
</UL>
<P><STRONG><a name="[18]"></a>cmd_uart_burn_lock</STRONG> (Thumb, 16 bytes, Stack size 16 bytes, uart_ota.o(.text.cmd_uart_burn_lock))
<BR><BR>[Stack]<UL><LI>Max Depth = 32<LI>Call Chain = cmd_uart_burn_lock &rArr; uart_event_set
</UL>
<BR>[Calls]<UL><LI><a href="#[5d]">&gt;&gt;</a>&nbsp;&nbsp;&nbsp;uart_event_set
</UL>
<BR>[Address Reference Count : 2]<UL><LI> uart_ota.o(.rodata.cmds)
<LI> uart_ota.o(.rodata.cmds_918)
</UL>
<P><STRONG><a name="[14]"></a>cmd_uart_burn_sart</STRONG> (Thumb, 48 bytes, Stack size 16 bytes, uart_ota.o(.text.cmd_uart_burn_sart))
<BR><BR>[Stack]<UL><LI>Max Depth = 32<LI>Call Chain = cmd_uart_burn_sart &rArr; uart_event_set
</UL>
<BR>[Calls]<UL><LI><a href="#[5d]">&gt;&gt;</a>&nbsp;&nbsp;&nbsp;uart_event_set
<LI><a href="#[5e]">&gt;&gt;</a>&nbsp;&nbsp;&nbsp;get_evk_config
<LI><a href="#[59]">&gt;&gt;</a>&nbsp;&nbsp;&nbsp;platform_printf
</UL>
<BR>[Address Reference Count : 2]<UL><LI> uart_ota.o(.rodata.cmds)
<LI> uart_ota.o(.rodata.cmds_918)
</UL>
<P><STRONG><a name="[17]"></a>cmd_uart_burn_ulk</STRONG> (Thumb, 16 bytes, Stack size 16 bytes, uart_ota.o(.text.cmd_uart_burn_ulk))
<BR><BR>[Stack]<UL><LI>Max Depth = 32<LI>Call Chain = cmd_uart_burn_ulk &rArr; uart_event_set
</UL>
<BR>[Calls]<UL><LI><a href="#[5d]">&gt;&gt;</a>&nbsp;&nbsp;&nbsp;uart_event_set
</UL>
<BR>[Address Reference Count : 2]<UL><LI> uart_ota.o(.rodata.cmds)
<LI> uart_ota.o(.rodata.cmds_918)
</UL>
<P><STRONG><a name="[16]"></a>cmd_uart_nack</STRONG> (Thumb, 16 bytes, Stack size 16 bytes, uart_ota.o(.text.cmd_uart_nack))
<BR><BR>[Stack]<UL><LI>Max Depth = 32<LI>Call Chain = cmd_uart_nack &rArr; uart_event_set
</UL>
<BR>[Calls]<UL><LI><a href="#[5d]">&gt;&gt;</a>&nbsp;&nbsp;&nbsp;uart_event_set
</UL>
<BR>[Address Reference Count : 2]<UL><LI> uart_ota.o(.rodata.cmds)
<LI> uart_ota.o(.rodata.cmds_918)
</UL>
<P><STRONG><a name="[5f]"></a>cmd_uart_unknow_cmd</STRONG> (Thumb, 16 bytes, Stack size 16 bytes, uart_ota.o(.text.cmd_uart_unknow_cmd))
<BR><BR>[Stack]<UL><LI>Max Depth = 32<LI>Call Chain = cmd_uart_unknow_cmd &rArr; uart_event_set
</UL>
<BR>[Calls]<UL><LI><a href="#[5d]">&gt;&gt;</a>&nbsp;&nbsp;&nbsp;uart_event_set
</UL>
<BR>[Called By]<UL><LI><a href="#[64]">&gt;&gt;</a>&nbsp;&nbsp;&nbsp;handle_command
</UL>

<P><STRONG><a name="[61]"></a>driver_append_tx_data</STRONG> (Thumb, 256 bytes, Stack size 32 bytes, uart_driver.o(.text.driver_append_tx_data))
<BR><BR>[Stack]<UL><LI>Max Depth = 72<LI>Call Chain = driver_append_tx_data &rArr; uart_add_buffer &rArr; __aeabi_memcpy
</UL>
<BR>[Calls]<UL><LI><a href="#[63]">&gt;&gt;</a>&nbsp;&nbsp;&nbsp;uart_add_buffer
<LI><a href="#[62]">&gt;&gt;</a>&nbsp;&nbsp;&nbsp;driver_trigger_output
<LI><a href="#[5c]">&gt;&gt;</a>&nbsp;&nbsp;&nbsp;platform_get_gen_os_driver
</UL>
<BR>[Called By]<UL><LI><a href="#[79]">&gt;&gt;</a>&nbsp;&nbsp;&nbsp;uart_buner_tx_data
<LI><a href="#[12]">&gt;&gt;</a>&nbsp;&nbsp;&nbsp;uart_buner_task_entry
</UL>

<P><STRONG><a name="[62]"></a>driver_trigger_output</STRONG> (Thumb, 24 bytes, Stack size 16 bytes, uart_driver.o(.text.driver_trigger_output))
<BR><BR>[Stack]<UL><LI>Max Depth = 16<LI>Call Chain = driver_trigger_output
</UL>
<BR>[Calls]<UL><LI><a href="#[5c]">&gt;&gt;</a>&nbsp;&nbsp;&nbsp;platform_get_gen_os_driver
</UL>
<BR>[Called By]<UL><LI><a href="#[10]">&gt;&gt;</a>&nbsp;&nbsp;&nbsp;uart_driver_isr
<LI><a href="#[61]">&gt;&gt;</a>&nbsp;&nbsp;&nbsp;driver_append_tx_data
</UL>

<P><STRONG><a name="[4d]"></a>evk_config_init</STRONG> (Thumb, 24 bytes, Stack size 0 bytes, rf_test.o(.text.evk_config_init))
<BR><BR>[Called By]<UL><LI><a href="#[b]">&gt;&gt;</a>&nbsp;&nbsp;&nbsp;app_main
</UL>

<P><STRONG><a name="[7a]"></a>flash_read</STRONG> (Thumb, 100 bytes, Stack size 28 bytes, flash_fun.o(.text.flash_read))
<BR><BR>[Stack]<UL><LI>Max Depth = 28<LI>Call Chain = flash_read
</UL>
<BR>[Called By]<UL><LI><a href="#[12]">&gt;&gt;</a>&nbsp;&nbsp;&nbsp;uart_buner_task_entry
</UL>

<P><STRONG><a name="[5e]"></a>get_evk_config</STRONG> (Thumb, 10 bytes, Stack size 0 bytes, rf_test.o(.text.get_evk_config))
<BR><BR>[Called By]<UL><LI><a href="#[14]">&gt;&gt;</a>&nbsp;&nbsp;&nbsp;cmd_uart_burn_sart
</UL>

<P><STRONG><a name="[64]"></a>handle_command</STRONG> (Thumb, 178 bytes, Stack size 24 bytes, uart_ota.o(.text.handle_command))
<BR><BR>[Stack]<UL><LI>Max Depth = 56<LI>Call Chain = handle_command &rArr; cmd_uart_unknow_cmd &rArr; uart_event_set
</UL>
<BR>[Calls]<UL><LI><a href="#[5f]">&gt;&gt;</a>&nbsp;&nbsp;&nbsp;cmd_uart_unknow_cmd
<LI><a href="#[39]">&gt;&gt;</a>&nbsp;&nbsp;&nbsp;strcasecmp
</UL>
<BR>[Called By]<UL><LI><a href="#[12]">&gt;&gt;</a>&nbsp;&nbsp;&nbsp;uart_buner_task_entry
</UL>

<P><STRONG><a name="[28]"></a>noos_start</STRONG> (Thumb, 44 bytes, Stack size 8 bytes, noos_impl.o(.text.noos_start))
<BR><BR>[Stack]<UL><LI>Max Depth = 8<LI>Call Chain = noos_start
</UL>
<BR>[Calls]<UL><LI><a href="#[65]">&gt;&gt;</a>&nbsp;&nbsp;&nbsp;platform_init_controller
</UL>
<BR>[Address Reference Count : 1]<UL><LI> noos_impl.o(.rodata.driver)
</UL>
<P><STRONG><a name="[30]"></a>on_lle_init</STRONG> (Thumb, 12 bytes, Stack size 8 bytes, main.o(.text.on_lle_init))
<BR><BR>[Stack]<UL><LI>Max Depth = 8<LI>Call Chain = on_lle_init
</UL>
<BR>[Address Reference Count : 1]<UL><LI> main.o(.rodata.evt_cb_table)
</UL>
<P><STRONG><a name="[55]"></a>os_impl_get_driver</STRONG> (Thumb, 10 bytes, Stack size 0 bytes, noos_impl.o(.text.os_impl_get_driver))
<BR><BR>[Called By]<UL><LI><a href="#[b]">&gt;&gt;</a>&nbsp;&nbsp;&nbsp;app_main
</UL>

<P><STRONG><a name="[2b]"></a>pendsv_isr</STRONG> (Thumb, 2 bytes, Stack size 0 bytes, noos_impl.o(.text.pendsv_isr))
<BR>[Address Reference Count : 1]<UL><LI> noos_impl.o(.rodata.driver)
</UL>
<P><STRONG><a name="[52]"></a>setup_peripherals</STRONG> (Thumb, 16 bytes, Stack size 8 bytes, main.o(.text.setup_peripherals))
<BR><BR>[Stack]<UL><LI>Max Depth = 100<LI>Call Chain = setup_peripherals &rArr; uart_DUT_init &rArr; apUART_Initialize &rArr; apUART_BaudRateSet
</UL>
<BR>[Calls]<UL><LI><a href="#[6f]">&gt;&gt;</a>&nbsp;&nbsp;&nbsp;uart_DUT_init
<LI><a href="#[6e]">&gt;&gt;</a>&nbsp;&nbsp;&nbsp;test_gpio_init
</UL>
<BR>[Called By]<UL><LI><a href="#[b]">&gt;&gt;</a>&nbsp;&nbsp;&nbsp;app_main
</UL>

<P><STRONG><a name="[2d]"></a>setup_profile</STRONG> (Thumb, 76 bytes, Stack size 24 bytes, profile.o(.text.setup_profile))
<BR><BR>[Stack]<UL><LI>Max Depth = 24<LI>Call Chain = setup_profile
</UL>
<BR>[Calls]<UL><LI><a href="#[72]">&gt;&gt;</a>&nbsp;&nbsp;&nbsp;att_server_register_packet_handler
<LI><a href="#[71]">&gt;&gt;</a>&nbsp;&nbsp;&nbsp;hci_add_event_handler
<LI><a href="#[70]">&gt;&gt;</a>&nbsp;&nbsp;&nbsp;att_server_init
<LI><a href="#[59]">&gt;&gt;</a>&nbsp;&nbsp;&nbsp;platform_printf
</UL>
<BR>[Address Reference Count : 1]<UL><LI> main.o(.rodata.evt_cb_table)
</UL>
<P><STRONG><a name="[50]"></a>setup_uart1</STRONG> (Thumb, 106 bytes, Stack size 16 bytes, uart_driver.o(.text.setup_uart1))
<BR><BR>[Stack]<UL><LI>Max Depth = 84<LI>Call Chain = setup_uart1 &rArr; config_comm_uart &rArr; apUART_Initialize &rArr; apUART_BaudRateSet
</UL>
<BR>[Calls]<UL><LI><a href="#[3e]">&gt;&gt;</a>&nbsp;&nbsp;&nbsp;PINCTRL_SelUartRxdIn
<LI><a href="#[60]">&gt;&gt;</a>&nbsp;&nbsp;&nbsp;config_comm_uart
<LI><a href="#[74]">&gt;&gt;</a>&nbsp;&nbsp;&nbsp;PINCTRL_SetPadMux
<LI><a href="#[75]">&gt;&gt;</a>&nbsp;&nbsp;&nbsp;platform_set_irq_callback
<LI><a href="#[73]">&gt;&gt;</a>&nbsp;&nbsp;&nbsp;SYSCTRL_ClearClkGateMulti
<LI><a href="#[5b]">&gt;&gt;</a>&nbsp;&nbsp;&nbsp;UART_SendData
</UL>
<BR>[Called By]<UL><LI><a href="#[b]">&gt;&gt;</a>&nbsp;&nbsp;&nbsp;app_main
</UL>

<P><STRONG><a name="[2a]"></a>svc_isr</STRONG> (Thumb, 2 bytes, Stack size 0 bytes, noos_impl.o(.text.svc_isr))
<BR>[Address Reference Count : 1]<UL><LI> noos_impl.o(.rodata.driver)
</UL>
<P><STRONG><a name="[6e]"></a>test_gpio_init</STRONG> (Thumb, 100 bytes, Stack size 24 bytes, pulse_test_gpio.o(.text.test_gpio_init))
<BR><BR>[Stack]<UL><LI>Max Depth = 52<LI>Call Chain = test_gpio_init &rArr; GIO_WriteValue &rArr; GIO_MaskedWrite
</UL>
<BR>[Calls]<UL><LI><a href="#[3d]">&gt;&gt;</a>&nbsp;&nbsp;&nbsp;GIO_WriteValue
<LI><a href="#[3b]">&gt;&gt;</a>&nbsp;&nbsp;&nbsp;GIO_SetDirection
<LI><a href="#[74]">&gt;&gt;</a>&nbsp;&nbsp;&nbsp;PINCTRL_SetPadMux
<LI><a href="#[73]">&gt;&gt;</a>&nbsp;&nbsp;&nbsp;SYSCTRL_ClearClkGateMulti
</UL>
<BR>[Called By]<UL><LI><a href="#[52]">&gt;&gt;</a>&nbsp;&nbsp;&nbsp;setup_peripherals
</UL>

<P><STRONG><a name="[29]"></a>tick_isr</STRONG> (Thumb, 2 bytes, Stack size 0 bytes, noos_impl.o(.text.tick_isr))
<BR>[Address Reference Count : 1]<UL><LI> noos_impl.o(.rodata.driver)
</UL>
<P><STRONG><a name="[53]"></a>trace_rtt_init</STRONG> (Thumb, 14 bytes, Stack size 16 bytes, trace.o(.text.trace_rtt_init))
<BR><BR>[Stack]<UL><LI>Max Depth = 40<LI>Call Chain = trace_rtt_init &rArr; SEGGER_RTT_Init &rArr; _DoInit
</UL>
<BR>[Calls]<UL><LI><a href="#[42]">&gt;&gt;</a>&nbsp;&nbsp;&nbsp;SEGGER_RTT_Init
</UL>
<BR>[Called By]<UL><LI><a href="#[b]">&gt;&gt;</a>&nbsp;&nbsp;&nbsp;app_main
</UL>

<P><STRONG><a name="[6f]"></a>uart_DUT_init</STRONG> (Thumb, 120 bytes, Stack size 40 bytes, uart_golden_dut.o(.text.uart_DUT_init))
<BR><BR>[Stack]<UL><LI>Max Depth = 92<LI>Call Chain = uart_DUT_init &rArr; apUART_Initialize &rArr; apUART_BaudRateSet
</UL>
<BR>[Calls]<UL><LI><a href="#[75]">&gt;&gt;</a>&nbsp;&nbsp;&nbsp;platform_set_irq_callback
<LI><a href="#[73]">&gt;&gt;</a>&nbsp;&nbsp;&nbsp;SYSCTRL_ClearClkGateMulti
<LI><a href="#[4a]">&gt;&gt;</a>&nbsp;&nbsp;&nbsp;apUART_Initialize
</UL>
<BR>[Called By]<UL><LI><a href="#[52]">&gt;&gt;</a>&nbsp;&nbsp;&nbsp;setup_peripherals
</UL>

<P><STRONG><a name="[63]"></a>uart_add_buffer</STRONG> (Thumb, 108 bytes, Stack size 32 bytes, uart_driver.o(.text.uart_add_buffer))
<BR><BR>[Stack]<UL><LI>Max Depth = 40<LI>Call Chain = uart_add_buffer &rArr; __aeabi_memcpy
</UL>
<BR>[Calls]<UL><LI><a href="#[49]">&gt;&gt;</a>&nbsp;&nbsp;&nbsp;__aeabi_memcpy
</UL>
<BR>[Called By]<UL><LI><a href="#[61]">&gt;&gt;</a>&nbsp;&nbsp;&nbsp;driver_append_tx_data
</UL>

<P><STRONG><a name="[c]"></a>uart_buner_rx_data</STRONG> (Thumb, 136 bytes, Stack size 16 bytes, uart_ota.o(.text.uart_buner_rx_data))
<BR><BR>[Stack]<UL><LI>Max Depth = 48<LI>Call Chain = uart_buner_rx_data &rArr; append_data &rArr; __aeabi_memcpy
</UL>
<BR>[Calls]<UL><LI><a href="#[56]">&gt;&gt;</a>&nbsp;&nbsp;&nbsp;append_data
<LI><a href="#[5d]">&gt;&gt;</a>&nbsp;&nbsp;&nbsp;uart_event_set
</UL>
<BR>[Address Reference Count : 1]<UL><LI> main.o(.text.app_main)
</UL>
<P><STRONG><a name="[4e]"></a>uart_buner_start</STRONG> (Thumb, 62 bytes, Stack size 16 bytes, uart_ota.o(.text.uart_buner_start))
<BR><BR>[Stack]<UL><LI>Max Depth = 16<LI>Call Chain = uart_buner_start
</UL>
<BR>[Calls]<UL><LI><a href="#[5c]">&gt;&gt;</a>&nbsp;&nbsp;&nbsp;platform_get_gen_os_driver
</UL>
<BR>[Called By]<UL><LI><a href="#[b]">&gt;&gt;</a>&nbsp;&nbsp;&nbsp;app_main
</UL>

<P><STRONG><a name="[4f]"></a>uart_driver_init</STRONG> (Thumb, 102 bytes, Stack size 32 bytes, uart_driver.o(.text.uart_driver_init))
<BR><BR>[Stack]<UL><LI>Max Depth = 32<LI>Call Chain = uart_driver_init
</UL>
<BR>[Calls]<UL><LI><a href="#[5c]">&gt;&gt;</a>&nbsp;&nbsp;&nbsp;platform_get_gen_os_driver
</UL>
<BR>[Called By]<UL><LI><a href="#[b]">&gt;&gt;</a>&nbsp;&nbsp;&nbsp;app_main
</UL>

<P><STRONG><a name="[10]"></a>uart_driver_isr</STRONG> (Thumb, 210 bytes, Stack size 56 bytes, uart_driver.o(.text.uart_driver_isr))
<BR><BR>[Stack]<UL><LI>Max Depth = 72<LI>Call Chain = uart_driver_isr &rArr; driver_trigger_output
</UL>
<BR>[Calls]<UL><LI><a href="#[62]">&gt;&gt;</a>&nbsp;&nbsp;&nbsp;driver_trigger_output
<LI><a href="#[7e]">&gt;&gt;</a>&nbsp;&nbsp;&nbsp;apUART_Check_RXFIFO_EMPTY
<LI><a href="#[7d]">&gt;&gt;</a>&nbsp;&nbsp;&nbsp;apUART_Get_all_raw_int_stat
</UL>
<BR>[Address Reference Count : 1]<UL><LI> uart_driver.o(.text.setup_uart1)
</UL>
<P><STRONG><a name="[13]"></a>uart_driver_task</STRONG> (Thumb, 108 bytes, Stack size 16 bytes, uart_driver.o(.text.uart_driver_task))
<BR><BR>[Stack]<UL><LI>Max Depth = 24<LI>Call Chain = uart_driver_task &rArr; UART_SendData
</UL>
<BR>[Calls]<UL><LI><a href="#[5c]">&gt;&gt;</a>&nbsp;&nbsp;&nbsp;platform_get_gen_os_driver
<LI><a href="#[5b]">&gt;&gt;</a>&nbsp;&nbsp;&nbsp;UART_SendData
<LI><a href="#[5a]">&gt;&gt;</a>&nbsp;&nbsp;&nbsp;apUART_Check_TXFIFO_FULL
</UL>
<BR>[Address Reference Count : 1]<UL><LI> uart_driver.o(.text.uart_driver_init)
</UL>
<P><STRONG><a name="[11]"></a>uart_dut_isr</STRONG> (Thumb, 392 bytes, Stack size 40 bytes, uart_golden_dut.o(.text.uart_dut_isr))
<BR><BR>[Stack]<UL><LI>Max Depth = 48<LI>Call Chain = uart_dut_isr &rArr; uart_golden_process
</UL>
<BR>[Calls]<UL><LI><a href="#[7f]">&gt;&gt;</a>&nbsp;&nbsp;&nbsp;uart_golden_process
<LI><a href="#[7e]">&gt;&gt;</a>&nbsp;&nbsp;&nbsp;apUART_Check_RXFIFO_EMPTY
<LI><a href="#[7d]">&gt;&gt;</a>&nbsp;&nbsp;&nbsp;apUART_Get_all_raw_int_stat
<LI><a href="#[59]">&gt;&gt;</a>&nbsp;&nbsp;&nbsp;platform_printf
</UL>
<BR>[Address Reference Count : 1]<UL><LI> uart_golden_dut.o(.text.uart_DUT_init)
</UL>
<P><STRONG><a name="[7f]"></a>uart_golden_process</STRONG> (Thumb, 12 bytes, Stack size 8 bytes, uart_golden_dut.o(.text.uart_golden_process))
<BR><BR>[Stack]<UL><LI>Max Depth = 8<LI>Call Chain = uart_golden_process
</UL>
<BR>[Called By]<UL><LI><a href="#[11]">&gt;&gt;</a>&nbsp;&nbsp;&nbsp;uart_dut_isr
</UL>

<P><STRONG><a name="[98]"></a>__scatterload_copy</STRONG> (Thumb, 14 bytes, Stack size unknown bytes, handlers.o(i.__scatterload_copy), UNUSED)

<P><STRONG><a name="[99]"></a>__scatterload_null</STRONG> (Thumb, 2 bytes, Stack size unknown bytes, handlers.o(i.__scatterload_null), UNUSED)

<P><STRONG><a name="[9a]"></a>__scatterload_zeroinit</STRONG> (Thumb, 14 bytes, Stack size unknown bytes, handlers.o(i.__scatterload_zeroinit), UNUSED)

<P><STRONG><a name="[25]"></a>free</STRONG> (Thumb, 76 bytes, Stack size 8 bytes, malloc.o(i.free))
<BR><BR>[Stack]<UL><LI>Max Depth = 8<LI>Call Chain = free
</UL>
<BR>[Called By]<UL><LI><a href="#[12]">&gt;&gt;</a>&nbsp;&nbsp;&nbsp;uart_buner_task_entry
</UL>
<BR>[Address Reference Count : 1]<UL><LI> noos_impl.o(.rodata.driver)
</UL>
<P><STRONG><a name="[24]"></a>malloc</STRONG> (Thumb, 92 bytes, Stack size 20 bytes, malloc.o(i.malloc))
<BR><BR>[Stack]<UL><LI>Max Depth = 20<LI>Call Chain = malloc
</UL>
<BR>[Called By]<UL><LI><a href="#[12]">&gt;&gt;</a>&nbsp;&nbsp;&nbsp;uart_buner_task_entry
<LI><a href="#[1e]">&gt;&gt;</a>&nbsp;&nbsp;&nbsp;queue_create
</UL>
<BR>[Address Reference Count : 1]<UL><LI> noos_impl.o(.rodata.driver)
</UL><P>
<H3>
Local Symbols
</H3>
<P><STRONG><a name="[2e]"></a>cb_hard_fault</STRONG> (Thumb, 86 bytes, Stack size 48 bytes, main.o(.text.cb_hard_fault))
<BR><BR>[Stack]<UL><LI>Max Depth = 48<LI>Call Chain = cb_hard_fault
</UL>
<BR>[Calls]<UL><LI><a href="#[59]">&gt;&gt;</a>&nbsp;&nbsp;&nbsp;platform_printf
</UL>
<BR>[Address Reference Count : 1]<UL><LI> main.o(.rodata.evt_cb_table)
</UL>
<P><STRONG><a name="[2f]"></a>cb_assertion</STRONG> (Thumb, 30 bytes, Stack size 16 bytes, main.o(.text.cb_assertion))
<BR><BR>[Stack]<UL><LI>Max Depth = 16<LI>Call Chain = cb_assertion
</UL>
<BR>[Calls]<UL><LI><a href="#[59]">&gt;&gt;</a>&nbsp;&nbsp;&nbsp;platform_printf
</UL>
<BR>[Address Reference Count : 1]<UL><LI> main.o(.rodata.evt_cb_table)
</UL>
<P><STRONG><a name="[31]"></a>cb_heap_out_of_mem</STRONG> (Thumb, 26 bytes, Stack size 16 bytes, main.o(.text.cb_heap_out_of_mem))
<BR><BR>[Stack]<UL><LI>Max Depth = 16<LI>Call Chain = cb_heap_out_of_mem
</UL>
<BR>[Calls]<UL><LI><a href="#[59]">&gt;&gt;</a>&nbsp;&nbsp;&nbsp;platform_printf
</UL>
<BR>[Address Reference Count : 1]<UL><LI> main.o(.rodata.evt_cb_table)
</UL>
<P><STRONG><a name="[d]"></a>att_read_callback</STRONG> (Thumb, 32 bytes, Stack size 24 bytes, profile.o(.text.att_read_callback))
<BR><BR>[Stack]<UL><LI>Max Depth = 24<LI>Call Chain = att_read_callback
</UL>
<BR>[Address Reference Count : 1]<UL><LI> profile.o(.text.setup_profile)
</UL>
<P><STRONG><a name="[e]"></a>att_write_callback</STRONG> (Thumb, 38 bytes, Stack size 20 bytes, profile.o(.text.att_write_callback))
<BR><BR>[Stack]<UL><LI>Max Depth = 20<LI>Call Chain = att_write_callback
</UL>
<BR>[Address Reference Count : 1]<UL><LI> profile.o(.text.setup_profile)
</UL>
<P><STRONG><a name="[f]"></a>user_packet_handler</STRONG> (Thumb, 232 bytes, Stack size 32 bytes, profile.o(.text.user_packet_handler))
<BR><BR>[Stack]<UL><LI>Max Depth = 96<LI>Call Chain = user_packet_handler &rArr; setup_adv
</UL>
<BR>[Calls]<UL><LI><a href="#[6d]">&gt;&gt;</a>&nbsp;&nbsp;&nbsp;gap_set_ext_adv_enable
<LI><a href="#[85]">&gt;&gt;</a>&nbsp;&nbsp;&nbsp;att_set_db
<LI><a href="#[82]">&gt;&gt;</a>&nbsp;&nbsp;&nbsp;gap_set_adv_set_random_addr
<LI><a href="#[87]">&gt;&gt;</a>&nbsp;&nbsp;&nbsp;user_msg_handler
<LI><a href="#[86]">&gt;&gt;</a>&nbsp;&nbsp;&nbsp;hci_event_packet_get_user_msg
<LI><a href="#[84]">&gt;&gt;</a>&nbsp;&nbsp;&nbsp;hci_event_le_meta_get_subevent_code
<LI><a href="#[83]">&gt;&gt;</a>&nbsp;&nbsp;&nbsp;hci_event_command_complete_get_command_opcode
<LI><a href="#[69]">&gt;&gt;</a>&nbsp;&nbsp;&nbsp;setup_adv
<LI><a href="#[81]">&gt;&gt;</a>&nbsp;&nbsp;&nbsp;btstack_event_state_get_state
<LI><a href="#[80]">&gt;&gt;</a>&nbsp;&nbsp;&nbsp;hci_event_packet_get_type
</UL>
<BR>[Address Reference Count : 1]<UL><LI> profile.o(.text.setup_profile)
</UL>
<P><STRONG><a name="[80]"></a>hci_event_packet_get_type</STRONG> (Thumb, 12 bytes, Stack size 4 bytes, profile.o(.text.hci_event_packet_get_type))
<BR><BR>[Stack]<UL><LI>Max Depth = 4<LI>Call Chain = hci_event_packet_get_type
</UL>
<BR>[Called By]<UL><LI><a href="#[f]">&gt;&gt;</a>&nbsp;&nbsp;&nbsp;user_packet_handler
</UL>

<P><STRONG><a name="[81]"></a>btstack_event_state_get_state</STRONG> (Thumb, 12 bytes, Stack size 4 bytes, profile.o(.text.btstack_event_state_get_state))
<BR><BR>[Stack]<UL><LI>Max Depth = 4<LI>Call Chain = btstack_event_state_get_state
</UL>
<BR>[Called By]<UL><LI><a href="#[f]">&gt;&gt;</a>&nbsp;&nbsp;&nbsp;user_packet_handler
</UL>

<P><STRONG><a name="[69]"></a>setup_adv</STRONG> (Thumb, 100 bytes, Stack size 64 bytes, profile.o(.text.setup_adv))
<BR><BR>[Stack]<UL><LI>Max Depth = 64<LI>Call Chain = setup_adv
</UL>
<BR>[Calls]<UL><LI><a href="#[6c]">&gt;&gt;</a>&nbsp;&nbsp;&nbsp;gap_set_ext_scan_response_data
<LI><a href="#[6b]">&gt;&gt;</a>&nbsp;&nbsp;&nbsp;gap_set_ext_adv_data
<LI><a href="#[6a]">&gt;&gt;</a>&nbsp;&nbsp;&nbsp;gap_set_ext_adv_para
<LI><a href="#[6d]">&gt;&gt;</a>&nbsp;&nbsp;&nbsp;gap_set_ext_adv_enable
</UL>
<BR>[Called By]<UL><LI><a href="#[f]">&gt;&gt;</a>&nbsp;&nbsp;&nbsp;user_packet_handler
</UL>

<P><STRONG><a name="[83]"></a>hci_event_command_complete_get_command_opcode</STRONG> (Thumb, 14 bytes, Stack size 4 bytes, profile.o(.text.hci_event_command_complete_get_command_opcode))
<BR><BR>[Stack]<UL><LI>Max Depth = 4<LI>Call Chain = hci_event_command_complete_get_command_opcode
</UL>
<BR>[Called By]<UL><LI><a href="#[f]">&gt;&gt;</a>&nbsp;&nbsp;&nbsp;user_packet_handler
</UL>

<P><STRONG><a name="[84]"></a>hci_event_le_meta_get_subevent_code</STRONG> (Thumb, 12 bytes, Stack size 4 bytes, profile.o(.text.hci_event_le_meta_get_subevent_code))
<BR><BR>[Stack]<UL><LI>Max Depth = 4<LI>Call Chain = hci_event_le_meta_get_subevent_code
</UL>
<BR>[Called By]<UL><LI><a href="#[f]">&gt;&gt;</a>&nbsp;&nbsp;&nbsp;user_packet_handler
</UL>

<P><STRONG><a name="[86]"></a>hci_event_packet_get_user_msg</STRONG> (Thumb, 12 bytes, Stack size 4 bytes, profile.o(.text.hci_event_packet_get_user_msg))
<BR><BR>[Stack]<UL><LI>Max Depth = 4<LI>Call Chain = hci_event_packet_get_user_msg
</UL>
<BR>[Called By]<UL><LI><a href="#[f]">&gt;&gt;</a>&nbsp;&nbsp;&nbsp;user_packet_handler
</UL>

<P><STRONG><a name="[87]"></a>user_msg_handler</STRONG> (Thumb, 16 bytes, Stack size 12 bytes, profile.o(.text.user_msg_handler))
<BR><BR>[Stack]<UL><LI>Max Depth = 12<LI>Call Chain = user_msg_handler
</UL>
<BR>[Called By]<UL><LI><a href="#[f]">&gt;&gt;</a>&nbsp;&nbsp;&nbsp;user_packet_handler
</UL>

<P><STRONG><a name="[0]"></a>timer_cb_0</STRONG> (Thumb, 10 bytes, Stack size 8 bytes, noos_impl.o(.text.timer_cb_0))
<BR><BR>[Stack]<UL><LI>Max Depth = 24<LI>Call Chain = timer_cb_0 &rArr; timer_cb
</UL>
<BR>[Calls]<UL><LI><a href="#[76]">&gt;&gt;</a>&nbsp;&nbsp;&nbsp;timer_cb
</UL>
<BR>[Address Reference Count : 1]<UL><LI> noos_impl.o(.data.sw_timers)
</UL>
<P><STRONG><a name="[76]"></a>timer_cb</STRONG> (Thumb, 78 bytes, Stack size 16 bytes, noos_impl.o(.text.timer_cb))
<BR><BR>[Stack]<UL><LI>Max Depth = 16<LI>Call Chain = timer_cb
</UL>
<BR>[Called By]<UL><LI><a href="#[7]">&gt;&gt;</a>&nbsp;&nbsp;&nbsp;timer_cb_7
<LI><a href="#[6]">&gt;&gt;</a>&nbsp;&nbsp;&nbsp;timer_cb_6
<LI><a href="#[5]">&gt;&gt;</a>&nbsp;&nbsp;&nbsp;timer_cb_5
<LI><a href="#[4]">&gt;&gt;</a>&nbsp;&nbsp;&nbsp;timer_cb_4
<LI><a href="#[3]">&gt;&gt;</a>&nbsp;&nbsp;&nbsp;timer_cb_3
<LI><a href="#[2]">&gt;&gt;</a>&nbsp;&nbsp;&nbsp;timer_cb_2
<LI><a href="#[1]">&gt;&gt;</a>&nbsp;&nbsp;&nbsp;timer_cb_1
<LI><a href="#[0]">&gt;&gt;</a>&nbsp;&nbsp;&nbsp;timer_cb_0
</UL>

<P><STRONG><a name="[1]"></a>timer_cb_1</STRONG> (Thumb, 10 bytes, Stack size 8 bytes, noos_impl.o(.text.timer_cb_1))
<BR><BR>[Stack]<UL><LI>Max Depth = 24<LI>Call Chain = timer_cb_1 &rArr; timer_cb
</UL>
<BR>[Calls]<UL><LI><a href="#[76]">&gt;&gt;</a>&nbsp;&nbsp;&nbsp;timer_cb
</UL>
<BR>[Address Reference Count : 1]<UL><LI> noos_impl.o(.data.sw_timers)
</UL>
<P><STRONG><a name="[2]"></a>timer_cb_2</STRONG> (Thumb, 10 bytes, Stack size 8 bytes, noos_impl.o(.text.timer_cb_2))
<BR><BR>[Stack]<UL><LI>Max Depth = 24<LI>Call Chain = timer_cb_2 &rArr; timer_cb
</UL>
<BR>[Calls]<UL><LI><a href="#[76]">&gt;&gt;</a>&nbsp;&nbsp;&nbsp;timer_cb
</UL>
<BR>[Address Reference Count : 1]<UL><LI> noos_impl.o(.data.sw_timers)
</UL>
<P><STRONG><a name="[3]"></a>timer_cb_3</STRONG> (Thumb, 10 bytes, Stack size 8 bytes, noos_impl.o(.text.timer_cb_3))
<BR><BR>[Stack]<UL><LI>Max Depth = 24<LI>Call Chain = timer_cb_3 &rArr; timer_cb
</UL>
<BR>[Calls]<UL><LI><a href="#[76]">&gt;&gt;</a>&nbsp;&nbsp;&nbsp;timer_cb
</UL>
<BR>[Address Reference Count : 1]<UL><LI> noos_impl.o(.data.sw_timers)
</UL>
<P><STRONG><a name="[4]"></a>timer_cb_4</STRONG> (Thumb, 10 bytes, Stack size 8 bytes, noos_impl.o(.text.timer_cb_4))
<BR><BR>[Stack]<UL><LI>Max Depth = 24<LI>Call Chain = timer_cb_4 &rArr; timer_cb
</UL>
<BR>[Calls]<UL><LI><a href="#[76]">&gt;&gt;</a>&nbsp;&nbsp;&nbsp;timer_cb
</UL>
<BR>[Address Reference Count : 1]<UL><LI> noos_impl.o(.data.sw_timers)
</UL>
<P><STRONG><a name="[5]"></a>timer_cb_5</STRONG> (Thumb, 10 bytes, Stack size 8 bytes, noos_impl.o(.text.timer_cb_5))
<BR><BR>[Stack]<UL><LI>Max Depth = 24<LI>Call Chain = timer_cb_5 &rArr; timer_cb
</UL>
<BR>[Calls]<UL><LI><a href="#[76]">&gt;&gt;</a>&nbsp;&nbsp;&nbsp;timer_cb
</UL>
<BR>[Address Reference Count : 1]<UL><LI> noos_impl.o(.data.sw_timers)
</UL>
<P><STRONG><a name="[6]"></a>timer_cb_6</STRONG> (Thumb, 10 bytes, Stack size 8 bytes, noos_impl.o(.text.timer_cb_6))
<BR><BR>[Stack]<UL><LI>Max Depth = 24<LI>Call Chain = timer_cb_6 &rArr; timer_cb
</UL>
<BR>[Calls]<UL><LI><a href="#[76]">&gt;&gt;</a>&nbsp;&nbsp;&nbsp;timer_cb
</UL>
<BR>[Address Reference Count : 1]<UL><LI> noos_impl.o(.data.sw_timers)
</UL>
<P><STRONG><a name="[7]"></a>timer_cb_7</STRONG> (Thumb, 10 bytes, Stack size 8 bytes, noos_impl.o(.text.timer_cb_7))
<BR><BR>[Stack]<UL><LI>Max Depth = 24<LI>Call Chain = timer_cb_7 &rArr; timer_cb
</UL>
<BR>[Calls]<UL><LI><a href="#[76]">&gt;&gt;</a>&nbsp;&nbsp;&nbsp;timer_cb
</UL>
<BR>[Address Reference Count : 1]<UL><LI> noos_impl.o(.data.sw_timers)
</UL>
<P><STRONG><a name="[19]"></a>timer_create</STRONG> (Thumb, 192 bytes, Stack size 32 bytes, noos_impl.o(.text.timer_create))
<BR><BR>[Stack]<UL><LI>Max Depth = 32<LI>Call Chain = timer_create
</UL>
<BR>[Calls]<UL><LI><a href="#[77]">&gt;&gt;</a>&nbsp;&nbsp;&nbsp;platform_raise_assertion
</UL>
<BR>[Address Reference Count : 1]<UL><LI> noos_impl.o(.rodata.driver)
</UL>
<P><STRONG><a name="[1a]"></a>timer_start</STRONG> (Thumb, 24 bytes, Stack size 16 bytes, noos_impl.o(.text.timer_start))
<BR><BR>[Stack]<UL><LI>Max Depth = 16<LI>Call Chain = timer_start
</UL>
<BR>[Calls]<UL><LI><a href="#[78]">&gt;&gt;</a>&nbsp;&nbsp;&nbsp;platform_set_timer
</UL>
<BR>[Address Reference Count : 1]<UL><LI> noos_impl.o(.rodata.driver)
</UL>
<P><STRONG><a name="[1b]"></a>timer_stop</STRONG> (Thumb, 24 bytes, Stack size 16 bytes, noos_impl.o(.text.timer_stop))
<BR><BR>[Stack]<UL><LI>Max Depth = 16<LI>Call Chain = timer_stop
</UL>
<BR>[Calls]<UL><LI><a href="#[78]">&gt;&gt;</a>&nbsp;&nbsp;&nbsp;platform_set_timer
</UL>
<BR>[Address Reference Count : 1]<UL><LI> noos_impl.o(.rodata.driver)
</UL>
<P><STRONG><a name="[1c]"></a>timer_delete</STRONG> (Thumb, 32 bytes, Stack size 24 bytes, noos_impl.o(.text.timer_delete))
<BR><BR>[Stack]<UL><LI>Max Depth = 24<LI>Call Chain = timer_delete
</UL>
<BR>[Calls]<UL><LI><a href="#[78]">&gt;&gt;</a>&nbsp;&nbsp;&nbsp;platform_set_timer
</UL>
<BR>[Address Reference Count : 1]<UL><LI> noos_impl.o(.rodata.driver)
</UL>
<P><STRONG><a name="[1d]"></a>task_create</STRONG> (Thumb, 72 bytes, Stack size 20 bytes, noos_impl.o(.text.task_create))
<BR><BR>[Stack]<UL><LI>Max Depth = 20<LI>Call Chain = task_create
</UL>
<BR>[Address Reference Count : 1]<UL><LI> noos_impl.o(.rodata.driver)
</UL>
<P><STRONG><a name="[1e]"></a>queue_create</STRONG> (Thumb, 46 bytes, Stack size 24 bytes, noos_impl.o(.text.queue_create))
<BR><BR>[Stack]<UL><LI>Max Depth = 44<LI>Call Chain = queue_create &rArr; malloc
</UL>
<BR>[Calls]<UL><LI><a href="#[24]">&gt;&gt;</a>&nbsp;&nbsp;&nbsp;malloc
</UL>
<BR>[Address Reference Count : 1]<UL><LI> noos_impl.o(.rodata.driver)
</UL>
<P><STRONG><a name="[1f]"></a>queue_send_msg</STRONG> (Thumb, 70 bytes, Stack size 24 bytes, noos_impl.o(.text.queue_send_msg))
<BR><BR>[Stack]<UL><LI>Max Depth = 32<LI>Call Chain = queue_send_msg &rArr; __aeabi_memcpy
</UL>
<BR>[Calls]<UL><LI><a href="#[49]">&gt;&gt;</a>&nbsp;&nbsp;&nbsp;__aeabi_memcpy
</UL>
<BR>[Address Reference Count : 1]<UL><LI> noos_impl.o(.rodata.driver)
</UL>
<P><STRONG><a name="[20]"></a>queue_recv_msg</STRONG> (Thumb, 90 bytes, Stack size 24 bytes, noos_impl.o(.text.queue_recv_msg))
<BR><BR>[Stack]<UL><LI>Max Depth = 32<LI>Call Chain = queue_recv_msg &rArr; __aeabi_memmove
</UL>
<BR>[Calls]<UL><LI><a href="#[66]">&gt;&gt;</a>&nbsp;&nbsp;&nbsp;platform_controller_run
<LI><a href="#[67]">&gt;&gt;</a>&nbsp;&nbsp;&nbsp;idle_process
<LI><a href="#[68]">&gt;&gt;</a>&nbsp;&nbsp;&nbsp;__aeabi_memmove
<LI><a href="#[49]">&gt;&gt;</a>&nbsp;&nbsp;&nbsp;__aeabi_memcpy
</UL>
<BR>[Address Reference Count : 1]<UL><LI> noos_impl.o(.rodata.driver)
</UL>
<P><STRONG><a name="[67]"></a>idle_process</STRONG> (Thumb, 2 bytes, Stack size 0 bytes, noos_impl.o(.text.idle_process))
<BR><BR>[Called By]<UL><LI><a href="#[20]">&gt;&gt;</a>&nbsp;&nbsp;&nbsp;queue_recv_msg
</UL>

<P><STRONG><a name="[22]"></a>dummy_event_wait</STRONG> (Thumb, 10 bytes, Stack size 4 bytes, noos_impl.o(.text.dummy_event_wait))
<BR><BR>[Stack]<UL><LI>Max Depth = 4<LI>Call Chain = dummy_event_wait
</UL>
<BR>[Address Reference Count : 1]<UL><LI> noos_impl.o(.rodata.driver)
</UL>
<P><STRONG><a name="[23]"></a>dummy_event_set</STRONG> (Thumb, 8 bytes, Stack size 4 bytes, noos_impl.o(.text.dummy_event_set))
<BR><BR>[Stack]<UL><LI>Max Depth = 4<LI>Call Chain = dummy_event_set
</UL>
<BR>[Address Reference Count : 1]<UL><LI> noos_impl.o(.rodata.driver)
</UL>
<P><STRONG><a name="[26]"></a>enter_critical</STRONG> (Thumb, 18 bytes, Stack size 0 bytes, noos_impl.o(.text.enter_critical))
<BR>[Address Reference Count : 1]<UL><LI> noos_impl.o(.rodata.driver)
</UL>
<P><STRONG><a name="[27]"></a>leave_critical</STRONG> (Thumb, 28 bytes, Stack size 0 bytes, noos_impl.o(.text.leave_critical))
<BR>[Address Reference Count : 1]<UL><LI> noos_impl.o(.rodata.driver)
</UL>
<P><STRONG><a name="[21]"></a>dummy_event_create</STRONG> (Thumb, 16 bytes, Stack size 0 bytes, noos_impl.o(.text.dummy_event_create))
<BR>[Address Reference Count : 1]<UL><LI> noos_impl.o(.rodata.driver)
</UL>
<P><STRONG><a name="[5d]"></a>uart_event_set</STRONG> (Thumb, 44 bytes, Stack size 16 bytes, uart_ota.o(.text.uart_event_set))
<BR><BR>[Stack]<UL><LI>Max Depth = 16<LI>Call Chain = uart_event_set
</UL>
<BR>[Calls]<UL><LI><a href="#[5c]">&gt;&gt;</a>&nbsp;&nbsp;&nbsp;platform_get_gen_os_driver
</UL>
<BR>[Called By]<UL><LI><a href="#[18]">&gt;&gt;</a>&nbsp;&nbsp;&nbsp;cmd_uart_burn_lock
<LI><a href="#[17]">&gt;&gt;</a>&nbsp;&nbsp;&nbsp;cmd_uart_burn_ulk
<LI><a href="#[16]">&gt;&gt;</a>&nbsp;&nbsp;&nbsp;cmd_uart_nack
<LI><a href="#[5f]">&gt;&gt;</a>&nbsp;&nbsp;&nbsp;cmd_uart_unknow_cmd
<LI><a href="#[15]">&gt;&gt;</a>&nbsp;&nbsp;&nbsp;cmd_uart_ack
<LI><a href="#[14]">&gt;&gt;</a>&nbsp;&nbsp;&nbsp;cmd_uart_burn_sart
<LI><a href="#[c]">&gt;&gt;</a>&nbsp;&nbsp;&nbsp;uart_buner_rx_data
</UL>

<P><STRONG><a name="[12]"></a>uart_buner_task_entry</STRONG> (Thumb, 2374 bytes, Stack size 136 bytes, uart_ota.o(.text.uart_buner_task_entry))
<BR><BR>[Stack]<UL><LI>Max Depth = 232<LI>Call Chain = uart_buner_task_entry &rArr; uart_buner_tx_data &rArr; driver_append_tx_data &rArr; uart_add_buffer &rArr; __aeabi_memcpy
</UL>
<BR>[Calls]<UL><LI><a href="#[61]">&gt;&gt;</a>&nbsp;&nbsp;&nbsp;driver_append_tx_data
<LI><a href="#[7a]">&gt;&gt;</a>&nbsp;&nbsp;&nbsp;flash_read
<LI><a href="#[4b]">&gt;&gt;</a>&nbsp;&nbsp;&nbsp;apUART_BaudRateSet
<LI><a href="#[64]">&gt;&gt;</a>&nbsp;&nbsp;&nbsp;handle_command
<LI><a href="#[7c]">&gt;&gt;</a>&nbsp;&nbsp;&nbsp;check_crc16_918
<LI><a href="#[7b]">&gt;&gt;</a>&nbsp;&nbsp;&nbsp;check_crc16
<LI><a href="#[5c]">&gt;&gt;</a>&nbsp;&nbsp;&nbsp;platform_get_gen_os_driver
<LI><a href="#[79]">&gt;&gt;</a>&nbsp;&nbsp;&nbsp;uart_buner_tx_data
<LI><a href="#[57]">&gt;&gt;</a>&nbsp;&nbsp;&nbsp;burn_ctrl_restart
<LI><a href="#[59]">&gt;&gt;</a>&nbsp;&nbsp;&nbsp;platform_printf
<LI><a href="#[24]">&gt;&gt;</a>&nbsp;&nbsp;&nbsp;malloc
<LI><a href="#[25]">&gt;&gt;</a>&nbsp;&nbsp;&nbsp;free
<LI><a href="#[36]">&gt;&gt;</a>&nbsp;&nbsp;&nbsp;__aeabi_memclr
<LI><a href="#[49]">&gt;&gt;</a>&nbsp;&nbsp;&nbsp;__aeabi_memcpy
</UL>
<BR>[Address Reference Count : 1]<UL><LI> uart_ota.o(.text.uart_buner_start)
</UL>
<P><STRONG><a name="[57]"></a>burn_ctrl_restart</STRONG> (Thumb, 18 bytes, Stack size 16 bytes, uart_ota.o(.text.burn_ctrl_restart))
<BR><BR>[Stack]<UL><LI>Max Depth = 16<LI>Call Chain = burn_ctrl_restart
</UL>
<BR>[Calls]<UL><LI><a href="#[58]">&gt;&gt;</a>&nbsp;&nbsp;&nbsp;__aeabi_memclr4
</UL>
<BR>[Called By]<UL><LI><a href="#[12]">&gt;&gt;</a>&nbsp;&nbsp;&nbsp;uart_buner_task_entry
</UL>

<P><STRONG><a name="[79]"></a>uart_buner_tx_data</STRONG> (Thumb, 56 bytes, Stack size 24 bytes, uart_ota.o(.text.uart_buner_tx_data))
<BR><BR>[Stack]<UL><LI>Max Depth = 96<LI>Call Chain = uart_buner_tx_data &rArr; driver_append_tx_data &rArr; uart_add_buffer &rArr; __aeabi_memcpy
</UL>
<BR>[Calls]<UL><LI><a href="#[61]">&gt;&gt;</a>&nbsp;&nbsp;&nbsp;driver_append_tx_data
</UL>
<BR>[Called By]<UL><LI><a href="#[12]">&gt;&gt;</a>&nbsp;&nbsp;&nbsp;uart_buner_task_entry
</UL>

<P><STRONG><a name="[56]"></a>append_data</STRONG> (Thumb, 92 bytes, Stack size 24 bytes, uart_ota.o(.text.append_data))
<BR><BR>[Stack]<UL><LI>Max Depth = 32<LI>Call Chain = append_data &rArr; __aeabi_memcpy
</UL>
<BR>[Calls]<UL><LI><a href="#[49]">&gt;&gt;</a>&nbsp;&nbsp;&nbsp;__aeabi_memcpy
</UL>
<BR>[Called By]<UL><LI><a href="#[c]">&gt;&gt;</a>&nbsp;&nbsp;&nbsp;uart_buner_rx_data
</UL>

<P><STRONG><a name="[60]"></a>config_comm_uart</STRONG> (Thumb, 90 bytes, Stack size 16 bytes, uart_driver.o(.text.config_comm_uart))
<BR><BR>[Stack]<UL><LI>Max Depth = 68<LI>Call Chain = config_comm_uart &rArr; apUART_Initialize &rArr; apUART_BaudRateSet
</UL>
<BR>[Calls]<UL><LI><a href="#[59]">&gt;&gt;</a>&nbsp;&nbsp;&nbsp;platform_printf
<LI><a href="#[4a]">&gt;&gt;</a>&nbsp;&nbsp;&nbsp;apUART_Initialize
</UL>
<BR>[Called By]<UL><LI><a href="#[50]">&gt;&gt;</a>&nbsp;&nbsp;&nbsp;setup_uart1
</UL>

<P><STRONG><a name="[3c]"></a>GIO_MaskedWrite</STRONG> (Thumb, 50 bytes, Stack size 12 bytes, peripheral_gpio.o(.text.GIO_MaskedWrite))
<BR><BR>[Stack]<UL><LI>Max Depth = 12<LI>Call Chain = GIO_MaskedWrite
</UL>
<BR>[Called By]<UL><LI><a href="#[3d]">&gt;&gt;</a>&nbsp;&nbsp;&nbsp;GIO_WriteValue
<LI><a href="#[3b]">&gt;&gt;</a>&nbsp;&nbsp;&nbsp;GIO_SetDirection
</UL>

<P><STRONG><a name="[3f]"></a>PINCTRL_SelIn</STRONG> (Thumb, 62 bytes, Stack size 16 bytes, peripheral_pinctrl.o(.text.PINCTRL_SelIn))
<BR><BR>[Stack]<UL><LI>Max Depth = 16<LI>Call Chain = PINCTRL_SelIn
</UL>
<BR>[Called By]<UL><LI><a href="#[3e]">&gt;&gt;</a>&nbsp;&nbsp;&nbsp;PINCTRL_SelUartRxdIn
</UL>

<P><STRONG><a name="[43]"></a>_DoInit</STRONG> (Thumb, 144 bytes, Stack size 16 bytes, trace.o(.text._DoInit))
<BR><BR>[Stack]<UL><LI>Max Depth = 16<LI>Call Chain = _DoInit
</UL>
<BR>[Calls]<UL><LI><a href="#[48]">&gt;&gt;</a>&nbsp;&nbsp;&nbsp;strcpy
</UL>
<BR>[Called By]<UL><LI><a href="#[42]">&gt;&gt;</a>&nbsp;&nbsp;&nbsp;SEGGER_RTT_Init
<LI><a href="#[44]">&gt;&gt;</a>&nbsp;&nbsp;&nbsp;SEGGER_RTT_Write
</UL>

<P><STRONG><a name="[41]"></a>_GetAvailWriteSpace</STRONG> (Thumb, 62 bytes, Stack size 16 bytes, trace.o(.text._GetAvailWriteSpace))
<BR><BR>[Stack]<UL><LI>Max Depth = 16<LI>Call Chain = _GetAvailWriteSpace
</UL>
<BR>[Called By]<UL><LI><a href="#[40]">&gt;&gt;</a>&nbsp;&nbsp;&nbsp;SEGGER_RTT_GetAvailWriteSpace
<LI><a href="#[45]">&gt;&gt;</a>&nbsp;&nbsp;&nbsp;SEGGER_RTT_WriteNoLock
</UL>

<P><STRONG><a name="[46]"></a>_WriteNoCheck</STRONG> (Thumb, 120 bytes, Stack size 32 bytes, trace.o(.text._WriteNoCheck))
<BR><BR>[Stack]<UL><LI>Max Depth = 40<LI>Call Chain = _WriteNoCheck &rArr; __aeabi_memcpy
</UL>
<BR>[Calls]<UL><LI><a href="#[49]">&gt;&gt;</a>&nbsp;&nbsp;&nbsp;__aeabi_memcpy
</UL>
<BR>[Called By]<UL><LI><a href="#[45]">&gt;&gt;</a>&nbsp;&nbsp;&nbsp;SEGGER_RTT_WriteNoLock
</UL>

<P><STRONG><a name="[47]"></a>_WriteBlocking</STRONG> (Thumb, 220 bytes, Stack size 48 bytes, trace.o(.text._WriteBlocking))
<BR><BR>[Stack]<UL><LI>Max Depth = 56<LI>Call Chain = _WriteBlocking &rArr; __aeabi_memcpy
</UL>
<BR>[Calls]<UL><LI><a href="#[49]">&gt;&gt;</a>&nbsp;&nbsp;&nbsp;__aeabi_memcpy
</UL>
<BR>[Called By]<UL><LI><a href="#[45]">&gt;&gt;</a>&nbsp;&nbsp;&nbsp;SEGGER_RTT_WriteNoLock
</UL>
<P>
<H3>
Undefined Global Symbols
</H3><HR></body></html>
